TAP version 13
# Subtest: actual canonical proposal plus repositories: attempts arriving after async resolve cannot persist
ok 1 - actual canonical proposal plus repositories: attempts arriving after async resolve cannot persist
  ---
  duration_ms: 437.577125
  type: 'test'
  ...
# Subtest: calendar changing during plan construction is checked immediately before CAS
ok 2 - calendar changing during plan construction is checked immediately before CAS
  ---
  duration_ms: 1.2405
  type: 'test'
  ...
# Subtest: accepted-plan replacement after proposal creation cannot be overwritten
ok 3 - accepted-plan replacement after proposal creation cannot be overwritten
  ---
  duration_ms: 2.946042
  type: 'test'
  ...
# Subtest: evidence and calendar changes invalidate a proposal editor without writing
ok 4 - evidence and calendar changes invalidate a proposal editor without writing
  ---
  duration_ms: 1.613833
  type: 'test'
  ...
# Subtest: same-scope uncertain accept acknowledges exact durable command even with active journal, without another write
ok 5 - same-scope uncertain accept acknowledges exact durable command even with active journal, without another write
  ---
  duration_ms: 3.428375
  type: 'test'
  ...
# Subtest: same-scope uncertain editor acknowledgement does not re-run the write or proposal freshness
ok 6 - same-scope uncertain editor acknowledgement does not re-run the write or proposal freshness
  ---
  duration_ms: 2.634917
  type: 'test'
  ...
# Subtest: uncertain accepted result and editors do not leak into a replacement storage scope
ok 7 - uncertain accepted result and editors do not leak into a replacement storage scope
  ---
  duration_ms: 1.660375
  type: 'test'
  ...
# Subtest: actual profile router A/B/A republishes a new lease; old editor, in-flight and terminal result remain stale
ok 8 - actual profile router A/B/A republishes a new lease; old editor, in-flight and terminal result remain stale
  ---
  duration_ms: 6.914208
  type: 'test'
  ...
# Subtest: proposal editor preserves retained slot IDs, drops removed IDs, sorts days, and saves revision one
ok 9 - proposal editor preserves retained slot IDs, drops removed IDs, sorts days, and saves revision one
  ---
  duration_ms: 33.511458
  type: 'test'
  ...
# Subtest: accepted plan edit explicitly reads a snapshot, increments plan revision, and stale sessions do not commit
ok 10 - accepted plan edit explicitly reads a snapshot, increments plan revision, and stale sessions do not commit
  ---
  duration_ms: 2.068875
  type: 'test'
  ...
# Subtest: direct accept and proposal editor share plan CAS and retry after idempotent success
ok 11 - direct accept and proposal editor share plan CAS and retry after idempotent success
  ---
  duration_ms: 0.625042
  type: 'test'
  ...
# Subtest: parallel proposal acceptance shares one promise and one durable save
ok 12 - parallel proposal acceptance shares one promise and one durable save
  ---
  duration_ms: 0.3505
  type: 'test'
  ...
# Subtest: parallel acceptance for one proposal across tracks never shares the in-flight success
ok 13 - parallel acceptance for one proposal across tracks never shares the in-flight success
  ---
  duration_ms: 0.374458
  type: 'test'
  ...
# Subtest: accepted result cache is scoped by proposal and track identity
ok 14 - accepted result cache is scoped by proposal and track identity
  ---
  duration_ms: 0.3345
  type: 'test'
  ...
# Subtest: pending acceptance retry is scoped by proposal and track identity
ok 15 - pending acceptance retry is scoped by proposal and track identity
  ---
  duration_ms: 0.391042
  type: 'test'
  ...
# Subtest: storage uncertainty keeps the editor session and retries through durable command reconciliation
ok 16 - storage uncertainty keeps the editor session and retries through durable command reconciliation
  ---
  duration_ms: 0.502083
  type: 'test'
  ...
# Subtest: accepted-plan retry reconciles its durable command before checking refreshed content context
ok 17 - accepted-plan retry reconciles its durable command before checking refreshed content context
  ---
  duration_ms: 1.005375
  type: 'test'
  ...
# Subtest: a replacement proposal keeps plan identity and increments plan revision
ok 18 - a replacement proposal keeps plan identity and increments plan revision
  ---
  duration_ms: 1.236
  type: 'test'
  ...
# Subtest: a target-date replacement remains explicit and atomically updates the accepted plan identity
ok 19 - a target-date replacement remains explicit and atomically updates the accepted plan identity
  ---
  duration_ms: 2.657458
  type: 'test'
  ...
# Subtest: accepted plan freshness checks content version, artifact SHA, and timezone
ok 20 - accepted plan freshness checks content version, artifact SHA, and timezone
  ---
  duration_ms: 0.913334
  type: 'test'
  ...
# Subtest: plan accept saves first and returns the synced reminder outcome
ok 21 - plan accept saves first and returns the synced reminder outcome
  ---
  duration_ms: 6.332125
  type: 'test'
  ...
# Subtest: a saved plan remains successful with a durable pending reminder result
ok 22 - a saved plan remains successful with a durable pending reminder result
  ---
  duration_ms: 0.253625
  type: 'test'
  ...
# Subtest: a terminal cleared reminder outcome is not relabeled as pending
ok 23 - a terminal cleared reminder outcome is not relabeled as pending
  ---
  duration_ms: 0.104542
  type: 'test'
  ...
# Subtest: stale acceptance and failed evidence do not reconcile local reminders
ok 24 - stale acceptance and failed evidence do not reconcile local reminders
  ---
  duration_ms: 0.106458
  type: 'test'
  ...
# Subtest: explicit enable materializes only the exact accepted plan slots and full identity
ok 25 - explicit enable materializes only the exact accepted plan slots and full identity
  ---
  duration_ms: 35.580167
  type: 'test'
  ...
# Subtest: reconcile never requests permission and returns permission_denied as pending
ok 26 - reconcile never requests permission and returns permission_denied as pending
  ---
  duration_ms: 0.950417
  type: 'test'
  ...
# Subtest: explicit enable is the only path that requests permission and persists a denied retry
ok 27 - explicit enable is the only path that requests permission and persists a denied retry
  ---
  duration_ms: 1.768667
  type: 'test'
  ...
# Subtest: disable cancels every native reminder before persisting disabled state and fails closed on cancellation errors
ok 28 - disable cancels every native reminder before persisting disabled state and fails closed on cancellation errors
  ---
  duration_ms: 3.805875
  type: 'test'
  ...
# Subtest: permission pending retains existing native IDs for a later retry
ok 29 - permission pending retains existing native IDs for a later retry
  ---
  duration_ms: 4.679375
  type: 'test'
  ...
# Subtest: timezone mismatch clears durable and native schedules without publishing
ok 30 - timezone mismatch clears durable and native schedules without publishing
  ---
  duration_ms: 0.983791
  type: 'test'
  ...
# Subtest: source absence and terminal plan states are separate closed outcomes
ok 31 - source absence and terminal plan states are separate closed outcomes
  ---
  duration_ms: 1.494417
  type: 'test'
  ...
# Subtest: a paused goal is a separate closed outcome and clears native schedules
ok 32 - a paused goal is a separate closed outcome and clears native schedules
  ---
  duration_ms: 0.195875
  type: 'test'
  ...
# Subtest: an expected identity from another active track stays pending and is persisted for retry
ok 33 - an expected identity from another active track stays pending and is persisted for retry
  ---
  duration_ms: 2.072375
  type: 'test'
  ...
# Subtest: full source identity mismatch is fail-closed before scheduling
ok 34 - full source identity mismatch is fail-closed before scheduling
  ---
  duration_ms: 1.127084
  type: 'test'
  ...
# Subtest: legacy cancellation-only journal is cancelled before the current plan is scheduled
ok 35 - legacy cancellation-only journal is cancelled before the current plan is scheduled
  ---
  duration_ms: 7.9575
  type: 'test'
  ...
# Subtest: journal-created slots are trusted only when the discovered native identity and day match
ok 36 - journal-created slots are trusted only when the discovered native identity and day match
  ---
  duration_ms: 4.070125
  type: 'test'
  ...
# Subtest: post-read plan change is concurrent_change and leaves a retryable journal
ok 37 - post-read plan change is concurrent_change and leaves a retryable journal
  ---
  duration_ms: 3.445375
  type: 'test'
  ...
# Subtest: post-read device timezone change is concurrent_change and does not publish
ok 38 - post-read device timezone change is concurrent_change and does not publish
  ---
  duration_ms: 1.739875
  type: 'test'
  ...
# Subtest: scheduler failure is pending and never reports synced
ok 39 - scheduler failure is pending and never reports synced
  ---
  duration_ms: 0.830292
  type: 'test'
  ...
# Subtest: serialized duplicate enables schedule each accepted slot only once
ok 40 - serialized duplicate enables schedule each accepted slot only once
  ---
  duration_ms: 5.357875
  type: 'test'
  ...
# Subtest: retry resumes a durable journal after scheduler failure
ok 41 - retry resumes a durable journal after scheduler failure
  ---
  duration_ms: 3.977875
  type: 'test'
  ...
# Subtest: retry reuses a native schedule when journal persistence failed after scheduling
ok 42 - retry reuses a native schedule when journal persistence failed after scheduling
  ---
  duration_ms: 2.512458
  type: 'test'
  ...
# Subtest: a newer accepted plan replaces schedules and cancels the previous native IDs
ok 43 - a newer accepted plan replaces schedules and cancels the previous native IDs
  ---
  duration_ms: 2.780375
  type: 'test'
  ...
# Subtest: corrupt durable journal becomes scheduler_failure instead of publishing
ok 44 - corrupt durable journal becomes scheduler_failure instead of publishing
  ---
  duration_ms: 1.590375
  type: 'test'
  ...
# Subtest: prepare opens the router without publishing or reading a scoped key
ok 45 - prepare opens the router without publishing or reading a scoped key
  ---
  duration_ms: 1.718416
  type: 'test'
  ...
# Subtest: prepared inspection exposes registry metadata and freshness without opening profile storage
ok 46 - prepared inspection exposes registry metadata and freshness without opening profile storage
  ---
  duration_ms: 1.031125
  type: 'test'
  ...
# Subtest: prepared guest validation reads only access markers without publishing storage
ok 47 - prepared guest validation reads only access markers without publishing storage
  ---
  duration_ms: 1.350417
  type: 'test'
  ...
# Subtest: prepared authenticated recovery promotes only a matching bound guest
ok 48 - prepared authenticated recovery promotes only a matching bound guest
  ---
  duration_ms: 2.411916
  type: 'test'
  ...
# Subtest: closing an active profile revokes returned clients and preserves prepared metadata
ok 49 - closing an active profile revokes returned clients and preserves prepared metadata
  ---
  duration_ms: 0.4525
  type: 'test'
  ...
# Subtest: deferred activation does not wake preferences until the caller approves the profile scope
ok 50 - deferred activation does not wake preferences until the caller approves the profile scope
  ---
  duration_ms: 0.364791
  type: 'test'
  ...
# Subtest: prepared account selection commits and reloads while keeping scoped storage closed
ok 51 - prepared account selection commits and reloads while keeping scoped storage closed
  ---
  duration_ms: 0.812083
  type: 'test'
  ...
# Subtest: changed prepared account selection can activate the refreshed profile without app reload
ok 52 - changed prepared account selection can activate the refreshed profile without app reload
  ---
  duration_ms: 1.038583
  type: 'test'
  ...
# Subtest: prepared account selection refuses Auth that becomes stale before the registry commit
ok 53 - prepared account selection refuses Auth that becomes stale before the registry commit
  ---
  duration_ms: 0.56925
  type: 'test'
  ...
# Subtest: prepared guest selection refreshes metadata and activates after commit without app reload
ok 54 - prepared guest selection refreshes metadata and activates after commit without app reload
  ---
  duration_ms: 2.780583
  type: 'test'
  ...
# Subtest: implicit prepared guest selection fails closed when multiple preserved guests exist
ok 55 - implicit prepared guest selection fails closed when multiple preserved guests exist
  ---
  duration_ms: 1.211625
  type: 'test'
  ...
# Subtest: prepare for an existing legacy owner reads only migration metadata
ok 56 - prepare for an existing legacy owner reads only migration metadata
  ---
  duration_ms: 0.464875
  type: 'test'
  ...
# Subtest: prepare for an existing legacy guest reads only migration metadata
ok 57 - prepare for an existing legacy guest reads only migration metadata
  ---
  duration_ms: 0.261208
  type: 'test'
  ...
# Subtest: activation is required and publishes only matching prepared profile metadata
ok 58 - activation is required and publishes only matching prepared profile metadata
  ---
  duration_ms: 0.19925
  type: 'test'
  ...
# Subtest: mismatched activation fails closed
ok 59 - mismatched activation fails closed
  ---
  duration_ms: 0.212083
  type: 'test'
  ...
# Subtest: prepare failure clears any previously published scoped client
ok 60 - prepare failure clears any previously published scoped client
  ---
  duration_ms: 0.265792
  type: 'test'
  ...
# Subtest: prepare revokes previously returned scoped storage references
ok 61 - prepare revokes previously returned scoped storage references
  ---
  duration_ms: 0.401791
  type: 'test'
  ...
# Subtest: persistent plan read returns its canonical envelope revision
ok 62 - persistent plan read returns its canonical envelope revision
  ---
  duration_ms: 37.718
  type: 'test'
  ...
# Subtest: dual-key CAS rejects stale goal and plan revisions and accepts one idempotent command retry
ok 63 - dual-key CAS rejects stale goal and plan revisions and accepts one idempotent command retry
  ---
  duration_ms: 1.859625
  type: 'test'
  ...
# Subtest: compound lock sorts and deduplicates keys and rejects reentrant acquisition
ok 64 - compound lock sorts and deduplicates keys and rejects reentrant acquisition
  ---
  duration_ms: 0.317667
  type: 'test'
  ...
# Subtest: write uncertainty can be retried by command id, while a failure before persistence is not a false success
ok 65 - write uncertainty can be retried by command id, while a failure before persistence is not a false success
  ---
  duration_ms: 0.726375
  type: 'test'
  ...
# Subtest: accepts a journal whose scope and writes use one exact resolved artifact
ok 66 - accepts a journal whose scope and writes use one exact resolved artifact
  ---
  duration_ms: 26.48675
  type: 'test'
  ...
# Subtest: uses the complete resolved reference when validating attempt and session relationships
ok 67 - uses the complete resolved reference when validating attempt and session relationships
  ---
  duration_ms: 4.043958
  type: 'test'
  ...
# Subtest: requires an exact lowercase artifact SHA and rejects legacy top-level identity fields
ok 68 - requires an exact lowercase artifact SHA and rejects legacy top-level identity fields
  ---
  duration_ms: 0.92025
  type: 'test'
  ...
# Subtest: permits a reset journal only with a null artifact scope
ok 69 - permits a reset journal only with a null artifact scope
  ---
  duration_ms: 1.790333
  type: 'test'
  ...
1..69
# tests 69
# suites 0
# pass 69
# fail 0
# cancelled 0
# skipped 0
# todo 0
# duration_ms 2694.729667
