TAP version 13
# node:internal/modules/cjs/loader:1430
#   const err = new Error(message);
#               ^
# Error: Cannot find module './LearningPlanProposalCoordinator'
# Require stack:
# - /Users/lukaszkurczab/Desktop/Projects/Patternly/patternly/src/application/learningPlan/LearningPlanEditorCoordinator.ts
# - /Users/lukaszkurczab/Desktop/Projects/Patternly/patternly/src/application/learningPlan/LearningPlanEditorCoordinator.test.ts
#     at Module._resolveFilename (node:internal/modules/cjs/loader:1430:15)
#     at m._resolveFilename (file:///Users/lukaszkurczab/Desktop/Projects/Patternly/patternly/node_modules/tsx/dist/register-B7jrtLTO.mjs:1:789)
#     at nextResolveSimple (/Users/lukaszkurczab/Desktop/Projects/Patternly/patternly/node_modules/tsx/dist/register-D46fvsV_.cjs:4:1004)
#     at /Users/lukaszkurczab/Desktop/Projects/Patternly/patternly/node_modules/tsx/dist/register-D46fvsV_.cjs:3:2630
#     at /Users/lukaszkurczab/Desktop/Projects/Patternly/patternly/node_modules/tsx/dist/register-D46fvsV_.cjs:3:1542
#     at resolveTsPaths (/Users/lukaszkurczab/Desktop/Projects/Patternly/patternly/node_modules/tsx/dist/register-D46fvsV_.cjs:4:760)
#     at Function._resolveFilename (/Users/lukaszkurczab/Desktop/Projects/Patternly/patternly/node_modules/tsx/dist/register-D46fvsV_.cjs:4:1102)
#     at defaultResolveImpl (node:internal/modules/cjs/loader:1040:19)
#     at resolveForCJSWithHooks (node:internal/modules/cjs/loader:1045:22)
#     at Module._load (node:internal/modules/cjs/loader:1216:25) {
#   code: 'MODULE_NOT_FOUND',
#   requireStack: [
#     '/Users/lukaszkurczab/Desktop/Projects/Patternly/patternly/src/application/learningPlan/LearningPlanEditorCoordinator.ts',
#     '/Users/lukaszkurczab/Desktop/Projects/Patternly/patternly/src/application/learningPlan/LearningPlanEditorCoordinator.test.ts'
#   ]
# }
# Node.js v22.22.3
# Subtest: src/application/learningPlan/LearningPlanEditorCoordinator.test.ts
not ok 1 - src/application/learningPlan/LearningPlanEditorCoordinator.test.ts
  ---
  duration_ms: 1261.405083
  type: 'test'
  location: '/Users/lukaszkurczab/Desktop/Projects/Patternly/patternly/src/application/learningPlan/LearningPlanEditorCoordinator.test.ts:1:1'
  failureType: 'testCodeFailure'
  exitCode: 1
  signal: ~
  error: 'test failed'
  code: 'ERR_TEST_FAILURE'
  ...
# Subtest: plan accept saves first and returns the synced reminder outcome
ok 2 - plan accept saves first and returns the synced reminder outcome
  ---
  duration_ms: 1.711292
  type: 'test'
  ...
# Subtest: a saved plan remains successful with a durable pending reminder result
ok 3 - a saved plan remains successful with a durable pending reminder result
  ---
  duration_ms: 0.150083
  type: 'test'
  ...
# Subtest: a terminal cleared reminder outcome is not relabeled as pending
ok 4 - a terminal cleared reminder outcome is not relabeled as pending
  ---
  duration_ms: 0.088042
  type: 'test'
  ...
# Subtest: stale acceptance and failed evidence do not reconcile local reminders
ok 5 - stale acceptance and failed evidence do not reconcile local reminders
  ---
  duration_ms: 0.0975
  type: 'test'
  ...
1..5
# tests 5
# suites 0
# pass 4
# fail 1
# cancelled 0
# skipped 0
# todo 0
# duration_ms 1288.691542
