TAP version 13
# Subtest: actual canonical proposal plus repositories: attempts arriving after async resolve cannot persist
ok 1 - actual canonical proposal plus repositories: attempts arriving after async resolve cannot persist
  ---
  duration_ms: 371.214916
  type: 'test'
  ...
# Subtest: calendar changing during plan construction is checked immediately before CAS
ok 2 - calendar changing during plan construction is checked immediately before CAS
  ---
  duration_ms: 1.51825
  type: 'test'
  ...
# Subtest: accepted-plan replacement after proposal creation cannot be overwritten
ok 3 - accepted-plan replacement after proposal creation cannot be overwritten
  ---
  duration_ms: 2.731291
  type: 'test'
  ...
# Subtest: evidence and calendar changes invalidate a proposal editor without writing
ok 4 - evidence and calendar changes invalidate a proposal editor without writing
  ---
  duration_ms: 1.427209
  type: 'test'
  ...
# Subtest: same-scope uncertain accept acknowledges exact durable command even with active journal, without another write
ok 5 - same-scope uncertain accept acknowledges exact durable command even with active journal, without another write
  ---
  duration_ms: 3.743916
  type: 'test'
  ...
# Subtest: same-scope uncertain editor acknowledgement does not re-run the write or proposal freshness
ok 6 - same-scope uncertain editor acknowledgement does not re-run the write or proposal freshness
  ---
  duration_ms: 3.178
  type: 'test'
  ...
# Subtest: uncertain accepted result and editors do not leak into a replacement storage scope
ok 7 - uncertain accepted result and editors do not leak into a replacement storage scope
  ---
  duration_ms: 1.600292
  type: 'test'
  ...
# Subtest: actual profile router A/B/A republishes a new lease; old editor, in-flight and terminal result remain stale
ok 8 - actual profile router A/B/A republishes a new lease; old editor, in-flight and terminal result remain stale
  ---
  duration_ms: 7.383125
  type: 'test'
  ...
# Subtest: proposal editor preserves retained slot IDs, drops removed IDs, sorts days, and saves revision one
ok 9 - proposal editor preserves retained slot IDs, drops removed IDs, sorts days, and saves revision one
  ---
  duration_ms: 40.558417
  type: 'test'
  ...
# Subtest: accepted plan edit explicitly reads a snapshot, increments plan revision, and stale sessions do not commit
ok 10 - accepted plan edit explicitly reads a snapshot, increments plan revision, and stale sessions do not commit
  ---
  duration_ms: 1.292834
  type: 'test'
  ...
# Subtest: direct accept and proposal editor share plan CAS and retry after idempotent success
ok 11 - direct accept and proposal editor share plan CAS and retry after idempotent success
  ---
  duration_ms: 0.507667
  type: 'test'
  ...
# Subtest: parallel proposal acceptance shares one promise and one durable save
ok 12 - parallel proposal acceptance shares one promise and one durable save
  ---
  duration_ms: 0.387916
  type: 'test'
  ...
# Subtest: parallel acceptance for one proposal across tracks never shares the in-flight success
ok 13 - parallel acceptance for one proposal across tracks never shares the in-flight success
  ---
  duration_ms: 0.397875
  type: 'test'
  ...
# Subtest: accepted result cache is scoped by proposal and track identity
ok 14 - accepted result cache is scoped by proposal and track identity
  ---
  duration_ms: 0.323125
  type: 'test'
  ...
# Subtest: pending acceptance retry is scoped by proposal and track identity
ok 15 - pending acceptance retry is scoped by proposal and track identity
  ---
  duration_ms: 0.383125
  type: 'test'
  ...
# Subtest: storage uncertainty keeps the editor session and retries through durable command reconciliation
ok 16 - storage uncertainty keeps the editor session and retries through durable command reconciliation
  ---
  duration_ms: 0.497584
  type: 'test'
  ...
# Subtest: accepted-plan retry reconciles its durable command before checking refreshed content context
ok 17 - accepted-plan retry reconciles its durable command before checking refreshed content context
  ---
  duration_ms: 0.922875
  type: 'test'
  ...
# Subtest: a replacement proposal keeps plan identity and increments plan revision
ok 18 - a replacement proposal keeps plan identity and increments plan revision
  ---
  duration_ms: 0.849292
  type: 'test'
  ...
# Subtest: a target-date replacement remains explicit and atomically updates the accepted plan identity
ok 19 - a target-date replacement remains explicit and atomically updates the accepted plan identity
  ---
  duration_ms: 0.635167
  type: 'test'
  ...
# Subtest: accepted plan freshness checks content version, artifact SHA, and timezone
ok 20 - accepted plan freshness checks content version, artifact SHA, and timezone
  ---
  duration_ms: 0.29475
  type: 'test'
  ...
# Subtest: plan accept saves first and returns the synced reminder outcome
ok 21 - plan accept saves first and returns the synced reminder outcome
  ---
  duration_ms: 1.435292
  type: 'test'
  ...
# Subtest: a saved plan remains successful with a durable pending reminder result
ok 22 - a saved plan remains successful with a durable pending reminder result
  ---
  duration_ms: 0.148709
  type: 'test'
  ...
# Subtest: a terminal cleared reminder outcome is not relabeled as pending
ok 23 - a terminal cleared reminder outcome is not relabeled as pending
  ---
  duration_ms: 0.085625
  type: 'test'
  ...
# Subtest: stale acceptance and failed evidence do not reconcile local reminders
ok 24 - stale acceptance and failed evidence do not reconcile local reminders
  ---
  duration_ms: 0.094083
  type: 'test'
  ...
1..24
# tests 24
# suites 0
# pass 24
# fail 0
# cancelled 0
# skipped 0
# todo 0
# duration_ms 1146.857042
