Running on iPhone 17 - iOS 26.4 - 7F315654-3175-4F3C-BB24-B0263F59360C
 > Flow BIZQ-02 real guest proposal acceptance and editor persistence
Tap on id: patternly:home:change-track... COMPLETED
Scrolling DOWN until id: patternly:home:select-track:google-cloud-associate-cloud-engineer is visible with speed 40, visibility percentage 100%, timeout 20000 ms, with centering enabled... COMPLETED
Tap on id: patternly:home:select-track:google-cloud-associate-cloud-engineer... COMPLETED
Tap on id: patternly:home:select-track:continue... COMPLETED
Assert that id: patternly:home:track-card:google-cloud-associate-cloud-engineer is visible... COMPLETED
Tap on id: main-tab-bar-progress... COMPLETED
Scrolling DOWN until id: patternly:progress:goal is visible with speed 40, visibility percentage 100%, timeout 20000 ms, with centering disabled... COMPLETED
Tap on id: patternly:progress:goal... COMPLETED
Assert that id: patternly:goal:root is visible... COMPLETED
Run flow when id: patternly:goal:save is visible...
  Tap on id: patternly:goal:save... COMPLETED
Run flow when id: patternly:goal:save is visible... COMPLETED
Run flow when id: patternly:learning-plan:create is visible...
Run flow when id: patternly:learning-plan:create is visible... SKIPPED
Assert that id: patternly:learning-plan:accept is visible... COMPLETED
Take screenshot bizq02-real-proposal... COMPLETED
Tap on id: patternly:learning-plan:accept... COMPLETED
Assert that id: patternly:learning-plan:persisted is visible... COMPLETED
Take screenshot bizq02-real-accepted... COMPLETED
Tap on id: patternly:learning-plan:edit-schedule... COMPLETED
Assert that id: patternly:learning-plan:editor:commit is visible... COMPLETED
Scrolling DOWN until id: patternly:learning-plan:editor:time:mon is visible with speed 40, visibility percentage 100%, timeout 20000 ms, with centering disabled... COMPLETED
Tap on id: patternly:learning-plan:editor:time:mon... COMPLETED
Erase text... COMPLETED
Input text 09:15... COMPLETED
Hide Keyboard... COMPLETED
Tap on id: patternly:learning-plan:editor:commit... COMPLETED
Assert that id: patternly:learning-plan:persisted is visible... COMPLETED
Assert that "09:15" is visible... FAILED

Assertion is false: "09:15" is visible

Assertion '"09:15" is visible' failed. Check the UI hierarchy in debug artifacts to verify the element state and properties.

Possible causes:
- Element selector may be incorrect - check if there are similar elements with slightly different names/properties.
- Element may be temporarily unavailable due to loading state
- This could be a real regression that needs to be addressed

==== Debug output (logs & screenshots) ====

/tmp/bizq02-native-plan/.maestro/tests/2026-10-02_171538
