Running on iPhone 17 - iOS 26.4 - 7F315654-3175-4F3C-BB24-B0263F59360C
 > Flow BIZQ-02 real schedule edit and restart
Tap on id: patternly:learning-plan:editor:day:tue... COMPLETED
Tap on id: patternly:learning-plan:editor:commit... COMPLETED
Assert that id: patternly:learning-plan:persisted is visible... COMPLETED
Assert that "Tuesday" is visible... COMPLETED
Assert that "09:00" is visible... COMPLETED
Take screenshot bizq02-day-edit-saved... COMPLETED
Stop com.lkurczab.patternly... COMPLETED
Launch app "com.lkurczab.patternly"... COMPLETED
Open com.lkurczab.patternly://expo-development-client/?url=http%3A%2F%2F127.0.0.1%3A8081... COMPLETED
Assert that id: main-tab-bar-home is visible... COMPLETED
Tap on id: main-tab-bar-progress... COMPLETED
Assert that id: patternly:progress:root is visible... COMPLETED
Scrolling DOWN until id: patternly:target-date-guidance:state:progress:open-ended is visible with speed 40, visibility percentage 100%, timeout 20000 ms, with centering disabled... COMPLETED
Assert that id: patternly:progress-plan:completion:unknown is visible... COMPLETED
Assert that id: patternly:target-date-guidance:state:progress:no-plan is not visible... COMPLETED
Take screenshot bizq02-post-restart-plan-present... COMPLETED
Tap on id: main-tab-bar-home... COMPLETED
Stop com.lkurczab.patternly... COMPLETED
