Running on iPhone 17 - iOS 26.4 - 7F315654-3175-4F3C-BB24-B0263F59360C
 > Flow BIZQ-02 actual GCP submit Home proposal restart
Launch app "com.lkurczab.patternly"... COMPLETED
Open com.lkurczab.patternly://expo-development-client/?url=http%3A%2F%2F127.0.0.1%3A8081... COMPLETED
Assert that id: main-tab-bar-practice is visible... COMPLETED
Tap on id: main-tab-bar-practice... COMPLETED
Scrolling DOWN until id: patternly:practice:mode-card:certification-diagnostic-baseline is visible with speed 40, visibility percentage 100%, timeout 20000 ms, with centering disabled... COMPLETED
Tap on id: patternly:practice:mode-card:certification-diagnostic-baseline... COMPLETED
Assert that id: patternly:practice:start-session is visible... COMPLETED
Tap on id: patternly:practice:start-session... COMPLETED
Assert that id: patternly:session:question:gcp-ace-gcpace-n01-b02-001 is visible... COMPLETED
Tap on id: patternly:session:option:gcp-ace-gcpace-n01-b02-001:b... COMPLETED
Tap on id: patternly:session:submit:gcp-ace-gcpace-n01-b02-001... COMPLETED
Scrolling DOWN until id: patternly:session:feedback:gcp-ace-gcpace-n01-b02-001 is visible with speed 40, visibility percentage 100%, timeout 20000 ms, with centering disabled... COMPLETED
Take screenshot bizq02-durable-submit-feedback... COMPLETED
Scrolling DOWN until id: patternly:session:leave:.* is visible with speed 40, visibility percentage 100%, timeout 20000 ms, with centering disabled... COMPLETED
Tap on id: patternly:session:leave:.*... COMPLETED
Tap on id: patternly:session:abandon:.*... COMPLETED
Assert that id: patternly:practice:hub:root is visible... COMPLETED
Tap on id: main-tab-bar-home... COMPLETED
Assert that id: patternly:home:track-card:google-cloud-associate-cloud-engineer is visible... COMPLETED
Take screenshot bizq02-home-after-submit... COMPLETED
Tap on id: main-tab-bar-progress... COMPLETED
Scrolling UP until id: patternly:progress:goal is visible with speed 40, visibility percentage 100%, timeout 20000 ms, with centering disabled... COMPLETED
Tap on id: patternly:progress:goal... COMPLETED
Assert that id: patternly:learning-plan:create is visible... FAILED

Assertion is false: id: patternly:learning-plan:create is visible

Assertion 'id: patternly:learning-plan:create is visible' failed. Check the UI hierarchy in debug artifacts to verify the element state and properties.

Possible causes:
- Element selector may be incorrect - check if there are similar elements with slightly different names/properties.
- Element may be temporarily unavailable due to loading state
- This could be a real regression that needs to be addressed

==== Debug output (logs & screenshots) ====

/tmp/bizq02-native-submit/.maestro/tests/2026-10-02_172839
