Running on iPhone 17 - iOS 26.4 - 7F315654-3175-4F3C-BB24-B0263F59360C
 > Flow BIZQ-02 finish post-submit navigation with explicit screen fences
Tap on id: main-tab-bar-home... COMPLETED
Assert that id: patternly:home:track-card:google-cloud-associate-cloud-engineer is visible... COMPLETED
Tap on id: main-tab-bar-progress... COMPLETED
Assert that id: patternly:progress:root is visible... COMPLETED
Scrolling DOWN until id: patternly:progress:goal is visible with speed 40, visibility percentage 100%, timeout 20000 ms, with centering enabled... COMPLETED
Tap on id: patternly:progress:goal... COMPLETED
Assert that id: patternly:goal:root is visible... COMPLETED
Scrolling DOWN until id: patternly:learning-plan:create is visible with speed 40, visibility percentage 100%, timeout 20000 ms, with centering disabled... COMPLETED
Tap on id: patternly:learning-plan:create... COMPLETED
Assert that id: patternly:learning-plan:accept is visible... COMPLETED
Take screenshot bizq02-proposal-after-real-submit... COMPLETED
Stop com.lkurczab.patternly... COMPLETED
Launch app "com.lkurczab.patternly"... COMPLETED
Open com.lkurczab.patternly://expo-development-client/?url=http%3A%2F%2F127.0.0.1%3A8081... COMPLETED
Assert that id: main-tab-bar-home is visible... COMPLETED
Tap on id: main-tab-bar-progress... COMPLETED
Assert that id: patternly:progress:root is visible... COMPLETED
Scrolling DOWN until id: patternly:target-date-guidance:state:progress:open-ended is visible with speed 40, visibility percentage 100%, timeout 20000 ms, with centering disabled... COMPLETED
Assert that id: patternly:progress-plan:completion:unknown is visible... COMPLETED
Take screenshot bizq02-post-submit-restart... COMPLETED
Tap on id: main-tab-bar-home... COMPLETED
Stop com.lkurczab.patternly... COMPLETED
