{
  "producer": "b3e4d007b89f45a2de3ebfc36ebdacbd8e0205cf",
  "app": "c87d9e31d63c2b1dbce0f55811fffc3f59d4fd2a",
  "afterEvidence": "ready",
  "afterDay": "ready",
  "afterProfile": "ready",
  "expected": "stale"
}
AssertionError [ERR_ASSERTION]: Expected values to be strictly deep-equal:
+ actual - expected

  [
+   'ready',
+   'ready',
+   'ready'
-   'stale',
-   'stale',
-   'stale'
  ]

    at main (/Users/lukaszkurczab/Desktop/Projects/Patternly/patternly/docs/active/BIZQ-02/preflight-stale-proposal.ts:30:8) {
  generatedMessage: true,
  code: 'ERR_ASSERTION',
  actual: [Array],
  expected: [Array],
  operator: 'deepStrictEqual',
  diff: 'simple'
}
