
node:internal/modules/run_main:123
    triggerUncaughtException(
    ^
Error: Transform failed with 10 errors:
/Users/lukaszkurczab/Desktop/Projects/Patternly/patternly/docs/active/BIZQ-02/preflight-stale-proposal.ts:8:17: ERROR: Top-level await is currently not supported with the "cjs" output format
/Users/lukaszkurczab/Desktop/Projects/Patternly/patternly/docs/active/BIZQ-02/preflight-stale-proposal.ts:18:0: ERROR: Top-level await is currently not supported with the "cjs" output format
/Users/lukaszkurczab/Desktop/Projects/Patternly/patternly/docs/active/BIZQ-02/preflight-stale-proposal.ts:20:25: ERROR: Top-level await is currently not supported with the "cjs" output format
/Users/lukaszkurczab/Desktop/Projects/Patternly/patternly/docs/active/BIZQ-02/preflight-stale-proposal.ts:22:0: ERROR: Top-level await is currently not supported with the "cjs" output format
/Users/lukaszkurczab/Desktop/Projects/Patternly/patternly/docs/active/BIZQ-02/preflight-stale-proposal.ts:23:22: ERROR: Top-level await is currently not supported with the "cjs" output format
...
    at failureErrorWithLog (/Users/lukaszkurczab/Desktop/Projects/Patternly/patternly/node_modules/esbuild/lib/main.js:1748:15)
    at /Users/lukaszkurczab/Desktop/Projects/Patternly/patternly/node_modules/esbuild/lib/main.js:1017:50
    at responseCallbacks.<computed> (/Users/lukaszkurczab/Desktop/Projects/Patternly/patternly/node_modules/esbuild/lib/main.js:884:9)
    at handleIncomingPacket (/Users/lukaszkurczab/Desktop/Projects/Patternly/patternly/node_modules/esbuild/lib/main.js:939:12)
    at Socket.readFromStdout (/Users/lukaszkurczab/Desktop/Projects/Patternly/patternly/node_modules/esbuild/lib/main.js:862:7)
    at Socket.emit (node:events:519:28)
    at addChunk (node:internal/streams/readable:561:12)
    at readableAddChunkPushByteMode (node:internal/streams/readable:512:3)
    at Readable.push (node:internal/streams/readable:392:5)
    at Pipe.onStreamRead (node:internal/stream_base_commons:189:23) {
  name: 'TransformError'
}

Node.js v22.22.3
