TAP version 13
# Subtest: new training sessions have one application entry and no prepare-only bypass
ok 1 - new training sessions have one application entry and no prepare-only bypass
  ---
  duration_ms: 177.834041
  type: 'test'
  ...
# Subtest: Premium package download has one account-owned application entry
ok 2 - Premium package download has one account-owned application entry
  ---
  duration_ms: 41.619042
  type: 'test'
  ...
# Subtest: Free node starts without consulting Premium admission
ok 3 - Free node starts without consulting Premium admission
  ---
  duration_ms: 465.490209
  type: 'test'
  ...
# Subtest: Premium plans require admission before durable session start
ok 4 - Premium plans require admission before durable session start
  ---
  duration_ms: 1.3215
  type: 'test'
  ...
# Subtest: a Free-first mixed plan checks every item before durable start
ok 5 - a Free-first mixed plan checks every item before durable start
  ---
  duration_ms: 1.578375
  type: 'test'
  ...
1..5
# tests 5
# suites 0
# pass 5
# fail 0
# cancelled 0
# skipped 0
# todo 0
# duration_ms 1261.939542
