TAP version 13
# Subtest: OOD16 frozen bindings cover the seven final 17-item payloads
ok 1 - OOD16 frozen bindings cover the seven final 17-item payloads
  ---
  duration_ms: 10.47625
  type: 'test'
  ...
# Subtest: OOD16 preserves the complete B01 source unit in the current artifact
ok 2 - OOD16 preserves the complete B01 source unit in the current artifact
  ---
  duration_ms: 377.266167
  type: 'test'
  ...
# Subtest: OOD16 OOD-N01-B02 source payloads, replacement identities and retired IDs are exact
ok 3 - OOD16 OOD-N01-B02 source payloads, replacement identities and retired IDs are exact
  ---
  duration_ms: 1.076667
  type: 'test'
  ...
# Subtest: OOD16 OOD-N01-B02 real choice scoring, accessibility and submitted feedback follow fixed option IDs
ok 4 - OOD16 OOD-N01-B02 real choice scoring, accessibility and submitted feedback follow fixed option IDs
  ---
  duration_ms: 2.116292
  type: 'test'
  ...
# Subtest: OOD16 OOD-N01-B03 source payloads, replacement identities and retired IDs are exact
ok 5 - OOD16 OOD-N01-B03 source payloads, replacement identities and retired IDs are exact
  ---
  duration_ms: 0.839041
  type: 'test'
  ...
# Subtest: OOD16 OOD-N01-B03 real choice scoring, accessibility and submitted feedback follow fixed option IDs
ok 6 - OOD16 OOD-N01-B03 real choice scoring, accessibility and submitted feedback follow fixed option IDs
  ---
  duration_ms: 0.840958
  type: 'test'
  ...
# Subtest: OOD16 OOD-N01-B04 source payloads, replacement identities and retired IDs are exact
ok 7 - OOD16 OOD-N01-B04 source payloads, replacement identities and retired IDs are exact
  ---
  duration_ms: 0.759875
  type: 'test'
  ...
# Subtest: OOD16 OOD-N01-B04 real choice scoring, accessibility and submitted feedback follow fixed option IDs
ok 8 - OOD16 OOD-N01-B04 real choice scoring, accessibility and submitted feedback follow fixed option IDs
  ---
  duration_ms: 0.734917
  type: 'test'
  ...
# Subtest: OOD16 OOD-N01-B05 source payloads, replacement identities and retired IDs are exact
ok 9 - OOD16 OOD-N01-B05 source payloads, replacement identities and retired IDs are exact
  ---
  duration_ms: 0.947125
  type: 'test'
  ...
# Subtest: OOD16 OOD-N01-B05 real choice scoring, accessibility and submitted feedback follow fixed option IDs
ok 10 - OOD16 OOD-N01-B05 real choice scoring, accessibility and submitted feedback follow fixed option IDs
  ---
  duration_ms: 1.201542
  type: 'test'
  ...
# Subtest: OOD16 OOD-N01-B06 source payloads, replacement identities and retired IDs are exact
ok 11 - OOD16 OOD-N01-B06 source payloads, replacement identities and retired IDs are exact
  ---
  duration_ms: 0.734
  type: 'test'
  ...
# Subtest: OOD16 OOD-N01-B06 real choice scoring, accessibility and submitted feedback follow fixed option IDs
ok 12 - OOD16 OOD-N01-B06 real choice scoring, accessibility and submitted feedback follow fixed option IDs
  ---
  duration_ms: 0.80475
  type: 'test'
  ...
# Subtest: OOD16 OOD-N01-B07 source payloads, replacement identities and retired IDs are exact
ok 13 - OOD16 OOD-N01-B07 source payloads, replacement identities and retired IDs are exact
  ---
  duration_ms: 0.674167
  type: 'test'
  ...
# Subtest: OOD16 OOD-N01-B07 real choice scoring, accessibility and submitted feedback follow fixed option IDs
ok 14 - OOD16 OOD-N01-B07 real choice scoring, accessibility and submitted feedback follow fixed option IDs
  ---
  duration_ms: 0.802583
  type: 'test'
  ...
# Subtest: OOD16 OOD-N01-B08 source payloads, replacement identities and retired IDs are exact
ok 15 - OOD16 OOD-N01-B08 source payloads, replacement identities and retired IDs are exact
  ---
  duration_ms: 0.611
  type: 'test'
  ...
# Subtest: OOD16 OOD-N01-B08 real choice scoring, accessibility and submitted feedback follow fixed option IDs
ok 16 - OOD16 OOD-N01-B08 real choice scoring, accessibility and submitted feedback follow fixed option IDs
  ---
  duration_ms: 0.742291
  type: 'test'
  ...
# Subtest: OOD16 all three actual canonical mode pools contain the full current 136-question node
ok 17 - OOD16 all three actual canonical mode pools contain the full current 136-question node
  ---
  duration_ms: 5.23125
  type: 'test'
  ...
# Subtest: runtime admission resolves the exact candidate lock for every canonical launch track
ok 18 - runtime admission resolves the exact candidate lock for every canonical launch track
  ---
  duration_ms: 344.676291
  type: 'test'
  ...
1..18
# tests 18
# suites 0
# pass 18
# fail 0
# cancelled 0
# skipped 0
# todo 0
# duration_ms 980.88975
