TAP version 13
# Subtest: OOD16 frozen bindings cover the seven final 17-item payloads
ok 1 - OOD16 frozen bindings cover the seven final 17-item payloads
  ---
  duration_ms: 6.792458
  type: 'test'
  ...
# Subtest: OOD16 preserves the complete B01 source unit in the current artifact
ok 2 - OOD16 preserves the complete B01 source unit in the current artifact
  ---
  duration_ms: 368.50925
  type: 'test'
  ...
# Subtest: OOD16 OOD-N01-B02 source payloads, replacement identities and retired IDs are exact
not ok 3 - OOD16 OOD-N01-B02 source payloads, replacement identities and retired IDs are exact
  ---
  duration_ms: 3.467208
  type: 'test'
  location: '/Users/lukaszkurczab/Desktop/Projects/Patternly/patternly/src/content/bizq01OodNodeClosure16.test.ts:2:5440'
  failureType: 'testCodeFailure'
  error: |-
    ood-n01-b02-i018 bundled artifact matches source
    + actual - expected
    
    + undefined
    - {
    -   answer: {
    -     optionId: 'b02_i018_a',
    -     type: 'choice_single'
    -   },
    -   difficulty: 'foundational',
    -   feedback: {
    -     details: {
    -       boundaryOrTradeoff: 'If the product later permits partial replacements, that must be an explicit result with each unmatched annotation retained for resolution, not an implicit success.',
    -       errorCorrection: 'Partial application loses one annotation despite the explicit no-loss promise. Timestamp proximity is not a stated identity rule and can silently attach a note to the wrong segment.',
    -       mechanismOrProperty: 'An alternate-path decision is complete only when the caller can distinguish what the command actually accepted from what it rejected or left unresolved. Here, the unmatched annotation must remain intact and can be repaired before retry.',
    -       scenarioApplication: 'An episode editor replaces a recording by stable segment IDs. Four annotations still match; one annotation points to a segment removed from the replacement. No annotation may silently disappear, and the producer can repair the unmatched one. In this case, returns a rejected replacement with the unmatched segment ID; the caller can follow the stated recovery or follow-up path.',
    -       transfer: 'For a multi-part change, make the returned outcome distinguish complete acceptance from unresolved elements whenever callers must act on the remainder.'
    -     },
    -     messages: [
    -       {
    -         kind: 'wrong_option',
    -         targetId: 'b02_i018_b',
    -         text: 'Queueing the unmatched annotation preserves it but still exposes a partial revision as active, contrary to the complete-revision rule.'
    -       },
    -       {
    -         kind: 'wrong_option',
    -         targetId: 'b02_i018_c',
    -         text: 'Timestamp proximity is not a stated identity rule and can silently attach a note to the wrong segment.'
    -       }
    -     ],
    -     reason: 'A rejected result preserves the all-or-nothing observable promise while naming the actionable conflict; the producer can correct the mapping and resubmit.',
    -     type: 'choice_single'
    -   },
    -   interaction: {
    -     options: [
    -       {
    -         optionId: 'b02_i018_a',
    -         text: 'Reject the complete replacement and name the unmatched segment; keep the current recording active.'
    -       },
    -       {
    -         optionId: 'b02_i018_b',
    -         text: 'Apply four mappings and queue the unmatched annotation for manual follow-up, reporting the new recording active with a warning.'
    -       },
    -       {
    -         optionId: 'b02_i018_c',
    -         text: 'Activate the new recording and attach the unmatched annotation to the nearest timestamp, treating proximity as a substitute for segment identity.'
    -       }
    -     ],
    -     scoringMethod: 'exact_selected_set',
    -     type: 'choice_single'
    -   },
    -   mentalUnitId: 'OOD-N01-B02',
    -   nodeId: 'requirements_use_cases_domain_vocabulary_and_model_boundaries',
    -   prompt: 'An episode editor replaces a recording by stable segment IDs. Four annotations still match; one annotation points to a segment removed from the replacement. No annotation may silently disappear, and the producer can repair the unmatched one. The producer reviews only complete replacement revisions; no partial revision becomes active. Which result should the replacement operation return?',
    -   questionId: 'ood-n01-b02-i018',
    -   sourceRefs: [
    -     'https://www.omg.org/spec/UML/2.5.1/PDF'
    -   ],
    -   trackId: 'object-oriented-design-interview'
    - }
    
  code: 'ERR_ASSERTION'
  name: 'AssertionError'
  expected:
    questionId: 'ood-n01-b02-i018'
    trackId: 'object-oriented-design-interview'
    nodeId: 'requirements_use_cases_domain_vocabulary_and_model_boundaries'
    mentalUnitId: 'OOD-N01-B02'
    prompt: 'An episode editor replaces a recording by stable segment IDs. Four annotations still match; one annotation points to a segment removed from the replacement. No annotation may silently disappear, and the producer can repair the unmatched one. The producer reviews only complete replacement revisions; no partial revision becomes active. Which result should the replacement operation return?'
    interaction:
      type: 'choice_single'
      scoringMethod: 'exact_selected_set'
      options:
        0:
          optionId: 'b02_i018_a'
          text: 'Reject the complete replacement and name the unmatched segment; keep the current recording active.'
        1:
          optionId: 'b02_i018_b'
          text: 'Apply four mappings and queue the unmatched annotation for manual follow-up, reporting the new recording active with a warning.'
        2:
          optionId: 'b02_i018_c'
          text: 'Activate the new recording and attach the unmatched annotation to the nearest timestamp, treating proximity as a substitute for segment identity.'
    answer:
      type: 'choice_single'
      optionId: 'b02_i018_a'
    feedback:
      type: 'choice_single'
      reason: 'A rejected result preserves the all-or-nothing observable promise while naming the actionable conflict; the producer can correct the mapping and resubmit.'
      details:
        mechanismOrProperty: 'An alternate-path decision is complete only when the caller can distinguish what the command actually accepted from what it rejected or left unresolved. Here, the unmatched annotation must remain intact and can be repaired before retry.'
        scenarioApplication: 'An episode editor replaces a recording by stable segment IDs. Four annotations still match; one annotation points to a segment removed from the replacement. No annotation may silently disappear, and the producer can repair the unmatched one. In this case, returns a rejected replacement with the unmatched segment ID; the caller can follow the stated recovery or follow-up path.'
        errorCorrection: 'Partial application loses one annotation despite the explicit no-loss promise. Timestamp proximity is not a stated identity rule and can silently attach a note to the wrong segment.'
        boundaryOrTradeoff: 'If the product later permits partial replacements, that must be an explicit result with each unmatched annotation retained for resolution, not an implicit success.'
        transfer: 'For a multi-part change, make the returned outcome distinguish complete acceptance from unresolved elements whenever callers must act on the remainder.'
      messages:
        0:
          kind: 'wrong_option'
          targetId: 'b02_i018_b'
          text: 'Queueing the unmatched annotation preserves it but still exposes a partial revision as active, contrary to the complete-revision rule.'
        1:
          kind: 'wrong_option'
          targetId: 'b02_i018_c'
          text: 'Timestamp proximity is not a stated identity rule and can silently attach a note to the wrong segment.'
    difficulty: 'foundational'
    sourceRefs:
      0: 'https://www.omg.org/spec/UML/2.5.1/PDF'
  operator: 'deepStrictEqual'
  stack: |-
    TestContext.<anonymous> (/Users/lukaszkurczab/Desktop/Projects/Patternly/patternly/src/content/bizq01OodNodeClosure16.test.ts:106:14)
    async Test.run (node:internal/test_runner/test:1054:7)
    async Test.processPendingSubtests (node:internal/test_runner/test:744:7)
  ...
# Subtest: OOD16 OOD-N01-B02 real choice scoring, accessibility and submitted feedback follow fixed option IDs
not ok 4 - OOD16 OOD-N01-B02 real choice scoring, accessibility and submitted feedback follow fixed option IDs
  ---
  duration_ms: 0.490458
  type: 'test'
  location: '/Users/lukaszkurczab/Desktop/Projects/Patternly/patternly/src/content/bizq01OodNodeClosure16.test.ts:2:6666'
  failureType: 'testCodeFailure'
  error: 'current artifact contains ood-n01-b02-i018'
  code: 'ERR_ASSERTION'
  name: 'AssertionError'
  expected: true
  operator: '=='
  stack: |-
    TestContext.<anonymous> (/Users/lukaszkurczab/Desktop/Projects/Patternly/patternly/src/content/bizq01OodNodeClosure16.test.ts:117:14)
    async Test.run (node:internal/test_runner/test:1054:7)
    async Test.processPendingSubtests (node:internal/test_runner/test:744:7)
  ...
# Subtest: OOD16 OOD-N01-B03 source payloads, replacement identities and retired IDs are exact
not ok 5 - OOD16 OOD-N01-B03 source payloads, replacement identities and retired IDs are exact
  ---
  duration_ms: 0.839333
  type: 'test'
  location: '/Users/lukaszkurczab/Desktop/Projects/Patternly/patternly/src/content/bizq01OodNodeClosure16.test.ts:2:5440'
  failureType: 'testCodeFailure'
  error: |-
    ood-n01-b03-i018 bundled artifact matches source
    + actual - expected
    
    + undefined
    - {
    -   answer: {
    -     optionId: 'b03_i018_a',
    -     type: 'choice_single'
    -   },
    -   difficulty: 'foundational',
    -   feedback: {
    -     details: {
    -       boundaryOrTradeoff: 'A context that only displays current territory/expiry may use a value snapshot; the approval record still has identity here.',
    -       errorCorrection: 'Equal descriptive fields do not make separately auditable approval records the same approval. The approval has a retained identity and lifecycle, so a transient calculation alone loses required history.',
    -       mechanismOrProperty: 'Clearance identity continues across amendments; territory and expiry values describe its current authorized scope.',
    -       scenarioApplication: 'The clearance number remains the review team’s reference while territory and expiry describe the currently approved use.',
    -       transfer: 'Use the scenario’s continuity and audit facts to decide identity; matching fields alone do not settle whether two records are the same.'
    -     },
    -     messages: [
    -       {
    -         kind: 'wrong_option',
    -         targetId: 'b03_i018_b',
    -         text: 'Equal descriptive fields do not make separately auditable approval records the same approval.'
    -       },
    -       {
    -         kind: 'wrong_option',
    -         targetId: 'b03_i018_c',
    -         text: 'The approval has a retained identity and lifecycle, so a transient calculation alone loses required history.'
    -       }
    -     ],
    -     reason: 'The clearance number and audit history distinguish approvals even when descriptive fields match; territory and expiry can change without replacing that approval identity.',
    -     type: 'choice_single'
    -   },
    -   interaction: {
    -     options: [
    -       {
    -         optionId: 'b03_i018_a',
    -         text: 'Keep the clearance ID; treat territory and expiry as changeable values.'
    -       },
    -       {
    -         optionId: 'b03_i018_b',
    -         text: 'Treat the territory-and-expiry pair as the approval identity, merging approvals whose fields happen to match.'
    -       },
    -       {
    -         optionId: 'b03_i018_c',
    -         text: 'Keep approval as a stateless calculation result rather than a retained record.'
    -       }
    -     ],
    -     scoringMethod: 'exact_selected_set',
    -     type: 'choice_single'
    -   },
    -   mentalUnitId: 'OOD-N01-B03',
    -   nodeId: 'requirements_use_cases_domain_vocabulary_and_model_boundaries',
    -   prompt: 'A rights-clearance tool tracks each approved usage by a clearance number because an approval can be suspended or renewed while its territory and expiry values change. Two approvals may have identical territory and expiry but remain separately auditable. How should the model treat an approval?',
    -   questionId: 'ood-n01-b03-i018',
    -   sourceRefs: [
    -     'https://learn.microsoft.com/en-us/dotnet/architecture/microservices/microservice-ddd-cqrs-patterns/microservice-domain-model',
    -     'https://www.omg.org/spec/UML/2.5.1/PDF'
    -   ],
    -   trackId: 'object-oriented-design-interview'
    - }
    
  code: 'ERR_ASSERTION'
  name: 'AssertionError'
  expected:
    questionId: 'ood-n01-b03-i018'
    trackId: 'object-oriented-design-interview'
    nodeId: 'requirements_use_cases_domain_vocabulary_and_model_boundaries'
    mentalUnitId: 'OOD-N01-B03'
    prompt: 'A rights-clearance tool tracks each approved usage by a clearance number because an approval can be suspended or renewed while its territory and expiry values change. Two approvals may have identical territory and expiry but remain separately auditable. How should the model treat an approval?'
    interaction:
      type: 'choice_single'
      scoringMethod: 'exact_selected_set'
      options:
        0:
          optionId: 'b03_i018_a'
          text: 'Keep the clearance ID; treat territory and expiry as changeable values.'
        1:
          optionId: 'b03_i018_b'
          text: 'Treat the territory-and-expiry pair as the approval identity, merging approvals whose fields happen to match.'
        2:
          optionId: 'b03_i018_c'
          text: 'Keep approval as a stateless calculation result rather than a retained record.'
    answer:
      type: 'choice_single'
      optionId: 'b03_i018_a'
    feedback:
      type: 'choice_single'
      reason: 'The clearance number and audit history distinguish approvals even when descriptive fields match; territory and expiry can change without replacing that approval identity.'
      details:
        mechanismOrProperty: 'Clearance identity continues across amendments; territory and expiry values describe its current authorized scope.'
        scenarioApplication: 'The clearance number remains the review team’s reference while territory and expiry describe the currently approved use.'
        errorCorrection: 'Equal descriptive fields do not make separately auditable approval records the same approval. The approval has a retained identity and lifecycle, so a transient calculation alone loses required history.'
        boundaryOrTradeoff: 'A context that only displays current territory/expiry may use a value snapshot; the approval record still has identity here.'
        transfer: 'Use the scenario’s continuity and audit facts to decide identity; matching fields alone do not settle whether two records are the same.'
      messages:
        0:
          kind: 'wrong_option'
          targetId: 'b03_i018_b'
          text: 'Equal descriptive fields do not make separately auditable approval records the same approval.'
        1:
          kind: 'wrong_option'
          targetId: 'b03_i018_c'
          text: 'The approval has a retained identity and lifecycle, so a transient calculation alone loses required history.'
    difficulty: 'foundational'
    sourceRefs:
      0: 'https://learn.microsoft.com/en-us/dotnet/architecture/microservices/microservice-ddd-cqrs-patterns/microservice-domain-model'
      1: 'https://www.omg.org/spec/UML/2.5.1/PDF'
  operator: 'deepStrictEqual'
  stack: |-
    TestContext.<anonymous> (/Users/lukaszkurczab/Desktop/Projects/Patternly/patternly/src/content/bizq01OodNodeClosure16.test.ts:106:14)
    async Test.run (node:internal/test_runner/test:1054:7)
    async Test.processPendingSubtests (node:internal/test_runner/test:744:7)
  ...
# Subtest: OOD16 OOD-N01-B03 real choice scoring, accessibility and submitted feedback follow fixed option IDs
not ok 6 - OOD16 OOD-N01-B03 real choice scoring, accessibility and submitted feedback follow fixed option IDs
  ---
  duration_ms: 0.294542
  type: 'test'
  location: '/Users/lukaszkurczab/Desktop/Projects/Patternly/patternly/src/content/bizq01OodNodeClosure16.test.ts:2:6666'
  failureType: 'testCodeFailure'
  error: 'current artifact contains ood-n01-b03-i018'
  code: 'ERR_ASSERTION'
  name: 'AssertionError'
  expected: true
  operator: '=='
  stack: |-
    TestContext.<anonymous> (/Users/lukaszkurczab/Desktop/Projects/Patternly/patternly/src/content/bizq01OodNodeClosure16.test.ts:117:14)
    async Test.run (node:internal/test_runner/test:1054:7)
    async Test.processPendingSubtests (node:internal/test_runner/test:744:7)
  ...
# Subtest: OOD16 OOD-N01-B04 source payloads, replacement identities and retired IDs are exact
not ok 7 - OOD16 OOD-N01-B04 source payloads, replacement identities and retired IDs are exact
  ---
  duration_ms: 0.6615
  type: 'test'
  location: '/Users/lukaszkurczab/Desktop/Projects/Patternly/patternly/src/content/bizq01OodNodeClosure16.test.ts:2:5440'
  failureType: 'testCodeFailure'
  error: |-
    ood-n01-b04-i018 bundled artifact matches source
    + actual - expected
    
    + undefined
    - {
    -   answer: {
    -     optionId: 'b04_i018_a',
    -     type: 'choice_single'
    -   },
    -   difficulty: 'foundational',
    -   feedback: {
    -     details: {
    -       boundaryOrTradeoff: 'If the customer explicitly cancels or revises the promise, that is a separate transition with recorded authorization.',
    -       errorCorrection: 'Replacing the request identity breaks the retained customer promise and loses lineage. First-shipment completion cannot satisfy the full quantity obligation.',
    -       mechanismOrProperty: 'The split preserves one parent obligation only if child quantities conserve the requested total and the parent remains open through fulfillment.',
    -       scenarioApplication: 'The decisive case fact is split allocations remain under original promise and total 12; the requested state change is checked against it before the new state is recorded.',
    -       transfer: 'For decomposition, preserve the parent obligation and make the conservation condition explicit across its parts.'
    -     },
    -     messages: [
    -       {
    -         kind: 'wrong_option',
    -         targetId: 'b04_i018_b',
    -         text: 'Replacing the request identity breaks the retained customer promise and loses lineage.'
    -       },
    -       {
    -         kind: 'wrong_option',
    -         targetId: 'b04_i018_c',
    -         text: 'First-shipment completion cannot satisfy the full quantity obligation.'
    -       }
    -     ],
    -     reason: 'The split is valid only if the child allocations account for all 12 units while the original request identity and promise remain active until fulfillment completes.',
    -     type: 'choice_single'
    -   },
    -   interaction: {
    -     options: [
    -       {
    -         optionId: 'b04_i018_a',
    -         text: 'Keep the original request ID and promise; allocate all 12 units across both vendors, and leave it open until both arrive.'
    -       },
    -       {
    -         optionId: 'b04_i018_b',
    -         text: 'Close the original request and create unrelated requests for 7 and 5 units with new customer promises.'
    -       },
    -       {
    -         optionId: 'b04_i018_c',
    -         text: 'Mark the original fulfilled when the first vendor ships, then treat the second shipment as a new request.'
    -       }
    -     ],
    -     scoringMethod: 'exact_selected_set',
    -     type: 'choice_single'
    -   },
    -   mentalUnitId: 'OOD-N01-B04',
    -   nodeId: 'requirements_use_cases_domain_vocabulary_and_model_boundaries',
    -   prompt: 'A backordered request for 12 repair parts is split across two vendors: 7 and 5 units. The original delivery promise and request ID remain the customer’s reference until all parts arrive. Which model transition preserves the invariant?',
    -   questionId: 'ood-n01-b04-i018',
    -   sourceRefs: [
    -     'https://www.omg.org/spec/UML/2.5.1/PDF'
    -   ],
    -   trackId: 'object-oriented-design-interview'
    - }
    
  code: 'ERR_ASSERTION'
  name: 'AssertionError'
  expected:
    questionId: 'ood-n01-b04-i018'
    trackId: 'object-oriented-design-interview'
    nodeId: 'requirements_use_cases_domain_vocabulary_and_model_boundaries'
    mentalUnitId: 'OOD-N01-B04'
    prompt: 'A backordered request for 12 repair parts is split across two vendors: 7 and 5 units. The original delivery promise and request ID remain the customer’s reference until all parts arrive. Which model transition preserves the invariant?'
    interaction:
      type: 'choice_single'
      scoringMethod: 'exact_selected_set'
      options:
        0:
          optionId: 'b04_i018_a'
          text: 'Keep the original request ID and promise; allocate all 12 units across both vendors, and leave it open until both arrive.'
        1:
          optionId: 'b04_i018_b'
          text: 'Close the original request and create unrelated requests for 7 and 5 units with new customer promises.'
        2:
          optionId: 'b04_i018_c'
          text: 'Mark the original fulfilled when the first vendor ships, then treat the second shipment as a new request.'
    answer:
      type: 'choice_single'
      optionId: 'b04_i018_a'
    feedback:
      type: 'choice_single'
      reason: 'The split is valid only if the child allocations account for all 12 units while the original request identity and promise remain active until fulfillment completes.'
      details:
        mechanismOrProperty: 'The split preserves one parent obligation only if child quantities conserve the requested total and the parent remains open through fulfillment.'
        scenarioApplication: 'The decisive case fact is split allocations remain under original promise and total 12; the requested state change is checked against it before the new state is recorded.'
        errorCorrection: 'Replacing the request identity breaks the retained customer promise and loses lineage. First-shipment completion cannot satisfy the full quantity obligation.'
        boundaryOrTradeoff: 'If the customer explicitly cancels or revises the promise, that is a separate transition with recorded authorization.'
        transfer: 'For decomposition, preserve the parent obligation and make the conservation condition explicit across its parts.'
      messages:
        0:
          kind: 'wrong_option'
          targetId: 'b04_i018_b'
          text: 'Replacing the request identity breaks the retained customer promise and loses lineage.'
        1:
          kind: 'wrong_option'
          targetId: 'b04_i018_c'
          text: 'First-shipment completion cannot satisfy the full quantity obligation.'
    difficulty: 'foundational'
    sourceRefs:
      0: 'https://www.omg.org/spec/UML/2.5.1/PDF'
  operator: 'deepStrictEqual'
  stack: |-
    TestContext.<anonymous> (/Users/lukaszkurczab/Desktop/Projects/Patternly/patternly/src/content/bizq01OodNodeClosure16.test.ts:106:14)
    async Test.run (node:internal/test_runner/test:1054:7)
    async Test.processPendingSubtests (node:internal/test_runner/test:744:7)
  ...
# Subtest: OOD16 OOD-N01-B04 real choice scoring, accessibility and submitted feedback follow fixed option IDs
not ok 8 - OOD16 OOD-N01-B04 real choice scoring, accessibility and submitted feedback follow fixed option IDs
  ---
  duration_ms: 0.266292
  type: 'test'
  location: '/Users/lukaszkurczab/Desktop/Projects/Patternly/patternly/src/content/bizq01OodNodeClosure16.test.ts:2:6666'
  failureType: 'testCodeFailure'
  error: 'current artifact contains ood-n01-b04-i018'
  code: 'ERR_ASSERTION'
  name: 'AssertionError'
  expected: true
  operator: '=='
  stack: |-
    TestContext.<anonymous> (/Users/lukaszkurczab/Desktop/Projects/Patternly/patternly/src/content/bizq01OodNodeClosure16.test.ts:117:14)
    async Test.run (node:internal/test_runner/test:1054:7)
    async Test.processPendingSubtests (node:internal/test_runner/test:744:7)
  ...
# Subtest: OOD16 OOD-N01-B05 source payloads, replacement identities and retired IDs are exact
not ok 9 - OOD16 OOD-N01-B05 source payloads, replacement identities and retired IDs are exact
  ---
  duration_ms: 0.880167
  type: 'test'
  location: '/Users/lukaszkurczab/Desktop/Projects/Patternly/patternly/src/content/bizq01OodNodeClosure16.test.ts:2:5440'
  failureType: 'testCodeFailure'
  error: |-
    ood-n01-b05-i018 bundled artifact matches source
    + actual - expected
    
    + undefined
    - {
    -   answer: {
    -     optionId: 'issue_account_credit',
    -     type: 'choice_single'
    -   },
    -   difficulty: 'foundational',
    -   feedback: {
    -     details: {
    -       boundaryOrTradeoff: 'If both actions later became one legally and operationally identical outcome, the distinction could be reconsidered; the stated separate reporting rules make that false here.',
    -       errorCorrection: 'The nearest tempting alternative is call both refund. The prompt distinguishes balance value from money returned to the card; a shared word would make reports and command intent ambiguous.',
    -       mechanismOrProperty: 'The event name distinguishes outcomes with different reporting meaning; this prompt defines the destination of value as the discriminator.',
    -       scenarioApplication: 'A command named ‘issue account credit’ matches the ledger outcome; the payment report can continue to count card refunds separately.',
    -       transfer: 'If a neighboring finance workflow uses the same word for a different result, check the recorded business outcome before standardizing names.'
    -     },
    -     messages: [
    -       {
    -         kind: 'wrong_option',
    -         targetId: 'call_both_refund',
    -         text: 'The prompt distinguishes balance value from money returned to the card; a shared word would make reports and command intent ambiguous.'
    -       },
    -       {
    -         kind: 'wrong_option',
    -         targetId: 'use_ledger_adjustment',
    -         text: 'A storage label says where data moves, not which of the two business outcomes occurred.'
    -       },
    -       {
    -         kind: 'wrong_option',
    -         targetId: 'rename_refund_globally',
    -         text: "That would erase the payment team's distinct card-return meaning instead of aligning each term with its own outcome."
    -       }
    -     ],
    -     reason: 'The decisive distinction is the destination of value: a balance change is an account credit, while a card return is a refund.',
    -     type: 'choice_single'
    -   },
    -   interaction: {
    -     options: [
    -       {
    -         optionId: 'call_both_refund',
    -         text: 'Name both operations ‘refund’ because they help the customer recover value.'
    -       },
    -       {
    -         optionId: 'issue_account_credit',
    -         text: 'Name a balance correction ‘AccountCredit’; reserve ‘Refund’ for money returned to its original payment method.'
    -       },
    -       {
    -         optionId: 'use_ledger_adjustment',
    -         text: 'Expose the storage term ‘ledger adjustment’ as the customer-facing business action.'
    -       },
    -       {
    -         optionId: 'rename_refund_globally',
    -         text: 'Replace ‘refund’ everywhere with ‘credit’ to establish one term across finance and payments.'
    -       }
    -     ],
    -     scoringMethod: 'exact_selected_set',
    -     type: 'choice_single'
    -   },
    -   mentalUnitId: 'OOD-N01-B05',
    -   nodeId: 'requirements_use_cases_domain_vocabulary_and_model_boundaries',
    -   prompt: 'In the invoice desk, finance calls an account-balance credit a ‘refund’, while the payment team uses ‘refund’ for money returned to a card. The ledger stores the two as different outcomes and reports them separately. Which vocabulary should the command and event use for a balance-only correction?',
    -   questionId: 'ood-n01-b05-i018',
    -   sourceRefs: [
    -     'https://learn.microsoft.com/en-us/dotnet/architecture/microservices/microservice-ddd-cqrs-patterns/ddd-oriented-microservice'
    -   ],
    -   trackId: 'object-oriented-design-interview'
    - }
    
  code: 'ERR_ASSERTION'
  name: 'AssertionError'
  expected:
    trackId: 'object-oriented-design-interview'
    nodeId: 'requirements_use_cases_domain_vocabulary_and_model_boundaries'
    mentalUnitId: 'OOD-N01-B05'
    difficulty: 'foundational'
    questionId: 'ood-n01-b05-i018'
    prompt: 'In the invoice desk, finance calls an account-balance credit a ‘refund’, while the payment team uses ‘refund’ for money returned to a card. The ledger stores the two as different outcomes and reports them separately. Which vocabulary should the command and event use for a balance-only correction?'
    sourceRefs:
      0: 'https://learn.microsoft.com/en-us/dotnet/architecture/microservices/microservice-ddd-cqrs-patterns/ddd-oriented-microservice'
    interaction:
      type: 'choice_single'
      scoringMethod: 'exact_selected_set'
      options:
        0:
          optionId: 'call_both_refund'
          text: 'Name both operations ‘refund’ because they help the customer recover value.'
        1:
          optionId: 'issue_account_credit'
          text: 'Name a balance correction ‘AccountCredit’; reserve ‘Refund’ for money returned to its original payment method.'
        2:
          optionId: 'use_ledger_adjustment'
          text: 'Expose the storage term ‘ledger adjustment’ as the customer-facing business action.'
        3:
          optionId: 'rename_refund_globally'
          text: 'Replace ‘refund’ everywhere with ‘credit’ to establish one term across finance and payments.'
    answer:
      type: 'choice_single'
      optionId: 'issue_account_credit'
    feedback:
      type: 'choice_single'
      reason: 'The decisive distinction is the destination of value: a balance change is an account credit, while a card return is a refund.'
      details:
        mechanismOrProperty: 'The event name distinguishes outcomes with different reporting meaning; this prompt defines the destination of value as the discriminator.'
        scenarioApplication: 'A command named ‘issue account credit’ matches the ledger outcome; the payment report can continue to count card refunds separately.'
        errorCorrection: 'The nearest tempting alternative is call both refund. The prompt distinguishes balance value from money returned to the card; a shared word would make reports and command intent ambiguous.'
        boundaryOrTradeoff: 'If both actions later became one legally and operationally identical outcome, the distinction could be reconsidered; the stated separate reporting rules make that false here.'
        transfer: 'If a neighboring finance workflow uses the same word for a different result, check the recorded business outcome before standardizing names.'
      messages:
        0:
          kind: 'wrong_option'
          targetId: 'call_both_refund'
          text: 'The prompt distinguishes balance value from money returned to the card; a shared word would make reports and command intent ambiguous.'
        1:
          kind: 'wrong_option'
          targetId: 'use_ledger_adjustment'
          text: 'A storage label says where data moves, not which of the two business outcomes occurred.'
        2:
          kind: 'wrong_option'
          targetId: 'rename_refund_globally'
          text: "That would erase the payment team's distinct card-return meaning instead of aligning each term with its own outcome."
  operator: 'deepStrictEqual'
  stack: |-
    TestContext.<anonymous> (/Users/lukaszkurczab/Desktop/Projects/Patternly/patternly/src/content/bizq01OodNodeClosure16.test.ts:106:14)
    async Test.run (node:internal/test_runner/test:1054:7)
    async Test.processPendingSubtests (node:internal/test_runner/test:744:7)
  ...
# Subtest: OOD16 OOD-N01-B05 real choice scoring, accessibility and submitted feedback follow fixed option IDs
not ok 10 - OOD16 OOD-N01-B05 real choice scoring, accessibility and submitted feedback follow fixed option IDs
  ---
  duration_ms: 0.545208
  type: 'test'
  location: '/Users/lukaszkurczab/Desktop/Projects/Patternly/patternly/src/content/bizq01OodNodeClosure16.test.ts:2:6666'
  failureType: 'testCodeFailure'
  error: 'current artifact contains ood-n01-b05-i018'
  code: 'ERR_ASSERTION'
  name: 'AssertionError'
  expected: true
  operator: '=='
  stack: |-
    TestContext.<anonymous> (/Users/lukaszkurczab/Desktop/Projects/Patternly/patternly/src/content/bizq01OodNodeClosure16.test.ts:117:14)
    async Test.run (node:internal/test_runner/test:1054:7)
    async Test.processPendingSubtests (node:internal/test_runner/test:744:7)
  ...
# Subtest: OOD16 OOD-N01-B06 source payloads, replacement identities and retired IDs are exact
not ok 11 - OOD16 OOD-N01-B06 source payloads, replacement identities and retired IDs are exact
  ---
  duration_ms: 0.837583
  type: 'test'
  location: '/Users/lukaszkurczab/Desktop/Projects/Patternly/patternly/src/content/bizq01OodNodeClosure16.test.ts:2:5440'
  failureType: 'testCodeFailure'
  error: |-
    ood-n01-b06-i018 bundled artifact matches source
    + actual - expected
    
    + undefined
    - {
    -   answer: {
    -     optionId: 'inspection_rule',
    -     type: 'choice_single'
    -   },
    -   difficulty: 'foundational',
    -   feedback: {
    -     details: {
    -       boundaryOrTradeoff: 'If each entry point had materially different completion criteria, one common predicate might not suffice.',
    -       errorCorrection: 'The closest competing placement is The screen checks the fields before enabling Submit. The predicate is intrinsic to one Inspection and both callers reuse its operation; queueing is a separate workflow responsibility.',
    -       mechanismOrProperty: "Completeness uses the Inspection's readings and sign-off; queueing is caller orchestration.",
    -       scenarioApplication: "The later sync worker reuses Inspection's completeness operation after it restores queued data; it does not trust a screen-only check.",
    -       transfer: 'For shared validation, ask whether the rule belongs to the data object every caller already uses, then leave queue scheduling to the application workflow.'
    -     },
    -     messages: [
    -       {
    -         kind: 'wrong_option',
    -         targetId: 'screen_rule',
    -         text: 'A UI check can improve form feedback, but the sync worker also invokes the operation and needs the same completeness rule.'
    -       },
    -       {
    -         kind: 'wrong_option',
    -         targetId: 'app_rule',
    -         text: 'Repeating the predicate in each caller invites screen and sync to disagree about a complete inspection.'
    -       },
    -       {
    -         kind: 'wrong_option',
    -         targetId: 'repo_rule',
    -         text: 'A write does not prove required readings and sign-off were supplied; storage should not invent the completion decision.'
    -       }
    -     ],
    -     reason: 'The predicate is intrinsic to one Inspection and both callers reuse its operation; queueing is a separate workflow responsibility.',
    -     type: 'choice_single'
    -   },
    -   interaction: {
    -     options: [
    -       {
    -         optionId: 'screen_rule',
    -         text: 'The screen checks the fields before enabling Submit.'
    -       },
    -       {
    -         optionId: 'inspection_rule',
    -         text: 'Inspection owns completeness; the application service queues and syncs.'
    -       },
    -       {
    -         optionId: 'app_rule',
    -         text: 'Each application entry point repeats the completeness predicate.'
    -       },
    -       {
    -         optionId: 'repo_rule',
    -         text: 'The repository marks every saved inspection complete.'
    -       }
    -     ],
    -     scoringMethod: 'exact_selected_set',
    -     type: 'choice_single'
    -   },
    -   mentalUnitId: 'OOD-N01-B06',
    -   nodeId: 'requirements_use_cases_domain_vocabulary_and_model_boundaries',
    -   prompt: 'An offline inspection is complete only when required readings and inspector sign-off are present. The screen and sync worker invoke the same operation; the application service queues offline work. Where should completeness be checked?',
    -   questionId: 'ood-n01-b06-i018',
    -   sourceRefs: [
    -     'https://learn.microsoft.com/en-us/dotnet/architecture/microservices/microservice-ddd-cqrs-patterns/ddd-oriented-microservice',
    -     'https://learn.microsoft.com/en-us/dotnet/architecture/microservices/microservice-ddd-cqrs-patterns/microservice-domain-model',
    -     'https://learn.microsoft.com/en-us/dotnet/architecture/microservices/microservice-ddd-cqrs-patterns/infrastructure-persistence-layer-design'
    -   ],
    -   trackId: 'object-oriented-design-interview'
    - }
    
  code: 'ERR_ASSERTION'
  name: 'AssertionError'
  expected:
    trackId: 'object-oriented-design-interview'
    nodeId: 'requirements_use_cases_domain_vocabulary_and_model_boundaries'
    mentalUnitId: 'OOD-N01-B06'
    difficulty: 'foundational'
    questionId: 'ood-n01-b06-i018'
    prompt: 'An offline inspection is complete only when required readings and inspector sign-off are present. The screen and sync worker invoke the same operation; the application service queues offline work. Where should completeness be checked?'
    sourceRefs:
      0: 'https://learn.microsoft.com/en-us/dotnet/architecture/microservices/microservice-ddd-cqrs-patterns/ddd-oriented-microservice'
      1: 'https://learn.microsoft.com/en-us/dotnet/architecture/microservices/microservice-ddd-cqrs-patterns/microservice-domain-model'
      2: 'https://learn.microsoft.com/en-us/dotnet/architecture/microservices/microservice-ddd-cqrs-patterns/infrastructure-persistence-layer-design'
    interaction:
      type: 'choice_single'
      scoringMethod: 'exact_selected_set'
      options:
        0:
          optionId: 'screen_rule'
          text: 'The screen checks the fields before enabling Submit.'
        1:
          optionId: 'inspection_rule'
          text: 'Inspection owns completeness; the application service queues and syncs.'
        2:
          optionId: 'app_rule'
          text: 'Each application entry point repeats the completeness predicate.'
        3:
          optionId: 'repo_rule'
          text: 'The repository marks every saved inspection complete.'
    answer:
      type: 'choice_single'
      optionId: 'inspection_rule'
    feedback:
      type: 'choice_single'
      reason: 'The predicate is intrinsic to one Inspection and both callers reuse its operation; queueing is a separate workflow responsibility.'
      details:
        mechanismOrProperty: "Completeness uses the Inspection's readings and sign-off; queueing is caller orchestration."
        scenarioApplication: "The later sync worker reuses Inspection's completeness operation after it restores queued data; it does not trust a screen-only check."
        errorCorrection: 'The closest competing placement is The screen checks the fields before enabling Submit. The predicate is intrinsic to one Inspection and both callers reuse its operation; queueing is a separate workflow responsibility.'
        boundaryOrTradeoff: 'If each entry point had materially different completion criteria, one common predicate might not suffice.'
        transfer: 'For shared validation, ask whether the rule belongs to the data object every caller already uses, then leave queue scheduling to the application workflow.'
      messages:
        0:
          kind: 'wrong_option'
          targetId: 'screen_rule'
          text: 'A UI check can improve form feedback, but the sync worker also invokes the operation and needs the same completeness rule.'
        1:
          kind: 'wrong_option'
          targetId: 'app_rule'
          text: 'Repeating the predicate in each caller invites screen and sync to disagree about a complete inspection.'
        2:
          kind: 'wrong_option'
          targetId: 'repo_rule'
          text: 'A write does not prove required readings and sign-off were supplied; storage should not invent the completion decision.'
  operator: 'deepStrictEqual'
  stack: |-
    TestContext.<anonymous> (/Users/lukaszkurczab/Desktop/Projects/Patternly/patternly/src/content/bizq01OodNodeClosure16.test.ts:106:14)
    async Test.run (node:internal/test_runner/test:1054:7)
    async Test.processPendingSubtests (node:internal/test_runner/test:744:7)
  ...
# Subtest: OOD16 OOD-N01-B06 real choice scoring, accessibility and submitted feedback follow fixed option IDs
not ok 12 - OOD16 OOD-N01-B06 real choice scoring, accessibility and submitted feedback follow fixed option IDs
  ---
  duration_ms: 0.314083
  type: 'test'
  location: '/Users/lukaszkurczab/Desktop/Projects/Patternly/patternly/src/content/bizq01OodNodeClosure16.test.ts:2:6666'
  failureType: 'testCodeFailure'
  error: 'current artifact contains ood-n01-b06-i018'
  code: 'ERR_ASSERTION'
  name: 'AssertionError'
  expected: true
  operator: '=='
  stack: |-
    TestContext.<anonymous> (/Users/lukaszkurczab/Desktop/Projects/Patternly/patternly/src/content/bizq01OodNodeClosure16.test.ts:117:14)
    async Test.run (node:internal/test_runner/test:1054:7)
    async Test.processPendingSubtests (node:internal/test_runner/test:744:7)
  ...
# Subtest: OOD16 OOD-N01-B07 source payloads, replacement identities and retired IDs are exact
not ok 13 - OOD16 OOD-N01-B07 source payloads, replacement identities and retired IDs are exact
  ---
  duration_ms: 0.711792
  type: 'test'
  location: '/Users/lukaszkurczab/Desktop/Projects/Patternly/patternly/src/content/bizq01OodNodeClosure16.test.ts:2:5440'
  failureType: 'testCodeFailure'
  error: |-
    ood-n01-b07-i018 bundled artifact matches source
    + actual - expected
    
    + undefined
    - {
    -   answer: {
    -     optionId: 'query_seat_inventory',
    -     type: 'choice_single'
    -   },
    -   difficulty: 'foundational',
    -   feedback: {
    -     details: {
    -       boundaryOrTradeoff: 'This selection follows only the stated participant contract; it does not infer an unstated consistency, atomicity, timing, or delivery guarantee. If the controller already held an authoritative current inventory snapshot, a separate lookup could be unnecessary.',
    -       errorCorrection: 'The closest competing response is ‘Have TicketController scan records and choose seats before calling the use case.’ because it uses a real participant in the trace; The controller has only section and party size in this trace; SeatInventory owns the current candidate set.',
    -       mechanismOrProperty: "A sequence trace distinguishes the request's known inputs from the next unresolved value and follows the responsibility assigned to that value's participant.",
    -       scenarioApplication: 'The use case sends section and party size to SeatInventory and receives candidate seat IDs for the next step.',
    -       transfer: 'When a request has selection criteria but not current availability, send those criteria to the inventory source before choosing or reserving.'
    -     },
    -     messages: [
    -       {
    -         kind: 'wrong_option',
    -         targetId: 'controller_scans_seats',
    -         text: 'The controller has only section and party size in this trace; SeatInventory owns the current candidate set.'
    -       },
    -       {
    -         kind: 'wrong_option',
    -         targetId: 'buyer_supplies_ids',
    -         text: 'The buyer cannot select internal seat IDs that the inventory query has not returned.'
    -       },
    -       {
    -         kind: 'wrong_option',
    -         targetId: 'repository_reserves',
    -         text: 'A request load is not a seat search or a reservation decision; the use case still needs candidates.'
    -       }
    -     ],
    -     reason: 'The controller has request criteria, while SeatInventory owns current availability; the trace needs candidate seats before any reservation decision.',
    -     type: 'choice_single'
    -   },
    -   interaction: {
    -     options: [
    -       {
    -         optionId: 'controller_scans_seats',
    -         text: 'Have TicketController scan records and choose seats before calling the use case.'
    -       },
    -       {
    -         optionId: 'query_seat_inventory',
    -         text: 'Ask SeatInventory for candidate seats matching the requested section and party size.'
    -       },
    -       {
    -         optionId: 'buyer_supplies_ids',
    -         text: 'Ask the buyer for internal seat IDs without showing current availability.'
    -       },
    -       {
    -         optionId: 'repository_reserves',
    -         text: 'Let the repository choose seats during the initial request load.'
    -       }
    -     ],
    -     scoringMethod: 'exact_selected_set',
    -     type: 'choice_single'
    -   },
    -   mentalUnitId: 'OOD-N01-B07',
    -   nodeId: 'requirements_use_cases_domain_vocabulary_and_model_boundaries',
    -   prompt: 'Concert request trace: Buyer → TicketController → ReserveSeatsUseCase. The request has section and party size; only SeatInventory has current free-seat facts. Which message comes next?',
    -   questionId: 'ood-n01-b07-i018',
    -   sourceRefs: [
    -     'https://www.omg.org/spec/UML/2.5.1/PDF',
    -     'https://learn.microsoft.com/en-us/dotnet/architecture/microservices/microservice-ddd-cqrs-patterns/ddd-oriented-microservice'
    -   ],
    -   trackId: 'object-oriented-design-interview'
    - }
    
  code: 'ERR_ASSERTION'
  name: 'AssertionError'
  expected:
    trackId: 'object-oriented-design-interview'
    nodeId: 'requirements_use_cases_domain_vocabulary_and_model_boundaries'
    mentalUnitId: 'OOD-N01-B07'
    difficulty: 'foundational'
    questionId: 'ood-n01-b07-i018'
    prompt: 'Concert request trace: Buyer → TicketController → ReserveSeatsUseCase. The request has section and party size; only SeatInventory has current free-seat facts. Which message comes next?'
    sourceRefs:
      0: 'https://www.omg.org/spec/UML/2.5.1/PDF'
      1: 'https://learn.microsoft.com/en-us/dotnet/architecture/microservices/microservice-ddd-cqrs-patterns/ddd-oriented-microservice'
    interaction:
      type: 'choice_single'
      scoringMethod: 'exact_selected_set'
      options:
        0:
          optionId: 'controller_scans_seats'
          text: 'Have TicketController scan records and choose seats before calling the use case.'
        1:
          optionId: 'query_seat_inventory'
          text: 'Ask SeatInventory for candidate seats matching the requested section and party size.'
        2:
          optionId: 'buyer_supplies_ids'
          text: 'Ask the buyer for internal seat IDs without showing current availability.'
        3:
          optionId: 'repository_reserves'
          text: 'Let the repository choose seats during the initial request load.'
    answer:
      type: 'choice_single'
      optionId: 'query_seat_inventory'
    feedback:
      type: 'choice_single'
      reason: 'The controller has request criteria, while SeatInventory owns current availability; the trace needs candidate seats before any reservation decision.'
      details:
        mechanismOrProperty: "A sequence trace distinguishes the request's known inputs from the next unresolved value and follows the responsibility assigned to that value's participant."
        scenarioApplication: 'The use case sends section and party size to SeatInventory and receives candidate seat IDs for the next step.'
        errorCorrection: 'The closest competing response is ‘Have TicketController scan records and choose seats before calling the use case.’ because it uses a real participant in the trace; The controller has only section and party size in this trace; SeatInventory owns the current candidate set.'
        boundaryOrTradeoff: 'This selection follows only the stated participant contract; it does not infer an unstated consistency, atomicity, timing, or delivery guarantee. If the controller already held an authoritative current inventory snapshot, a separate lookup could be unnecessary.'
        transfer: 'When a request has selection criteria but not current availability, send those criteria to the inventory source before choosing or reserving.'
      messages:
        0:
          kind: 'wrong_option'
          targetId: 'controller_scans_seats'
          text: 'The controller has only section and party size in this trace; SeatInventory owns the current candidate set.'
        1:
          kind: 'wrong_option'
          targetId: 'buyer_supplies_ids'
          text: 'The buyer cannot select internal seat IDs that the inventory query has not returned.'
        2:
          kind: 'wrong_option'
          targetId: 'repository_reserves'
          text: 'A request load is not a seat search or a reservation decision; the use case still needs candidates.'
  operator: 'deepStrictEqual'
  stack: |-
    TestContext.<anonymous> (/Users/lukaszkurczab/Desktop/Projects/Patternly/patternly/src/content/bizq01OodNodeClosure16.test.ts:106:14)
    async Test.run (node:internal/test_runner/test:1054:7)
    async Test.processPendingSubtests (node:internal/test_runner/test:744:7)
  ...
# Subtest: OOD16 OOD-N01-B07 real choice scoring, accessibility and submitted feedback follow fixed option IDs
not ok 14 - OOD16 OOD-N01-B07 real choice scoring, accessibility and submitted feedback follow fixed option IDs
  ---
  duration_ms: 0.283625
  type: 'test'
  location: '/Users/lukaszkurczab/Desktop/Projects/Patternly/patternly/src/content/bizq01OodNodeClosure16.test.ts:2:6666'
  failureType: 'testCodeFailure'
  error: 'current artifact contains ood-n01-b07-i018'
  code: 'ERR_ASSERTION'
  name: 'AssertionError'
  expected: true
  operator: '=='
  stack: |-
    TestContext.<anonymous> (/Users/lukaszkurczab/Desktop/Projects/Patternly/patternly/src/content/bizq01OodNodeClosure16.test.ts:117:14)
    async Test.run (node:internal/test_runner/test:1054:7)
    async Test.processPendingSubtests (node:internal/test_runner/test:744:7)
  ...
# Subtest: OOD16 OOD-N01-B08 source payloads, replacement identities and retired IDs are exact
not ok 15 - OOD16 OOD-N01-B08 source payloads, replacement identities and retired IDs are exact
  ---
  duration_ms: 0.534667
  type: 'test'
  location: '/Users/lukaszkurczab/Desktop/Projects/Patternly/patternly/src/content/bizq01OodNodeClosure16.test.ts:2:5440'
  failureType: 'testCodeFailure'
  error: |-
    ood-n01-b08-i018 bundled artifact matches source
    + actual - expected
    
    + undefined
    - {
    -   answer: {
    -     optionId: 'use_case_scope',
    -     type: 'choice_single'
    -   },
    -   difficulty: 'foundational',
    -   feedback: {
    -     details: {
    -       boundaryOrTradeoff: 'If the owner instead asked which service runs in each region, a deployment view would fit.',
    -       errorCorrection: 'A sequence diagram would answer how participants interact, but the owner first asks which roles and goals are in scope.',
    -       mechanismOrProperty: "Match the view to the audience's unresolved question; use-case scope centers external roles and goals.",
    -       scenarioApplication: 'The owner learns the external roles and goals at the reservation-service boundary before the team chooses internal objects.',
    -       transfer: "Start with the external goal and system subject; add internal collaboration only when that becomes the audience's decision."
    -     },
    -     messages: [
    -       {
    -         kind: 'wrong_option',
    -         targetId: 'sequence_internal',
    -         text: 'A sequence diagram would answer how participants interact, but the owner first asks which roles and goals are in scope.'
    -       },
    -       {
    -         kind: 'wrong_option',
    -         targetId: 'class_fields',
    -         text: 'A class diagram would prematurely describe internal structure before the service boundary is agreed.'
    -       },
    -       {
    -         kind: 'wrong_option',
    -         targetId: 'deployment_nodes',
    -         text: 'A deployment map answers where software runs, not who uses the subject or why.'
    -       }
    -     ],
    -     reason: 'The audience is establishing external goals and system scope; internal messages, classes, and runtime placement answer different questions.',
    -     type: 'choice_single'
    -   },
    -   interaction: {
    -     options: [
    -       {
    -         optionId: 'sequence_internal',
    -         text: 'Trace internal repository and policy messages in request order.'
    -       },
    -       {
    -         optionId: 'class_fields',
    -         text: 'List reservation fields and methods with their class associations.'
    -       },
    -       {
    -         optionId: 'use_case_scope',
    -         text: 'Use-case view: service boundary, external roles, and goals.'
    -       },
    -       {
    -         optionId: 'deployment_nodes',
    -         text: 'Show runtime nodes hosting the reservation service and database.'
    -       }
    -     ],
    -     scoringMethod: 'exact_selected_set',
    -     type: 'choice_single'
    -   },
    -   mentalUnitId: 'OOD-N01-B08',
    -   nodeId: 'requirements_use_cases_domain_vocabulary_and_model_boundaries',
    -   prompt: 'A product owner asks which external roles use the reservation service and what goals they achieve. The meeting is defining scope, not object collaboration. What should be sketched first?',
    -   questionId: 'ood-n01-b08-i018',
    -   sourceRefs: [
    -     'https://www.omg.org/spec/UML/2.5.1/PDF',
    -     'https://www.omg.org/uml/what-is-uml.htm',
    -     'https://learn.microsoft.com/en-us/dotnet/architecture/microservices/microservice-ddd-cqrs-patterns/ddd-oriented-microservice'
    -   ],
    -   trackId: 'object-oriented-design-interview'
    - }
    
  code: 'ERR_ASSERTION'
  name: 'AssertionError'
  expected:
    trackId: 'object-oriented-design-interview'
    nodeId: 'requirements_use_cases_domain_vocabulary_and_model_boundaries'
    mentalUnitId: 'OOD-N01-B08'
    difficulty: 'foundational'
    questionId: 'ood-n01-b08-i018'
    prompt: 'A product owner asks which external roles use the reservation service and what goals they achieve. The meeting is defining scope, not object collaboration. What should be sketched first?'
    sourceRefs:
      0: 'https://www.omg.org/spec/UML/2.5.1/PDF'
      1: 'https://www.omg.org/uml/what-is-uml.htm'
      2: 'https://learn.microsoft.com/en-us/dotnet/architecture/microservices/microservice-ddd-cqrs-patterns/ddd-oriented-microservice'
    interaction:
      type: 'choice_single'
      scoringMethod: 'exact_selected_set'
      options:
        0:
          optionId: 'sequence_internal'
          text: 'Trace internal repository and policy messages in request order.'
        1:
          optionId: 'class_fields'
          text: 'List reservation fields and methods with their class associations.'
        2:
          optionId: 'use_case_scope'
          text: 'Use-case view: service boundary, external roles, and goals.'
        3:
          optionId: 'deployment_nodes'
          text: 'Show runtime nodes hosting the reservation service and database.'
    answer:
      type: 'choice_single'
      optionId: 'use_case_scope'
    feedback:
      type: 'choice_single'
      reason: 'The audience is establishing external goals and system scope; internal messages, classes, and runtime placement answer different questions.'
      details:
        mechanismOrProperty: "Match the view to the audience's unresolved question; use-case scope centers external roles and goals."
        scenarioApplication: 'The owner learns the external roles and goals at the reservation-service boundary before the team chooses internal objects.'
        errorCorrection: 'A sequence diagram would answer how participants interact, but the owner first asks which roles and goals are in scope.'
        boundaryOrTradeoff: 'If the owner instead asked which service runs in each region, a deployment view would fit.'
        transfer: "Start with the external goal and system subject; add internal collaboration only when that becomes the audience's decision."
      messages:
        0:
          kind: 'wrong_option'
          targetId: 'sequence_internal'
          text: 'A sequence diagram would answer how participants interact, but the owner first asks which roles and goals are in scope.'
        1:
          kind: 'wrong_option'
          targetId: 'class_fields'
          text: 'A class diagram would prematurely describe internal structure before the service boundary is agreed.'
        2:
          kind: 'wrong_option'
          targetId: 'deployment_nodes'
          text: 'A deployment map answers where software runs, not who uses the subject or why.'
  operator: 'deepStrictEqual'
  stack: |-
    TestContext.<anonymous> (/Users/lukaszkurczab/Desktop/Projects/Patternly/patternly/src/content/bizq01OodNodeClosure16.test.ts:106:14)
    async Test.run (node:internal/test_runner/test:1054:7)
    async Test.processPendingSubtests (node:internal/test_runner/test:744:7)
  ...
# Subtest: OOD16 OOD-N01-B08 real choice scoring, accessibility and submitted feedback follow fixed option IDs
not ok 16 - OOD16 OOD-N01-B08 real choice scoring, accessibility and submitted feedback follow fixed option IDs
  ---
  duration_ms: 0.256583
  type: 'test'
  location: '/Users/lukaszkurczab/Desktop/Projects/Patternly/patternly/src/content/bizq01OodNodeClosure16.test.ts:2:6666'
  failureType: 'testCodeFailure'
  error: 'current artifact contains ood-n01-b08-i018'
  code: 'ERR_ASSERTION'
  name: 'AssertionError'
  expected: true
  operator: '=='
  stack: |-
    TestContext.<anonymous> (/Users/lukaszkurczab/Desktop/Projects/Patternly/patternly/src/content/bizq01OodNodeClosure16.test.ts:117:14)
    async Test.run (node:internal/test_runner/test:1054:7)
    async Test.processPendingSubtests (node:internal/test_runner/test:744:7)
  ...
# Subtest: OOD16 all three actual canonical mode pools contain the full current 136-question node
not ok 17 - OOD16 all three actual canonical mode pools contain the full current 136-question node
  ---
  duration_ms: 0.374333
  type: 'test'
  location: '/Users/lukaszkurczab/Desktop/Projects/Patternly/patternly/src/content/bizq01OodNodeClosure16.test.ts:2:11057'
  failureType: 'testCodeFailure'
  error: 'design-interview-learn-framework contains ood-n01-b02-i018'
  code: 'ERR_ASSERTION'
  name: 'AssertionError'
  expected: true
  actual: false
  operator: '=='
  stack: |-
    TestContext.<anonymous> (/Users/lukaszkurczab/Desktop/Projects/Patternly/patternly/src/content/bizq01OodNodeClosure16.test.ts:190:83)
    async Test.run (node:internal/test_runner/test:1054:7)
    async Test.processPendingSubtests (node:internal/test_runner/test:744:7)
  ...
1..17
# tests 17
# suites 0
# pass 2
# fail 15
# cancelled 0
# skipped 0
# todo 0
# duration_ms 830.41625
