Running on iPhone 17 - iOS 26.4 - 7F315654-3175-4F3C-BB24-B0263F59360C
 > Flow BIZQ-02 minutes09 inspect existing plan entry
Tap on id: main-tab-bar-progress... COMPLETED
Assert that id: patternly:progress:root is visible... FAILED

Assertion is false: id: patternly:progress:root is visible

Assertion 'id: patternly:progress:root is visible' failed. Check the UI hierarchy in debug artifacts to verify the element state and properties.

Possible causes:
- Element selector may be incorrect - check if there are similar elements with slightly different names/properties.
- Element may be temporarily unavailable due to loading state
- This could be a real regression that needs to be addressed

==== Debug output (logs & screenshots) ====

/private/tmp/patternly-bizq02-native09-progress/2026-10-03_072513
╭────────────────────────────────────────────────────────────────────────────────────────────────╮
│                                                                                                │
│   Debug tests faster by easy access to test recordings, maestro logs, screenshots, and more.   │
│                                                                                                │
│   Run your flows on Maestro Cloud:                                                             │
│   maestro cloud app_file flows_folder/                                                         │
│                                                                                                │
╰────────────────────────────────────────────────────────────────────────────────────────────────╯

