TAP version 13
# Subtest: actual Home command rejects profile changes after Activity reads and before publication, including A/B/A
    # Subtest: same profile publishes actual persisted answers
    ok 1 - same profile publishes actual persisted answers
      ---
      duration_ms: 40.532708
      type: 'test'
      ...
    # Subtest: same-profile attempt committed after parallel reads rejects stale HomeShell publication
    ok 2 - same-profile attempt committed after parallel reads rejects stale HomeShell publication
      ---
      duration_ms: 19.085875
      type: 'test'
      ...
    # Subtest: same-profile attempt committed after the final dashboard await rejects publication
    ok 3 - same-profile attempt committed after the final dashboard await rejects publication
      ---
      duration_ms: 14.03075
      type: 'test'
      ...
    # Subtest: A→B after Activity read rejects publication
    ok 4 - A→B after Activity read rejects publication
      ---
      duration_ms: 8.993292
      type: 'test'
      ...
    # Subtest: A→B→A after Activity read rejects publication
    ok 5 - A→B→A after Activity read rejects publication
      ---
      duration_ms: 9.880459
      type: 'test'
      ...
    # Subtest: active transition at entry prevents reads and publication
    ok 6 - active transition at entry prevents reads and publication
      ---
      duration_ms: 5.1295
      type: 'test'
      ...
    # Subtest: transition starts during the last read and prevents publication
    ok 7 - transition starts during the last read and prevents publication
      ---
      duration_ms: 10.170458
      type: 'test'
      ...
    1..7
ok 1 - actual Home command rejects profile changes after Activity reads and before publication, including A/B/A
  ---
  duration_ms: 430.227084
  type: 'test'
  ...
# Subtest: Home fence rejects persisted goal and accepted-plan changes
ok 2 - Home fence rejects persisted goal and accepted-plan changes
  ---
  duration_ms: 16.642875
  type: 'test'
  ...
# Subtest: Home fence rejects persisted review and attempt additions
ok 3 - Home fence rejects persisted review and attempt additions
  ---
  duration_ms: 1.302459
  type: 'test'
  ...
# Subtest: Home fence rejects terminal, active, and result-only session evidence writes
ok 4 - Home fence rejects terminal, active, and result-only session evidence writes
  ---
  duration_ms: 2.415209
  type: 'test'
  ...
# Subtest: Home fence observes selected-track changes, including from a null-track snapshot
ok 5 - Home fence observes selected-track changes, including from a null-track snapshot
  ---
  duration_ms: 0.407625
  type: 'test'
  ...
# Subtest: Home fence preserves onboarding fallback and ignores unrelated reminder settings
ok 6 - Home fence preserves onboarding fallback and ignores unrelated reminder settings
  ---
  duration_ms: 0.72375
  type: 'test'
  ...
# Subtest: Home fence fails closed for active journals and corrupt canonical session indexes
ok 7 - Home fence fails closed for active journals and corrupt canonical session indexes
  ---
  duration_ms: 4.498542
  type: 'test'
  ...
1..7
# tests 14
# suites 0
# pass 14
# fail 0
# cancelled 0
# skipped 0
# todo 0
# duration_ms 1102.764666
