TAP version 13
# Subtest: guest-merge materialization accepts its timestamp-free contract only when active track is unambiguous
ok 1 - guest-merge materialization accepts its timestamp-free contract only when active track is unambiguous
  ---
  duration_ms: 1.448417
  type: 'test'
  ...
# Subtest: Activity read model keeps terminal history semantics and includes completed sessions without answers
ok 2 - Activity read model keeps terminal history semantics and includes completed sessions without answers
  ---
  duration_ms: 13.633334
  type: 'test'
  ...
# Subtest: Activity read model surfaces a corrupt canonical result instead of presenting an empty history
ok 3 - Activity read model surfaces a corrupt canonical result instead of presenting an empty history
  ---
  duration_ms: 0.559625
  type: 'test'
  ...
# Subtest: Activity read model treats repository issues as an explicit storage failure
ok 4 - Activity read model treats repository issues as an explicit storage failure
  ---
  duration_ms: 0.165833
  type: 'test'
  ...
# Subtest: Activity read model reuses the caller's attempts read when supplied
ok 5 - Activity read model reuses the caller's attempts read when supplied
  ---
  duration_ms: 0.244958
  type: 'test'
  ...
# Subtest: Activity full history keeps unavailable sessions as immutable summaries
ok 6 - Activity full history keeps unavailable sessions as immutable summaries
  ---
  duration_ms: 4.299833
  type: 'test'
  ...
# Subtest: Activity read owner invalidates late focus reads and lets the newest retry win
ok 7 - Activity read owner invalidates late focus reads and lets the newest retry win
  ---
  duration_ms: 0.292084
  type: 'test'
  ...
# Subtest: Activity read owner keeps current read failures explicit
ok 8 - Activity read owner keeps current read failures explicit
  ---
  duration_ms: 0.153375
  type: 'test'
  ...
# Subtest: home snapshot resolves canonical track metadata
ok 9 - home snapshot resolves canonical track metadata
  ---
  duration_ms: 379.013708
  type: 'test'
  ...
# Subtest: canonical repository bootstrap requires an already active storage scope
ok 10 - canonical repository bootstrap requires an already active storage scope
  ---
  duration_ms: 1.687084
  type: 'test'
  ...
# Subtest: canonical repositories use individual immutable records and one active session
ok 11 - canonical repositories use individual immutable records and one active session
  ---
  duration_ms: 2.055333
  type: 'test'
  ...
# Subtest: training sessions permit free navigation while rejecting regressing foreground time and missing active records
ok 12 - training sessions permit free navigation while rejecting regressing foreground time and missing active records
  ---
  duration_ms: 1.044875
  type: 'test'
  ...
# Subtest: active sessions persist only preallocated conditional reinsert resolutions
ok 13 - active sessions persist only preallocated conditional reinsert resolutions
  ---
  duration_ms: 3.011959
  type: 'test'
  ...
# Subtest: terminal sessions are immutable except for identical recovery replay
ok 14 - terminal sessions are immutable except for identical recovery replay
  ---
  duration_ms: 0.649958
  type: 'test'
  ...
# Subtest: strict guards accept resolved identities and reject mismatches, tombstones, and legacy identity fields
ok 15 - strict guards accept resolved identities and reject mismatches, tombstones, and legacy identity fields
  ---
  duration_ms: 0.400916
  type: 'test'
  ...
# Subtest: strict session reads reject a legacy-shaped stored record without inference
ok 16 - strict session reads reject a legacy-shaped stored record without inference
  ---
  duration_ms: 0.213334
  type: 'test'
  ...
# Subtest: canonical repository bootstrap reports the exact six steps in order
ok 17 - canonical repository bootstrap reports the exact six steps in order
  ---
  duration_ms: 0.607125
  type: 'test'
  ...
# Subtest: canonical repository bootstrap isolates a throwing step observer without wrapping failures
ok 18 - canonical repository bootstrap isolates a throwing step observer without wrapping failures
  ---
  duration_ms: 0.216625
  type: 'test'
  ...
# Subtest: goal snapshots expose canonical revisions and CAS advances them
ok 19 - goal snapshots expose canonical revisions and CAS advances them
  ---
  duration_ms: 11.798875
  type: 'test'
  ...
# Subtest: goal snapshot CAS rejects stale create and update without changing durable data
ok 20 - goal snapshot CAS rejects stale create and update without changing durable data
  ---
  duration_ms: 0.790917
  type: 'test'
  ...
# Subtest: legacy goal access stays compatible and snapshot writes keep goal validation
ok 21 - legacy goal access stays compatible and snapshot writes keep goal validation
  ---
  duration_ms: 0.256625
  type: 'test'
  ...
# Subtest: goal snapshot CAS rejects a reentrant create for the same canonical key
ok 22 - goal snapshot CAS rejects a reentrant create for the same canonical key
  ---
  duration_ms: 0.315583
  type: 'test'
  ...
# Subtest: persistent plan read returns its canonical envelope revision
ok 23 - persistent plan read returns its canonical envelope revision
  ---
  duration_ms: 27.354917
  type: 'test'
  ...
# Subtest: dual-key CAS rejects stale goal and plan revisions and accepts one idempotent command retry
ok 24 - dual-key CAS rejects stale goal and plan revisions and accepts one idempotent command retry
  ---
  duration_ms: 2.946834
  type: 'test'
  ...
# Subtest: compound lock sorts and deduplicates keys and rejects reentrant acquisition
ok 25 - compound lock sorts and deduplicates keys and rejects reentrant acquisition
  ---
  duration_ms: 0.348042
  type: 'test'
  ...
# Subtest: write uncertainty can be retried by command id, while a failure before persistence is not a false success
ok 26 - write uncertainty can be retried by command id, while a failure before persistence is not a false success
  ---
  duration_ms: 0.73725
  type: 'test'
  ...
1..26
# tests 26
# suites 0
# pass 26
# fail 0
# cancelled 0
# skipped 0
# todo 0
# duration_ms 989.093083
