✔ ODK-097 Design Tradeoff sessions use the exact free node and unique 10/20/40 items (461.055083ms)
✔ ODK-097 Design Review is due-only, truthfully shortens, and fails closed without eligible evidence (23.403125ms)
✔ ODK-097 Review evidence rejects stale, wrong-artifact, and cross-track entries (0.911542ms)
✔ ODK-097 Coding due entries remain identity-scoped without consuming historical misses (3.986833ms)
✔ OOD19 frozen bindings cover all nine reviewed 18-item payloads (4.632458ms)
✔ OOD19 preserves all 136 accepted N01 and 152 accepted N02 source and runtime objects (759.521542ms)
✔ OOD19 OOD-N03-B01 source and runtime match frozen payload; predecessors are retired (1.238ms)
✔ OOD19 OOD-N03-B01 real scoring, reversed-option invariance and learner feedback use stable IDs (2.314458ms)
✔ OOD19 OOD-N03-B02 source and runtime match frozen payload; predecessors are retired (1.057084ms)
✔ OOD19 OOD-N03-B02 real scoring, reversed-option invariance and learner feedback use stable IDs (1.336417ms)
✔ OOD19 OOD-N03-B03 source and runtime match frozen payload; predecessors are retired (0.7935ms)
✔ OOD19 OOD-N03-B03 real scoring, reversed-option invariance and learner feedback use stable IDs (0.937375ms)
✔ OOD19 OOD-N03-B04 source and runtime match frozen payload; predecessors are retired (0.878125ms)
✔ OOD19 OOD-N03-B04 real scoring, reversed-option invariance and learner feedback use stable IDs (0.943708ms)
✔ OOD19 OOD-N03-B05 source and runtime match frozen payload; predecessors are retired (0.7825ms)
✔ OOD19 OOD-N03-B05 real scoring, reversed-option invariance and learner feedback use stable IDs (0.869959ms)
✔ OOD19 OOD-N03-B06 source and runtime match frozen payload; predecessors are retired (0.745792ms)
✔ OOD19 OOD-N03-B06 real scoring, reversed-option invariance and learner feedback use stable IDs (0.790875ms)
✔ OOD19 OOD-N03-B07 source and runtime match frozen payload; predecessors are retired (0.753583ms)
✔ OOD19 OOD-N03-B07 real scoring, reversed-option invariance and learner feedback use stable IDs (0.750833ms)
✔ OOD19 OOD-N03-B08 source and runtime match frozen payload; predecessors are retired (0.651084ms)
✔ OOD19 OOD-N03-B08 real scoring, reversed-option invariance and learner feedback use stable IDs (0.772625ms)
✔ OOD19 OOD-N03-B09 source and runtime match frozen payload; predecessors are retired (0.572958ms)
✔ OOD19 OOD-N03-B09 real scoring, reversed-option invariance and learner feedback use stable IDs (0.624375ms)
✔ OOD19 leaves three ordinary N01 pools at 136 and does not grant N03 eligibility (1.939167ms)
✔ OOD20 frozen bindings cover the nine reviewed N04 payloads and exact identity map (8.591041ms)
✔ OOD20 OOD-N04-B01 source and loaded runtime match the fixed payload and retired identities (729.017292ms)
✔ OOD20 OOD-N04-B02 source and loaded runtime match the fixed payload and retired identities (1.017542ms)
✔ OOD20 OOD-N04-B03 source and loaded runtime match the fixed payload and retired identities (0.699625ms)
✔ OOD20 OOD-N04-B04 source and loaded runtime match the fixed payload and retired identities (0.674917ms)
✔ OOD20 OOD-N04-B05 source and loaded runtime match the fixed payload and retired identities (0.91825ms)
✔ OOD20 OOD-N04-B06 source and loaded runtime match the fixed payload and retired identities (0.75425ms)
✔ OOD20 OOD-N04-B07 source and loaded runtime match the fixed payload and retired identities (0.727ms)
✔ OOD20 OOD-N04-B08 source and loaded runtime match the fixed payload and retired identities (9.086708ms)
✔ OOD20 OOD-N04-B09 source and loaded runtime match the fixed payload and retired identities (1.065333ms)
✔ OOD20 OOD-N04-B01 scoring, option order, feedback and pre-answer presentation use stable IDs (2.562834ms)
✔ OOD20 OOD-N04-B02 scoring, option order, feedback and pre-answer presentation use stable IDs (1.579625ms)
✔ OOD20 OOD-N04-B03 scoring, option order, feedback and pre-answer presentation use stable IDs (1.474292ms)
✔ OOD20 OOD-N04-B04 scoring, option order, feedback and pre-answer presentation use stable IDs (1.17425ms)
✔ OOD20 OOD-N04-B05 scoring, option order, feedback and pre-answer presentation use stable IDs (1.598167ms)
✔ OOD20 OOD-N04-B06 scoring, option order, feedback and pre-answer presentation use stable IDs (1.362459ms)
✔ OOD20 OOD-N04-B07 scoring, option order, feedback and pre-answer presentation use stable IDs (2.151625ms)
✔ OOD20 OOD-N04-B08 scoring, option order, feedback and pre-answer presentation use stable IDs (1.304667ms)
✔ OOD20 OOD-N04-B09 scoring, option order, feedback and pre-answer presentation use stable IDs (1.203959ms)
✔ OOD20 leaves accepted node counts and the three ordinary N01 pools unchanged (2.9635ms)
✔ OOD19a applies exactly 25 Reason-only changes over immutable v19 payloads (856.16725ms)
✔ ProductModeConfig preserves the complete available 9-track mode matrix (1.169459ms)
✔ ODK-097 app Design modes stay in parity with the current producer profiles (0.548291ms)
✔ mode policies preserve feedback, elapsed timer, reinsert and evidence behavior (0.15325ms)
✔ selection pools are non-empty, local, and large enough for every requested length (94.045167ms)
✔ simulation mode is bound to the exact GCP profile, family, and mode (1.327459ms)
✔ Coding Mock product mode binds only its declared Coding Interview profile (0.382833ms)
✔ GCP Diagnostic preserves the verified exact ordered 40-question plan (0.337375ms)
✔ declared but uninstalled modes fail closed with a stable unavailable error (0.254875ms)
✔ validated production configuration is recursively immutable (0.097792ms)
✔ validator rejects duplicate, missing, additional, and non-canonical config shapes (0.753541ms)
✔ validator rejects foreign identities, empty pools, bad lengths, and policy mismatches (1.148083ms)
✔ validator rejects foreign questions, Diagnostic reordering, bad evidence and unsupported interactions (677.433958ms)
✔ validator rejects missing, duplicate, empty and foreign canonical artifacts (4251.674083ms)
✔ canonical runtime catalog exposes all locked tracks, modes, pools, and exact artifact identities (717.780333ms)
✔ injected loader failures are visible and do not poison the active cache (78.730917ms)
✔ canonical runtime catalog hashes artifacts sequentially and preserves artifact order (407.507916ms)
✔ public owner retries after a failed cached load and then preserves cache identity (2835.614041ms)
✔ canonical runtime catalog caches only a validated active catalog (0.128ms)
✔ runtime admission resolves the exact candidate lock for every canonical launch track (811.289083ms)
ℹ tests 65
ℹ suites 0
ℹ pass 65
ℹ fail 0
ℹ cancelled 0
ℹ skipped 0
ℹ todo 0
ℹ duration_ms 5759.115958
