TAP version 13
# Subtest: CH-01 QA actual CLI review writes canonical JSON and a fresh CLI process reopens it
ok 1 - CH-01 QA actual CLI review writes canonical JSON and a fresh CLI process reopens it
  ---
  duration_ms: 2247.282834
  type: 'test'
  ...
# Subtest: CH-01 QA cross-process writer through a directory symlink cannot bypass the live store lock
ok 2 - CH-01 QA cross-process writer through a directory symlink cannot bypass the live store lock
  ---
  duration_ms: 3786.763667
  type: 'test'
  ...
# Subtest: CH-01 QA concurrent public HTTP reviews preserve every distinct committed identity
ok 3 - CH-01 QA concurrent public HTTP reviews preserve every distinct committed identity
  ---
  duration_ms: 2733.12225
  type: 'test'
  ...
# Subtest: BIZQ-01 cohort14 preserves source01 as the exact accepted predecessor
ok 4 - BIZQ-01 cohort14 preserves source01 as the exact accepted predecessor
  ---
  duration_ms: 20.42875
  type: 'test'
  ...
# Subtest: BIZQ-01 preserves both accepted source01 objects and their scored, built, and projected behavior
ok 5 - BIZQ-01 preserves both accepted source01 objects and their scored, built, and projected behavior
  ---
  duration_ms: 1933.696417
  type: 'test'
  ...
# Subtest: BIZQ-01 changed items keep concrete learner constraints and one scoreable authored answer
ok 6 - BIZQ-01 changed items keep concrete learner constraints and one scoreable authored answer
  ---
  duration_ms: 2.799917
  type: 'test'
  ...
# Subtest: BIZQ-01 canonical builder carries the exact cohort and new content identity
ok 7 - BIZQ-01 canonical builder carries the exact cohort and new content identity
  ---
  duration_ms: 567.573166
  type: 'test'
  ...
# Subtest: BIZQ-01 advisory console distinguishes corrected cohort from remaining warnings
ok 8 - BIZQ-01 advisory console distinguishes corrected cohort from remaining warnings
  ---
  duration_ms: 2303.735791
  type: 'test'
  ...
# Subtest: review console surfaces a remaining BESD constraint disclosure without recording an outcome
ok 9 - review console surfaces a remaining BESD constraint disclosure without recording an outcome
  ---
  duration_ms: 1632.243291
  type: 'test'
  ...
# Subtest: constraint warning is advisory across interactions and does not flag ordinary worked examples or feedback
ok 10 - constraint warning is advisory across interactions and does not flag ordinary worked examples or feedback
  ---
  duration_ms: 2576.269375
  type: 'test'
  ...
# Subtest: Q14 flags a valid sole-longest correct choice for human review without changing scoring
ok 11 - Q14 flags a valid sole-longest correct choice for human review without changing scoring
  ---
  duration_ms: 1308.89825
  type: 'test'
  ...
# Subtest: review console exposes exactly nine launch tracks, navigable coverage, and advisory signals
ok 12 - review console exposes exactly nine launch tracks, navigable coverage, and advisory signals
  ---
  duration_ms: 1175.848834
  type: 'test'
  ...
# Subtest: review console records one current explicit outcome and invalidates it when source identity changes
ok 13 - review console records one current explicit outcome and invalidates it when source identity changes
  ---
  duration_ms: 1298.623459
  type: 'test'
  ...
# Subtest: review console serves a local UI and bounded JSON API without fabricating approval
ok 14 - review console serves a local UI and bounded JSON API without fabricating approval
  ---
  duration_ms: 1553.696208
  type: 'test'
  ...
# Subtest: review outcomes serialize stale service snapshots and survive a fresh service instance
ok 15 - review outcomes serialize stale service snapshots and survive a fresh service instance
  ---
  duration_ms: 3766.580167
  type: 'test'
  ...
# Subtest: review-store write and rename failures retain prior bytes and memory state
ok 16 - review-store write and rename failures retain prior bytes and memory state
  ---
  duration_ms: 3013.051208
  type: 'test'
  ...
# Subtest: review batch keeps sequential per-item commit semantics against a concurrent single write
ok 17 - review batch keeps sequential per-item commit semantics against a concurrent single write
  ---
  duration_ms: 3356.8565
  type: 'test'
  ...
# Subtest: review-store lock is cross-process, owner-safe, and never reclaims a stale sidecar automatically
ok 18 - review-store lock is cross-process, owner-safe, and never reclaims a stale sidecar automatically
  ---
  duration_ms: 2298.128333
  type: 'test'
  ...
# Subtest: review-store path aliases share a lock key; hard links and dangling file symlinks fail closed
ok 19 - review-store path aliases share a lock key; hard links and dangling file symlinks fail closed
  ---
  duration_ms: 5119.274916
  type: 'test'
  ...
# Subtest: review store preserves a private mode and never removes another owner's temp or lock file
ok 20 - review store preserves a private mode and never removes another owner's temp or lock file
  ---
  duration_ms: 3725.273709
  type: 'test'
  ...
# Subtest: new review stores use a private mode
ok 21 - new review stores use a private mode
  ---
  duration_ms: 1029.177916
  type: 'test'
  ...
# Subtest: latest malformed review stores reject read-modify-write without changing disk or memory
ok 22 - latest malformed review stores reject read-modify-write without changing disk or memory
  ---
  duration_ms: 11045.257416
  type: 'test'
  ...
# Subtest: post-commit lock-release warnings stay visible through the HTTP API
ok 23 - post-commit lock-release warnings stay visible through the HTTP API
  ---
  duration_ms: 1196.36325
  type: 'test'
  ...
1..23
# tests 23
# suites 0
# pass 23
# fail 0
# cancelled 0
# skipped 0
# todo 0
# duration_ms 44369.902917
