TAP version 13
# Subtest: future exact-package evidence cannot complete proposal while Home rejects the same facts
ok 1 - future exact-package evidence cannot complete proposal while Home rejects the same facts
  ---
  duration_ms: 757.173416
  type: 'test'
  ...
# {"home":"unavailable","reason":"calculation_error","proposal":"generator_error"}
# Subtest: captured instant rejects same-day future answers by one millisecond without silently dropping them
ok 2 - captured instant rejects same-day future answers by one millisecond without silently dropping them
  ---
  duration_ms: 701.77225
  type: 'test'
  ...
# Subtest: past and exactly captured answers remain eligible despite later materialization, duplicates and historical future evidence
ok 3 - past and exactly captured answers remain eligible despite later materialization, duplicates and historical future evidence
  ---
  duration_ms: 659.138917
  type: 'test'
  ...
# Subtest: absent production rule does not hide future exact-package facts as unknown
ok 4 - absent production rule does not hide future exact-package facts as unknown
  ---
  duration_ms: 278.86075
  type: 'test'
  ...
# Subtest: clock rollback blocks real proposal resolve and acceptance before goal-plan CAS or reminders
ok 5 - clock rollback blocks real proposal resolve and acceptance before goal-plan CAS or reminders
  ---
  duration_ms: 674.238667
  type: 'test'
  ...
1..5
# tests 5
# suites 0
# pass 5
# fail 0
# cancelled 0
# skipped 0
# todo 0
# duration_ms 3530.7515
