TAP version 13
# Subtest: future exact-package evidence cannot complete proposal while Home rejects the same facts
not ok 1 - future exact-package evidence cannot complete proposal while Home rejects the same facts
  ---
  duration_ms: 744.773958
  type: 'test'
  location: '/Users/lukaszkurczab/Desktop/Projects/Patternly/patternly/src/application/learningPlan/learningPlanProjectionIntegration.test.mjs:287:1'
  failureType: 'testCodeFailure'
  error: |-
    Expected values to be strictly deep-equal:
    + actual - expected

      {
    +   kind: 'ready',
    +   proposal: {
    +     outcome: {
    +       completionState: {
    +         kind: 'completed',
    +         qualifyingAttemptCount: 20,
    +         quality: 1,
    +         rollingWindowSize: 10
    +       },
    +       goal: {
    +         goalType: 'prepare_for_a_certification',
    +         preferredDays: [
    +           'mon',
    +           'wed',
    +           'sat'
    +         ],
    +         status: 'active',
    +         targetDate: '2026-11-30',
    +         trackId: 'aws-certified-solutions-architect-associate',
    +         weeklySessionTarget: 3
    +       },
    +       identity: {
    +         artifactSha256: '7a652bb21af5e73c29a0397e6067cd8d22b9ba76fea83c49ba6b78dd99654846',
    +         contentVersion: 'aws-certified-solutions-architect-associate-authoring-v2026.09.21-odk096',
    +         goalRevision: 1,
    +         timezone: 'Europe/Warsaw',
    +         trackId: 'aws-certified-solutions-architect-associate'
    +       },
    +       kind: 'ready',
    +       materialPriority: {
    +         kind: 'package_primary_scope',
    +         label: 'Aws secure architecture foundations'
    +       },
    +       primaryModeId: 'certification-focus-practice',
    +       requestedLength: 10,
    +       sessionCapacity: {
    +         actualLength: 10,
    +         kind: 'exact'
    +       },
    +       slots: [
    +         {
    +           day: 'mon',
    +           localTime: '18:00',
    +           sessionLength: 10,
    +           slotId: 'proposal-slot:v1:mon:18-00'
    +         },
    +         {
    +           day: 'wed',
    +           localTime: '18:00',
    +           sessionLength: 10,
    +           slotId: 'proposal-slot:v1:wed:18-00'
    +         },
    +         {
    +           day: 'sat',
    +           localTime: '18:00',
    +           sessionLength: 10,
    +           slotId: 'proposal-slot:v1:sat:18-00'
    +         }
    +       ],
    +       targetAssessment: {
    +         actualLength: 10,
    +         kind: 'achievable',
    +         occurrences: 25,
    +         remainingAttempts: 0
    +       }
    +     },
    +     proposalId: 'shared-projection:1',
    +     trackId: 'aws-certified-solutions-architect-associate'
    +   }
    -   classification: 'retryable',
    -   kind: 'generator_error'
      }

  code: 'ERR_ASSERTION'
  name: 'AssertionError'
  expected:
    kind: 'generator_error'
    classification: 'retryable'
  actual:
    kind: 'ready'
    proposal:
      proposalId: 'shared-projection:1'
      trackId: 'aws-certified-solutions-architect-associate'
      outcome:
        kind: 'ready'
        identity:
          trackId: 'aws-certified-solutions-architect-associate'
          goalRevision: 1
          contentVersion: 'aws-certified-solutions-architect-associate-authoring-v2026.09.21-odk096'
          artifactSha256: '7a652bb21af5e73c29a0397e6067cd8d22b9ba76fea83c49ba6b78dd99654846'
          timezone: 'Europe/Warsaw'
        goal:
          goalType: 'prepare_for_a_certification'
          preferredDays:
            0: 'mon'
            1: 'wed'
            2: 'sat'
          status: 'active'
          trackId: 'aws-certified-solutions-architect-associate'
          weeklySessionTarget: 3
          targetDate: '2026-11-30'
        primaryModeId: 'certification-focus-practice'
        requestedLength: 10
        sessionCapacity:
          kind: 'exact'
          actualLength: 10
        completionState:
          kind: 'completed'
          qualifyingAttemptCount: 20
          rollingWindowSize: 10
          quality: 1
        materialPriority:
          kind: 'package_primary_scope'
          label: 'Aws secure architecture foundations'
        targetAssessment:
          kind: 'achievable'
          occurrences: 25
          actualLength: 10
          remainingAttempts: 0
        slots:
          0:
            slotId: 'proposal-slot:v1:mon:18-00'
            day: 'mon'
            localTime: '18:00'
            sessionLength: 10
          1:
            slotId: 'proposal-slot:v1:wed:18-00'
            day: 'wed'
            localTime: '18:00'
            sessionLength: 10
          2:
            slotId: 'proposal-slot:v1:sat:18-00'
            day: 'sat'
            localTime: '18:00'
            sessionLength: 10
  operator: 'deepStrictEqual'
  stack: |-
    TestContext.<anonymous> (/Users/lukaszkurczab/Desktop/Projects/Patternly/patternly/src/application/learningPlan/learningPlanProjectionIntegration.test.mjs:299:10)
    async Test.run (node:internal/test_runner/test:1054:7)
    async startSubtestAfterBootstrap (node:internal/test_runner/harness:296:3)
  ...
# {"home":"unavailable","reason":"calculation_error","proposal":"ready","completion":"completed"}
1..1
# tests 1
# suites 0
# pass 0
# fail 1
# cancelled 0
# skipped 0
# todo 0
# duration_ms 1235.241667
