TAP version 13
# Subtest: home snapshot resolves canonical track metadata
ok 1 - home snapshot resolves canonical track metadata
  ---
  duration_ms: 697.204417
  type: 'test'
  ...
# Subtest: actual canonical proposal plus repositories: attempts arriving after async resolve cannot persist
ok 2 - actual canonical proposal plus repositories: attempts arriving after async resolve cannot persist
  ---
  duration_ms: 660.034458
  type: 'test'
  ...
# Subtest: calendar changing during plan construction is checked immediately before CAS
ok 3 - calendar changing during plan construction is checked immediately before CAS
  ---
  duration_ms: 11.766125
  type: 'test'
  ...
# Subtest: accepted-plan replacement after proposal creation cannot be overwritten
ok 4 - accepted-plan replacement after proposal creation cannot be overwritten
  ---
  duration_ms: 9.686334
  type: 'test'
  ...
# Subtest: evidence and calendar changes invalidate a proposal editor without writing
ok 5 - evidence and calendar changes invalidate a proposal editor without writing
  ---
  duration_ms: 4.372542
  type: 'test'
  ...
# Subtest: same-scope uncertain accept acknowledges exact durable command even with active journal, without another write
ok 6 - same-scope uncertain accept acknowledges exact durable command even with active journal, without another write
  ---
  duration_ms: 3.369583
  type: 'test'
  ...
# Subtest: same-scope uncertain editor acknowledgement does not re-run the write or proposal freshness
ok 7 - same-scope uncertain editor acknowledgement does not re-run the write or proposal freshness
  ---
  duration_ms: 7.026583
  type: 'test'
  ...
# Subtest: uncertain accepted result and editors do not leak into a replacement storage scope
ok 8 - uncertain accepted result and editors do not leak into a replacement storage scope
  ---
  duration_ms: 7.239042
  type: 'test'
  ...
# Subtest: actual profile router A/B/A republishes a new lease; old editor, in-flight and terminal result remain stale
ok 9 - actual profile router A/B/A republishes a new lease; old editor, in-flight and terminal result remain stale
  ---
  duration_ms: 6.335167
  type: 'test'
  ...
# Subtest: replay of a terminal acceptance after a later edit cannot reconcile old reminders
ok 10 - replay of a terminal acceptance after a later edit cannot reconcile old reminders
  ---
  duration_ms: 4.85
  type: 'test'
  ...
# Subtest: goal changes after uncertain durable writes cannot acknowledge a stale pair or reconcile reminders
    # Subtest: accept
    ok 1 - accept
      ---
      duration_ms: 2.459334
      type: 'test'
      ...
    # Subtest: editor
    ok 2 - editor
      ---
      duration_ms: 12.805
      type: 'test'
      ...
    1..2
ok 11 - goal changes after uncertain durable writes cannot acknowledge a stale pair or reconcile reminders
  ---
  duration_ms: 15.564333
  type: 'test'
  ...
# Subtest: uncertain editor retry rechecks goal synchronously after its async read
ok 12 - uncertain editor retry rechecks goal synchronously after its async read
  ---
  duration_ms: 2.664917
  type: 'test'
  ...
# Subtest: proposal editor preserves retained slot IDs, drops removed IDs, sorts days, and saves revision one
ok 13 - proposal editor preserves retained slot IDs, drops removed IDs, sorts days, and saves revision one
  ---
  duration_ms: 46.767667
  type: 'test'
  ...
# Subtest: accepted plan edit explicitly reads a snapshot, increments plan revision, and stale sessions do not commit
ok 14 - accepted plan edit explicitly reads a snapshot, increments plan revision, and stale sessions do not commit
  ---
  duration_ms: 1.387083
  type: 'test'
  ...
# Subtest: direct accept and proposal editor share plan CAS and retry after idempotent success
ok 15 - direct accept and proposal editor share plan CAS and retry after idempotent success
  ---
  duration_ms: 0.538709
  type: 'test'
  ...
# Subtest: parallel proposal acceptance shares one promise and one durable save
ok 16 - parallel proposal acceptance shares one promise and one durable save
  ---
  duration_ms: 0.383166
  type: 'test'
  ...
# Subtest: parallel acceptance for one proposal across tracks never shares the in-flight success
ok 17 - parallel acceptance for one proposal across tracks never shares the in-flight success
  ---
  duration_ms: 0.378583
  type: 'test'
  ...
# Subtest: accepted result cache is scoped by proposal and track identity
ok 18 - accepted result cache is scoped by proposal and track identity
  ---
  duration_ms: 0.346917
  type: 'test'
  ...
# Subtest: pending acceptance retry is scoped by proposal and track identity
ok 19 - pending acceptance retry is scoped by proposal and track identity
  ---
  duration_ms: 0.392042
  type: 'test'
  ...
# Subtest: storage uncertainty keeps the editor session and retries through durable command reconciliation
ok 20 - storage uncertainty keeps the editor session and retries through durable command reconciliation
  ---
  duration_ms: 0.464916
  type: 'test'
  ...
# Subtest: accepted-plan retry reconciles its durable command before checking refreshed content context
ok 21 - accepted-plan retry reconciles its durable command before checking refreshed content context
  ---
  duration_ms: 0.962291
  type: 'test'
  ...
# Subtest: a replacement proposal keeps plan identity and increments plan revision
ok 22 - a replacement proposal keeps plan identity and increments plan revision
  ---
  duration_ms: 0.903083
  type: 'test'
  ...
# Subtest: a target-date replacement remains explicit and atomically updates the accepted plan identity
ok 23 - a target-date replacement remains explicit and atomically updates the accepted plan identity
  ---
  duration_ms: 0.650291
  type: 'test'
  ...
# Subtest: accepted plan freshness checks content version, artifact SHA, and timezone
ok 24 - accepted plan freshness checks content version, artifact SHA, and timezone
  ---
  duration_ms: 0.233125
  type: 'test'
  ...
# Subtest: proposal creation rejects a local-day change during package resolution
ok 25 - proposal creation rejects a local-day change during package resolution
  ---
  duration_ms: 627.26325
  type: 'test'
  ...
# Subtest: proposal resolution rejects a timezone change during package resolution
ok 26 - proposal resolution rejects a timezone change during package resolution
  ---
  duration_ms: 12.462042
  type: 'test'
  ...
# Subtest: unchanged persisted GCP inputs stay ready through the synchronous commit guard
ok 27 - unchanged persisted GCP inputs stay ready through the synchronous commit guard
  ---
  duration_ms: 3.798625
  type: 'test'
  ...
# Subtest: a newly persisted exact-package attempt stales the proposal; immutable replay adds no evidence
ok 28 - a newly persisted exact-package attempt stales the proposal; immutable replay adds no evidence
  ---
  duration_ms: 7.1405
  type: 'test'
  ...
# Subtest: a persisted review becoming due within the same local day stales its proposal
ok 29 - a persisted review becoming due within the same local day stales its proposal
  ---
  duration_ms: 10.699958
  type: 'test'
  ...
# Subtest: a persisted goal revision change stales its proposal
ok 30 - a persisted goal revision change stales its proposal
  ---
  duration_ms: 1.32925
  type: 'test'
  ...
# Subtest: corrupt, dangling, and journaled evidence reads are errors, never empty histories
    # Subtest: corrupt-index
    ok 1 - corrupt-index
      ---
      duration_ms: 0.222334
      type: 'test'
      ...
    # Subtest: dangling-attempt
    ok 2 - dangling-attempt
      ---
      duration_ms: 0.209375
      type: 'test'
      ...
    # Subtest: active-journal
    ok 3 - active-journal
      ---
      duration_ms: 2.773334
      type: 'test'
      ...
    1..3
ok 31 - corrupt, dangling, and journaled evidence reads are errors, never empty histories
  ---
  duration_ms: 3.81625
  type: 'test'
  ...
# Subtest: storage profile replacement during package resolution stales creation
ok 32 - storage profile replacement during package resolution stales creation
  ---
  duration_ms: 0.465667
  type: 'test'
  ...
# Subtest: an injected canonical-package artifact change stales the synchronous guard
ok 33 - an injected canonical-package artifact change stales the synchronous guard
  ---
  duration_ms: 3.150166
  type: 'test'
  ...
# Subtest: exact duplicate evidence preserves order and conflicting duplicate IDs fail closed
ok 34 - exact duplicate evidence preserves order and conflicting duplicate IDs fail closed
  ---
  duration_ms: 2.579834
  type: 'test'
  ...
# Subtest: a repository read failure after package await remains retryable
ok 35 - a repository read failure after package await remains retryable
  ---
  duration_ms: 0.236458
  type: 'test'
  ...
# Subtest: plan accept saves first and returns the synced reminder outcome
ok 36 - plan accept saves first and returns the synced reminder outcome
  ---
  duration_ms: 1.360333
  type: 'test'
  ...
# Subtest: a saved plan remains successful with a durable pending reminder result
ok 37 - a saved plan remains successful with a durable pending reminder result
  ---
  duration_ms: 0.139125
  type: 'test'
  ...
# Subtest: a terminal cleared reminder outcome is not relabeled as pending
ok 38 - a terminal cleared reminder outcome is not relabeled as pending
  ---
  duration_ms: 0.081542
  type: 'test'
  ...
# Subtest: stale acceptance and failed evidence do not reconcile local reminders
ok 39 - stale acceptance and failed evidence do not reconcile local reminders
  ---
  duration_ms: 0.089125
  type: 'test'
  ...
# Subtest: actual canonical producer preserves a versioned completion rule in the hashed artifact
ok 40 - actual canonical producer preserves a versioned completion rule in the hashed artifact
  ---
  duration_ms: 687.979042
  type: 'test'
  ...
# Subtest: Home rejects a goal change during exact package resolution instead of publishing an old generation
ok 41 - Home rejects a goal change during exact package resolution instead of publishing an old generation
  ---
  duration_ms: 400.843084
  type: 'test'
  ...
# Subtest: real producer → verified canonical runtime → persisted evidence → Home and proposal use the same rule
ok 42 - real producer → verified canonical runtime → persisted evidence → Home and proposal use the same rule
  ---
  duration_ms: 809.425708
  type: 'test'
  ...
# Subtest: shared evidence is package-wide across plan revisions, exact by artifact, deduplicated, and partial is not correct
ok 43 - shared evidence is package-wide across plan revisions, exact by artifact, deduplicated, and partial is not correct
  ---
  duration_ms: 742.7695
  type: 'test'
  ...
# Subtest: absent actual policies stay unknown in both actual Home and proposal for all nine current tracks
ok 44 - absent actual policies stay unknown in both actual Home and proposal for all nine current tracks
  ---
  duration_ms: 342.305291
  type: 'test'
  ...
# Subtest: producer and actual consumer reject the same malformed v1 rule vectors and hash binds a valid rule
ok 45 - producer and actual consumer reject the same malformed v1 rule vectors and hash binds a valid rule
  ---
  duration_ms: 379.555375
  type: 'test'
  ...
# Subtest: Home rejects evidence changes and journal failure inside exact resolution
ok 46 - Home rejects evidence changes and journal failure inside exact resolution
  ---
  duration_ms: 843.329125
  type: 'test'
  ...
# Subtest: matching-package phantom question IDs fail instead of contributing fabricated progress
ok 47 - matching-package phantom question IDs fail instead of contributing fabricated progress
  ---
  duration_ms: 734.427875
  type: 'test'
  ...
# Subtest: actual profile router A/B/A rejects old Home snapshot even when account A learning data is unchanged
ok 48 - actual profile router A/B/A rejects old Home snapshot even when account A learning data is unchanged
  ---
  duration_ms: 779.311375
  type: 'test'
  ...
# Subtest: actual persisted reviews share exact qualification and due cutoff; phantom matching review fails closed
ok 49 - actual persisted reviews share exact qualification and due cutoff; phantom matching review fails closed
  ---
  duration_ms: 705.1645
  type: 'test'
  ...
# Subtest: future exact-package evidence cannot complete proposal while Home rejects the same facts
ok 50 - future exact-package evidence cannot complete proposal while Home rejects the same facts
  ---
  duration_ms: 732.593584
  type: 'test'
  ...
# {"home":"unavailable","reason":"calculation_error","proposal":"generator_error"}
# Subtest: captured instant rejects same-day future answers by one millisecond without silently dropping them
ok 51 - captured instant rejects same-day future answers by one millisecond without silently dropping them
  ---
  duration_ms: 681.598833
  type: 'test'
  ...
# Subtest: past and exactly captured answers remain eligible despite later materialization, duplicates and historical future evidence
ok 52 - past and exactly captured answers remain eligible despite later materialization, duplicates and historical future evidence
  ---
  duration_ms: 724.734833
  type: 'test'
  ...
# Subtest: absent production rule does not hide future exact-package facts as unknown
ok 53 - absent production rule does not hide future exact-package facts as unknown
  ---
  duration_ms: 4.09275
  type: 'test'
  ...
# Subtest: clock rollback blocks real proposal resolve and acceptance before goal-plan CAS or reminders
ok 54 - clock rollback blocks real proposal resolve and acceptance before goal-plan CAS or reminders
  ---
  duration_ms: 671.744
  type: 'test'
  ...
# Subtest: current producer rebuild preserves all nine rule-free artifact bytes and exact app lock
ok 55 - current producer rebuild preserves all nine rule-free artifact bytes and exact app lock
  ---
  duration_ms: 1709.827542
  type: 'test'
  ...
# Subtest: P05 persisted 25 attempts / 5 correct in latest 10 cannot predict completion today
ok 56 - P05 persisted 25 attempts / 5 correct in latest 10 cannot predict completion today
  ---
  duration_ms: 611.953666
  type: 'test'
  ...
# Subtest: P05 evaluator result cannot become an achievable target merely because volume is met
ok 57 - P05 evaluator result cannot become an achievable target merely because volume is met
  ---
  duration_ms: 5.515708
  type: 'test'
  ...
# Subtest: P05 evaluator, proposal copy and canonical guidance presentation agree in all seven locales
ok 58 - P05 evaluator, proposal copy and canonical guidance presentation agree in all seven locales
  ---
  duration_ms: 15.013875
  type: 'test'
  ...
# Subtest: missing actual rule stays unknown before quality guard even when there are many persisted attempts
ok 59 - missing actual rule stays unknown before quality guard even when there are many persisted attempts
  ---
  duration_ms: 4.327708
  type: 'test'
  ...
# Subtest: minimum exactly met still needs quality, while own pace and shortfall keep their target semantics
ok 60 - minimum exactly met still needs quality, while own pace and shortfall keep their target semantics
  ---
  duration_ms: 2.79225
  type: 'test'
  ...
# Subtest: current completed window permits zero-work; later incorrect durable attempts restore the quality limit
ok 61 - current completed window permits zero-work; later incorrect durable attempts restore the quality limit
  ---
  duration_ms: 10.267167
  type: 'test'
  ...
# Subtest: Free and unavailable Coding Mock access fail before package resolution, preparation, or mutation
ok 62 - Free and unavailable Coding Mock access fail before package resolution, preparation, or mutation
  ---
  duration_ms: 430.188041
  type: 'test'
  ...
# Subtest: Premium Coding Mock starts the exact 40-item product mode and immutable profile identity
ok 63 - Premium Coding Mock starts the exact 40-item product mode and immutable profile identity
  ---
  duration_ms: 1.237833
  type: 'test'
  ...
# Subtest: Coding Mock resume, draft save, and finalization each authorize once before one exact resolution
ok 64 - Coding Mock resume, draft save, and finalization each authorize once before one exact resolution
  ---
  duration_ms: 1.733375
  type: 'test'
  ...
# Subtest: expired Coding Mock draft-save boundary aborts before package resolution or draft persistence
ok 65 - expired Coding Mock draft-save boundary aborts before package resolution or draft persistence
  ---
  duration_ms: 0.412042
  type: 'test'
  ...
# Subtest: active Coding Mock reauthorizes before exact resolution and resume validation
ok 66 - active Coding Mock reauthorizes before exact resolution and resume validation
  ---
  duration_ms: 0.321792
  type: 'test'
  ...
# Subtest: all three Design simulations require Premium before create and resume, then prepare exact profile identity
ok 67 - all three Design simulations require Premium before create and resume, then prepare exact profile identity
  ---
  duration_ms: 1.519791
  type: 'test'
  ...
# Subtest: every Design mode denies before package resolution, preparation, and session mutation
ok 68 - every Design mode denies before package resolution, preparation, and session mutation
  ---
  duration_ms: 0.36825
  type: 'test'
  ...
1..68
# tests 73
# suites 0
# pass 73
# fail 0
# cancelled 0
# skipped 0
# todo 0
# duration_ms 11836.240959
