TAP version 13
# Subtest: Coding weak-area review with explicit due_queue does not use a historical miss as fallback evidence
ok 1 - Coding weak-area review with explicit due_queue does not use a historical miss as fallback evidence
  ---
  duration_ms: 184.064542
  type: 'test'
  ...
# Subtest: actual lifecycle persists only due current refs, shortens to available due content, and does not append miss fallback
ok 2 - actual lifecycle persists only due current refs, shortens to available due content, and does not append miss fallback
  ---
  duration_ms: 284.907042
  type: 'test'
  ...
# Subtest: actual lifecycle rejects empty due evidence with no session write and preserves the historical attempt
ok 3 - actual lifecycle rejects empty due evidence with no session write and preserves the historical attempt
  ---
  duration_ms: 0.587583
  type: 'test'
  ...
# Subtest: explicit session_misses is unavailable before lifecycle persistence
ok 4 - explicit session_misses is unavailable before lifecycle persistence
  ---
  duration_ms: 0.243541
  type: 'test'
  ...
# Subtest: a single-source Design weak-area review keeps its existing due-only default without reviewSource
ok 5 - a single-source Design weak-area review keeps its existing due-only default without reviewSource
  ---
  duration_ms: 0.528292
  type: 'test'
  ...
# Subtest: single-source Certification weak-area review also keeps its due-only default without reviewSource
ok 6 - single-source Certification weak-area review also keeps its due-only default without reviewSource
  ---
  duration_ms: 0.449625
  type: 'test'
  ...
# Subtest: due review selection rejects future and stale artifact/version/track references without fallback
ok 7 - due review selection rejects future and stale artifact/version/track references without fallback
  ---
  duration_ms: 0.769459
  type: 'test'
  ...
# Subtest: invalid review sources and refs are rejected on practice and simulation before selection
ok 8 - invalid review sources and refs are rejected on practice and simulation before selection
  ---
  duration_ms: 0.250375
  type: 'test'
  ...
# Subtest: actual lifecycle rejects review source on a simulation before any durable session write
ok 9 - actual lifecycle rejects review source on a simulation before any durable session write
  ---
  duration_ms: 0.450334
  type: 'test'
  ...
1..9
# tests 9
# suites 0
# pass 9
# fail 0
# cancelled 0
# skipped 0
# todo 0
# duration_ms 1051.95575
