TAP version 13
# Subtest: Coding weak-area review with explicit due_queue does not use a historical miss as fallback evidence
not ok 1 - Coding weak-area review with explicit due_queue does not use a historical miss as fallback evidence
  ---
  duration_ms: 185.360666
  type: 'test'
  location: '/Users/lukaszkurczab/Desktop/Projects/Patternly/patternly/src/application/canonical/CanonicalReviewSource.test.ts:2:2203'
  failureType: 'testCodeFailure'
  error: |-
    due_queue has no current evidence but runtime prepared 1 item(s): alg-complexity-amortized-001
    + actual - expected
    
    + 'prepared'
    - 'rejected'
    
  code: 'ERR_ASSERTION'
  name: 'AssertionError'
  expected: 'rejected'
  actual: 'prepared'
  operator: 'strictEqual'
  stack: |-
    TestContext.<anonymous> (/Users/lukaszkurczab/Desktop/Projects/Patternly/patternly/src/application/canonical/CanonicalReviewSource.test.ts:67:10)
    async Test.run (node:internal/test_runner/test:1054:7)
    async startSubtestAfterBootstrap (node:internal/test_runner/harness:296:3)
  ...
1..1
# tests 1
# suites 0
# pass 0
# fail 1
# cancelled 0
# skipped 0
# todo 0
# duration_ms 728.868333
