TAP version 13
# Subtest: resolves an exact canonical artifact by track, content version, and SHA
ok 1 - resolves an exact canonical artifact by track, content version, and SHA
  ---
  duration_ms: 755.985083
  type: 'test'
  ...
# Subtest: resolves only the question identified by a canonical ResolvedContentRef
ok 2 - resolves only the question identified by a canonical ResolvedContentRef
  ---
  duration_ms: 1.043708
  type: 'test'
  ...
# Subtest: prepares Certification Exam Simulation from the exact canonical artifact profile
ok 3 - prepares Certification Exam Simulation from the exact canonical artifact profile
  ---
  duration_ms: 13.0265
  type: 'test'
  ...
# Subtest: prepares Coding Mock from the exact canonical artifact profile and ordered 40-question pool
ok 4 - prepares Coding Mock from the exact canonical artifact profile and ordered 40-question pool
  ---
  duration_ms: 2.575167
  type: 'test'
  ...
# Subtest: home snapshot resolves canonical track metadata
ok 5 - home snapshot resolves canonical track metadata
  ---
  duration_ms: 898.537417
  type: 'test'
  ...
# Subtest: actual canonical proposal plus repositories: attempts arriving after async resolve cannot persist
ok 6 - actual canonical proposal plus repositories: attempts arriving after async resolve cannot persist
  ---
  duration_ms: 938.801708
  type: 'test'
  ...
# Subtest: calendar changing during plan construction is checked immediately before CAS
ok 7 - calendar changing during plan construction is checked immediately before CAS
  ---
  duration_ms: 4.753292
  type: 'test'
  ...
# Subtest: accepted-plan replacement after proposal creation cannot be overwritten
ok 8 - accepted-plan replacement after proposal creation cannot be overwritten
  ---
  duration_ms: 12.914417
  type: 'test'
  ...
# Subtest: evidence and calendar changes invalidate a proposal editor without writing
ok 9 - evidence and calendar changes invalidate a proposal editor without writing
  ---
  duration_ms: 6.689875
  type: 'test'
  ...
# Subtest: same-scope uncertain accept acknowledges exact durable command even with active journal, without another write
ok 10 - same-scope uncertain accept acknowledges exact durable command even with active journal, without another write
  ---
  duration_ms: 7.28225
  type: 'test'
  ...
# Subtest: same-scope uncertain editor acknowledgement does not re-run the write or proposal freshness
ok 11 - same-scope uncertain editor acknowledgement does not re-run the write or proposal freshness
  ---
  duration_ms: 5.108083
  type: 'test'
  ...
# Subtest: uncertain accepted result and editors do not leak into a replacement storage scope
ok 12 - uncertain accepted result and editors do not leak into a replacement storage scope
  ---
  duration_ms: 7.981916
  type: 'test'
  ...
# Subtest: actual profile router A/B/A republishes a new lease; old editor, in-flight and terminal result remain stale
ok 13 - actual profile router A/B/A republishes a new lease; old editor, in-flight and terminal result remain stale
  ---
  duration_ms: 8.656209
  type: 'test'
  ...
# Subtest: replay of a terminal acceptance after a later edit cannot reconcile old reminders
ok 14 - replay of a terminal acceptance after a later edit cannot reconcile old reminders
  ---
  duration_ms: 12.130459
  type: 'test'
  ...
# Subtest: goal changes after uncertain durable writes cannot acknowledge a stale pair or reconcile reminders
    # Subtest: accept
    ok 1 - accept
      ---
      duration_ms: 3.159208
      type: 'test'
      ...
    # Subtest: editor
    ok 2 - editor
      ---
      duration_ms: 8.316583
      type: 'test'
      ...
    1..2
ok 15 - goal changes after uncertain durable writes cannot acknowledge a stale pair or reconcile reminders
  ---
  duration_ms: 11.75075
  type: 'test'
  ...
# Subtest: uncertain editor retry rechecks goal synchronously after its async read
ok 16 - uncertain editor retry rechecks goal synchronously after its async read
  ---
  duration_ms: 3.695125
  type: 'test'
  ...
# Subtest: proposal editor preserves retained slot IDs, drops removed IDs, sorts days, and saves revision one
ok 17 - proposal editor preserves retained slot IDs, drops removed IDs, sorts days, and saves revision one
  ---
  duration_ms: 50.612541
  type: 'test'
  ...
# Subtest: accepted plan edit explicitly reads a snapshot, increments plan revision, and stale sessions do not commit
ok 18 - accepted plan edit explicitly reads a snapshot, increments plan revision, and stale sessions do not commit
  ---
  duration_ms: 6.17925
  type: 'test'
  ...
# Subtest: direct accept and proposal editor share plan CAS and retry after idempotent success
ok 19 - direct accept and proposal editor share plan CAS and retry after idempotent success
  ---
  duration_ms: 0.716375
  type: 'test'
  ...
# Subtest: parallel proposal acceptance shares one promise and one durable save
ok 20 - parallel proposal acceptance shares one promise and one durable save
  ---
  duration_ms: 0.408
  type: 'test'
  ...
# Subtest: parallel acceptance for one proposal across tracks never shares the in-flight success
ok 21 - parallel acceptance for one proposal across tracks never shares the in-flight success
  ---
  duration_ms: 0.424541
  type: 'test'
  ...
# Subtest: accepted result cache is scoped by proposal and track identity
ok 22 - accepted result cache is scoped by proposal and track identity
  ---
  duration_ms: 1.975333
  type: 'test'
  ...
# Subtest: pending acceptance retry is scoped by proposal and track identity
ok 23 - pending acceptance retry is scoped by proposal and track identity
  ---
  duration_ms: 0.602417
  type: 'test'
  ...
# Subtest: storage uncertainty keeps the editor session and retries through durable command reconciliation
ok 24 - storage uncertainty keeps the editor session and retries through durable command reconciliation
  ---
  duration_ms: 0.531334
  type: 'test'
  ...
# Subtest: accepted-plan retry reconciles its durable command before checking refreshed content context
ok 25 - accepted-plan retry reconciles its durable command before checking refreshed content context
  ---
  duration_ms: 1.009917
  type: 'test'
  ...
# Subtest: a replacement proposal keeps plan identity and increments plan revision
ok 26 - a replacement proposal keeps plan identity and increments plan revision
  ---
  duration_ms: 0.936334
  type: 'test'
  ...
# Subtest: a target-date replacement remains explicit and atomically updates the accepted plan identity
ok 27 - a target-date replacement remains explicit and atomically updates the accepted plan identity
  ---
  duration_ms: 0.693541
  type: 'test'
  ...
# Subtest: accepted plan freshness checks content version, artifact SHA, and timezone
ok 28 - accepted plan freshness checks content version, artifact SHA, and timezone
  ---
  duration_ms: 0.2915
  type: 'test'
  ...
# Subtest: proposal creation rejects a local-day change during package resolution
ok 29 - proposal creation rejects a local-day change during package resolution
  ---
  duration_ms: 936.026417
  type: 'test'
  ...
# Subtest: proposal resolution rejects a timezone change during package resolution
ok 30 - proposal resolution rejects a timezone change during package resolution
  ---
  duration_ms: 13.926375
  type: 'test'
  ...
# Subtest: unchanged persisted GCP inputs stay ready through the synchronous commit guard
ok 31 - unchanged persisted GCP inputs stay ready through the synchronous commit guard
  ---
  duration_ms: 4.49475
  type: 'test'
  ...
# Subtest: a newly persisted exact-package attempt stales the proposal; immutable replay adds no evidence
ok 32 - a newly persisted exact-package attempt stales the proposal; immutable replay adds no evidence
  ---
  duration_ms: 8.8365
  type: 'test'
  ...
# Subtest: a persisted review becoming due within the same local day stales its proposal
ok 33 - a persisted review becoming due within the same local day stales its proposal
  ---
  duration_ms: 8.094083
  type: 'test'
  ...
# Subtest: a persisted goal revision change stales its proposal
ok 34 - a persisted goal revision change stales its proposal
  ---
  duration_ms: 6.088416
  type: 'test'
  ...
# Subtest: corrupt, dangling, and journaled evidence reads are errors, never empty histories
    # Subtest: corrupt-index
    ok 1 - corrupt-index
      ---
      duration_ms: 0.225417
      type: 'test'
      ...
    # Subtest: dangling-attempt
    ok 2 - dangling-attempt
      ---
      duration_ms: 0.220083
      type: 'test'
      ...
    # Subtest: active-journal
    ok 3 - active-journal
      ---
      duration_ms: 1.626125
      type: 'test'
      ...
    1..3
ok 35 - corrupt, dangling, and journaled evidence reads are errors, never empty histories
  ---
  duration_ms: 2.682375
  type: 'test'
  ...
# Subtest: storage profile replacement during package resolution stales creation
ok 36 - storage profile replacement during package resolution stales creation
  ---
  duration_ms: 0.352708
  type: 'test'
  ...
# Subtest: an injected canonical-package artifact change stales the synchronous guard
ok 37 - an injected canonical-package artifact change stales the synchronous guard
  ---
  duration_ms: 1.661583
  type: 'test'
  ...
# Subtest: exact duplicate evidence preserves order and conflicting duplicate IDs fail closed
ok 38 - exact duplicate evidence preserves order and conflicting duplicate IDs fail closed
  ---
  duration_ms: 2.823792
  type: 'test'
  ...
# Subtest: a repository read failure after package await remains retryable
ok 39 - a repository read failure after package await remains retryable
  ---
  duration_ms: 0.224292
  type: 'test'
  ...
# Subtest: plan accept saves first and returns the synced reminder outcome
ok 40 - plan accept saves first and returns the synced reminder outcome
  ---
  duration_ms: 12.184083
  type: 'test'
  ...
# Subtest: a saved plan remains successful with a durable pending reminder result
ok 41 - a saved plan remains successful with a durable pending reminder result
  ---
  duration_ms: 0.17325
  type: 'test'
  ...
# Subtest: a terminal cleared reminder outcome is not relabeled as pending
ok 42 - a terminal cleared reminder outcome is not relabeled as pending
  ---
  duration_ms: 0.093334
  type: 'test'
  ...
# Subtest: stale acceptance and failed evidence do not reconcile local reminders
ok 43 - stale acceptance and failed evidence do not reconcile local reminders
  ---
  duration_ms: 0.135333
  type: 'test'
  ...
# Subtest: actual canonical producer preserves a versioned completion rule in the hashed artifact
ok 44 - actual canonical producer preserves a versioned completion rule in the hashed artifact
  ---
  duration_ms: 733.807208
  type: 'test'
  ...
# Subtest: Home rejects a goal change during exact package resolution instead of publishing an old generation
ok 45 - Home rejects a goal change during exact package resolution instead of publishing an old generation
  ---
  duration_ms: 616.384083
  type: 'test'
  ...
# Subtest: real producer → verified canonical runtime → persisted evidence → Home and proposal use the same rule
ok 46 - real producer → verified canonical runtime → persisted evidence → Home and proposal use the same rule
  ---
  duration_ms: 1926.787625
  type: 'test'
  ...
# Subtest: shared evidence is package-wide across plan revisions, exact by artifact, deduplicated, and partial is not correct
ok 47 - shared evidence is package-wide across plan revisions, exact by artifact, deduplicated, and partial is not correct
  ---
  duration_ms: 821.028334
  type: 'test'
  ...
# Subtest: absent actual policies stay unknown in both actual Home and proposal for all nine current tracks
ok 48 - absent actual policies stay unknown in both actual Home and proposal for all nine current tracks
  ---
  duration_ms: 324.939833
  type: 'test'
  ...
# Subtest: producer and actual consumer reject the same malformed v1 rule vectors and hash binds a valid rule
ok 49 - producer and actual consumer reject the same malformed v1 rule vectors and hash binds a valid rule
  ---
  duration_ms: 345.652375
  type: 'test'
  ...
# Subtest: Home rejects evidence changes and journal failure inside exact resolution
ok 50 - Home rejects evidence changes and journal failure inside exact resolution
  ---
  duration_ms: 719.611042
  type: 'test'
  ...
# Subtest: matching-package phantom question IDs fail instead of contributing fabricated progress
ok 51 - matching-package phantom question IDs fail instead of contributing fabricated progress
  ---
  duration_ms: 655.919917
  type: 'test'
  ...
# Subtest: actual profile router A/B/A rejects old Home snapshot even when account A learning data is unchanged
ok 52 - actual profile router A/B/A rejects old Home snapshot even when account A learning data is unchanged
  ---
  duration_ms: 639.982458
  type: 'test'
  ...
# Subtest: actual persisted reviews share exact qualification and due cutoff; phantom matching review fails closed
ok 53 - actual persisted reviews share exact qualification and due cutoff; phantom matching review fails closed
  ---
  duration_ms: 644.062208
  type: 'test'
  ...
# Subtest: current producer rebuild preserves all nine rule-free artifact bytes and exact app lock
ok 54 - current producer rebuild preserves all nine rule-free artifact bytes and exact app lock
  ---
  duration_ms: 1424.197334
  type: 'test'
  ...
# Subtest: P05 persisted 25 attempts / 5 correct in latest 10 cannot predict completion today
ok 55 - P05 persisted 25 attempts / 5 correct in latest 10 cannot predict completion today
  ---
  duration_ms: 695.783333
  type: 'test'
  ...
# Subtest: P05 evaluator result cannot become an achievable target merely because volume is met
ok 56 - P05 evaluator result cannot become an achievable target merely because volume is met
  ---
  duration_ms: 7.378875
  type: 'test'
  ...
# Subtest: P05 evaluator, proposal copy and canonical guidance presentation agree in all seven locales
ok 57 - P05 evaluator, proposal copy and canonical guidance presentation agree in all seven locales
  ---
  duration_ms: 13.605167
  type: 'test'
  ...
# Subtest: missing actual rule stays unknown before quality guard even when there are many persisted attempts
ok 58 - missing actual rule stays unknown before quality guard even when there are many persisted attempts
  ---
  duration_ms: 3.174
  type: 'test'
  ...
# Subtest: minimum exactly met still needs quality, while own pace and shortfall keep their target semantics
ok 59 - minimum exactly met still needs quality, while own pace and shortfall keep their target semantics
  ---
  duration_ms: 2.66175
  type: 'test'
  ...
# Subtest: current completed window permits zero-work; later incorrect durable attempts restore the quality limit
ok 60 - current completed window permits zero-work; later incorrect durable attempts restore the quality limit
  ---
  duration_ms: 20.170084
  type: 'test'
  ...
# Subtest: applies no-goal, paused-goal, no-plan and freshness precedence
ok 61 - applies no-goal, paused-goal, no-plan and freshness precedence
  ---
  duration_ms: 28.840708
  type: 'test'
  ...
# Subtest: maps plan paused, completed, overdue boundaries and open-ended targets
ok 62 - maps plan paused, completed, overdue boundaries and open-ended targets
  ---
  duration_ms: 2.068458
  type: 'test'
  ...
# Subtest: maps capacity, typed forecast status and all unavailable reasons without recomputing
ok 63 - maps capacity, typed forecast status and all unavailable reasons without recomputing
  ---
  duration_ms: 1.5965
  type: 'test'
  ...
# Subtest: requires full forecast identity and maps malformed foreign forecasts to calculation_error
ok 64 - requires full forecast identity and maps malformed foreign forecasts to calculation_error
  ---
  duration_ms: 0.443166
  type: 'test'
  ...
# Subtest: returns frozen, typed presentation values and ignores immutable fact arrays
ok 65 - returns frozen, typed presentation values and ignores immutable fact arrays
  ---
  duration_ms: 0.338458
  type: 'test'
  ...
# Subtest: maps every guidance state, reason, message key, action and fact variant
ok 66 - maps every guidance state, reason, message key, action and fact variant
  ---
  duration_ms: 68.052584
  type: 'test'
  ...
# Subtest: accepts canonical overdue guidance with an unavailable forecast
ok 67 - accepts canonical overdue guidance with an unavailable forecast
  ---
  duration_ms: 0.595125
  type: 'test'
  ...
# Subtest: covers no-target text facts for paused and completed states
ok 68 - covers no-target text facts for paused and completed states
  ---
  duration_ms: 0.401
  type: 'test'
  ...
# Subtest: uses native English and Polish plural categories for pace facts
ok 69 - uses native English and Polish plural categories for pace facts
  ---
  duration_ms: 2.005667
  type: 'test'
  ...
# Subtest: formats civil dates in the supplied timezone without UTC day drift
ok 70 - formats civil dates in the supplied timezone without UTC day drift
  ---
  duration_ms: 5.803333
  type: 'test'
  ...
# Subtest: rejects invalid locale, timezone, date and unknown runtime variants explicitly
ok 71 - rejects invalid locale, timezone, date and unknown runtime variants explicitly
  ---
  duration_ms: 0.974875
  type: 'test'
  ...
# Subtest: rejects a secondary action outside its two allowed states and inconsistent missing secondary
ok 72 - rejects a secondary action outside its two allowed states and inconsistent missing secondary
  ---
  duration_ms: 0.253666
  type: 'test'
  ...
# Subtest: fails closed for missing translations and unresolved placeholders
ok 73 - fails closed for missing translations and unresolved placeholders
  ---
  duration_ms: 0.654
  type: 'test'
  ...
# Subtest: fails closed when the selected English or Polish plural suffix is missing
ok 74 - fails closed when the selected English or Polish plural suffix is missing
  ---
  duration_ms: 0.421834
  type: 'test'
  ...
# Subtest: does not mutate guidance input and keeps the presentation deeply immutable
ok 75 - does not mutate guidance input and keeps the presentation deeply immutable
  ---
  duration_ms: 0.956625
  type: 'test'
  ...
# Subtest: keeps locale resource keys flat and exactly in parity
ok 76 - keeps locale resource keys flat and exactly in parity
  ---
  duration_ms: 0.572167
  type: 'test'
  ...
# Subtest: all nine canonical artifacts validate with exact inventory and stable learner whitespace
ok 77 - all nine canonical artifacts validate with exact inventory and stable learner whitespace
  ---
  duration_ms: 280.837209
  type: 'test'
  ...
# Subtest: canonical scoring matches the producer oracle exhaustively
ok 78 - canonical scoring matches the producer oracle exhaustively
  ---
  duration_ms: 671.512667
  type: 'test'
  ...
# Subtest: all interactions expose completeness and immutable AttemptResult semantics
ok 79 - all interactions expose completeness and immutable AttemptResult semantics
  ---
  duration_ms: 4.207917
  type: 'test'
  ...
# Subtest: dimension scoring ignores inherited selections exactly like the producer oracle
ok 80 - dimension scoring ignores inherited selections exactly like the producer oracle
  ---
  duration_ms: 5.839791
  type: 'test'
  ...
# Subtest: dimension responses reject sparse arrays and alias-normalization collisions
ok 81 - dimension responses reject sparse arrays and alias-normalization collisions
  ---
  duration_ms: 1.878459
  type: 'test'
  ...
# Subtest: validator fails closed on exact keys, identities, membership and scoring consistency
ok 82 - validator fails closed on exact keys, identities, membership and scoring consistency
  ---
  duration_ms: 100.439375
  type: 'test'
  ...
# Subtest: catalog verifies bytes before exposing frozen lookups and exact artifact metadata
ok 83 - catalog verifies bytes before exposing frozen lookups and exact artifact metadata
  ---
  duration_ms: 196.744333
  type: 'test'
  ...
# Subtest: optional GCP simulation profile is strict, complete, immutable and covered by its artifact hash
ok 84 - optional GCP simulation profile is strict, complete, immutable and covered by its artifact hash
  ---
  duration_ms: 708.297417
  type: 'test'
  ...
# Subtest: Coding Mock profile validation requires its strict declared ordered 40-question pool
ok 85 - Coding Mock profile validation requires its strict declared ordered 40-question pool
  ---
  duration_ms: 315.7855
  type: 'test'
  ...
# Subtest: canonical runtime catalog exposes all locked tracks, modes, pools, and exact artifact identities
ok 86 - canonical runtime catalog exposes all locked tracks, modes, pools, and exact artifact identities
  ---
  duration_ms: 592.241
  type: 'test'
  ...
# Subtest: injected loader failures are visible and do not poison the active cache
ok 87 - injected loader failures are visible and do not poison the active cache
  ---
  duration_ms: 54.158292
  type: 'test'
  ...
# Subtest: canonical runtime catalog hashes artifacts sequentially and preserves artifact order
ok 88 - canonical runtime catalog hashes artifacts sequentially and preserves artifact order
  ---
  duration_ms: 659.495625
  type: 'test'
  ...
# Subtest: public owner retries after a failed cached load and then preserves cache identity
ok 89 - public owner retries after a failed cached load and then preserves cache identity
  ---
  duration_ms: 3023.877917
  type: 'test'
  ...
# Subtest: canonical runtime catalog caches only a validated active catalog
ok 90 - canonical runtime catalog caches only a validated active catalog
  ---
  duration_ms: 0.166875
  type: 'test'
  ...
# Subtest: node package verifier enforces exact transport headers, hashes, schema and app minimum
ok 91 - node package verifier enforces exact transport headers, hashes, schema and app minimum
  ---
  duration_ms: 48.940583
  type: 'test'
  ...
# Subtest: install keeps old exact package resolvable after new activation and rolls back on failed reread or activation
ok 92 - install keeps old exact package resolvable after new activation and rolls back on failed reread or activation
  ---
  duration_ms: 602.663458
  type: 'test'
  ...
# Subtest: installed exact cache is isolated across profile changes and lazily rehydrates on return
ok 93 - installed exact cache is isolated across profile changes and lazily rehydrates on return
  ---
  duration_ms: 505.717167
  type: 'test'
  ...
# Subtest: stale profile hydration cannot register records after an in-flight profile switch
ok 94 - stale profile hydration cannot register records after an in-flight profile switch
  ---
  duration_ms: 284.935625
  type: 'test'
  ...
# Subtest: package hash and gzip output size reject corrupt, oversized, and truncated packages
ok 95 - package hash and gzip output size reject corrupt, oversized, and truncated packages
  ---
  duration_ms: 0.457167
  type: 'test'
  ...
# Subtest: 404 and interrupted downloads do not replace an active package
ok 96 - 404 and interrupted downloads do not replace an active package
  ---
  duration_ms: 0.802916
  type: 'test'
  ...
# Subtest: backend package admission failures keep their typed status and code
ok 97 - backend package admission failures keep their typed status and code
  ---
  duration_ms: 0.259
  type: 'test'
  ...
# Subtest: generates one stable 18:00 slot per normalized preferred day for every goal type
ok 98 - generates one stable 18:00 slot per normalized preferred day for every goal type
  ---
  duration_ms: 36.384541
  type: 'test'
  ...
# Subtest: uses due review priority, otherwise package scope, without item identifiers
ok 99 - uses due review priority, otherwise package scope, without item identifiers
  ---
  duration_ms: 0.507541
  type: 'test'
  ...
# Subtest: event boundaries are strict-before while deadline and checkpoint are inclusive
ok 100 - event boundaries are strict-before while deadline and checkpoint are inclusive
  ---
  duration_ms: 0.752375
  type: 'test'
  ...
# Subtest: missing target date is open-ended before an unknown completion rule
ok 101 - missing target date is open-ended before an unknown completion rule
  ---
  duration_ms: 0.311375
  type: 'test'
  ...
# Subtest: C3 unknown is explicit with a target; in-progress uses remaining attempts and completed has no remaining work
ok 102 - C3 unknown is explicit with a target; in-progress uses remaining attempts and completed has no remaining work
  ---
  duration_ms: 0.303708
  type: 'test'
  ...
# Subtest: S12 is the only capacity source and shortfall preserves all counts without slots or attainability
ok 103 - S12 is the only capacity source and shortfall preserves all counts without slots or attainability
  ---
  duration_ms: 0.196709
  type: 'test'
  ...
# Subtest: leap-day and DST-neutral occurrence counting use calendar dates, not elapsed local milliseconds
ok 104 - leap-day and DST-neutral occurrence counting use calendar dates, not elapsed local milliseconds
  ---
  duration_ms: 0.275208
  type: 'test'
  ...
# Subtest: does not mutate preferred day order or mutable input values and returns frozen output
ok 105 - does not mutate preferred day order or mutable input values and returns frozen output
  ---
  duration_ms: 0.3735
  type: 'test'
  ...
# Subtest: rejects malformed or inconsistent input with the one explicit error class
ok 106 - rejects malformed or inconsistent input with the one explicit error class
  ---
  duration_ms: 0.857625
  type: 'test'
  ...
# Subtest: uses the explicit formulas, includes today, and excludes an event target day
ok 107 - uses the explicit formulas, includes today, and excludes an event target day
  ---
  duration_ms: 90.533417
  type: 'test'
  ...
# Subtest: minimum observation age is inclusive: six days gives seven days, five gives six
ok 108 - minimum observation age is inclusive: six days gives seven days, five gives six
  ---
  duration_ms: 8.907833
  type: 'test'
  ...
# Subtest: trend starts at thirteen days and applies strict ten-percent boundaries
ok 109 - trend starts at thirteen days and applies strict ten-percent boundaries
  ---
  duration_ms: 21.2835
  type: 'test'
  ...
# Subtest: trend handles zero-to-zero, zero-to-positive, and positive-to-zero windows after age fourteen
ok 110 - trend handles zero-to-zero, zero-to-positive, and positive-to-zero windows after age fourteen
  ---
  duration_ms: 1.597667
  type: 'test'
  ...
# Subtest: completed work is zero work even without future occurrences or observations
ok 111 - completed work is zero work even without future occurrences or observations
  ---
  duration_ms: 0.367583
  type: 'test'
  ...
# Subtest: returns each honest unavailable business reason
ok 112 - returns each honest unavailable business reason
  ---
  duration_ms: 1.554792
  type: 'test'
  ...
# Subtest: requires a concrete non-negative completion requirement
ok 113 - requires a concrete non-negative completion requirement
  ---
  duration_ms: 1.178167
  type: 'test'
  ...
# Subtest: returns calculation_error when the projected calendar date is not representable
ok 114 - returns calculation_error when the projected calendar date is not representable
  ---
  duration_ms: 0.475833
  type: 'test'
  ...
# Subtest: uses full immutable facts and does not double-count session questions
ok 115 - uses full immutable facts and does not double-count session questions
  ---
  duration_ms: 0.843292
  type: 'test'
  ...
# Subtest: handles DST, leap-day calendar arithmetic, and today occurrences without elapsed milliseconds
ok 116 - handles DST, leap-day calendar arithmetic, and today occurrences without elapsed milliseconds
  ---
  duration_ms: 1.285625
  type: 'test'
  ...
# Subtest: rejects malformed numbers, dates, timezones, future facts, and inconsistent sessions
ok 117 - rejects malformed numbers, dates, timezones, future facts, and inconsistent sessions
  ---
  duration_ms: 1.277708
  type: 'test'
  ...
# Subtest: completion rule validates explicit v1 bounds
ok 118 - completion rule validates explicit v1 bounds
  ---
  duration_ms: 0.700375
  type: 'test'
  ...
# Subtest: completion is unknown without a package rule and otherwise uses the exact rolling window
ok 119 - completion is unknown without a package rule and otherwise uses the exact rolling window
  ---
  duration_ms: 10.195208
  type: 'test'
  ...
# Subtest: completion filters full package identity, deduplicates exact retries, and rejects malformed or conflicting durable evidence
ok 120 - completion filters full package identity, deduplicates exact retries, and rejects malformed or conflicting durable evidence
  ---
  duration_ms: 0.8235
  type: 'test'
  ...
# Subtest: same instant ordering is stable by id
ok 121 - same instant ordering is stable by id
  ---
  duration_ms: 0.123125
  type: 'test'
  ...
# Subtest: Progress model presents canonical guidance and clamps C3 completion ratio
ok 122 - Progress model presents canonical guidance and clamps C3 completion ratio
  ---
  duration_ms: 18.674333
  type: 'test'
  ...
# Subtest: Progress model never creates a self-link for completed guidance
ok 123 - Progress model never creates a self-link for completed guidance
  ---
  duration_ms: 0.890042
  type: 'test'
  ...
# Subtest: Progress model does not offer a new plan session while one is active
ok 124 - Progress model does not offer a new plan session while one is active
  ---
  duration_ms: 12.550708
  type: 'test'
  ...
# Subtest: Progress model keeps none guidance explicit for no goal, paused goal and no plan
ok 125 - Progress model keeps none guidance explicit for no goal, paused goal and no plan
  ---
  duration_ms: 0.787417
  type: 'test'
  ...
# Subtest: Progress model fails closed for a foreign active track or unavailable snapshot
ok 126 - Progress model fails closed for a foreign active track or unavailable snapshot
  ---
  duration_ms: 1.639792
  type: 'test'
  ...
1..126
# tests 131
# suites 0
# pass 131
# fail 0
# cancelled 0
# skipped 0
# todo 0
# duration_ms 9707.741875
