TAP version 13
# Subtest: actual canonical producer preserves a versioned completion rule in the hashed artifact
ok 1 - actual canonical producer preserves a versioned completion rule in the hashed artifact
  ---
  duration_ms: 237.799667
  type: 'test'
  ...
# Subtest: Home rejects a goal change during exact package resolution instead of publishing an old generation
ok 2 - Home rejects a goal change during exact package resolution instead of publishing an old generation
  ---
  duration_ms: 339.713417
  type: 'test'
  ...
# Subtest: proposal creation rejects a local-day change during package resolution
ok 3 - proposal creation rejects a local-day change during package resolution
  ---
  duration_ms: 354.616125
  type: 'test'
  ...
# Subtest: proposal resolution rejects a timezone change during package resolution
ok 4 - proposal resolution rejects a timezone change during package resolution
  ---
  duration_ms: 10.103375
  type: 'test'
  ...
# Subtest: unchanged persisted GCP inputs stay ready through the synchronous commit guard
ok 5 - unchanged persisted GCP inputs stay ready through the synchronous commit guard
  ---
  duration_ms: 4.571833
  type: 'test'
  ...
# Subtest: a newly persisted exact-package attempt stales the proposal; immutable replay adds no evidence
ok 6 - a newly persisted exact-package attempt stales the proposal; immutable replay adds no evidence
  ---
  duration_ms: 7.082583
  type: 'test'
  ...
# Subtest: a persisted review becoming due within the same local day stales its proposal
ok 7 - a persisted review becoming due within the same local day stales its proposal
  ---
  duration_ms: 2.299958
  type: 'test'
  ...
# Subtest: a persisted goal revision change stales its proposal
ok 8 - a persisted goal revision change stales its proposal
  ---
  duration_ms: 1.132666
  type: 'test'
  ...
# Subtest: corrupt, dangling, and journaled evidence reads are errors, never empty histories
    # Subtest: corrupt-index
    ok 1 - corrupt-index
      ---
      duration_ms: 0.179875
      type: 'test'
      ...
    # Subtest: dangling-attempt
    ok 2 - dangling-attempt
      ---
      duration_ms: 0.219
      type: 'test'
      ...
    # Subtest: active-journal
    ok 3 - active-journal
      ---
      duration_ms: 1.341
      type: 'test'
      ...
    1..3
ok 9 - corrupt, dangling, and journaled evidence reads are errors, never empty histories
  ---
  duration_ms: 2.364833
  type: 'test'
  ...
# Subtest: storage profile replacement during package resolution stales creation
ok 10 - storage profile replacement during package resolution stales creation
  ---
  duration_ms: 0.257833
  type: 'test'
  ...
# Subtest: an injected canonical-package artifact change stales the synchronous guard
ok 11 - an injected canonical-package artifact change stales the synchronous guard
  ---
  duration_ms: 0.908417
  type: 'test'
  ...
# Subtest: exact duplicate evidence preserves order and conflicting duplicate IDs fail closed
ok 12 - exact duplicate evidence preserves order and conflicting duplicate IDs fail closed
  ---
  duration_ms: 1.960542
  type: 'test'
  ...
# Subtest: a repository read failure after package await remains retryable
ok 13 - a repository read failure after package await remains retryable
  ---
  duration_ms: 0.223875
  type: 'test'
  ...
1..13
# tests 16
# suites 0
# pass 16
# fail 0
# cancelled 0
# skipped 0
# todo 0
# duration_ms 1078.732833
