TAP version 13
# Subtest: actual canonical producer preserves a versioned completion rule in the hashed artifact
ok 1 - actual canonical producer preserves a versioned completion rule in the hashed artifact
  ---
  duration_ms: 206.102708
  type: 'test'
  ...
# Subtest: Home rejects a goal change during exact package resolution instead of publishing an old generation
ok 2 - Home rejects a goal change during exact package resolution instead of publishing an old generation
  ---
  duration_ms: 325.925792
  type: 'test'
  ...
# Subtest: real producer → verified canonical runtime → persisted evidence → Home and proposal use the same rule
not ok 3 - real producer → verified canonical runtime → persisted evidence → Home and proposal use the same rule
  ---
  duration_ms: 394.451334
  type: 'test'
  location: '/Users/lukaszkurczab/Desktop/Projects/Patternly/patternly/src/application/learningPlan/learningPlanProjectionIntegration.test.mjs:131:1'
  failureType: 'testCodeFailure'
  error: 'Canonical artifact aws-certified-solutions-architect-associate SHA-256 does not match its lock record.'
  code: 'ERR_TEST_FAILURE'
  stack: |-
    createCanonicalQuestionCatalog (/Users/lukaszkurczab/Desktop/Projects/Patternly/patternly/src/content/canonical/questionCatalog.ts:25:43)
    async buildCatalog (/Users/lukaszkurczab/Desktop/Projects/Patternly/patternly/src/content/canonical/runtimeCatalog.ts:86:19)
  ...
# Subtest: shared evidence is package-wide across plan revisions, exact by artifact, deduplicated, and partial is not correct
not ok 4 - shared evidence is package-wide across plan revisions, exact by artifact, deduplicated, and partial is not correct
  ---
  duration_ms: 388.801417
  type: 'test'
  location: '/Users/lukaszkurczab/Desktop/Projects/Patternly/patternly/src/application/learningPlan/learningPlanProjectionIntegration.test.mjs:150:1'
  failureType: 'testCodeFailure'
  error: 'Canonical artifact aws-certified-solutions-architect-associate SHA-256 does not match its lock record.'
  code: 'ERR_TEST_FAILURE'
  stack: |-
    createCanonicalQuestionCatalog (/Users/lukaszkurczab/Desktop/Projects/Patternly/patternly/src/content/canonical/questionCatalog.ts:25:43)
    async buildCatalog (/Users/lukaszkurczab/Desktop/Projects/Patternly/patternly/src/content/canonical/runtimeCatalog.ts:86:19)
  ...
# Subtest: absent actual policies stay unknown in both actual Home and proposal for all nine current tracks
ok 5 - absent actual policies stay unknown in both actual Home and proposal for all nine current tracks
  ---
  duration_ms: 285.482125
  type: 'test'
  ...
# Subtest: producer and actual consumer reject the same malformed v1 rule vectors and hash binds a valid rule
ok 6 - producer and actual consumer reject the same malformed v1 rule vectors and hash binds a valid rule
  ---
  duration_ms: 306.6705
  type: 'test'
  ...
# Subtest: Home rejects evidence changes, equal-data profile rebinding, and journal failure inside exact resolution
not ok 7 - Home rejects evidence changes, equal-data profile rebinding, and journal failure inside exact resolution
  ---
  duration_ms: 407.655417
  type: 'test'
  location: '/Users/lukaszkurczab/Desktop/Projects/Patternly/patternly/src/application/learningPlan/learningPlanProjectionIntegration.test.mjs:193:1'
  failureType: 'testCodeFailure'
  error: 'Canonical artifact aws-certified-solutions-architect-associate SHA-256 does not match its lock record.'
  code: 'ERR_TEST_FAILURE'
  stack: |-
    createCanonicalQuestionCatalog (/Users/lukaszkurczab/Desktop/Projects/Patternly/patternly/src/content/canonical/questionCatalog.ts:25:43)
    async buildCatalog (/Users/lukaszkurczab/Desktop/Projects/Patternly/patternly/src/content/canonical/runtimeCatalog.ts:86:19)
  ...
# Subtest: matching-package phantom question IDs fail instead of contributing fabricated progress
not ok 8 - matching-package phantom question IDs fail instead of contributing fabricated progress
  ---
  duration_ms: 386.59225
  type: 'test'
  location: '/Users/lukaszkurczab/Desktop/Projects/Patternly/patternly/src/application/learningPlan/learningPlanProjectionIntegration.test.mjs:211:1'
  failureType: 'testCodeFailure'
  error: 'Canonical artifact aws-certified-solutions-architect-associate SHA-256 does not match its lock record.'
  code: 'ERR_TEST_FAILURE'
  stack: |-
    createCanonicalQuestionCatalog (/Users/lukaszkurczab/Desktop/Projects/Patternly/patternly/src/content/canonical/questionCatalog.ts:25:43)
    async buildCatalog (/Users/lukaszkurczab/Desktop/Projects/Patternly/patternly/src/content/canonical/runtimeCatalog.ts:86:19)
  ...
1..8
# tests 8
# suites 0
# pass 4
# fail 4
# cancelled 0
# skipped 0
# todo 0
# duration_ms 3157.238292
