TAP version 13
# Subtest: actual canonical producer preserves a versioned completion rule in the hashed artifact
ok 1 - actual canonical producer preserves a versioned completion rule in the hashed artifact
  ---
  duration_ms: 403.772458
  type: 'test'
  ...
# Subtest: Home rejects a goal change during exact package resolution instead of publishing an old generation
ok 2 - Home rejects a goal change during exact package resolution instead of publishing an old generation
  ---
  duration_ms: 329.275709
  type: 'test'
  ...
# Subtest: proposal creation rejects a local-day change during package resolution
ok 3 - proposal creation rejects a local-day change during package resolution
  ---
  duration_ms: 368.775417
  type: 'test'
  ...
# Subtest: proposal resolution rejects a timezone change during package resolution
ok 4 - proposal resolution rejects a timezone change during package resolution
  ---
  duration_ms: 7.536666
  type: 'test'
  ...
# Subtest: unchanged persisted GCP inputs stay ready through the synchronous commit guard
ok 5 - unchanged persisted GCP inputs stay ready through the synchronous commit guard
  ---
  duration_ms: 3.665542
  type: 'test'
  ...
# Subtest: a newly persisted exact-package attempt stales the proposal; immutable replay adds no evidence
ok 6 - a newly persisted exact-package attempt stales the proposal; immutable replay adds no evidence
  ---
  duration_ms: 3.50225
  type: 'test'
  ...
# Subtest: a persisted review becoming due within the same local day stales its proposal
ok 7 - a persisted review becoming due within the same local day stales its proposal
  ---
  duration_ms: 3.025917
  type: 'test'
  ...
# Subtest: a persisted goal revision change stales its proposal
ok 8 - a persisted goal revision change stales its proposal
  ---
  duration_ms: 1.735792
  type: 'test'
  ...
# Subtest: corrupt, dangling, and journaled evidence reads are errors, never empty histories
    # Subtest: corrupt-index
    ok 1 - corrupt-index
      ---
      duration_ms: 0.253542
      type: 'test'
      ...
    # Subtest: dangling-attempt
    ok 2 - dangling-attempt
      ---
      duration_ms: 0.202833
      type: 'test'
      ...
    # Subtest: active-journal
    ok 3 - active-journal
      ---
      duration_ms: 1.458917
      type: 'test'
      ...
    1..3
ok 9 - corrupt, dangling, and journaled evidence reads are errors, never empty histories
  ---
  duration_ms: 2.399292
  type: 'test'
  ...
# Subtest: storage profile replacement during package resolution stales creation
ok 10 - storage profile replacement during package resolution stales creation
  ---
  duration_ms: 0.25925
  type: 'test'
  ...
# Subtest: an injected canonical-package artifact change stales the synchronous guard
ok 11 - an injected canonical-package artifact change stales the synchronous guard
  ---
  duration_ms: 1.387291
  type: 'test'
  ...
# Subtest: exact duplicate evidence preserves order and conflicting duplicate IDs fail closed
not ok 12 - exact duplicate evidence preserves order and conflicting duplicate IDs fail closed
  ---
  duration_ms: 5.795292
  type: 'test'
  location: '/Users/lukaszkurczab/Desktop/Projects/Patternly/patternly/src/application/learningPlan/learningPlanProposalCoordinator.test.ts:2:9562'
  failureType: 'testCodeFailure'
  error: |-
    Expected values to be strictly deep-equal:
    + actual - expected

      {
    +   kind: 'ready',
    +   proposal: {
    +     outcome: {
    +       completionState: {
    +         kind: 'unknown'
    +       },
    +       goal: {
    +         goalType: 'prepare_for_a_certification',
    +         preferredDays: [
    +           'mon',
    +           'wed',
    +           'sat'
    +         ],
    +         status: 'active',
    +         trackId: 'google-cloud-associate-cloud-engineer',
    +         weeklySessionTarget: 3
    +       },
    +       identity: {
    +         artifactSha256: 'eea751e977cbfb468577ff4ea47702b914e1de6ad7fa06519a4e919889f0a6f9',
    +         contentVersion: 'google-cloud-associate-cloud-engineer-authoring-v2026.08.11',
    +         goalRevision: 1,
    +         timezone: 'Europe/Warsaw',
    +         trackId: 'google-cloud-associate-cloud-engineer'
    +       },
    +       kind: 'ready',
    +       materialPriority: {
    +         kind: 'package_primary_scope',
    +         label: 'Track'
    +       },
    +       primaryModeId: 'certification-diagnostic-baseline',
    +       requestedLength: 40,
    +       sessionCapacity: {
    +         actualLength: 40,
    +         kind: 'exact'
    +       },
    +       slots: [
    +         {
    +           day: 'mon',
    +           localTime: '18:00',
    +           sessionLength: 40,
    +           slotId: 'proposal-slot:v1:mon:18-00'
    +         },
    +         {
    +           day: 'wed',
    +           localTime: '18:00',
    +           sessionLength: 40,
    +           slotId: 'proposal-slot:v1:wed:18-00'
    +         },
    +         {
    +           day: 'sat',
    +           localTime: '18:00',
    +           sessionLength: 40,
    +           slotId: 'proposal-slot:v1:sat:18-00'
    +         }
    +       ],
    +       targetAssessment: {
    +         kind: 'open_ended'
    +       }
    +     },
    +     proposalId: 'ordered-evidence-proposal',
    +     trackId: 'google-cloud-associate-cloud-engineer'
    +   }
    -   kind: 'stale'
      }

  code: 'ERR_ASSERTION'
  name: 'AssertionError'
  expected:
    kind: 'stale'
  actual:
    kind: 'ready'
    proposal:
      proposalId: 'ordered-evidence-proposal'
      trackId: 'google-cloud-associate-cloud-engineer'
      outcome:
        kind: 'ready'
        identity:
          trackId: 'google-cloud-associate-cloud-engineer'
          goalRevision: 1
          contentVersion: 'google-cloud-associate-cloud-engineer-authoring-v2026.08.11'
          artifactSha256: 'eea751e977cbfb468577ff4ea47702b914e1de6ad7fa06519a4e919889f0a6f9'
          timezone: 'Europe/Warsaw'
        goal:
          goalType: 'prepare_for_a_certification'
          preferredDays:
            0: 'mon'
            1: 'wed'
            2: 'sat'
          status: 'active'
          trackId: 'google-cloud-associate-cloud-engineer'
          weeklySessionTarget: 3
        primaryModeId: 'certification-diagnostic-baseline'
        requestedLength: 40
        sessionCapacity:
          kind: 'exact'
          actualLength: 40
        completionState:
          kind: 'unknown'
        materialPriority:
          kind: 'package_primary_scope'
          label: 'Track'
        targetAssessment:
          kind: 'open_ended'
        slots:
          0:
            slotId: 'proposal-slot:v1:mon:18-00'
            day: 'mon'
            localTime: '18:00'
            sessionLength: 40
          1:
            slotId: 'proposal-slot:v1:wed:18-00'
            day: 'wed'
            localTime: '18:00'
            sessionLength: 40
          2:
            slotId: 'proposal-slot:v1:sat:18-00'
            day: 'sat'
            localTime: '18:00'
            sessionLength: 40
  operator: 'deepStrictEqual'
  stack: |-
    TestContext.<anonymous> (/Users/lukaszkurczab/Desktop/Projects/Patternly/patternly/src/application/learningPlan/learningPlanProposalCoordinator.test.ts:186:10)
    async Test.run (node:internal/test_runner/test:1054:7)
    async Test.processPendingSubtests (node:internal/test_runner/test:744:7)
  ...
# Subtest: a repository read failure after package await remains retryable
ok 13 - a repository read failure after package await remains retryable
  ---
  duration_ms: 0.38775
  type: 'test'
  ...
# Subtest: P05 persisted 25 attempts / 5 correct in latest 10 cannot predict completion today
ok 14 - P05 persisted 25 attempts / 5 correct in latest 10 cannot predict completion today
  ---
  duration_ms: 367.062083
  type: 'test'
  ...
# Subtest: P05 evaluator result cannot become an achievable target merely because volume is met
ok 15 - P05 evaluator result cannot become an achievable target merely because volume is met
  ---
  duration_ms: 2.662167
  type: 'test'
  ...
# Subtest: P05 evaluator, proposal copy and canonical guidance presentation agree in all seven locales
ok 16 - P05 evaluator, proposal copy and canonical guidance presentation agree in all seven locales
  ---
  duration_ms: 11.447958
  type: 'test'
  ...
# Subtest: missing actual rule stays unknown before quality guard even when there are many persisted attempts
ok 17 - missing actual rule stays unknown before quality guard even when there are many persisted attempts
  ---
  duration_ms: 3.039667
  type: 'test'
  ...
# Subtest: minimum exactly met still needs quality, while own pace and shortfall keep their target semantics
ok 18 - minimum exactly met still needs quality, while own pace and shortfall keep their target semantics
  ---
  duration_ms: 2.560958
  type: 'test'
  ...
# Subtest: current completed window permits zero-work; later incorrect durable attempts restore the quality limit
ok 19 - current completed window permits zero-work; later incorrect durable attempts restore the quality limit
  ---
  duration_ms: 9.577916
  type: 'test'
  ...
# Subtest: completion rule validates explicit v1 bounds
ok 20 - completion rule validates explicit v1 bounds
  ---
  duration_ms: 2.11825
  type: 'test'
  ...
# Subtest: completion is unknown without a package rule and otherwise uses the exact rolling window
ok 21 - completion is unknown without a package rule and otherwise uses the exact rolling window
  ---
  duration_ms: 13.085916
  type: 'test'
  ...
# Subtest: completion filters full package identity, deduplicates exact retries, and rejects malformed or conflicting durable evidence
ok 22 - completion filters full package identity, deduplicates exact retries, and rejects malformed or conflicting durable evidence
  ---
  duration_ms: 0.779292
  type: 'test'
  ...
# Subtest: same instant ordering is stable by id
ok 23 - same instant ordering is stable by id
  ---
  duration_ms: 0.154625
  type: 'test'
  ...
1..23
# tests 26
# suites 0
# pass 25
# fail 1
# cancelled 0
# skipped 0
# todo 0
# duration_ms 1526.767041
