TAP version 13
# Subtest: each catalogued track validates, tests and builds independently
ok 1 - each catalogued track validates, tests and builds independently
  ---
  duration_ms: 80.514958
  type: 'test'
  ...
# Subtest: build-all emits exactly nine deterministic artifacts and lock entries
ok 2 - build-all emits exactly nine deterministic artifacts and lock entries
  ---
  duration_ms: 26.751583
  type: 'test'
  ...
# Subtest: GCP simulation profile binds a complete unambiguous node map to the same-version published artifact
ok 3 - GCP simulation profile binds a complete unambiguous node map to the same-version published artifact
  ---
  duration_ms: 398.787292
  type: 'test'
  ...
# Subtest: Coding Interview simulation profile emits the blueprint and exact checksum-verified pool identities
ok 4 - Coding Interview simulation profile emits the blueprint and exact checksum-verified pool identities
  ---
  duration_ms: 314.275708
  type: 'test'
  ...
# Subtest: malformed Coding Interview simulation blueprint fails closed
ok 5 - malformed Coding Interview simulation blueprint fails closed
  ---
  duration_ms: 108.324542
  type: 'test'
  ...
# Subtest: Coding Interview simulation selection policies reject stale pools and invalid identities
ok 6 - Coding Interview simulation selection policies reject stale pools and invalid identities
  ---
  duration_ms: 869.116459
  type: 'test'
  ...
# Subtest: Design Interview simulation profiles emit one strict text-response case per track
ok 7 - Design Interview simulation profiles emit one strict text-response case per track
  ---
  duration_ms: 1479.473291
  type: 'test'
  ...
# Subtest: Design simulation availability requires the canonical text profile and does not imply question-bank capacity
ok 8 - Design simulation availability requires the canonical text profile and does not imply question-bank capacity
  ---
  duration_ms: 11.875083
  type: 'test'
  ...
# Subtest: malformed Design Interview simulation sources fail closed
ok 9 - malformed Design Interview simulation sources fail closed
  ---
  duration_ms: 9.573708
  type: 'test'
  ...
# Subtest: malformed present GCP simulation profile fails closed on incomplete node coverage
ok 10 - malformed present GCP simulation profile fails closed on incomplete node coverage
  ---
  duration_ms: 112.455958
  type: 'test'
  ...
# Subtest: existing GCP artifact rejects malformed profile even when its lock SHA is recomputed
ok 11 - existing GCP artifact rejects malformed profile even when its lock SHA is recomputed
  ---
  duration_ms: 846.60425
  type: 'test'
  ...
# Subtest: existing GCP artifact rejects a legal but source-inconsistent node domain when its lock SHA is recomputed
ok 12 - existing GCP artifact rejects a legal but source-inconsistent node domain when its lock SHA is recomputed
  ---
  duration_ms: 529.256959
  type: 'test'
  ...
# Subtest: ACC-02 Candidate Manifest retains its exact nine-track identity against frozen baseline and migration manifest
ok 13 - ACC-02 Candidate Manifest retains its exact nine-track identity against frozen baseline and migration manifest
  ---
  duration_ms: 0.323625
  type: 'test'
  ...
# Subtest: canonical JSON sorts recursive object keys without reordering arrays
ok 14 - canonical JSON sorts recursive object keys without reordering arrays
  ---
  duration_ms: 0.059959
  type: 'test'
  ...
# Subtest: mutating one track does not rewrite another artifact or lock entry
ok 15 - mutating one track does not rewrite another artifact or lock entry
  ---
  duration_ms: 35.327917
  type: 'test'
  ...
# Subtest: builder rejects missing, empty, unknown and malformed inputs
ok 16 - builder rejects missing, empty, unknown and malformed inputs
  ---
  duration_ms: 4.404292
  type: 'test'
  ...
# Subtest: builder requires each mental-unit source file to be a non-empty question array
ok 17 - builder requires each mental-unit source file to be a non-empty question array
  ---
  duration_ms: 3.35525
  type: 'test'
  ...
# Subtest: builder rejects path identity, foreign track, duplicate and invalid questions
ok 18 - builder rejects path identity, foreign track, duplicate and invalid questions
  ---
  duration_ms: 7.641042
  type: 'test'
  ...
# Subtest: existing malformed lock is rejected before a single-track build
ok 19 - existing malformed lock is rejected before a single-track build
  ---
  duration_ms: 4.515542
  type: 'test'
  ...
# Subtest: source discovery rejects a symlinked track, node directory, or question file
ok 20 - source discovery rejects a symlinked track, node directory, or question file
  ---
  duration_ms: 8.849292
  type: 'test'
  ...
# Subtest: a tampered existing artifact blocks another track before any write
ok 21 - a tampered existing artifact blocks another track before any write
  ---
  duration_ms: 18.795625
  type: 'test'
  ...
# Subtest: single-track build rejects orphan artifacts and temporary outputs before writing any target
ok 22 - single-track build rejects orphan artifacts and temporary outputs before writing any target
  ---
  duration_ms: 7.884584
  type: 'test'
  ...
# Subtest: single-track build rejects a symlinked output root without external writes
ok 23 - single-track build rejects a symlinked output root without external writes
  ---
  duration_ms: 3.615458
  type: 'test'
  ...
# Subtest: single-track output commit rolls back both files on an injected second rename failure
ok 24 - single-track output commit rolls back both files on an injected second rename failure
  ---
  duration_ms: 10.25375
  type: 'test'
  ...
# Subtest: build-all stages and rolls back the complete new output set on rename failure
ok 25 - build-all stages and rolls back the complete new output set on rename failure
  ---
  duration_ms: 33.1995
  type: 'test'
  ...
# Subtest: CLI parser requires track for single-track commands and rejects it for build-all
ok 26 - CLI parser requires track for single-track commands and rejects it for build-all
  ---
  duration_ms: 0.346375
  type: 'test'
  ...
# Subtest: CLI executes a hermetic single-track validate/test/build
ok 27 - CLI executes a hermetic single-track validate/test/build
  ---
  duration_ms: 232.249166
  type: 'test'
  ...
# Subtest: catalog accepts a valid optional package completion rule and rejects malformed or null rules
ok 28 - catalog accepts a valid optional package completion rule and rejects malformed or null rules
  ---
  duration_ms: 1.28975
  type: 'test'
  ...
# Subtest: builder transports the exact source rule, hashes it, and omits it when absent
ok 29 - builder transports the exact source rule, hashes it, and omits it when absent
  ---
  duration_ms: 21.891792
  type: 'test'
  ...
# Subtest: existing artifact rule must agree with catalog even after checksum is recomputed
ok 30 - existing artifact rule must agree with catalog even after checksum is recomputed
  ---
  duration_ms: 22.352167
  type: 'test'
  ...
1..30
# tests 30
# suites 0
# pass 30
# fail 0
# cancelled 0
# skipped 0
# todo 0
# duration_ms 5268.497916
