TAP version 13
# Subtest: actual canonical producer preserves a versioned completion rule in the hashed artifact
ok 1 - actual canonical producer preserves a versioned completion rule in the hashed artifact
  ---
  duration_ms: 255.847959
  type: 'test'
  ...
# Subtest: Home rejects a goal change during exact package resolution instead of publishing an old generation
ok 2 - Home rejects a goal change during exact package resolution instead of publishing an old generation
  ---
  duration_ms: 352.449375
  type: 'test'
  ...
# Subtest: real producer → verified canonical runtime → persisted evidence → Home and proposal use the same rule
ok 3 - real producer → verified canonical runtime → persisted evidence → Home and proposal use the same rule
  ---
  duration_ms: 853.59325
  type: 'test'
  ...
# Subtest: shared evidence is package-wide across plan revisions, exact by artifact, deduplicated, and partial is not correct
ok 4 - shared evidence is package-wide across plan revisions, exact by artifact, deduplicated, and partial is not correct
  ---
  duration_ms: 733.05525
  type: 'test'
  ...
# Subtest: absent actual policies stay unknown in both actual Home and proposal for all nine current tracks
ok 5 - absent actual policies stay unknown in both actual Home and proposal for all nine current tracks
  ---
  duration_ms: 320.706333
  type: 'test'
  ...
# Subtest: producer and actual consumer reject the same malformed v1 rule vectors and hash binds a valid rule
ok 6 - producer and actual consumer reject the same malformed v1 rule vectors and hash binds a valid rule
  ---
  duration_ms: 635.361375
  type: 'test'
  ...
# Subtest: Home rejects evidence changes and journal failure inside exact resolution
ok 7 - Home rejects evidence changes and journal failure inside exact resolution
  ---
  duration_ms: 793.863
  type: 'test'
  ...
# Subtest: matching-package phantom question IDs fail instead of contributing fabricated progress
ok 8 - matching-package phantom question IDs fail instead of contributing fabricated progress
  ---
  duration_ms: 685.663375
  type: 'test'
  ...
# Subtest: actual profile router A/B/A rejects old Home snapshot even when account A learning data is unchanged
ok 9 - actual profile router A/B/A rejects old Home snapshot even when account A learning data is unchanged
  ---
  duration_ms: 715.246083
  type: 'test'
  ...
# Subtest: actual persisted reviews share exact qualification and due cutoff; phantom matching review fails closed
ok 10 - actual persisted reviews share exact qualification and due cutoff; phantom matching review fails closed
  ---
  duration_ms: 709.000959
  type: 'test'
  ...
# Subtest: current producer rebuild preserves all nine rule-free artifact bytes and exact app lock
ok 11 - current producer rebuild preserves all nine rule-free artifact bytes and exact app lock
  ---
  duration_ms: 1392.306208
  type: 'test'
  ...
# Subtest: node package verifier enforces exact transport headers, hashes, schema and app minimum
ok 12 - node package verifier enforces exact transport headers, hashes, schema and app minimum
  ---
  duration_ms: 28.508292
  type: 'test'
  ...
# Subtest: install keeps old exact package resolvable after new activation and rolls back on failed reread or activation
ok 13 - install keeps old exact package resolvable after new activation and rolls back on failed reread or activation
  ---
  duration_ms: 351.111541
  type: 'test'
  ...
# Subtest: installed exact cache is isolated across profile changes and lazily rehydrates on return
ok 14 - installed exact cache is isolated across profile changes and lazily rehydrates on return
  ---
  duration_ms: 293.078833
  type: 'test'
  ...
# Subtest: stale profile hydration cannot register records after an in-flight profile switch
ok 15 - stale profile hydration cannot register records after an in-flight profile switch
  ---
  duration_ms: 275.482875
  type: 'test'
  ...
# Subtest: package hash and gzip output size reject corrupt, oversized, and truncated packages
ok 16 - package hash and gzip output size reject corrupt, oversized, and truncated packages
  ---
  duration_ms: 0.417334
  type: 'test'
  ...
# Subtest: 404 and interrupted downloads do not replace an active package
ok 17 - 404 and interrupted downloads do not replace an active package
  ---
  duration_ms: 0.730375
  type: 'test'
  ...
# Subtest: backend package admission failures keep their typed status and code
ok 18 - backend package admission failures keep their typed status and code
  ---
  duration_ms: 0.248583
  type: 'test'
  ...
1..18
# tests 18
# suites 0
# pass 18
# fail 0
# cancelled 0
# skipped 0
# todo 0
# duration_ms 7948.465959
