Running on iPhone 17 - iOS 26.4 - 7F315654-3175-4F3C-BB24-B0263F59360C
 > Flow BIZQ06 Safari canonical demo normal size
Scrolling DOWN until "Try again.*" is visible with speed 40, visibility percentage 100%, timeout 15000 ms, with centering enabled... COMPLETED
Tap on "Try again.*"... COMPLETED
Scrolling UP until "Across the whole run.*" is visible with speed 40, visibility percentage 100%, timeout 15000 ms, with centering enabled... COMPLETED
Take screenshot 01-neutral... COMPLETED
Scrolling DOWN until "Nested loops are always linear.*" is visible with speed 40, visibility percentage 100%, timeout 15000 ms, with centering enabled... COMPLETED
Tap on "Nested loops are always linear.*"... COMPLETED
Scrolling DOWN until "See the key idea.*" is visible with speed 40, visibility percentage 100%, timeout 15000 ms, with centering enabled... COMPLETED
Assert that "Nested loops can be quadratic when inner work resets.*" is visible... COMPLETED
Take screenshot 02-wrong-reason... COMPLETED
Tap on "See the key idea.*"... COMPLETED
Assert that "Do not count the inner loop.*" is visible... COMPLETED
Take screenshot 03-expanded-details... COMPLETED
Scrolling DOWN until "Try again.*" is visible with speed 40, visibility percentage 100%, timeout 15000 ms, with centering enabled... COMPLETED
Take screenshot 03-details-reset... COMPLETED
Assert that "This page does not offer a link to access the app yet.*" is visible... COMPLETED
Tap on "Try again.*"... COMPLETED
Assert that "Nested loops can be quadratic when inner work resets.*" is not visible... COMPLETED
Scrolling UP until "Across the whole run.*" is visible with speed 40, visibility percentage 100%, timeout 15000 ms, with centering enabled... COMPLETED
Tap on "Across the whole run.*"... COMPLETED
Scrolling DOWN until "See the key idea.*" is visible with speed 40, visibility percentage 100%, timeout 15000 ms, with centering enabled... COMPLETED
Assert that "The nested shape is misleading here.*" is visible... COMPLETED
Take screenshot 04-correct-reason... COMPLETED
