Preserved initial local validation harness failure (probe setup only; not a workflow run): the extracted `run` body is a shell script containing a heredoc, but the first probe passed it to `node --input-type=module -e` instead of Bash.

Observed output:

```text
Error: .github/workflows/content-publishing.yml: admission step failed: file:///Users/lukaszkurczab/Desktop/Projects/Patternly/patternly-content/[eval1]:1
node --input-type=module <<'NODE'
       ^^^^^

SyntaxError: Unexpected identifier 'input'
    at compileSourceTextModule (node:internal/modules/esm/utils:346:10)
    at ModuleLoader.createModuleWrap (node:internal/modules/esm/loader:253:12)
    at ModuleLoader.eval (node:internal/modules/esm/loader:293:23)
    at node:internal/process/execution:73:24
    at asyncRunEntryPointWithESMLoader (node:internal/modules/run_main:117:11)
    at Object.runEntryPointWithESMLoader (node:internal/modules/run_main:139:19)
    at evalTypeScript (node:internal/process/execution:291:3)
    at node:internal/main/eval_stdin:53:5
    at ReadStream.<anonymous> (node:internal/process/execution:201:5)
    at ReadStream.emit (node:events:519:28)

Node.js v22.22.3
```

The corrected probe ran the same extracted `run` body with Bash and passed for both workflows; see `CI-ADMISSION-WORKFLOW-CHECK.log`.
