TAP version 13
# Subtest: admission binds verified local publishing bytes, app lock, and runtime test
ok 1 - admission binds verified local publishing bytes, app lock, and runtime test
  ---
  duration_ms: 161.004584
  type: 'test'
  ...
# Subtest: committed admission and runtime evidence remain hash-bound
ok 2 - committed admission and runtime evidence remain hash-bound
  ---
  duration_ms: 6.457166
  type: 'test'
  ...
# Subtest: release gate verifies exact decision-bound evidence and requires separate admission
ok 3 - release gate verifies exact decision-bound evidence and requires separate admission
  ---
  duration_ms: 587.022084
  type: 'test'
  ...
# Subtest: release gate accepts the exact v3 admission without mutating readiness v2
ok 4 - release gate accepts the exact v3 admission without mutating readiness v2
  ---
  duration_ms: 374.124209
  type: 'test'
  ...
# Subtest: bundled Free-node control validates pinned source items and bounds decompression
ok 5 - bundled Free-node control validates pinned source items and bounds decompression
  ---
  duration_ms: 2932.363417
  type: 'test'
  ...
# Subtest: Free-node acceptance evidence rejects authority changes and unsupported fields
ok 6 - Free-node acceptance evidence rejects authority changes and unsupported fields
  ---
  duration_ms: 4.819166
  type: 'test'
  ...
# Subtest: workflow contract rebuilds v2 evidence and release gate without legacy publisher or deployment commands
ok 7 - workflow contract rebuilds v2 evidence and release gate without legacy publisher or deployment commands
  ---
  duration_ms: 2.832917
  type: 'test'
  ...
1..7
# tests 7
# suites 0
# pass 7
# fail 0
# cancelled 0
# skipped 0
# todo 0
# duration_ms 4026.496
