TAP version 13
# Subtest: OOD23 producer proof binds the frozen 144-item mixed identity map and exact source files
not ok 1 - OOD23 producer proof binds the frozen 144-item mixed identity map and exact source files
  ---
  duration_ms: 13.274
  type: 'test'
  location: '/Users/lukaszkurczab/Desktop/Projects/Patternly/patternly/src/content/bizq01OodNodeClosure23.test.ts:2:5286'
  failureType: 'testCodeFailure'
  error: "ENOENT: no such file or directory, open '/Users/lukaszkurczab/Desktop/Projects/Patternly/patternly-content/evidence/business-quality/bizq-01-ood-node-closure-23.json'"
  code: 'ENOENT'
  stack: |-
    Object.openSync (node:fs:560:18)
    readFileSync (node:fs:444:35)
    readProof (/Users/lukaszkurczab/Desktop/Projects/Patternly/patternly/src/content/bizq01OodNodeClosure23.test.ts:116:17)
    TestContext.<anonymous> (/Users/lukaszkurczab/Desktop/Projects/Patternly/patternly/src/content/bizq01OodNodeClosure23.test.ts:130:17)
    Test.runInAsyncScope (node:async_hooks:214:14)
    Test.run (node:internal/test_runner/test:1047:25)
    Test.start (node:internal/test_runner/test:944:17)
    startSubtestAfterBootstrap (node:internal/test_runner/harness:296:17)
  ...
# Subtest: OOD23 loaded runtime matches every fixed reviewed question object
not ok 2 - OOD23 loaded runtime matches every fixed reviewed question object
  ---
  duration_ms: 340.748708
  type: 'test'
  location: '/Users/lukaszkurczab/Desktop/Projects/Patternly/patternly/src/content/bizq01OodNodeClosure23.test.ts:2:7588'
  failureType: 'testCodeFailure'
  error: |-
    Expected values to be strictly equal:
    + actual - expected
    
    + 'object-oriented-design-interview-authoring-v2026.10.04-bizq01-22'
    - 'object-oriented-design-interview-authoring-v2026.10.05-bizq01-23'
    
  code: 'ERR_ASSERTION'
  name: 'AssertionError'
  expected: 'object-oriented-design-interview-authoring-v2026.10.05-bizq01-23'
  actual: 'object-oriented-design-interview-authoring-v2026.10.04-bizq01-22'
  operator: 'strictEqual'
  stack: |-
    TestContext.<anonymous> (/Users/lukaszkurczab/Desktop/Projects/Patternly/patternly/src/content/bizq01OodNodeClosure23.test.ts:166:10)
    async Test.run (node:internal/test_runner/test:1054:7)
    async Test.processPendingSubtests (node:internal/test_runner/test:744:7)
  ...
# Subtest: OOD23 scoring, option-order reversal, feedback targets and pre-answer view use fixed IDs
ok 3 - OOD23 scoring, option-order reversal, feedback targets and pre-answer view use fixed IDs
  ---
  duration_ms: 12.194333
  type: 'test'
  ...
# Subtest: OOD23 preserves accepted N01-N06 node counts and the exact ordinary N01 pools
ok 4 - OOD23 preserves accepted N01-N06 node counts and the exact ordinary N01 pools
  ---
  duration_ms: 6.376625
  type: 'test'
  ...
1..4
# tests 4
# suites 0
# pass 2
# fail 2
# cancelled 0
# skipped 0
# todo 0
# duration_ms 983.6455
