TAP version 13
# Subtest: accepts the fixed N06 same-ID package and reconstructs 22→21→20→19a→19→17→16→13→12→11
ok 1 - accepts the fixed N06 same-ID package and reconstructs 22→21→20→19a→19→17→16→13→12→11
  ---
  duration_ms: 3193.669958
  type: 'test'
  ...
# Subtest: requires every fixed proof in the source22 predecessor chain
ok 2 - requires every fixed proof in the source22 predecessor chain
  ---
  duration_ms: 11098.404333
  type: 'test'
  ...
# Subtest: rejects tampered proof identity, objects, membership, source hashes, and accepted keys
ok 3 - rejects tampered proof identity, objects, membership, source hashes, and accepted keys
  ---
  duration_ms: 5518.633084
  type: 'test'
  ...
# Subtest: rejects current-source, catalog-version, and missing-v21-predecessor changes
ok 4 - rejects current-source, catalog-version, and missing-v21-predecessor changes
  ---
  duration_ms: 2476.85425
  type: 'test'
  ...
# Subtest: rejects symlink substitution for fixed proof and source paths
ok 5 - rejects symlink substitution for fixed proof and source paths
  ---
  duration_ms: 949.801625
  type: 'test'
  ...
# Subtest: accepts the fixed N07 mixed-identity package and reconstructs 23→22→21→20→19a→19→17→16→13→12→11
ok 6 - accepts the fixed N07 mixed-identity package and reconstructs 23→22→21→20→19a→19→17→16→13→12→11
  ---
  duration_ms: 3281.252833
  type: 'test'
  ...
# Subtest: requires every fixed proof in the source23 predecessor chain
ok 7 - requires every fixed proof in the source23 predecessor chain
  ---
  duration_ms: 12669.541
  type: 'test'
  ...
# Subtest: rejects tampered proof identity, objects, membership, source hashes, and accepted keys
ok 8 - rejects tampered proof identity, objects, membership, source hashes, and accepted keys
  ---
  duration_ms: 5493.315959
  type: 'test'
  ...
# Subtest: rejects current-source, catalog-version, and missing-v22-predecessor changes
ok 9 - rejects current-source, catalog-version, and missing-v22-predecessor changes
  ---
  duration_ms: 2470.6005
  type: 'test'
  ...
# Subtest: rejects symlink substitution for fixed proof and source paths
ok 10 - rejects symlink substitution for fixed proof and source paths
  ---
  duration_ms: 853.868292
  type: 'test'
  ...
1..10
# tests 10
# suites 0
# pass 10
# fail 0
# cancelled 0
# skipped 0
# todo 0
# duration_ms 24969.972458
