TAP version 13
# Subtest: OOD21 producer proof binds the frozen 153-item same-ID map and exact source files
ok 1 - OOD21 producer proof binds the frozen 153-item same-ID map and exact source files
  ---
  duration_ms: 21.250125
  type: 'test'
  ...
# Subtest: OOD21 loaded runtime matches every fixed same-ID question object
ok 2 - OOD21 loaded runtime matches every fixed same-ID question object
  ---
  duration_ms: 502.353875
  type: 'test'
  ...
# Subtest: OOD21 scoring, option-order reversal, feedback targets and pre-answer view use fixed IDs
ok 3 - OOD21 scoring, option-order reversal, feedback targets and pre-answer view use fixed IDs
  ---
  duration_ms: 11.273959
  type: 'test'
  ...
# Subtest: OOD21 preserves accepted N01-N04 node counts and the exact ordinary N01 pools
ok 4 - OOD21 preserves accepted N01-N04 node counts and the exact ordinary N01 pools
  ---
  duration_ms: 7.293
  type: 'test'
  ...
# Subtest: OOD22 producer proof binds the frozen 180-item same-ID map and exact source files
ok 5 - OOD22 producer proof binds the frozen 180-item same-ID map and exact source files
  ---
  duration_ms: 43.372834
  type: 'test'
  ...
# Subtest: OOD22 loaded runtime matches every fixed same-ID question object
ok 6 - OOD22 loaded runtime matches every fixed same-ID question object
  ---
  duration_ms: 566.069167
  type: 'test'
  ...
# Subtest: OOD22 scoring, option-order reversal, feedback targets and pre-answer view use fixed IDs
ok 7 - OOD22 scoring, option-order reversal, feedback targets and pre-answer view use fixed IDs
  ---
  duration_ms: 14.415
  type: 'test'
  ...
# Subtest: OOD22 preserves accepted N01-N05 node counts and the exact ordinary N01 pools
ok 8 - OOD22 preserves accepted N01-N05 node counts and the exact ordinary N01 pools
  ---
  duration_ms: 7.7565
  type: 'test'
  ...
# Subtest: OOD23 producer proof binds the frozen 144-item mixed identity map and exact source files
ok 9 - OOD23 producer proof binds the frozen 144-item mixed identity map and exact source files
  ---
  duration_ms: 40.473
  type: 'test'
  ...
# Subtest: OOD23 loaded runtime matches every fixed reviewed question object
ok 10 - OOD23 loaded runtime matches every fixed reviewed question object
  ---
  duration_ms: 570.758333
  type: 'test'
  ...
# Subtest: OOD23 scoring, option-order reversal, feedback targets and pre-answer view use fixed IDs
ok 11 - OOD23 scoring, option-order reversal, feedback targets and pre-answer view use fixed IDs
  ---
  duration_ms: 17.619792
  type: 'test'
  ...
# Subtest: OOD23 preserves accepted N01-N06 node counts and the exact ordinary N01 pools
ok 12 - OOD23 preserves accepted N01-N06 node counts and the exact ordinary N01 pools
  ---
  duration_ms: 6.611625
  type: 'test'
  ...
# Subtest: runtime admission resolves the exact candidate lock for every canonical launch track
ok 13 - runtime admission resolves the exact candidate lock for every canonical launch track
  ---
  duration_ms: 503.138125
  type: 'test'
  ...
1..13
# tests 13
# suites 0
# pass 13
# fail 0
# cancelled 0
# skipped 0
# todo 0
# duration_ms 1576.169375
