TAP version 13
# Subtest: actual GCP practice choice orders vary between session identities and survive durable resume unchanged
ok 1 - actual GCP practice choice orders vary between session identities and survive durable resume unchanged
  ---
  duration_ms: 202.362208
  type: 'test'
  ...
# Subtest: resume accepts a fingerprint-bound legal choice permutation without requiring regeneration
ok 2 - resume accepts a fingerprint-bound legal choice permutation without requiring regeneration
  ---
  duration_ms: 0.985958
  type: 'test'
  ...
1..2
# tests 2
# suites 0
# pass 2
# fail 0
# cancelled 0
# skipped 0
# todo 0
# duration_ms 950.756958
