
> patternly-web@0.1.0 verify:local
> node scripts/build-local.mjs && node scripts/verify-local.mjs

{"status":"current","outputPath":"/Users/lukaszkurczab/Desktop/Projects/Patternly/patternly-web/src/generated/demoQuestions.json","questionIds":["alg-complexity-time-005","aws-saa-c03-architecture-001-odk096"]}
vite v6.4.3 building for local-test...
transforming...
✓ 48 modules transformed.
rendering chunks...
computing gzip size...
dist/privacy.html                                                 0.60 kB │ gzip:  0.34 kB
dist/terms.html                                                   0.60 kB │ gzip:  0.34 kB
dist/index.html                                                   0.77 kB │ gzip:  0.43 kB
dist/assets/manrope-latin-ext-wght-normal-Ch3YOpNY.woff2         15.12 kB
dist/assets/manrope-latin-wght-normal-DHIcAJRg.woff2             24.84 kB
dist/assets/ibm-plex-sans-latin-ext-wght-normal-CIII54If.woff2   30.96 kB
dist/assets/ibm-plex-sans-latin-wght-normal-IvpUvPa2.woff2       45.71 kB
dist/assets/Brand-hfKxx8D5.css                                   20.67 kB │ gzip:  5.24 kB
dist/assets/index-DCADSdmD.js                                    27.33 kB │ gzip:  8.33 kB
dist/assets/Brand-CQKqHBHw.js                                   196.08 kB │ gzip: 61.62 kB
dist/assets/publicLegalMain-C3_wN8LQ.js                         203.10 kB │ gzip: 66.53 kB
✓ built in 2.18s
Public bundle contains only the two selected bounded demo questions; display-only Details copies are explicitly accounted for and the former SQL demo is absent.
Public build, legal pages, locale content, route boundary, marketing render, and local admin entry verification passed.
