TAP version 13
# Subtest: OOD19 frozen bindings cover all nine reviewed 18-item payloads
not ok 1 - OOD19 frozen bindings cover all nine reviewed 18-item payloads
  ---
  duration_ms: 2.708375
  type: 'test'
  location: '/Users/lukaszkurczab/Desktop/Projects/Patternly/patternly/src/content/bizq01OodNodeClosure19.test.ts:2:8179'
  failureType: 'testCodeFailure'
  error: |-
    OOD-N03-B01 frozen proposal bytes
    + actual - expected

    + 'c23224df332377b45f718bc10d903a7c9fe645954dd9778f30af503bbabef58b'
    - 'c23224df332377b45f718bc10d903a7c9fe645954dd9778f30af503bbabef58'

  code: 'ERR_ASSERTION'
  name: 'AssertionError'
  expected: 'c23224df332377b45f718bc10d903a7c9fe645954dd9778f30af503bbabef58'
  actual: 'c23224df332377b45f718bc10d903a7c9fe645954dd9778f30af503bbabef58b'
  operator: 'strictEqual'
  stack: |-
    readFrozenQuestions (/Users/lukaszkurczab/Desktop/Projects/Patternly/patternly/src/content/bizq01OodNodeClosure19.test.ts:58:10)
    TestContext.<anonymous> (/Users/lukaszkurczab/Desktop/Projects/Patternly/patternly/src/content/bizq01OodNodeClosure19.test.ts:108:38)
    Test.runInAsyncScope (node:async_hooks:214:14)
    Test.run (node:internal/test_runner/test:1047:25)
    Test.start (node:internal/test_runner/test:944:17)
    startSubtestAfterBootstrap (node:internal/test_runner/harness:296:17)
  ...
# Subtest: OOD19 preserves all 136 accepted N01 and 152 accepted N02 source and runtime objects
not ok 2 - OOD19 preserves all 136 accepted N01 and 152 accepted N02 source and runtime objects
  ---
  duration_ms: 319.501584
  type: 'test'
  location: '/Users/lukaszkurczab/Desktop/Projects/Patternly/patternly/src/content/bizq01OodNodeClosure19.test.ts:2:8395'
  failureType: 'testCodeFailure'
  error: |-
    content/object-oriented-design-interview/objects_responsibilities_encapsulation_and_invariants/OOD-N02-B01.json accepted source bytes
    + actual - expected

    + '8d858a2491ea8c320d687efc7d427fa469df6bc227fd238b02fc19af0f8fcddf'
    - '0fdcd70fa6df580662c77a3b163f714f54633471577130acddd0234ec1786b46'

  code: 'ERR_ASSERTION'
  name: 'AssertionError'
  expected: '0fdcd70fa6df580662c77a3b163f714f54633471577130acddd0234ec1786b46'
  actual: '8d858a2491ea8c320d687efc7d427fa469df6bc227fd238b02fc19af0f8fcddf'
  operator: 'strictEqual'
  stack: |-
    TestContext.<anonymous> (/Users/lukaszkurczab/Desktop/Projects/Patternly/patternly/src/content/bizq01OodNodeClosure19.test.ts:118:14)
    async Test.run (node:internal/test_runner/test:1054:7)
    async Test.processPendingSubtests (node:internal/test_runner/test:744:7)
  ...
# Subtest: OOD19 OOD-N03-B01 source and runtime match frozen payload; predecessors are retired
not ok 3 - OOD19 OOD-N03-B01 source and runtime match frozen payload; predecessors are retired
  ---
  duration_ms: 0.266708
  type: 'test'
  location: '/Users/lukaszkurczab/Desktop/Projects/Patternly/patternly/src/content/bizq01OodNodeClosure19.test.ts:2:9226'
  failureType: 'testCodeFailure'
  error: |-
    OOD-N03-B01 frozen proposal bytes
    + actual - expected

    + 'c23224df332377b45f718bc10d903a7c9fe645954dd9778f30af503bbabef58b'
    - 'c23224df332377b45f718bc10d903a7c9fe645954dd9778f30af503bbabef58'

  code: 'ERR_ASSERTION'
  name: 'AssertionError'
  expected: 'c23224df332377b45f718bc10d903a7c9fe645954dd9778f30af503bbabef58'
  actual: 'c23224df332377b45f718bc10d903a7c9fe645954dd9778f30af503bbabef58b'
  operator: 'strictEqual'
  stack: |-
    readFrozenQuestions (/Users/lukaszkurczab/Desktop/Projects/Patternly/patternly/src/content/bizq01OodNodeClosure19.test.ts:58:10)
    TestContext.<anonymous> (/Users/lukaszkurczab/Desktop/Projects/Patternly/patternly/src/content/bizq01OodNodeClosure19.test.ts:130:22)
    async Test.run (node:internal/test_runner/test:1054:7)
    async Test.processPendingSubtests (node:internal/test_runner/test:744:7)
  ...
# Subtest: OOD19 OOD-N03-B01 real scoring, reversed-option invariance and learner feedback use stable IDs
not ok 4 - OOD19 OOD-N03-B01 real scoring, reversed-option invariance and learner feedback use stable IDs
  ---
  duration_ms: 0.278792
  type: 'test'
  location: '/Users/lukaszkurczab/Desktop/Projects/Patternly/patternly/src/content/bizq01OodNodeClosure19.test.ts:2:10389'
  failureType: 'testCodeFailure'
  error: |-
    OOD-N03-B01 frozen proposal bytes
    + actual - expected

    + 'c23224df332377b45f718bc10d903a7c9fe645954dd9778f30af503bbabef58b'
    - 'c23224df332377b45f718bc10d903a7c9fe645954dd9778f30af503bbabef58'

  code: 'ERR_ASSERTION'
  name: 'AssertionError'
  expected: 'c23224df332377b45f718bc10d903a7c9fe645954dd9778f30af503bbabef58'
  actual: 'c23224df332377b45f718bc10d903a7c9fe645954dd9778f30af503bbabef58b'
  operator: 'strictEqual'
  stack: |-
    readFrozenQuestions (/Users/lukaszkurczab/Desktop/Projects/Patternly/patternly/src/content/bizq01OodNodeClosure19.test.ts:58:10)
    TestContext.<anonymous> (/Users/lukaszkurczab/Desktop/Projects/Patternly/patternly/src/content/bizq01OodNodeClosure19.test.ts:146:28)
    async Test.run (node:internal/test_runner/test:1054:7)
    async Test.processPendingSubtests (node:internal/test_runner/test:744:7)
  ...
# Subtest: OOD19 OOD-N03-B02 source and runtime match frozen payload; predecessors are retired
not ok 5 - OOD19 OOD-N03-B02 source and runtime match frozen payload; predecessors are retired
  ---
  duration_ms: 2.962209
  type: 'test'
  location: '/Users/lukaszkurczab/Desktop/Projects/Patternly/patternly/src/content/bizq01OodNodeClosure19.test.ts:2:9226'
  failureType: 'testCodeFailure'
  error: |-
    ood-n03-b02-i019 runtime artifact matches source
    + actual - expected

    + undefined
    - {
    -   answer: {
    -     optionId: 'n03b02_019_model',
    -     type: 'choice_single'
    -   },
    -   difficulty: 'foundational',
    -   feedback: {
    -     details: {
    -       boundaryOrTradeoff: 'If the operations screen used a provider-keyed index, the model could keep only Session→Provider and avoid maintaining the inverse collection.',
    -       errorCorrection: 'A unidirectional reference would satisfy only one of the two explicitly required traversals; do not infer that an unmentioned query needs a back-reference.',
    -       mechanismOrProperty: 'Navigability is a traversal capability at an association end; both directions are justified only because both client paths are named.',
    -       scenarioApplication: 'The stream follows Session→Provider, and the operations screen follows Provider→Sessions. The transaction supplies the consistency boundary for the reverse links.',
    -       transfer: 'Add reverse navigation when a required client actually needs it and the consistency cost has an explicit owner.'
    -     },
    -     messages: [
    -       {
    -         kind: 'wrong_option',
    -         targetId: 'n03b02_019_alt1',
    -         text: 'The prompt requires provider-to-sessions traversal and rules out a scan/index substitute.'
    -       },
    -       {
    -         kind: 'wrong_option',
    -         targetId: 'n03b02_019_alt2',
    -         text: 'Callbacks begin at a session, so the reverse-only direction cannot serve the stream path.'
    -       },
    -       {
    -         kind: 'wrong_option',
    -         targetId: 'n03b02_019_alt3',
    -         text: 'Duplicating an ID instead of modeling the association does not provide either required object traversal.'
    -       }
    -     ],
    -     reason: 'Make the Session–Provider association navigable in both directions so each stated client can traverse its required path.',
    -     type: 'choice_single'
    -   },
    -   interaction: {
    -     options: [
    -       {
    -         optionId: 'n03b02_019_model',
    -         text: 'Make the Session–Provider association navigable in both directions so each stated client can traverse its required path.'
    -       },
    -       {
    -         optionId: 'n03b02_019_alt1',
    -         text: 'Make it navigable only from Session to Provider; the provider screen can discover sessions by scanning all sessions.'
    -       },
    -       {
    -         optionId: 'n03b02_019_alt2',
    -         text: 'Make it navigable only from Provider to Session; stream callbacks can search the provider’s session list.'
    -       },
    -       {
    -         optionId: 'n03b02_019_alt3',
    -         text: 'Store two independent provider IDs on each session and keep no association between the model objects.'
    -       }
    -     ],
    -     scoringMethod: 'exact_selected_set',
    -     type: 'choice_single'
    -   },
    -   mentalUnitId: 'OOD-N03-B02',
    -   nodeId: 'relationships_composition_ownership_lifecycle_and_dependencies',
    -   prompt: 'A caption session uses one active language provider. Stream callbacks start from the session and call that provider, while the provider operations screen must list its active sessions by direct object traversal; no separate index is available. Reassignment updates the session and provider collections in one transaction. Which navigability should the two model clients have?',
    -   questionId: 'ood-n03-b02-i019',
    -   sourceRefs: [
    -     'https://www.omg.org/spec/UML/2.5.1/PDF'
    -   ],
    -   trackId: 'object-oriented-design-interview'
    - }

  code: 'ERR_ASSERTION'
  name: 'AssertionError'
  expected:
    questionId: 'ood-n03-b02-i019'
    trackId: 'object-oriented-design-interview'
    nodeId: 'relationships_composition_ownership_lifecycle_and_dependencies'
    mentalUnitId: 'OOD-N03-B02'
    prompt: 'A caption session uses one active language provider. Stream callbacks start from the session and call that provider, while the provider operations screen must list its active sessions by direct object traversal; no separate index is available. Reassignment updates the session and provider collections in one transaction. Which navigability should the two model clients have?'
    interaction:
      type: 'choice_single'
      scoringMethod: 'exact_selected_set'
      options:
        0:
          optionId: 'n03b02_019_model'
          text: 'Make the Session–Provider association navigable in both directions so each stated client can traverse its required path.'
        1:
          optionId: 'n03b02_019_alt1'
          text: 'Make it navigable only from Session to Provider; the provider screen can discover sessions by scanning all sessions.'
        2:
          optionId: 'n03b02_019_alt2'
          text: 'Make it navigable only from Provider to Session; stream callbacks can search the provider’s session list.'
        3:
          optionId: 'n03b02_019_alt3'
          text: 'Store two independent provider IDs on each session and keep no association between the model objects.'
    answer:
      type: 'choice_single'
      optionId: 'n03b02_019_model'
    feedback:
      type: 'choice_single'
      reason: 'Make the Session–Provider association navigable in both directions so each stated client can traverse its required path.'
      details:
        mechanismOrProperty: 'Navigability is a traversal capability at an association end; both directions are justified only because both client paths are named.'
        scenarioApplication: 'The stream follows Session→Provider, and the operations screen follows Provider→Sessions. The transaction supplies the consistency boundary for the reverse links.'
        errorCorrection: 'A unidirectional reference would satisfy only one of the two explicitly required traversals; do not infer that an unmentioned query needs a back-reference.'
        boundaryOrTradeoff: 'If the operations screen used a provider-keyed index, the model could keep only Session→Provider and avoid maintaining the inverse collection.'
        transfer: 'Add reverse navigation when a required client actually needs it and the consistency cost has an explicit owner.'
      messages:
        0:
          kind: 'wrong_option'
          targetId: 'n03b02_019_alt1'
          text: 'The prompt requires provider-to-sessions traversal and rules out a scan/index substitute.'
        1:
          kind: 'wrong_option'
          targetId: 'n03b02_019_alt2'
          text: 'Callbacks begin at a session, so the reverse-only direction cannot serve the stream path.'
        2:
          kind: 'wrong_option'
          targetId: 'n03b02_019_alt3'
          text: 'Duplicating an ID instead of modeling the association does not provide either required object traversal.'
    difficulty: 'foundational'
    sourceRefs:
      0: 'https://www.omg.org/spec/UML/2.5.1/PDF'
  operator: 'deepStrictEqual'
  stack: |-
    TestContext.<anonymous> (/Users/lukaszkurczab/Desktop/Projects/Patternly/patternly/src/content/bizq01OodNodeClosure19.test.ts:138:14)
    async Test.run (node:internal/test_runner/test:1054:7)
    async Test.processPendingSubtests (node:internal/test_runner/test:744:7)
  ...
# Subtest: OOD19 OOD-N03-B02 real scoring, reversed-option invariance and learner feedback use stable IDs
not ok 6 - OOD19 OOD-N03-B02 real scoring, reversed-option invariance and learner feedback use stable IDs
  ---
  duration_ms: 0.368833
  type: 'test'
  location: '/Users/lukaszkurczab/Desktop/Projects/Patternly/patternly/src/content/bizq01OodNodeClosure19.test.ts:2:10389'
  failureType: 'testCodeFailure'
  error: 'current runtime contains ood-n03-b02-i019'
  code: 'ERR_ASSERTION'
  name: 'AssertionError'
  expected: true
  operator: '=='
  stack: |-
    TestContext.<anonymous> (/Users/lukaszkurczab/Desktop/Projects/Patternly/patternly/src/content/bizq01OodNodeClosure19.test.ts:148:14)
    async Test.run (node:internal/test_runner/test:1054:7)
    async Test.processPendingSubtests (node:internal/test_runner/test:744:7)
  ...
# Subtest: OOD19 OOD-N03-B03 source and runtime match frozen payload; predecessors are retired
not ok 7 - OOD19 OOD-N03-B03 source and runtime match frozen payload; predecessors are retired
  ---
  duration_ms: 0.956666
  type: 'test'
  location: '/Users/lukaszkurczab/Desktop/Projects/Patternly/patternly/src/content/bizq01OodNodeClosure19.test.ts:2:9226'
  failureType: 'testCodeFailure'
  error: |-
    ood-n03-b03-i019 runtime artifact matches source
    + actual - expected

    + undefined
    - {
    -   answer: {
    -     optionId: 'n03b03_019_model',
    -     type: 'choice_single'
    -   },
    -   difficulty: 'foundational',
    -   feedback: {
    -     details: {
    -       boundaryOrTradeoff: 'If the grant were only a transient unsaved preview with no audit obligation, deleting it on expiry could be appropriate.',
    -       errorCorrection: 'Do not confuse “no longer active” with “delete the object.” The case requires a retained lifecycle record.',
    -       mechanismOrProperty: 'An object can leave its active state without ending its record lifetime; audit retention is explicit here.',
    -       scenarioApplication: 'At the expiry instant, this Grant becomes expired and no longer authorizes access, while its ID and approval history remain stored.',
    -       transfer: 'When an object has both an active use period and a retention period, model those as separate lifecycle boundaries.'
    -     },
    -     messages: [
    -       {
    -         kind: 'wrong_option',
    -         targetId: 'n03b03_019_alt1',
    -         text: 'Expiry removes authorization, but the prompt explicitly requires the grant record to remain auditable.'
    -       },
    -       {
    -         kind: 'wrong_option',
    -         targetId: 'n03b03_019_alt2',
    -         text: 'The scenario makes the grant’s expiry transition a domain responsibility, not a caller convention.'
    -       },
    -       {
    -         kind: 'wrong_option',
    -         targetId: 'n03b03_019_alt3',
    -         text: 'The role definition is shared and has a separate lifetime from any one grant.'
    -       }
    -     ],
    -     reason: 'Authorization ends at expiry, but the approval evidence remains auditable.',
    -     type: 'choice_single'
    -   },
    -   interaction: {
    -     options: [
    -       {
    -         optionId: 'n03b03_019_model',
    -         text: 'Expire the Grant’s authority but retain its audit record.'
    -       },
    -       {
    -         optionId: 'n03b03_019_alt1',
    -         text: 'Delete the grant record at expiry and reconstruct it later from the role definition.'
    -       },
    -       {
    -         optionId: 'n03b03_019_alt2',
    -         text: 'Leave the grant active and rely on every door caller to compare the expiry timestamp correctly.'
    -       },
    -       {
    -         optionId: 'n03b03_019_alt3',
    -         text: 'Delete the shared role definition when this grant expires.'
    -       }
    -     ],
    -     scoringMethod: 'exact_selected_set',
    -     type: 'choice_single'
    -   },
    -   mentalUnitId: 'OOD-N03-B03',
    -   nodeId: 'relationships_composition_ownership_lifecycle_and_dependencies',
    -   prompt: 'A temporary access grant has a start and expiry instant. At expiry it stops authorizing access, but its grant ID, approver, and timestamps remain in the audit record. A role definition is shared by many grants. What lifecycle should the grant have when its expiry arrives?',
    -   questionId: 'ood-n03-b03-i019',
    -   sourceRefs: [
    -     'https://www.omg.org/spec/UML/2.5.1/PDF'
    -   ],
    -   trackId: 'object-oriented-design-interview'
    - }

  code: 'ERR_ASSERTION'
  name: 'AssertionError'
  expected:
    questionId: 'ood-n03-b03-i019'
    trackId: 'object-oriented-design-interview'
    nodeId: 'relationships_composition_ownership_lifecycle_and_dependencies'
    mentalUnitId: 'OOD-N03-B03'
    prompt: 'A temporary access grant has a start and expiry instant. At expiry it stops authorizing access, but its grant ID, approver, and timestamps remain in the audit record. A role definition is shared by many grants. What lifecycle should the grant have when its expiry arrives?'
    interaction:
      type: 'choice_single'
      scoringMethod: 'exact_selected_set'
      options:
        0:
          optionId: 'n03b03_019_model'
          text: 'Expire the Grant’s authority but retain its audit record.'
        1:
          optionId: 'n03b03_019_alt1'
          text: 'Delete the grant record at expiry and reconstruct it later from the role definition.'
        2:
          optionId: 'n03b03_019_alt2'
          text: 'Leave the grant active and rely on every door caller to compare the expiry timestamp correctly.'
        3:
          optionId: 'n03b03_019_alt3'
          text: 'Delete the shared role definition when this grant expires.'
    answer:
      type: 'choice_single'
      optionId: 'n03b03_019_model'
    feedback:
      type: 'choice_single'
      reason: 'Authorization ends at expiry, but the approval evidence remains auditable.'
      details:
        mechanismOrProperty: 'An object can leave its active state without ending its record lifetime; audit retention is explicit here.'
        scenarioApplication: 'At the expiry instant, this Grant becomes expired and no longer authorizes access, while its ID and approval history remain stored.'
        errorCorrection: 'Do not confuse “no longer active” with “delete the object.” The case requires a retained lifecycle record.'
        boundaryOrTradeoff: 'If the grant were only a transient unsaved preview with no audit obligation, deleting it on expiry could be appropriate.'
        transfer: 'When an object has both an active use period and a retention period, model those as separate lifecycle boundaries.'
      messages:
        0:
          kind: 'wrong_option'
          targetId: 'n03b03_019_alt1'
          text: 'Expiry removes authorization, but the prompt explicitly requires the grant record to remain auditable.'
        1:
          kind: 'wrong_option'
          targetId: 'n03b03_019_alt2'
          text: 'The scenario makes the grant’s expiry transition a domain responsibility, not a caller convention.'
        2:
          kind: 'wrong_option'
          targetId: 'n03b03_019_alt3'
          text: 'The role definition is shared and has a separate lifetime from any one grant.'
    difficulty: 'foundational'
    sourceRefs:
      0: 'https://www.omg.org/spec/UML/2.5.1/PDF'
  operator: 'deepStrictEqual'
  stack: |-
    TestContext.<anonymous> (/Users/lukaszkurczab/Desktop/Projects/Patternly/patternly/src/content/bizq01OodNodeClosure19.test.ts:138:14)
    async Test.run (node:internal/test_runner/test:1054:7)
    async Test.processPendingSubtests (node:internal/test_runner/test:744:7)
  ...
# Subtest: OOD19 OOD-N03-B03 real scoring, reversed-option invariance and learner feedback use stable IDs
not ok 8 - OOD19 OOD-N03-B03 real scoring, reversed-option invariance and learner feedback use stable IDs
  ---
  duration_ms: 0.281375
  type: 'test'
  location: '/Users/lukaszkurczab/Desktop/Projects/Patternly/patternly/src/content/bizq01OodNodeClosure19.test.ts:2:10389'
  failureType: 'testCodeFailure'
  error: 'current runtime contains ood-n03-b03-i019'
  code: 'ERR_ASSERTION'
  name: 'AssertionError'
  expected: true
  operator: '=='
  stack: |-
    TestContext.<anonymous> (/Users/lukaszkurczab/Desktop/Projects/Patternly/patternly/src/content/bizq01OodNodeClosure19.test.ts:148:14)
    async Test.run (node:internal/test_runner/test:1054:7)
    async Test.processPendingSubtests (node:internal/test_runner/test:744:7)
  ...
# Subtest: OOD19 OOD-N03-B04 source and runtime match frozen payload; predecessors are retired
not ok 9 - OOD19 OOD-N03-B04 source and runtime match frozen payload; predecessors are retired
  ---
  duration_ms: 1.12725
  type: 'test'
  location: '/Users/lukaszkurczab/Desktop/Projects/Patternly/patternly/src/content/bizq01OodNodeClosure19.test.ts:2:9226'
  failureType: 'testCodeFailure'
  error: |-
    ood-n03-b04-i019 runtime artifact matches source
    + actual - expected

    + undefined
    - {
    -   answer: {
    -     optionId: 'n03b04_019_model',
    -     type: 'choice_single'
    -   },
    -   difficulty: 'foundational',
    -   feedback: {
    -     details: {
    -       boundaryOrTradeoff: 'If a regional route needed extra caller input or changed what a returned duration meant, keep that behavior behind a separate collaborator or API.',
    -       errorCorrection: 'Implementation variation alone does not require a separate collaborator when the object remains a valid Route for all clients.',
    -       mechanismOrProperty: 'A subtype must be usable wherever the base type is expected without changing the caller-visible behavior.',
    -       scenarioApplication: 'RegionalRoute changes its calculation but still returns the same stop and time contract to every planner.',
    -       transfer: 'Test substitutability at the public contract: required inputs, promised outputs, and preserved invariants.'
    -     },
    -     messages: [
    -       {
    -         kind: 'wrong_option',
    -         targetId: 'n03b04_019_alt1',
    -         text: 'The prompt states that callers consume the same Route contract and the regional type is behaviorally interchangeable.'
    -       },
    -       {
    -         kind: 'wrong_option',
    -         targetId: 'n03b04_019_alt2',
    -         text: 'A new required argument is a stronger precondition and breaks callers that only know Route.'
    -       },
    -       {
    -         kind: 'wrong_option',
    -         targetId: 'n03b04_019_alt3',
    -         text: 'Duplicating the API discards the common substitutable contract the case already provides.'
    -       }
    -     ],
    -     reason: 'Every route receives the same inputs and returns the same promised result shape.',
    -     type: 'choice_single'
    -   },
    -   interaction: {
    -     options: [
    -       {
    -         optionId: 'n03b04_019_model',
    -         text: 'RegionalRoute may implement Route.'
    -       },
    -       {
    -         optionId: 'n03b04_019_alt1',
    -         text: 'Keep RegionalRoute as an unrelated collaborator that every caller must special-case.'
    -       },
    -       {
    -         optionId: 'n03b04_019_alt2',
    -         text: 'Subclass Route but require regional callers to provide a new mandatory territory argument.'
    -       },
    -       {
    -         optionId: 'n03b04_019_alt3',
    -         text: 'Copy Route’s stop list into a new type and let callers choose between two unrelated APIs.'
    -       }
    -     ],
    -     scoringMethod: 'exact_selected_set',
    -     type: 'choice_single'
    -   },
    -   mentalUnitId: 'OOD-N03-B04',
    -   nodeId: 'relationships_composition_ownership_lifecycle_and_dependencies',
    -   prompt: 'A route planner accepts any Route implementation through one read-only contract: every route returns the same ordered stops and travel-time units, and no route adds required inputs. A regional route subtype changes how travel times are computed but preserves those results and invariants for every caller. How should the regional route type relate to Route?',
    -   questionId: 'ood-n03-b04-i019',
    -   sourceRefs: [
    -     'https://www.omg.org/spec/UML/2.5.1/PDF',
    -     'https://doi.org/10.1145/62138.62141'
    -   ],
    -   trackId: 'object-oriented-design-interview'
    - }

  code: 'ERR_ASSERTION'
  name: 'AssertionError'
  expected:
    questionId: 'ood-n03-b04-i019'
    trackId: 'object-oriented-design-interview'
    nodeId: 'relationships_composition_ownership_lifecycle_and_dependencies'
    mentalUnitId: 'OOD-N03-B04'
    prompt: 'A route planner accepts any Route implementation through one read-only contract: every route returns the same ordered stops and travel-time units, and no route adds required inputs. A regional route subtype changes how travel times are computed but preserves those results and invariants for every caller. How should the regional route type relate to Route?'
    interaction:
      type: 'choice_single'
      scoringMethod: 'exact_selected_set'
      options:
        0:
          optionId: 'n03b04_019_model'
          text: 'RegionalRoute may implement Route.'
        1:
          optionId: 'n03b04_019_alt1'
          text: 'Keep RegionalRoute as an unrelated collaborator that every caller must special-case.'
        2:
          optionId: 'n03b04_019_alt2'
          text: 'Subclass Route but require regional callers to provide a new mandatory territory argument.'
        3:
          optionId: 'n03b04_019_alt3'
          text: 'Copy Route’s stop list into a new type and let callers choose between two unrelated APIs.'
    answer:
      type: 'choice_single'
      optionId: 'n03b04_019_model'
    feedback:
      type: 'choice_single'
      reason: 'Every route receives the same inputs and returns the same promised result shape.'
      details:
        mechanismOrProperty: 'A subtype must be usable wherever the base type is expected without changing the caller-visible behavior.'
        scenarioApplication: 'RegionalRoute changes its calculation but still returns the same stop and time contract to every planner.'
        errorCorrection: 'Implementation variation alone does not require a separate collaborator when the object remains a valid Route for all clients.'
        boundaryOrTradeoff: 'If a regional route needed extra caller input or changed what a returned duration meant, keep that behavior behind a separate collaborator or API.'
        transfer: 'Test substitutability at the public contract: required inputs, promised outputs, and preserved invariants.'
      messages:
        0:
          kind: 'wrong_option'
          targetId: 'n03b04_019_alt1'
          text: 'The prompt states that callers consume the same Route contract and the regional type is behaviorally interchangeable.'
        1:
          kind: 'wrong_option'
          targetId: 'n03b04_019_alt2'
          text: 'A new required argument is a stronger precondition and breaks callers that only know Route.'
        2:
          kind: 'wrong_option'
          targetId: 'n03b04_019_alt3'
          text: 'Duplicating the API discards the common substitutable contract the case already provides.'
    difficulty: 'foundational'
    sourceRefs:
      0: 'https://www.omg.org/spec/UML/2.5.1/PDF'
      1: 'https://doi.org/10.1145/62138.62141'
  operator: 'deepStrictEqual'
  stack: |-
    TestContext.<anonymous> (/Users/lukaszkurczab/Desktop/Projects/Patternly/patternly/src/content/bizq01OodNodeClosure19.test.ts:138:14)
    async Test.run (node:internal/test_runner/test:1054:7)
    async Test.processPendingSubtests (node:internal/test_runner/test:744:7)
  ...
# Subtest: OOD19 OOD-N03-B04 real scoring, reversed-option invariance and learner feedback use stable IDs
not ok 10 - OOD19 OOD-N03-B04 real scoring, reversed-option invariance and learner feedback use stable IDs
  ---
  duration_ms: 0.548375
  type: 'test'
  location: '/Users/lukaszkurczab/Desktop/Projects/Patternly/patternly/src/content/bizq01OodNodeClosure19.test.ts:2:10389'
  failureType: 'testCodeFailure'
  error: 'current runtime contains ood-n03-b04-i019'
  code: 'ERR_ASSERTION'
  name: 'AssertionError'
  expected: true
  operator: '=='
  stack: |-
    TestContext.<anonymous> (/Users/lukaszkurczab/Desktop/Projects/Patternly/patternly/src/content/bizq01OodNodeClosure19.test.ts:148:14)
    async Test.run (node:internal/test_runner/test:1054:7)
    async Test.processPendingSubtests (node:internal/test_runner/test:744:7)
  ...
# Subtest: OOD19 OOD-N03-B05 source and runtime match frozen payload; predecessors are retired
not ok 11 - OOD19 OOD-N03-B05 source and runtime match frozen payload; predecessors are retired
  ---
  duration_ms: 0.938542
  type: 'test'
  location: '/Users/lukaszkurczab/Desktop/Projects/Patternly/patternly/src/content/bizq01OodNodeClosure19.test.ts:2:9226'
  failureType: 'testCodeFailure'
  error: |-
    ood-n03-b05-i019 runtime artifact matches source
    + actual - expected

    + undefined
    - {
    -   answer: {
    -     optionId: 'b05_019_correct',
    -     type: 'choice_single'
    -   },
    -   constraints: [],
    -   difficulty: 'foundational',
    -   feedback: {
    -     details: {
    -       boundaryOrTradeoff: 'This isolates provider representations; adapters do not choose the tax rule.',
    -       errorCorrection: 'Importing SDK types or duplicating the rule makes provider releases drive or fork policy.',
    -       mechanismOrProperty: 'Dependency inversion changes compile-time references, not runtime call flow; adapters still perform requested provider work.',
    -       scenarioApplication: 'Both SDKs map into one policy-owned calculation meaning.',
    -       transfer: 'When a mechanism varies but a decision stays fixed, let its owner define the needed capability.'
    -     },
    -     messages: [
    -       {
    -         kind: 'wrong_option',
    -         targetId: 'b05_019_tax_rule_imports_sdk',
    -         text: 'Every provider type change would force a policy source change.'
    -       },
    -       {
    -         kind: 'wrong_option',
    -         targetId: 'b05_019_sdk_owns_rule',
    -         text: 'The same rule could drift as the providers change independently.'
    -       },
    -       {
    -         kind: 'wrong_option',
    -         targetId: 'b05_019_shared_vendor_models',
    -         text: 'The package still makes policy depend on volatile provider types.'
    -       }
    -     ],
    -     reason: 'The rule is stable while provider types vary; put the contract with the stable consumer.',
    -     type: 'choice_single'
    -   },
    -   interaction: {
    -     options: [
    -       {
    -         optionId: 'b05_019_correct',
    -         text: 'A policy-owned calculation contract implemented by each jurisdiction adapter.'
    -       },
    -       {
    -         optionId: 'b05_019_tax_rule_imports_sdk',
    -         text: 'Import the first SDK and branch for the second.'
    -       },
    -       {
    -         optionId: 'b05_019_sdk_owns_rule',
    -         text: 'Duplicate the calculation in both adapters.'
    -       },
    -       {
    -         optionId: 'b05_019_shared_vendor_models',
    -         text: 'Put both SDK models in a shared package imported by policy.'
    -       }
    -     ],
    -     scoringMethod: 'exact_selected_set',
    -     type: 'choice_single'
    -   },
    -   mentalUnitId: 'OOD-N03-B05',
    -   nodeId: 'relationships_composition_ownership_lifecycle_and_dependencies',
    -   prompt: 'Two jurisdiction SDKs change request types independently, while one tax rule stays unchanged. Which dependency should the rule use?',
    -   questionId: 'ood-n03-b05-i019',
    -   sourceRefs: [
    -     'https://learn.microsoft.com/en-us/dotnet/standard/modern-web-apps-azure-architecture/architectural-principles',
    -     'https://www.omg.org/spec/UML/2.5.1/PDF'
    -   ],
    -   trackId: 'object-oriented-design-interview'
    - }

  code: 'ERR_ASSERTION'
  name: 'AssertionError'
  expected:
    trackId: 'object-oriented-design-interview'
    nodeId: 'relationships_composition_ownership_lifecycle_and_dependencies'
    mentalUnitId: 'OOD-N03-B05'
    difficulty: 'foundational'
    questionId: 'ood-n03-b05-i019'
    prompt: 'Two jurisdiction SDKs change request types independently, while one tax rule stays unchanged. Which dependency should the rule use?'
    constraints:
    sourceRefs:
      0: 'https://learn.microsoft.com/en-us/dotnet/standard/modern-web-apps-azure-architecture/architectural-principles'
      1: 'https://www.omg.org/spec/UML/2.5.1/PDF'
    interaction:
      type: 'choice_single'
      scoringMethod: 'exact_selected_set'
      options:
        0:
          optionId: 'b05_019_correct'
          text: 'A policy-owned calculation contract implemented by each jurisdiction adapter.'
        1:
          optionId: 'b05_019_tax_rule_imports_sdk'
          text: 'Import the first SDK and branch for the second.'
        2:
          optionId: 'b05_019_sdk_owns_rule'
          text: 'Duplicate the calculation in both adapters.'
        3:
          optionId: 'b05_019_shared_vendor_models'
          text: 'Put both SDK models in a shared package imported by policy.'
    answer:
      type: 'choice_single'
      optionId: 'b05_019_correct'
    feedback:
      type: 'choice_single'
      reason: 'The rule is stable while provider types vary; put the contract with the stable consumer.'
      details:
        mechanismOrProperty: 'Dependency inversion changes compile-time references, not runtime call flow; adapters still perform requested provider work.'
        scenarioApplication: 'Both SDKs map into one policy-owned calculation meaning.'
        errorCorrection: 'Importing SDK types or duplicating the rule makes provider releases drive or fork policy.'
        boundaryOrTradeoff: 'This isolates provider representations; adapters do not choose the tax rule.'
        transfer: 'When a mechanism varies but a decision stays fixed, let its owner define the needed capability.'
      messages:
        0:
          kind: 'wrong_option'
          targetId: 'b05_019_tax_rule_imports_sdk'
          text: 'Every provider type change would force a policy source change.'
        1:
          kind: 'wrong_option'
          targetId: 'b05_019_sdk_owns_rule'
          text: 'The same rule could drift as the providers change independently.'
        2:
          kind: 'wrong_option'
          targetId: 'b05_019_shared_vendor_models'
          text: 'The package still makes policy depend on volatile provider types.'
  operator: 'deepStrictEqual'
  stack: |-
    TestContext.<anonymous> (/Users/lukaszkurczab/Desktop/Projects/Patternly/patternly/src/content/bizq01OodNodeClosure19.test.ts:138:14)
    async Test.run (node:internal/test_runner/test:1054:7)
    async Test.processPendingSubtests (node:internal/test_runner/test:744:7)
  ...
# Subtest: OOD19 OOD-N03-B05 real scoring, reversed-option invariance and learner feedback use stable IDs
not ok 12 - OOD19 OOD-N03-B05 real scoring, reversed-option invariance and learner feedback use stable IDs
  ---
  duration_ms: 0.323416
  type: 'test'
  location: '/Users/lukaszkurczab/Desktop/Projects/Patternly/patternly/src/content/bizq01OodNodeClosure19.test.ts:2:10389'
  failureType: 'testCodeFailure'
  error: 'current runtime contains ood-n03-b05-i019'
  code: 'ERR_ASSERTION'
  name: 'AssertionError'
  expected: true
  operator: '=='
  stack: |-
    TestContext.<anonymous> (/Users/lukaszkurczab/Desktop/Projects/Patternly/patternly/src/content/bizq01OodNodeClosure19.test.ts:148:14)
    async Test.run (node:internal/test_runner/test:1054:7)
    async Test.processPendingSubtests (node:internal/test_runner/test:744:7)
  ...
# Subtest: OOD19 OOD-N03-B06 source and runtime match frozen payload; predecessors are retired
not ok 13 - OOD19 OOD-N03-B06 source and runtime match frozen payload; predecessors are retired
  ---
  duration_ms: 0.843416
  type: 'test'
  location: '/Users/lukaszkurczab/Desktop/Projects/Patternly/patternly/src/content/bizq01OodNodeClosure19.test.ts:2:9226'
  failureType: 'testCodeFailure'
  error: |-
    ood-n03-b06-i019 runtime artifact matches source
    + actual - expected

    + undefined
    - {
    -   answer: {
    -     optionId: 'ood-n03-b06_019_key',
    -     type: 'choice_single'
    -   },
    -   constraints: [],
    -   difficulty: 'foundational',
    -   feedback: {
    -     details: {
    -       boundaryOrTradeoff: 'A new contract helps only if it is independently owned and does not re-import either implementation.',
    -       errorCorrection: 'A null check addresses runtime values, not the source dependency cycle.',
    -       mechanismOrProperty: 'A contract can break an import cycle while the runtime collaboration remains in both directions if needed.',
    -       scenarioApplication: 'The two packages co-change the same export classification and currently import one another.',
    -       transfer: 'When two modules need each other’s types, isolate the shared contract at the stable decision boundary.'
    -     },
    -     messages: [
    -       {
    -         kind: 'wrong_option',
    -         targetId: 'ood-n03-b06_019_w1',
    -         text: 'The null check cannot remove either import edge.'
    -       },
    -       {
    -         kind: 'wrong_option',
    -         targetId: 'ood-n03-b06_019_w2',
    -         text: 'Moving both classes together hides the cycle without changing the dependency graph.'
    -       },
    -       {
    -         kind: 'wrong_option',
    -         targetId: 'ood-n03-b06_019_w3',
    -         text: 'Duplicated rules can diverge after the next classification change.'
    -       }
    -     ],
    -     reason: 'The cycle comes from mutual compile-time knowledge of one decision.',
    -     type: 'choice_single'
    -   },
    -   interaction: {
    -     options: [
    -       {
    -         optionId: 'ood-n03-b06_019_key',
    -         text: 'Use a shared classification contract with one-way imports.'
    -       },
    -       {
    -         optionId: 'ood-n03-b06_019_w1',
    -         text: 'Keep the cycle and add a runtime null check.'
    -       },
    -       {
    -         optionId: 'ood-n03-b06_019_w2',
    -         text: 'Put both classes in a larger package so imports look local.'
    -       },
    -       {
    -         optionId: 'ood-n03-b06_019_w3',
    -         text: 'Copy the classification rule into both classes.'
    -       }
    -     ],
    -     scoringMethod: 'exact_selected_set',
    -     type: 'choice_single'
    -   },
    -   mentalUnitId: 'OOD-N03-B06',
    -   nodeId: 'relationships_composition_ownership_lifecycle_and_dependencies',
    -   prompt: 'Policy classes and export classes import each other; both teams change the classification for one export. What first separates that cyclic dependency?',
    -   questionId: 'ood-n03-b06-i019',
    -   sourceRefs: [
    -     'https://learn.microsoft.com/en-us/dotnet/standard/modern-web-apps-azure-architecture/architectural-principles',
    -     'https://www.omg.org/spec/UML/2.5.1/PDF'
    -   ],
    -   trackId: 'object-oriented-design-interview'
    - }

  code: 'ERR_ASSERTION'
  name: 'AssertionError'
  expected:
    trackId: 'object-oriented-design-interview'
    nodeId: 'relationships_composition_ownership_lifecycle_and_dependencies'
    mentalUnitId: 'OOD-N03-B06'
    difficulty: 'foundational'
    questionId: 'ood-n03-b06-i019'
    prompt: 'Policy classes and export classes import each other; both teams change the classification for one export. What first separates that cyclic dependency?'
    constraints:
    sourceRefs:
      0: 'https://learn.microsoft.com/en-us/dotnet/standard/modern-web-apps-azure-architecture/architectural-principles'
      1: 'https://www.omg.org/spec/UML/2.5.1/PDF'
    interaction:
      type: 'choice_single'
      scoringMethod: 'exact_selected_set'
      options:
        0:
          optionId: 'ood-n03-b06_019_key'
          text: 'Use a shared classification contract with one-way imports.'
        1:
          optionId: 'ood-n03-b06_019_w1'
          text: 'Keep the cycle and add a runtime null check.'
        2:
          optionId: 'ood-n03-b06_019_w2'
          text: 'Put both classes in a larger package so imports look local.'
        3:
          optionId: 'ood-n03-b06_019_w3'
          text: 'Copy the classification rule into both classes.'
    answer:
      type: 'choice_single'
      optionId: 'ood-n03-b06_019_key'
    feedback:
      type: 'choice_single'
      reason: 'The cycle comes from mutual compile-time knowledge of one decision.'
      details:
        mechanismOrProperty: 'A contract can break an import cycle while the runtime collaboration remains in both directions if needed.'
        scenarioApplication: 'The two packages co-change the same export classification and currently import one another.'
        errorCorrection: 'A null check addresses runtime values, not the source dependency cycle.'
        boundaryOrTradeoff: 'A new contract helps only if it is independently owned and does not re-import either implementation.'
        transfer: 'When two modules need each other’s types, isolate the shared contract at the stable decision boundary.'
      messages:
        0:
          kind: 'wrong_option'
          targetId: 'ood-n03-b06_019_w1'
          text: 'The null check cannot remove either import edge.'
        1:
          kind: 'wrong_option'
          targetId: 'ood-n03-b06_019_w2'
          text: 'Moving both classes together hides the cycle without changing the dependency graph.'
        2:
          kind: 'wrong_option'
          targetId: 'ood-n03-b06_019_w3'
          text: 'Duplicated rules can diverge after the next classification change.'
  operator: 'deepStrictEqual'
  stack: |-
    TestContext.<anonymous> (/Users/lukaszkurczab/Desktop/Projects/Patternly/patternly/src/content/bizq01OodNodeClosure19.test.ts:138:14)
    async Test.run (node:internal/test_runner/test:1054:7)
    async Test.processPendingSubtests (node:internal/test_runner/test:744:7)
  ...
# Subtest: OOD19 OOD-N03-B06 real scoring, reversed-option invariance and learner feedback use stable IDs
not ok 14 - OOD19 OOD-N03-B06 real scoring, reversed-option invariance and learner feedback use stable IDs
  ---
  duration_ms: 0.266208
  type: 'test'
  location: '/Users/lukaszkurczab/Desktop/Projects/Patternly/patternly/src/content/bizq01OodNodeClosure19.test.ts:2:10389'
  failureType: 'testCodeFailure'
  error: 'current runtime contains ood-n03-b06-i019'
  code: 'ERR_ASSERTION'
  name: 'AssertionError'
  expected: true
  operator: '=='
  stack: |-
    TestContext.<anonymous> (/Users/lukaszkurczab/Desktop/Projects/Patternly/patternly/src/content/bizq01OodNodeClosure19.test.ts:148:14)
    async Test.run (node:internal/test_runner/test:1054:7)
    async Test.processPendingSubtests (node:internal/test_runner/test:744:7)
  ...
# Subtest: OOD19 OOD-N03-B07 source and runtime match frozen payload; predecessors are retired
not ok 15 - OOD19 OOD-N03-B07 source and runtime match frozen payload; predecessors are retired
  ---
  duration_ms: 0.7825
  type: 'test'
  location: '/Users/lukaszkurczab/Desktop/Projects/Patternly/patternly/src/content/bizq01OodNodeClosure19.test.ts:2:9226'
  failureType: 'testCodeFailure'
  error: |-
    ood-n03-b07-i019 runtime artifact matches source
    + actual - expected

    + undefined
    - {
    -   answer: {
    -     optionId: 'ood-n03-b07_019_key',
    -     type: 'choice_single'
    -   },
    -   constraints: [],
    -   difficulty: 'foundational',
    -   feedback: {
    -     details: {
    -       boundaryOrTradeoff: 'A composition root should not absorb the tax decision itself.',
    -       errorCorrection: 'Constructing vendor classes inside the feature hides the graph and provider choice.',
    -       mechanismOrProperty: 'Constructor injection exposes required collaborators; the root chooses concrete implementations.',
    -       scenarioApplication: 'The feature needs two capabilities, while startup owns application wiring.',
    -       transfer: 'Centralize object graph assembly, not business policy.'
    -     },
    -     messages: [
    -       {
    -         kind: 'wrong_option',
    -         targetId: 'ood-n03-b07_019_w1',
    -         text: 'Feature code becomes coupled to constructors and vendor types.'
    -       },
    -       {
    -         kind: 'wrong_option',
    -         targetId: 'ood-n03-b07_019_w2',
    -         text: 'String lookup hides required collaborators and moves composition choices into feature runtime.'
    -       },
    -       {
    -         kind: 'wrong_option',
    -         targetId: 'ood-n03-b07_019_w3',
    -         text: 'Database selection is an infrastructure choice, not a tax rule.'
    -       }
    -     ],
    -     reason: 'Composition belongs at the application boundary where the running graph is assembled.',
    -     type: 'choice_single'
    -   },
    -   interaction: {
    -     options: [
    -       {
    -         optionId: 'ood-n03-b07_019_key',
    -         text: 'Wire the chosen implementations at startup.'
    -       },
    -       {
    -         optionId: 'ood-n03-b07_019_w1',
    -         text: 'Let InvoiceFeature instantiate vendor classes inside each operation.'
    -       },
    -       {
    -         optionId: 'ood-n03-b07_019_w2',
    -         text: 'Resolve both dependencies by string name from a global service locator.'
    -       },
    -       {
    -         optionId: 'ood-n03-b07_019_w3',
    -         text: 'Make the domain policy choose the database provider.'
    -       }
    -     ],
    -     scoringMethod: 'exact_selected_set',
    -     type: 'choice_single'
    -   },
    -   mentalUnitId: 'OOD-N03-B07',
    -   nodeId: 'relationships_composition_ownership_lifecycle_and_dependencies',
    -   prompt: 'The application has one startup composition root. A new invoice feature needs an `InvoiceStore` and `TaxPolicy`; where should the concrete implementations be selected?',
    -   questionId: 'ood-n03-b07-i019',
    -   sourceRefs: [
    -     'https://learn.microsoft.com/en-us/dotnet/core/extensions/dependency-injection/guidelines',
    -     'https://learn.microsoft.com/en-us/dotnet/core/extensions/dependency-injection'
    -   ],
    -   trackId: 'object-oriented-design-interview'
    - }

  code: 'ERR_ASSERTION'
  name: 'AssertionError'
  expected:
    trackId: 'object-oriented-design-interview'
    nodeId: 'relationships_composition_ownership_lifecycle_and_dependencies'
    mentalUnitId: 'OOD-N03-B07'
    difficulty: 'foundational'
    questionId: 'ood-n03-b07-i019'
    prompt: 'The application has one startup composition root. A new invoice feature needs an `InvoiceStore` and `TaxPolicy`; where should the concrete implementations be selected?'
    constraints:
    sourceRefs:
      0: 'https://learn.microsoft.com/en-us/dotnet/core/extensions/dependency-injection/guidelines'
      1: 'https://learn.microsoft.com/en-us/dotnet/core/extensions/dependency-injection'
    interaction:
      type: 'choice_single'
      scoringMethod: 'exact_selected_set'
      options:
        0:
          optionId: 'ood-n03-b07_019_key'
          text: 'Wire the chosen implementations at startup.'
        1:
          optionId: 'ood-n03-b07_019_w1'
          text: 'Let InvoiceFeature instantiate vendor classes inside each operation.'
        2:
          optionId: 'ood-n03-b07_019_w2'
          text: 'Resolve both dependencies by string name from a global service locator.'
        3:
          optionId: 'ood-n03-b07_019_w3'
          text: 'Make the domain policy choose the database provider.'
    answer:
      type: 'choice_single'
      optionId: 'ood-n03-b07_019_key'
    feedback:
      type: 'choice_single'
      reason: 'Composition belongs at the application boundary where the running graph is assembled.'
      details:
        mechanismOrProperty: 'Constructor injection exposes required collaborators; the root chooses concrete implementations.'
        scenarioApplication: 'The feature needs two capabilities, while startup owns application wiring.'
        errorCorrection: 'Constructing vendor classes inside the feature hides the graph and provider choice.'
        boundaryOrTradeoff: 'A composition root should not absorb the tax decision itself.'
        transfer: 'Centralize object graph assembly, not business policy.'
      messages:
        0:
          kind: 'wrong_option'
          targetId: 'ood-n03-b07_019_w1'
          text: 'Feature code becomes coupled to constructors and vendor types.'
        1:
          kind: 'wrong_option'
          targetId: 'ood-n03-b07_019_w2'
          text: 'String lookup hides required collaborators and moves composition choices into feature runtime.'
        2:
          kind: 'wrong_option'
          targetId: 'ood-n03-b07_019_w3'
          text: 'Database selection is an infrastructure choice, not a tax rule.'
  operator: 'deepStrictEqual'
  stack: |-
    TestContext.<anonymous> (/Users/lukaszkurczab/Desktop/Projects/Patternly/patternly/src/content/bizq01OodNodeClosure19.test.ts:138:14)
    async Test.run (node:internal/test_runner/test:1054:7)
    async Test.processPendingSubtests (node:internal/test_runner/test:744:7)
  ...
# Subtest: OOD19 OOD-N03-B07 real scoring, reversed-option invariance and learner feedback use stable IDs
not ok 16 - OOD19 OOD-N03-B07 real scoring, reversed-option invariance and learner feedback use stable IDs
  ---
  duration_ms: 0.276958
  type: 'test'
  location: '/Users/lukaszkurczab/Desktop/Projects/Patternly/patternly/src/content/bizq01OodNodeClosure19.test.ts:2:10389'
  failureType: 'testCodeFailure'
  error: 'current runtime contains ood-n03-b07-i019'
  code: 'ERR_ASSERTION'
  name: 'AssertionError'
  expected: true
  operator: '=='
  stack: |-
    TestContext.<anonymous> (/Users/lukaszkurczab/Desktop/Projects/Patternly/patternly/src/content/bizq01OodNodeClosure19.test.ts:148:14)
    async Test.run (node:internal/test_runner/test:1054:7)
    async Test.processPendingSubtests (node:internal/test_runner/test:744:7)
  ...
# Subtest: OOD19 OOD-N03-B08 source and runtime match frozen payload; predecessors are retired
not ok 17 - OOD19 OOD-N03-B08 source and runtime match frozen payload; predecessors are retired
  ---
  duration_ms: 0.764792
  type: 'test'
  location: '/Users/lukaszkurczab/Desktop/Projects/Patternly/patternly/src/content/bizq01OodNodeClosure19.test.ts:2:9226'
  failureType: 'testCodeFailure'
  error: |-
    ood-n03-b08-i019 runtime artifact matches source
    + actual - expected

    + undefined
    - {
    -   answer: {
    -     optionId: 'ood-n03-b08_019_key',
    -     type: 'choice_single'
    -   },
    -   constraints: [],
    -   difficulty: 'foundational',
    -   feedback: {
    -     details: {
    -       boundaryOrTradeoff: 'The exact syntax depends on whether the resource implements synchronous or asynchronous disposal.',
    -       errorCorrection: 'A late close is skipped by the early return.',
    -       mechanismOrProperty: 'Deterministic disposal ties release to lexical ownership and runs when leaving the scope.',
    -       scenarioApplication: 'Both the invalid and valid paths leave the method after opening the stream.',
    -       transfer: 'Place cleanup in a construct that encloses every path after acquisition.'
    -     },
    -     messages: [
    -       {
    -         kind: 'wrong_option',
    -         targetId: 'ood-n03-b08_019_w1',
    -         text: 'The invalid-header return bypasses the later close.'
    -       },
    -       {
    -         kind: 'wrong_option',
    -         targetId: 'ood-n03-b08_019_w2',
    -         text: 'A static field extends ownership beyond the operation and complicates concurrent reads.'
    -       },
    -       {
    -         kind: 'wrong_option',
    -         targetId: 'ood-n03-b08_019_w3',
    -         text: 'Garbage collection timing does not provide prompt deterministic release.'
    -       }
    -     ],
    -     reason: 'The stream is acquired before a branch that can exit early.',
    -     type: 'choice_single'
    -   },
    -   interaction: {
    -     options: [
    -       {
    -         optionId: 'ood-n03-b08_019_key',
    -         text: 'Use `using`/`await using` around the stream so disposal runs on return and exception.'
    -       },
    -       {
    -         optionId: 'ood-n03-b08_019_w1',
    -         text: 'Call `Close` only after the valid-header branch.'
    -       },
    -       {
    -         optionId: 'ood-n03-b08_019_w2',
    -         text: 'Keep the stream in a static field and close it at process exit.'
    -       },
    -       {
    -         optionId: 'ood-n03-b08_019_w3',
    -         text: 'Rely on garbage collection to close the operating-system handle promptly.'
    -       }
    -     ],
    -     scoringMethod: 'exact_selected_set',
    -     type: 'choice_single'
    -   },
    -   mentalUnitId: 'OOD-N03-B08',
    -   nodeId: 'relationships_composition_ownership_lifecycle_and_dependencies',
    -   prompt: 'A C# method opens a file stream, reads it, then can return early when the header is invalid. What cleanup structure covers both branches?',
    -   questionId: 'ood-n03-b08-i019',
    -   sourceRefs: [
    -     'https://learn.microsoft.com/en-us/dotnet/standard/garbage-collection/implementing-dispose',
    -     'https://isocpp.github.io/CppCoreGuidelines/CppCoreGuidelines'
    -   ],
    -   trackId: 'object-oriented-design-interview'
    - }

  code: 'ERR_ASSERTION'
  name: 'AssertionError'
  expected:
    trackId: 'object-oriented-design-interview'
    nodeId: 'relationships_composition_ownership_lifecycle_and_dependencies'
    mentalUnitId: 'OOD-N03-B08'
    difficulty: 'foundational'
    questionId: 'ood-n03-b08-i019'
    prompt: 'A C# method opens a file stream, reads it, then can return early when the header is invalid. What cleanup structure covers both branches?'
    constraints:
    sourceRefs:
      0: 'https://learn.microsoft.com/en-us/dotnet/standard/garbage-collection/implementing-dispose'
      1: 'https://isocpp.github.io/CppCoreGuidelines/CppCoreGuidelines'
    interaction:
      type: 'choice_single'
      scoringMethod: 'exact_selected_set'
      options:
        0:
          optionId: 'ood-n03-b08_019_key'
          text: 'Use `using`/`await using` around the stream so disposal runs on return and exception.'
        1:
          optionId: 'ood-n03-b08_019_w1'
          text: 'Call `Close` only after the valid-header branch.'
        2:
          optionId: 'ood-n03-b08_019_w2'
          text: 'Keep the stream in a static field and close it at process exit.'
        3:
          optionId: 'ood-n03-b08_019_w3'
          text: 'Rely on garbage collection to close the operating-system handle promptly.'
    answer:
      type: 'choice_single'
      optionId: 'ood-n03-b08_019_key'
    feedback:
      type: 'choice_single'
      reason: 'The stream is acquired before a branch that can exit early.'
      details:
        mechanismOrProperty: 'Deterministic disposal ties release to lexical ownership and runs when leaving the scope.'
        scenarioApplication: 'Both the invalid and valid paths leave the method after opening the stream.'
        errorCorrection: 'A late close is skipped by the early return.'
        boundaryOrTradeoff: 'The exact syntax depends on whether the resource implements synchronous or asynchronous disposal.'
        transfer: 'Place cleanup in a construct that encloses every path after acquisition.'
      messages:
        0:
          kind: 'wrong_option'
          targetId: 'ood-n03-b08_019_w1'
          text: 'The invalid-header return bypasses the later close.'
        1:
          kind: 'wrong_option'
          targetId: 'ood-n03-b08_019_w2'
          text: 'A static field extends ownership beyond the operation and complicates concurrent reads.'
        2:
          kind: 'wrong_option'
          targetId: 'ood-n03-b08_019_w3'
          text: 'Garbage collection timing does not provide prompt deterministic release.'
  operator: 'deepStrictEqual'
  stack: |-
    TestContext.<anonymous> (/Users/lukaszkurczab/Desktop/Projects/Patternly/patternly/src/content/bizq01OodNodeClosure19.test.ts:138:14)
    async Test.run (node:internal/test_runner/test:1054:7)
    async Test.processPendingSubtests (node:internal/test_runner/test:744:7)
  ...
# Subtest: OOD19 OOD-N03-B08 real scoring, reversed-option invariance and learner feedback use stable IDs
not ok 18 - OOD19 OOD-N03-B08 real scoring, reversed-option invariance and learner feedback use stable IDs
  ---
  duration_ms: 0.242666
  type: 'test'
  location: '/Users/lukaszkurczab/Desktop/Projects/Patternly/patternly/src/content/bizq01OodNodeClosure19.test.ts:2:10389'
  failureType: 'testCodeFailure'
  error: 'current runtime contains ood-n03-b08-i019'
  code: 'ERR_ASSERTION'
  name: 'AssertionError'
  expected: true
  operator: '=='
  stack: |-
    TestContext.<anonymous> (/Users/lukaszkurczab/Desktop/Projects/Patternly/patternly/src/content/bizq01OodNodeClosure19.test.ts:148:14)
    async Test.run (node:internal/test_runner/test:1054:7)
    async Test.processPendingSubtests (node:internal/test_runner/test:744:7)
  ...
# Subtest: OOD19 OOD-N03-B09 source and runtime match frozen payload; predecessors are retired
not ok 19 - OOD19 OOD-N03-B09 source and runtime match frozen payload; predecessors are retired
  ---
  duration_ms: 0.799334
  type: 'test'
  location: '/Users/lukaszkurczab/Desktop/Projects/Patternly/patternly/src/content/bizq01OodNodeClosure19.test.ts:2:9226'
  failureType: 'testCodeFailure'
  error: |-
    ood-n03-b09-i019 runtime artifact matches source
    + actual - expected

    + undefined
    - {
    -   answer: {
    -     optionId: 'ood-n03-b09_019_key',
    -     type: 'choice_single'
    -   },
    -   constraints: [],
    -   difficulty: 'foundational',
    -   feedback: {
    -     details: {
    -       boundaryOrTradeoff: 'Export additional types only when callers need to name them in the supported contract.',
    -       errorCorrection: 'Wildcard exports publish internal names without a client need.',
    -       mechanismOrProperty: 'A narrow module export surface limits compatibility commitments.',
    -       scenarioApplication: 'Only `parseInvoice(text)` is named as a consumer requirement.',
    -       transfer: 'Expose the operation callers require and keep implementation structure replaceable.'
    -     },
    -     messages: [
    -       {
    -         kind: 'wrong_option',
    -         targetId: 'ood-n03-b09_019_w1',
    -         text: 'Publishing internal stages commits the module to names consumers do not need.'
    -       },
    -       {
    -         kind: 'wrong_option',
    -         targetId: 'ood-n03-b09_019_w2',
    -         text: 'Mutable stage objects expose parser representation beyond the requested operation.'
    -       },
    -       {
    -         kind: 'wrong_option',
    -         targetId: 'ood-n03-b09_019_w3',
    -         text: 'Reproducing the parser in clients defeats the package boundary.'
    -       }
    -     ],
    -     reason: 'Consumers need one operation; the parser representation is internal.',
    -     type: 'choice_single'
    -   },
    -   interaction: {
    -     options: [
    -       {
    -         optionId: 'ood-n03-b09_019_key',
    -         text: 'Export `parseInvoice`; keep parser representation private.'
    -       },
    -       {
    -         optionId: 'ood-n03-b09_019_w1',
    -         text: 'Export the parser barrel so clients can choose a stage when needed.'
    -       },
    -       {
    -         optionId: 'ood-n03-b09_019_w2',
    -         text: 'Expose parser objects so clients can tune parse stages.'
    -       },
    -       {
    -         optionId: 'ood-n03-b09_019_w3',
    -         text: 'Publish every intermediate type so consumers can reproduce parsing.'
    -       }
    -     ],
    -     scoringMethod: 'exact_selected_set',
    -     type: 'choice_single'
    -   },
    -   mentalUnitId: 'OOD-N03-B09',
    -   nodeId: 'relationships_composition_ownership_lifecycle_and_dependencies',
    -   prompt: 'A TypeScript package has three internal parsers, but consumers need only `parseInvoice(text)`. Which surface best preserves representation freedom?',
    -   questionId: 'ood-n03-b09-i019',
    -   sourceRefs: [
    -     'https://www.typescriptlang.org/docs/handbook/2/modules.html',
    -     'https://www.omg.org/spec/UML/2.5.1/PDF'
    -   ],
    -   trackId: 'object-oriented-design-interview'
    - }

  code: 'ERR_ASSERTION'
  name: 'AssertionError'
  expected:
    trackId: 'object-oriented-design-interview'
    nodeId: 'relationships_composition_ownership_lifecycle_and_dependencies'
    mentalUnitId: 'OOD-N03-B09'
    difficulty: 'foundational'
    questionId: 'ood-n03-b09-i019'
    prompt: 'A TypeScript package has three internal parsers, but consumers need only `parseInvoice(text)`. Which surface best preserves representation freedom?'
    constraints:
    sourceRefs:
      0: 'https://www.typescriptlang.org/docs/handbook/2/modules.html'
      1: 'https://www.omg.org/spec/UML/2.5.1/PDF'
    interaction:
      type: 'choice_single'
      scoringMethod: 'exact_selected_set'
      options:
        0:
          optionId: 'ood-n03-b09_019_key'
          text: 'Export `parseInvoice`; keep parser representation private.'
        1:
          optionId: 'ood-n03-b09_019_w1'
          text: 'Export the parser barrel so clients can choose a stage when needed.'
        2:
          optionId: 'ood-n03-b09_019_w2'
          text: 'Expose parser objects so clients can tune parse stages.'
        3:
          optionId: 'ood-n03-b09_019_w3'
          text: 'Publish every intermediate type so consumers can reproduce parsing.'
    answer:
      type: 'choice_single'
      optionId: 'ood-n03-b09_019_key'
    feedback:
      type: 'choice_single'
      reason: 'Consumers need one operation; the parser representation is internal.'
      details:
        mechanismOrProperty: 'A narrow module export surface limits compatibility commitments.'
        scenarioApplication: 'Only `parseInvoice(text)` is named as a consumer requirement.'
        errorCorrection: 'Wildcard exports publish internal names without a client need.'
        boundaryOrTradeoff: 'Export additional types only when callers need to name them in the supported contract.'
        transfer: 'Expose the operation callers require and keep implementation structure replaceable.'
      messages:
        0:
          kind: 'wrong_option'
          targetId: 'ood-n03-b09_019_w1'
          text: 'Publishing internal stages commits the module to names consumers do not need.'
        1:
          kind: 'wrong_option'
          targetId: 'ood-n03-b09_019_w2'
          text: 'Mutable stage objects expose parser representation beyond the requested operation.'
        2:
          kind: 'wrong_option'
          targetId: 'ood-n03-b09_019_w3'
          text: 'Reproducing the parser in clients defeats the package boundary.'
  operator: 'deepStrictEqual'
  stack: |-
    TestContext.<anonymous> (/Users/lukaszkurczab/Desktop/Projects/Patternly/patternly/src/content/bizq01OodNodeClosure19.test.ts:138:14)
    async Test.run (node:internal/test_runner/test:1054:7)
    async Test.processPendingSubtests (node:internal/test_runner/test:744:7)
  ...
# Subtest: OOD19 OOD-N03-B09 real scoring, reversed-option invariance and learner feedback use stable IDs
not ok 20 - OOD19 OOD-N03-B09 real scoring, reversed-option invariance and learner feedback use stable IDs
  ---
  duration_ms: 0.368041
  type: 'test'
  location: '/Users/lukaszkurczab/Desktop/Projects/Patternly/patternly/src/content/bizq01OodNodeClosure19.test.ts:2:10389'
  failureType: 'testCodeFailure'
  error: 'current runtime contains ood-n03-b09-i019'
  code: 'ERR_ASSERTION'
  name: 'AssertionError'
  expected: true
  operator: '=='
  stack: |-
    TestContext.<anonymous> (/Users/lukaszkurczab/Desktop/Projects/Patternly/patternly/src/content/bizq01OodNodeClosure19.test.ts:148:14)
    async Test.run (node:internal/test_runner/test:1054:7)
    async Test.processPendingSubtests (node:internal/test_runner/test:744:7)
  ...
# Subtest: OOD19 leaves three ordinary N01 pools at 136 and does not grant N03 eligibility
not ok 21 - OOD19 leaves three ordinary N01 pools at 136 and does not grant N03 eligibility
  ---
  duration_ms: 0.21175
  type: 'test'
  location: '/Users/lukaszkurczab/Desktop/Projects/Patternly/patternly/src/content/bizq01OodNodeClosure19.test.ts:2:14624'
  failureType: 'testCodeFailure'
  error: |-
    OOD-N03-B01 frozen proposal bytes
    + actual - expected

    + 'c23224df332377b45f718bc10d903a7c9fe645954dd9778f30af503bbabef58b'
    - 'c23224df332377b45f718bc10d903a7c9fe645954dd9778f30af503bbabef58'

  code: 'ERR_ASSERTION'
  name: 'AssertionError'
  expected: 'c23224df332377b45f718bc10d903a7c9fe645954dd9778f30af503bbabef58'
  actual: 'c23224df332377b45f718bc10d903a7c9fe645954dd9778f30af503bbabef58b'
  operator: 'strictEqual'
  stack: |-
    readFrozenQuestions (/Users/lukaszkurczab/Desktop/Projects/Patternly/patternly/src/content/bizq01OodNodeClosure19.test.ts:58:10)
    <anonymous> (/Users/lukaszkurczab/Desktop/Projects/Patternly/patternly/src/content/bizq01OodNodeClosure19.test.ts:216:48)
    Array.flatMap (<anonymous>)
    TestContext.<anonymous> (/Users/lukaszkurczab/Desktop/Projects/Patternly/patternly/src/content/bizq01OodNodeClosure19.test.ts:216:30)
    async Test.run (node:internal/test_runner/test:1054:7)
    async Test.processPendingSubtests (node:internal/test_runner/test:744:7)
  ...
1..21
# tests 21
# suites 0
# pass 0
# fail 21
# cancelled 0
# skipped 0
# todo 0
# duration_ms 903.647625
