✔ OOD17 frozen bindings cover the eight frozen 19-item payloads (2.727208ms)
✔ OOD17 preserves all 136 accepted N01 source and artifact objects (390.700958ms)
✔ OOD17 OOD-N02-B01 source payloads, replacement identities and retired IDs are exact (1.061625ms)
✔ OOD17 OOD-N02-B01 real choice scoring, accessibility and submitted feedback follow fixed option IDs (1.932667ms)
✔ OOD17 OOD-N02-B02 source payloads, replacement identities and retired IDs are exact (0.976333ms)
✔ OOD17 OOD-N02-B02 real choice scoring, accessibility and submitted feedback follow fixed option IDs (0.8905ms)
✔ OOD17 OOD-N02-B03 source payloads, replacement identities and retired IDs are exact (0.732916ms)
✔ OOD17 OOD-N02-B03 real choice scoring, accessibility and submitted feedback follow fixed option IDs (0.853167ms)
✔ OOD17 OOD-N02-B04 source payloads, replacement identities and retired IDs are exact (0.708209ms)
✔ OOD17 OOD-N02-B04 real choice scoring, accessibility and submitted feedback follow fixed option IDs (0.751958ms)
✔ OOD17 OOD-N02-B05 source payloads, replacement identities and retired IDs are exact (0.877875ms)
✔ OOD17 OOD-N02-B05 real choice scoring, accessibility and submitted feedback follow fixed option IDs (1.904084ms)
✔ OOD17 OOD-N02-B06 source payloads, replacement identities and retired IDs are exact (2.176417ms)
✔ OOD17 OOD-N02-B06 real choice scoring, accessibility and submitted feedback follow fixed option IDs (1.243167ms)
✔ OOD17 OOD-N02-B07 source payloads, replacement identities and retired IDs are exact (0.940917ms)
✔ OOD17 OOD-N02-B07 real choice scoring, accessibility and submitted feedback follow fixed option IDs (1.0885ms)
✔ OOD17 OOD-N02-B08 source payloads, replacement identities and retired IDs are exact (0.934083ms)
✔ OOD17 OOD-N02-B08 real choice scoring, accessibility and submitted feedback follow fixed option IDs (0.925542ms)
✔ OOD17 N02 source quality does not widen the three ordinary N01 mode pools (0.462417ms)
✔ OOD19 frozen bindings cover all nine reviewed 18-item payloads (4.063792ms)
✔ OOD19 preserves all 136 accepted N01 and 152 accepted N02 source and runtime objects (385.979625ms)
✔ OOD19 OOD-N03-B01 source and runtime match frozen payload; predecessors are retired (1.025041ms)
✔ OOD19 OOD-N03-B01 real scoring, reversed-option invariance and learner feedback use stable IDs (2.094417ms)
✔ OOD19 OOD-N03-B02 source and runtime match frozen payload; predecessors are retired (0.817042ms)
✔ OOD19 OOD-N03-B02 real scoring, reversed-option invariance and learner feedback use stable IDs (0.901584ms)
✔ OOD19 OOD-N03-B03 source and runtime match frozen payload; predecessors are retired (0.656083ms)
✔ OOD19 OOD-N03-B03 real scoring, reversed-option invariance and learner feedback use stable IDs (0.8765ms)
✔ OOD19 OOD-N03-B04 source and runtime match frozen payload; predecessors are retired (0.659458ms)
✔ OOD19 OOD-N03-B04 real scoring, reversed-option invariance and learner feedback use stable IDs (0.805791ms)
✔ OOD19 OOD-N03-B05 source and runtime match frozen payload; predecessors are retired (0.66425ms)
✔ OOD19 OOD-N03-B05 real scoring, reversed-option invariance and learner feedback use stable IDs (0.764583ms)
✔ OOD19 OOD-N03-B06 source and runtime match frozen payload; predecessors are retired (0.589583ms)
✔ OOD19 OOD-N03-B06 real scoring, reversed-option invariance and learner feedback use stable IDs (0.701458ms)
✔ OOD19 OOD-N03-B07 source and runtime match frozen payload; predecessors are retired (0.572125ms)
✔ OOD19 OOD-N03-B07 real scoring, reversed-option invariance and learner feedback use stable IDs (0.732667ms)
✔ OOD19 OOD-N03-B08 source and runtime match frozen payload; predecessors are retired (0.523916ms)
✔ OOD19 OOD-N03-B08 real scoring, reversed-option invariance and learner feedback use stable IDs (0.710708ms)
✔ OOD19 OOD-N03-B09 source and runtime match frozen payload; predecessors are retired (0.581917ms)
✔ OOD19 OOD-N03-B09 real scoring, reversed-option invariance and learner feedback use stable IDs (0.627375ms)
✔ OOD19 leaves three ordinary N01 pools at 136 and does not grant N03 eligibility (1.983875ms)
✔ runtime admission resolves the exact candidate lock for every canonical launch track (396.547458ms)
ℹ tests 41
ℹ suites 0
ℹ pass 41
ℹ fail 0
ℹ cancelled 0
ℹ skipped 0
ℹ todo 0
ℹ duration_ms 873.945833
