✔ OOD17 frozen bindings cover the eight frozen 19-item payloads (4.26425ms)
✔ OOD17 preserves all 136 accepted N01 source and artifact objects (483.712667ms)
✔ OOD17 OOD-N02-B01 source payloads, replacement identities and retired IDs are exact (0.99375ms)
✔ OOD17 OOD-N02-B01 real choice scoring, accessibility and submitted feedback follow fixed option IDs (1.918166ms)
✔ OOD17 OOD-N02-B02 source payloads, replacement identities and retired IDs are exact (1.169625ms)
✔ OOD17 OOD-N02-B02 real choice scoring, accessibility and submitted feedback follow fixed option IDs (1.144917ms)
✔ OOD17 OOD-N02-B03 source payloads, replacement identities and retired IDs are exact (0.904208ms)
✔ OOD17 OOD-N02-B03 real choice scoring, accessibility and submitted feedback follow fixed option IDs (0.926958ms)
✔ OOD17 OOD-N02-B04 source payloads, replacement identities and retired IDs are exact (0.712667ms)
✔ OOD17 OOD-N02-B04 real choice scoring, accessibility and submitted feedback follow fixed option IDs (0.75675ms)
✔ OOD17 OOD-N02-B05 source payloads, replacement identities and retired IDs are exact (1.011ms)
✔ OOD17 OOD-N02-B05 real choice scoring, accessibility and submitted feedback follow fixed option IDs (1.070542ms)
✔ OOD17 OOD-N02-B06 source payloads, replacement identities and retired IDs are exact (0.791333ms)
✔ OOD17 OOD-N02-B06 real choice scoring, accessibility and submitted feedback follow fixed option IDs (2.473292ms)
✔ OOD17 OOD-N02-B07 source payloads, replacement identities and retired IDs are exact (2.086542ms)
✔ OOD17 OOD-N02-B07 real choice scoring, accessibility and submitted feedback follow fixed option IDs (2.945416ms)
✔ OOD17 OOD-N02-B08 source payloads, replacement identities and retired IDs are exact (2.233333ms)
✔ OOD17 OOD-N02-B08 real choice scoring, accessibility and submitted feedback follow fixed option IDs (2.187417ms)
✔ OOD17 N02 source quality does not widen the three ordinary N01 mode pools (0.459583ms)
✔ OOD19 frozen bindings cover all nine reviewed 18-item payloads (5.208334ms)
✔ OOD19 preserves all 136 accepted N01 and 152 accepted N02 source and runtime objects (505.25575ms)
✔ OOD19 OOD-N03-B01 source and runtime match frozen payload; predecessors are retired (1.155542ms)
✔ OOD19 OOD-N03-B01 real scoring, reversed-option invariance and learner feedback use stable IDs (2.296ms)
✔ OOD19 OOD-N03-B02 source and runtime match frozen payload; predecessors are retired (1.040875ms)
✖ OOD19 OOD-N03-B02 real scoring, reversed-option invariance and learner feedback use stable IDs (1.937ms)
✔ OOD19 OOD-N03-B03 source and runtime match frozen payload; predecessors are retired (0.783958ms)
✔ OOD19 OOD-N03-B03 real scoring, reversed-option invariance and learner feedback use stable IDs (0.975292ms)
✔ OOD19 OOD-N03-B04 source and runtime match frozen payload; predecessors are retired (0.651333ms)
✔ OOD19 OOD-N03-B04 real scoring, reversed-option invariance and learner feedback use stable IDs (0.94775ms)
✔ OOD19 OOD-N03-B05 source and runtime match frozen payload; predecessors are retired (0.720083ms)
✔ OOD19 OOD-N03-B05 real scoring, reversed-option invariance and learner feedback use stable IDs (0.835459ms)
✔ OOD19 OOD-N03-B06 source and runtime match frozen payload; predecessors are retired (0.707ms)
✔ OOD19 OOD-N03-B06 real scoring, reversed-option invariance and learner feedback use stable IDs (0.740292ms)
✔ OOD19 OOD-N03-B07 source and runtime match frozen payload; predecessors are retired (0.626333ms)
✔ OOD19 OOD-N03-B07 real scoring, reversed-option invariance and learner feedback use stable IDs (0.704167ms)
✔ OOD19 OOD-N03-B08 source and runtime match frozen payload; predecessors are retired (0.576583ms)
✔ OOD19 OOD-N03-B08 real scoring, reversed-option invariance and learner feedback use stable IDs (0.674375ms)
✔ OOD19 OOD-N03-B09 source and runtime match frozen payload; predecessors are retired (0.551916ms)
✔ OOD19 OOD-N03-B09 real scoring, reversed-option invariance and learner feedback use stable IDs (0.699417ms)
✔ OOD19 leaves three ordinary N01 pools at 136 and does not grant N03 eligibility (1.922ms)
✔ runtime admission resolves the exact candidate lock for every canonical launch track (519.04175ms)
ℹ tests 41
ℹ suites 0
ℹ pass 40
ℹ fail 1
ℹ cancelled 0
ℹ skipped 0
ℹ todo 0
ℹ duration_ms 1117.174125

✖ failing tests:

test at src/content/bizq01OodNodeClosure19.test.ts:2:10389
✖ OOD19 OOD-N03-B02 real scoring, reversed-option invariance and learner feedback use stable IDs (1.937ms)
  AssertionError [ERR_ASSERTION]: pre-answer model does not expose Reason

  true !== false

      at TestContext.<anonymous> (/Users/lukaszkurczab/Desktop/Projects/Patternly/patternly/src/content/bizq01OodNodeClosure19.test.ts:168:14)
      at async Test.run (node:internal/test_runner/test:1409:7)
      at async Test.processPendingSubtests (node:internal/test_runner/test:974:7) {
    generatedMessage: false,
    code: 'ERR_ASSERTION',
    actual: true,
    expected: false,
    operator: 'strictEqual',
    diff: 'simple'
  }
