✖ exports exactly Coding and AWS from current ordinary Free pools with source-bound authored feedback (345.35425ms)
✔ snapshot check accepts exact bytes and rejects missing or stale generated content (0.293042ms)
✖ rejects source, identity, current locks/admission/receipts, family, and resolved Free-pool mismatches for each demo (293.798083ms)
ℹ tests 3
ℹ suites 0
ℹ pass 1
ℹ fail 2
ℹ cancelled 0
ℹ skipped 0
ℹ todo 0
ℹ duration_ms 1026.598583

✖ failing tests:

test at scripts/exportPublicDemo.test.mjs:55:1
✖ exports exactly Coding and AWS from current ordinary Free pools with source-bound authored feedback (345.35425ms)
  Error: Public demo source is outside the existing app admission evidence.
      at buildPublicDemoProjection (file:///Users/lukaszkurczab/Desktop/Projects/Patternly/patternly/scripts/exportPublicDemo.mjs:66:412)
      at createPublicDemoCatalog (file:///Users/lukaszkurczab/Desktop/Projects/Patternly/patternly/scripts/exportPublicDemo.mjs:126:22)
      at async TestContext.<anonymous> (file:///Users/lukaszkurczab/Desktop/Projects/Patternly/patternly/scripts/exportPublicDemo.test.mjs:56:19)
      at async Test.run (node:internal/test_runner/test:1409:7)
      at async startSubtestAfterBootstrap (node:internal/test_runner/harness:387:3)

test at scripts/exportPublicDemo.test.mjs:105:1
✖ rejects source, identity, current locks/admission/receipts, family, and resolved Free-pool mismatches for each demo (293.798083ms)
  Error: Public demo source is outside the existing app admission evidence.
      at buildPublicDemoProjection (file:///Users/lukaszkurczab/Desktop/Projects/Patternly/patternly/scripts/exportPublicDemo.mjs:66:412)
      at TestContext.<anonymous> (file:///Users/lukaszkurczab/Desktop/Projects/Patternly/patternly/scripts/exportPublicDemo.test.mjs:108:18)
      at async Test.run (node:internal/test_runner/test:1409:7)
      at async Test.processPendingSubtests (node:internal/test_runner/test:974:7)
