TAP version 13
# Subtest: historical content release lock remains covered by frozen release manifests
ok 1 - historical content release lock remains covered by frozen release manifests
  ---
  duration_ms: 1792.386959
  type: 'test'
  ...
# Subtest: bundled canonical release matches the current producer builder
ok 2 - bundled canonical release matches the current producer builder
  ---
  duration_ms: 1339.811667
  type: 'test'
  ...
# Subtest: current canonical builder preserves the ODK-096 inventory and approved AWS identity without repinning history
ok 3 - current canonical builder preserves the ODK-096 inventory and approved AWS identity without repinning history
  ---
  duration_ms: 1049.463667
  type: 'test'
  ...
1..3
# tests 3
# suites 0
# pass 3
# fail 0
# cancelled 0
# skipped 0
# todo 0
# duration_ms 4582.717292
