TAP version 13
# Subtest: learning kernel and registry boundaries exclude family content and platform owners
ok 1 - learning kernel and registry boundaries exclude family content and platform owners
  ---
  duration_ms: 2.7805
  type: 'test'
  ...
# Subtest: families do not import one another and source contains no replacement bridge
ok 2 - families do not import one another and source contains no replacement bridge
  ---
  duration_ms: 41.874792
  type: 'test'
  ...
# Subtest: application mutations depend on repositories rather than raw storage internals
ok 3 - application mutations depend on repositories rather than raw storage internals
  ---
  duration_ms: 0.529791
  type: 'test'
  ...
# Subtest: canonical lifecycle use cases have no React, storage implementation, or family-scoring dependency
ok 4 - canonical lifecycle use cases have no React, storage implementation, or family-scoring dependency
  ---
  duration_ms: 0.604917
  type: 'test'
  ...
# Subtest: the public storage barrel does not expose raw keys or codec
ok 5 - the public storage barrel does not expose raw keys or codec
  ---
  duration_ms: 0.181084
  type: 'test'
  ...
# Subtest: one journal contract, materializer, verifier, and coordinator remain
ok 6 - one journal contract, materializer, verifier, and coordinator remain
  ---
  duration_ms: 1.382125
  type: 'test'
  ...
# Subtest: mutation failure has one boundary owner and presentation cannot recreate durable state
ok 7 - mutation failure has one boundary owner and presentation cannot recreate durable state
  ---
  duration_ms: 30.753625
  type: 'test'
  ...
# Subtest: features and track semantics cannot import storage or repository implementations
ok 8 - features and track semantics cannot import storage or repository implementations
  ---
  duration_ms: 5.981167
  type: 'test'
  ...
# Subtest: Algorithms runtime composition has no persistence binding
ok 9 - Algorithms runtime composition has no persistence binding
  ---
  duration_ms: 0.470084
  type: 'test'
  ...
# Subtest: Coding Interview read projections do not create a barrel cycle through the session facade
ok 10 - Coding Interview read projections do not create a barrel cycle through the session facade
  ---
  duration_ms: 0.164792
  type: 'test'
  ...
# Subtest: one family-neutral foreground timer is bound only in application composition, never in presentation
ok 11 - one family-neutral foreground timer is bound only in application composition, never in presentation
  ---
  duration_ms: 27.81725
  type: 'test'
  ...
# Subtest: training-session identity has one lifecycle authority and no obsolete runtime port
ok 12 - training-session identity has one lifecycle authority and no obsolete runtime port
  ---
  duration_ms: 4.496708
  type: 'test'
  ...
# Subtest: old active exam persistence owner and feature services are deleted
ok 13 - old active exam persistence owner and feature services are deleted
  ---
  duration_ms: 23.891458
  type: 'test'
  ...
# Subtest: Certification answers cannot recreate the deleted selector or competing writer
ok 14 - Certification answers cannot recreate the deleted selector or competing writer
  ---
  duration_ms: 38.114791
  type: 'test'
  ...
# Subtest: Certification presentation reads materialized feedback without owning family scoring
ok 15 - Certification presentation reads materialized feedback without owning family scoring
  ---
  duration_ms: 9.421542
  type: 'test'
  ...
# Subtest: Certification durable Practice state has one exact projection, recovery command, and shared notice mapper
ok 16 - Certification durable Practice state has one exact projection, recovery command, and shared notice mapper
  ---
  duration_ms: 1.741042
  type: 'test'
  ...
# Subtest: Certification route handoffs use exact resume intent and cannot hide failures behind start fallbacks
ok 17 - Certification route handoffs use exact resume intent and cannot hide failures behind start fallbacks
  ---
  duration_ms: 0.888083
  type: 'test'
  ...
# Subtest: presentation routes use application ports without persistence internals
ok 18 - presentation routes use application ports without persistence internals
  ---
  duration_ms: 5.619542
  type: 'test'
  ...
# Subtest: startup recovery uses canonical bootstrap recovery
ok 19 - startup recovery uses canonical bootstrap recovery
  ---
  duration_ms: 0.10825
  type: 'test'
  ...
# Subtest: single choice feedback exposes selected incorrect, omitted correct and remaining neutral
ok 20 - single choice feedback exposes selected incorrect, omitted correct and remaining neutral
  ---
  duration_ms: 1.287
  type: 'test'
  ...
# Subtest: multi choice feedback preserves every selected and correct combination
ok 21 - multi choice feedback preserves every selected and correct combination
  ---
  duration_ms: 0.190208
  type: 'test'
  ...
# Subtest: choice feedback rejects a mismatched response contract
ok 22 - choice feedback rejects a mismatched response contract
  ---
  duration_ms: 0.197083
  type: 'test'
  ...
# Subtest: authored choice messages follow selected incorrect and omitted correct stable IDs in authored order
ok 23 - authored choice messages follow selected incorrect and omitted correct stable IDs in authored order
  ---
  duration_ms: 0.267375
  type: 'test'
  ...
# Subtest: multiple choice messages include only selected wrong and omitted correct targets regardless of response order
ok 24 - multiple choice messages include only selected wrong and omitted correct targets regardless of response order
  ---
  duration_ms: 0.1355
  type: 'test'
  ...
# Subtest: message projection preserves absent-message and non-choice behavior, and freezes provided empty results
ok 25 - message projection preserves absent-message and non-choice behavior, and freezes provided empty results
  ---
  duration_ms: 0.063583
  type: 'test'
  ...
# Subtest: real GCP and Coding artifacts deliver exact selected-wrong authored messages
ok 26 - real GCP and Coding artifacts deliver exact selected-wrong authored messages
  ---
  duration_ms: 424.094459
  type: 'test'
  ...
# Subtest: all 440 actual multiple-choice items reject every wrong-containing subset independently of oracle parity
ok 27 - all 440 actual multiple-choice items reject every wrong-containing subset independently of oracle parity
  ---
  duration_ms: 318.455583
  type: 'test'
  ...
# Subtest: actual practice runtime writes zero-point incorrect attempt/review, survives repository rebind and preserves authored feedback
ok 28 - actual practice runtime writes zero-point incorrect attempt/review, survives repository rebind and preserves authored feedback
  ---
  duration_ms: 43.537583
  type: 'test'
  ...
# Subtest: actual Coding Mock simulation finalization records wrong-containing response as incorrect zero, preserving other answers
ok 29 - actual Coding Mock simulation finalization records wrong-containing response as incorrect zero, preserving other answers
  ---
  duration_ms: 5.230417
  type: 'test'
  ...
# Subtest: active Certification projection strips answers, explanations and feedback structurally
ok 30 - active Certification projection strips answers, explanations and feedback structurally
  ---
  duration_ms: 3.044625
  type: 'test'
  ...
# Subtest: deferred feedback remains absent after durable submit while immediate feedback is unchanged
ok 31 - deferred feedback remains absent after durable submit while immediate feedback is unchanged
  ---
  duration_ms: 0.33625
  type: 'test'
  ...
# Subtest: completed review evidence fails closed when durable outcome aggregates are missing or inconsistent
ok 32 - completed review evidence fails closed when durable outcome aggregates are missing or inconsistent
  ---
  duration_ms: 0.160166
  type: 'test'
  ...
# Subtest: Practice presentation never discloses feedback before the durable feedback boundary
ok 33 - Practice presentation never discloses feedback before the durable feedback boundary
  ---
  duration_ms: 1.866583
  type: 'test'
  ...
# Subtest: Practice presentation permits response edits before a journal exists
ok 34 - Practice presentation permits response edits before a journal exists
  ---
  duration_ms: 0.111209
  type: 'test'
  ...
# Subtest: Practice action model separates final feedback from the durable Finish command
ok 35 - Practice action model separates final feedback from the durable Finish command
  ---
  duration_ms: 1.189542
  type: 'test'
  ...
# Subtest: Deferred feedback keeps the submit CTA and saving status aligned
ok 36 - Deferred feedback keeps the submit CTA and saving status aligned
  ---
  duration_ms: 0.122834
  type: 'test'
  ...
# Subtest: Practice pending phases retain a stable unsafe-action lock
ok 37 - Practice pending phases retain a stable unsafe-action lock
  ---
  duration_ms: 0.064208
  type: 'test'
  ...
# Subtest: primary action carry-over guard blocks only fast phase changes and permits same-phase retries
ok 38 - primary action carry-over guard blocks only fast phase changes and permits same-phase retries
  ---
  duration_ms: 0.124333
  type: 'test'
  ...
# Subtest: Practice operation notice mapping remains one family-neutral interpretation
ok 39 - Practice operation notice mapping remains one family-neutral interpretation
  ---
  duration_ms: 0.577625
  type: 'test'
  ...
# Subtest: Durable recovery notices stay learner-facing in English and Polish
ok 40 - Durable recovery notices stay learner-facing in English and Polish
  ---
  duration_ms: 3.489666
  type: 'test'
  ...
# Subtest: Premium session preparation failures map to localized next steps
ok 41 - Premium session preparation failures map to localized next steps
  ---
  duration_ms: 1.995416
  type: 'test'
  ...
# Subtest: Practice local choice selection survives only the same editable occurrence
ok 42 - Practice local choice selection survives only the same editable occurrence
  ---
  duration_ms: 0.398083
  type: 'test'
  ...
# Subtest: Scoped local response preserves all authored control types for the same editable occurrence
ok 43 - Scoped local response preserves all authored control types for the same editable occurrence
  ---
  duration_ms: 0.104292
  type: 'test'
  ...
# Subtest: Scoped local response resets when the session or occurrence identity changes
ok 44 - Scoped local response resets when the session or occurrence identity changes
  ---
  duration_ms: 0.053125
  type: 'test'
  ...
# Subtest: Scoped durable response is authoritative over an unsent local response
ok 45 - Scoped durable response is authoritative over an unsent local response
  ---
  duration_ms: 0.047542
  type: 'test'
  ...
# Subtest: Practice durable choice response wins and response-less locked state clears
ok 46 - Practice durable choice response wins and response-less locked state clears
  ---
  duration_ms: 0.048875
  type: 'test'
  ...
# Subtest: Practice response renderer consumes application feedback states without scoring in UI
ok 47 - Practice response renderer consumes application feedback states without scoring in UI
  ---
  duration_ms: 0.136375
  type: 'test'
  ...
# Subtest: Single-select feedback projects selected-correct and every remaining disabled state
ok 48 - Single-select feedback projects selected-correct and every remaining disabled state
  ---
  duration_ms: 0.052375
  type: 'test'
  ...
# Subtest: The visible ordering is a complete response before the learner moves an element
ok 49 - The visible ordering is a complete response before the learner moves an element
  ---
  duration_ms: 0.172542
  type: 'test'
  ...
# Subtest: Practice feedback labels distinguish selection from correctness
ok 50 - Practice feedback labels distinguish selection from correctness
  ---
  duration_ms: 0.049792
  type: 'test'
  ...
# Subtest: Practice checked semantics include only answers the learner selected
ok 51 - Practice checked semantics include only answers the learner selected
  ---
  duration_ms: 6.823166
  type: 'test'
  ...
1..51
# tests 51
# suites 0
# pass 51
# fail 0
# cancelled 0
# skipped 0
# todo 0
# duration_ms 1362.172625
