TAP version 13
# Subtest: deletion authorization expires, binds both UID and generation, and cannot be replayed
ok 1 - deletion authorization expires, binds both UID and generation, and cannot be replayed
  ---
  duration_ms: 2.842875
  type: 'test'
  ...
# Subtest: deletion authorization reports a live grant without consuming it
ok 2 - deletion authorization reports a live grant without consuming it
  ---
  duration_ms: 2.083042
  type: 'test'
  ...
# Subtest: foreground refresh guard skips only a current live deletion grant
ok 3 - foreground refresh guard skips only a current live deletion grant
  ---
  duration_ms: 0.411667
  type: 'test'
  ...
# Subtest: a foreground refresh queued behind prepareDeletion skips the issued grant without consuming it
ok 4 - a foreground refresh queued behind prepareDeletion skips the issued grant without consuming it
  ---
  duration_ms: 23.369333
  type: 'test'
  ...
# Subtest: wrong reauthentication never issues a deletion grant or reaches deletion
ok 5 - wrong reauthentication never issues a deletion grant or reaches deletion
  ---
  duration_ms: 0.744708
  type: 'test'
  ...
# Subtest: a session change after reauthentication prevents grant issuance
ok 6 - a session change after reauthentication prevents grant issuance
  ---
  duration_ms: 0.381833
  type: 'test'
  ...
# Subtest: deletion authorization prepares the backend session after reauthentication and before issuing the grant
ok 7 - deletion authorization prepares the backend session after reauthentication and before issuing the grant
  ---
  duration_ms: 0.411
  type: 'test'
  ...
# Subtest: deletion authorization fails closed when backend session preparation fails
ok 8 - deletion authorization fails closed when backend session preparation fails
  ---
  duration_ms: 0.456334
  type: 'test'
  ...
# Subtest: deletion authorization fails closed when the session changes during backend session preparation
ok 9 - deletion authorization fails closed when the session changes during backend session preparation
  ---
  duration_ms: 0.877584
  type: 'test'
  ...
# Subtest: verify-before email mutation reports pending work while the current email stays unchanged
ok 10 - verify-before email mutation reports pending work while the current email stays unchanged
  ---
  duration_ms: 1.329333
  type: 'test'
  ...
# Subtest: password mutation failures remain failures after successful reauthentication
ok 11 - password mutation failures remain failures after successful reauthentication
  ---
  duration_ms: 0.330916
  type: 'test'
  ...
# Subtest: sensitive command lane rejects a concurrent different command
ok 12 - sensitive command lane rejects a concurrent different command
  ---
  duration_ms: 1.031917
  type: 'test'
  ...
# Subtest: a second login waits until the first account's Firebase sign-out settles
ok 13 - a second login waits until the first account's Firebase sign-out settles
  ---
  duration_ms: 0.565833
  type: 'test'
  ...
# Subtest: sensitive command lane waits for an active command only through the refresh path
ok 14 - sensitive command lane waits for an active command only through the refresh path
  ---
  duration_ms: 0.310333
  type: 'test'
  ...
# Subtest: waiting refresh drains a command that starts at the idle microtask boundary
ok 15 - waiting refresh drains a command that starts at the idle microtask boundary
  ---
  duration_ms: 0.439542
  type: 'test'
  ...
# Subtest: an active refresh settles before a command claims the lane, even when refresh fails
ok 16 - an active refresh settles before a command claims the lane, even when refresh fails
  ---
  duration_ms: 2.321334
  type: 'test'
  ...
# Subtest: two commands waiting for one refresh leave only the first command admitted
ok 17 - two commands waiting for one refresh leave only the first command admitted
  ---
  duration_ms: 0.358417
  type: 'test'
  ...
# Subtest: refresh holds are refcounted and idempotent while explicit commands remain available
ok 18 - refresh holds are refcounted and idempotent while explicit commands remain available
  ---
  duration_ms: 0.354541
  type: 'test'
  ...
# Subtest: prompt hold lifecycle releases exactly once across success, cancel, error, and unmount paths
ok 19 - prompt hold lifecycle releases exactly once across success, cancel, error, and unmount paths
  ---
  duration_ms: 0.225417
  type: 'test'
  ...
# Subtest: a prompt callback can submit during a refresh hold before its queued foreground refresh
ok 20 - a prompt callback can submit during a refresh hold before its queued foreground refresh
  ---
  duration_ms: 0.752875
  type: 'test'
  ...
# Subtest: a prompt callback during an active refresh keeps queued refresh and submit serialized
ok 21 - a prompt callback during an active refresh keeps queued refresh and submit serialized
  ---
  duration_ms: 3.730041
  type: 'test'
  ...
# Subtest: auth command composition keeps provider credentials and hold-only deletion wiring
ok 22 - auth command composition keeps provider credentials and hold-only deletion wiring
  ---
  duration_ms: 3.729625
  type: 'test'
  ...
# Subtest: account snapshot and outbox use one exact canonical identity contract
ok 23 - account snapshot and outbox use one exact canonical identity contract
  ---
  duration_ms: 36.268375
  type: 'test'
  ...
# Subtest: stored account state rejects removed protocol and content schema fields
ok 24 - stored account state rejects removed protocol and content schema fields
  ---
  duration_ms: 1.348458
  type: 'test'
  ...
# Subtest: guest adoption choice is canonical and survives a durable reread
ok 25 - guest adoption choice is canonical and survives a durable reread
  ---
  duration_ms: 0.918792
  type: 'test'
  ...
# Subtest: stored account state fails closed instead of assigning missing outbox sequence
ok 26 - stored account state fails closed instead of assigning missing outbox sequence
  ---
  duration_ms: 21.300792
  type: 'test'
  ...
# Subtest: account export distinguishes recent authentication, revoked sessions, transport, limits, and 5xx
ok 27 - account export distinguishes recent authentication, revoked sessions, transport, limits, and 5xx
  ---
  duration_ms: 29.580792
  type: 'test'
  ...
# Subtest: validates the account export envelope before any file is created
ok 28 - validates the account export envelope before any file is created
  ---
  duration_ms: 9.212833
  type: 'test'
  ...
# Subtest: rejects partial profiles and malformed section entries
ok 29 - rejects partial profiles and malformed section entries
  ---
  duration_ms: 0.953167
  type: 'test'
  ...
# Subtest: writes to the cache-prefixed filename and deletes after sharing
ok 30 - writes to the cache-prefixed filename and deletes after sharing
  ---
  duration_ms: 0.5405
  type: 'test'
  ...
# Subtest: deletes the temporary file when the share sheet rejects
ok 31 - deletes the temporary file when the share sheet rejects
  ---
  duration_ms: 0.33575
  type: 'test'
  ...
# Subtest: does not create a file when system sharing is unavailable
ok 32 - does not create a file when system sharing is unavailable
  ---
  duration_ms: 0.445875
  type: 'test'
  ...
# Subtest: classifies cache file construction failures without rejecting
ok 33 - classifies cache file construction failures without rejecting
  ---
  duration_ms: 0.274167
  type: 'test'
  ...
# Subtest: a changed account session is rejected before sharing and the file is deleted
ok 34 - a changed account session is rejected before sharing and the file is deleted
  ---
  duration_ms: 0.6385
  type: 'test'
  ...
# Subtest: reports a failed final cleanup and leaves bootstrap responsible for retry
ok 35 - reports a failed final cleanup and leaves bootstrap responsible for retry
  ---
  duration_ms: 0.336708
  type: 'test'
  ...
# Subtest: bootstrap cleanup without an active storage profile preserves all export files
ok 36 - bootstrap cleanup without an active storage profile preserves all export files
  ---
  duration_ms: 30.6745
  type: 'test'
  ...
# Subtest: account export cache cleanup is limited to the selected local profile
ok 37 - account export cache cleanup is limited to the selected local profile
  ---
  duration_ms: 1.700167
  type: 'test'
  ...
# Subtest: profile cleanup leaves legacy unscoped exports because their owner cannot be proven
ok 38 - profile cleanup leaves legacy unscoped exports because their owner cannot be proven
  ---
  duration_ms: 0.358958
  type: 'test'
  ...
# Subtest: guest-merge materialization accepts its timestamp-free contract only when active track is unambiguous
ok 39 - guest-merge materialization accepts its timestamp-free contract only when active track is unambiguous
  ---
  duration_ms: 54.247917
  type: 'test'
  ...
# Subtest: requestEmailChange preserves the global classifier and exposes only the email conflict locally
ok 40 - requestEmailChange preserves the global classifier and exposes only the email conflict locally
  ---
  duration_ms: 2.314375
  type: 'test'
  ...
# Subtest: requestEmailChange keeps operational failures in their existing categories
ok 41 - requestEmailChange keeps operational failures in their existing categories
  ---
  duration_ms: 0.424333
  type: 'test'
  ...
# Subtest: requestEmailChange owns the contextual mapper without changing the Firebase client contract
ok 42 - requestEmailChange owns the contextual mapper without changing the Firebase client contract
  ---
  duration_ms: 0.959042
  type: 'test'
  ...
# Subtest: foreground scheduler coalesces duplicate active events and runs a newer return after the current refresh
ok 43 - foreground scheduler coalesces duplicate active events and runs a newer return after the current refresh
  ---
  duration_ms: 4.038375
  type: 'test'
  ...
# Subtest: foreground scheduler cleanup cancels queued work and drops stale intents
ok 44 - foreground scheduler cleanup cancels queued work and drops stale intents
  ---
  duration_ms: 0.746042
  type: 'test'
  ...
# Subtest: ODK-E2E-041 keeps a runnable guest goal to account restart journey
ok 45 - ODK-E2E-041 keeps a runnable guest goal to account restart journey
  ---
  duration_ms: 2.973542
  type: 'test'
  ...
# Subtest: ODK-E2E-041 preserves the per-track dismissal and restart proof
ok 46 - ODK-E2E-041 preserves the per-track dismissal and restart proof
  ---
  duration_ms: 1.414541
  type: 'test'
  ...
# Subtest: ODK-E2E-041 covers an existing goal on a clean device and an account without a goal
ok 47 - ODK-E2E-041 covers an existing goal on a clean device and an account without a goal
  ---
  duration_ms: 1.873833
  type: 'test'
  ...
# Subtest: ODK-E2E-041 data evidence covers identity, atomic goal-plan validation, recovery, and explicit UI states
ok 48 - ODK-E2E-041 data evidence covers identity, atomic goal-plan validation, recovery, and explicit UI states
  ---
  duration_ms: 2.150458
  type: 'test'
  ...
# Subtest: ODK-E2E-041 visual matrix maps every required journey to executable evidence
ok 49 - ODK-E2E-041 visual matrix maps every required journey to executable evidence
  ---
  duration_ms: 4.524834
  type: 'test'
  ...
# Subtest: public environment and Firebase client configuration fail closed
ok 50 - public environment and Firebase client configuration fail closed
  ---
  duration_ms: 24.560416
  type: 'test'
  ...
# Subtest: Firebase account configuration requires core fields and accepts only valid optional Google IDs
ok 51 - Firebase account configuration requires core fields and accepts only valid optional Google IDs
  ---
  duration_ms: 1.162625
  type: 'test'
  ...
# Subtest: native App Check composes either provider, both providers, or an explicit unavailable state
ok 52 - native App Check composes either provider, both providers, or an explicit unavailable state
  ---
  duration_ms: 1.391667
  type: 'test'
  ...
# Subtest: only the explicit local smoke runtime finalizes every password-identity command without verification side effects
ok 53 - only the explicit local smoke runtime finalizes every password-identity command without verification side effects
  ---
  duration_ms: 0.901458
  type: 'test'
  ...
# Subtest: account entry copy makes the destructive choice and code acknowledgement explicit
ok 54 - account entry copy makes the destructive choice and code acknowledgement explicit
  ---
  duration_ms: 8.091666
  type: 'test'
  ...
# Subtest: account entry owns one terminal choice and keeps synced account controls separate
ok 55 - account entry owns one terminal choice and keeps synced account controls separate
  ---
  duration_ms: 4.253166
  type: 'test'
  ...
# Subtest: account recovery owns one status message, a truthful retry, and a sign-out exit
ok 56 - account recovery owns one status message, a truthful retry, and a sign-out exit
  ---
  duration_ms: 4.401292
  type: 'test'
  ...
# Subtest: current-account ISSUE defer requires an explicit sign-in, canonical session check, and persistent identity fence
ok 57 - current-account ISSUE defer requires an explicit sign-in, canonical session check, and persistent identity fence
  ---
  duration_ms: 1.93775
  type: 'test'
  ...
# Subtest: account recovery back action follows live navigator history
ok 58 - account recovery back action follows live navigator history
  ---
  duration_ms: 2.057917
  type: 'test'
  ...
# Subtest: signed-out sign-in presentation is independent of pending remote revocation
ok 59 - signed-out sign-in presentation is independent of pending remote revocation
  ---
  duration_ms: 5.263333
  type: 'test'
  ...
# Subtest: local sign-out persists its block before closing scope and never invokes remote preparation
ok 60 - local sign-out persists its block before closing scope and never invokes remote preparation
  ---
  duration_ms: 1.278041
  type: 'test'
  ...
# Subtest: completed sign-out cannot publish signed-out state over a newly authenticated UID
ok 61 - completed sign-out cannot publish signed-out state over a newly authenticated UID
  ---
  duration_ms: 0.712416
  type: 'test'
  ...
# Subtest: explicit login and registration Auth mutations serialize with local sign-out
ok 62 - explicit login and registration Auth mutations serialize with local sign-out
  ---
  duration_ms: 1.195542
  type: 'test'
  ...
# Subtest: restored matching logout block closes scope and remains pending until manual retry
ok 63 - restored matching logout block closes scope and remains pending until manual retry
  ---
  duration_ms: 1.662416
  type: 'test'
  ...
# Subtest: foreground identity publication keeps the latest account data and rejects stale generations
ok 64 - foreground identity publication keeps the latest account data and rejects stale generations
  ---
  duration_ms: 0.447583
  type: 'test'
  ...
# Subtest: queued identity refresh is rejected by the production guard after sign-out or UID switch
ok 65 - queued identity refresh is rejected by the production guard after sign-out or UID switch
  ---
  duration_ms: 0.875833
  type: 'test'
  ...
# Subtest: email security composition delegates refresh to the global foreground owner
ok 66 - email security composition delegates refresh to the global foreground owner
  ---
  duration_ms: 2.123583
  type: 'test'
  ...
# Subtest: the foreground owner retries plan recovery at bootstrap, reconnect, foreground, and its durable timer
ok 67 - the foreground owner retries plan recovery at bootstrap, reconnect, foreground, and its durable timer
  ---
  duration_ms: 0.769375
  type: 'test'
  ...
# Subtest: sign-in keeps guest access visible and uses the approved Google logo asset
ok 68 - sign-in keeps guest access visible and uses the approved Google logo asset
  ---
  duration_ms: 3.639333
  type: 'test'
  ...
# Subtest: registration keeps consent presentation separate from the boolean domain contract
ok 69 - registration keeps consent presentation separate from the boolean domain contract
  ---
  duration_ms: 5.750042
  type: 'test'
  ...
# Subtest: both recovery-code surfaces warn before copying through the guarded clipboard
ok 70 - both recovery-code surfaces warn before copying through the guarded clipboard
  ---
  duration_ms: 2.006291
  type: 'test'
  ...
# Subtest: unconfigured account entry never composes Google OAuth without typed provider configuration
ok 71 - unconfigured account entry never composes Google OAuth without typed provider configuration
  ---
  duration_ms: 52.505791
  type: 'test'
  ...
# Subtest: a guest transition resets navigation into the application session
ok 72 - a guest transition resets navigation into the application session
  ---
  duration_ms: 0.361292
  type: 'test'
  ...
# Subtest: secure auth persistence stores only a Firebase refresh-token-shaped record
ok 73 - secure auth persistence stores only a Firebase refresh-token-shaped record
  ---
  duration_ms: 1.190083
  type: 'test'
  ...
# Subtest: secure auth persistence isolates Firebase metadata from the saved auth user
ok 74 - secure auth persistence isolates Firebase metadata from the saved auth user
  ---
  duration_ms: 5.392167
  type: 'test'
  ...
# Subtest: startup waits for persisted auth resolution before choosing the entry screen or Home
ok 75 - startup waits for persisted auth resolution before choosing the entry screen or Home
  ---
  duration_ms: 1.993291
  type: 'test'
  ...
# Subtest: account finalization coordinator shares one in-flight and completed result per generation
ok 76 - account finalization coordinator shares one in-flight and completed result per generation
  ---
  duration_ms: 0.674083
  type: 'test'
  ...
# Subtest: account finalization coordinator drops late results after invalidation and disposal
ok 77 - account finalization coordinator drops late results after invalidation and disposal
  ---
  duration_ms: 0.905542
  type: 'test'
  ...
# Subtest: read-only generation capture cannot reactivate a session during sign-out
ok 78 - read-only generation capture cannot reactivate a session during sign-out
  ---
  duration_ms: 17.055833
  type: 'test'
  ...
# Subtest: account restore has a bounded initialization recovery path
ok 79 - account restore has a bounded initialization recovery path
  ---
  duration_ms: 3.28875
  type: 'test'
  ...
# Subtest: App Check has an explicit unavailable state and never fabricates a token
ok 80 - App Check has an explicit unavailable state and never fabricates a token
  ---
  duration_ms: 0.367667
  type: 'test'
  ...
# Subtest: account failures expose explicit provider, network, expiry, and revoked-session states
ok 81 - account failures expose explicit provider, network, expiry, and revoked-session states
  ---
  duration_ms: 1.259667
  type: 'test'
  ...
# Subtest: cold account_not_found clears persisted Firebase auth or exposes a truthful sign-out retry
ok 82 - cold account_not_found clears persisted Firebase auth or exposes a truthful sign-out retry
  ---
  duration_ms: 0.799625
  type: 'test'
  ...
# Subtest: privacy requests expose App Check failures as unavailable
ok 83 - privacy requests expose App Check failures as unavailable
  ---
  duration_ms: 0.307125
  type: 'test'
  ...
# Subtest: account sync preserves known validation failures without persisting arbitrary error messages
ok 84 - account sync preserves known validation failures without persisting arbitrary error messages
  ---
  duration_ms: 38.556667
  type: 'test'
  ...
# Subtest: deletion retries after a revoked or stale session and leaves a verified local tombstone
ok 85 - deletion retries after a revoked or stale session and leaves a verified local tombstone
  ---
  duration_ms: 18.47325
  type: 'test'
  ...
# Subtest: deletion cleanup removes the complete canonical learning namespace while preserving device records and recovery markers
ok 86 - deletion cleanup removes the complete canonical learning namespace while preserving device records and recovery markers
  ---
  duration_ms: 1.114875
  type: 'test'
  ...
# Subtest: a completed marker from an earlier account does not block a later bound account
ok 87 - a completed marker from an earlier account does not block a later bound account
  ---
  duration_ms: 10.413458
  type: 'test'
  ...
# Subtest: a preflight journal failure does not create a deletion operation and pending retry cannot start one
ok 88 - a preflight journal failure does not create a deletion operation and pending retry cannot start one
  ---
  duration_ms: 29.1925
  type: 'test'
  ...
# Subtest: response loss resolves a matching remote operation and rejects mismatched status without local cleanup
ok 89 - response loss resolves a matching remote operation and rejects mismatched status without local cleanup
  ---
  duration_ms: 5.298375
  type: 'test'
  ...
# Subtest: local deletion cleanup resumes after a failed key removal without issuing another remote delete
ok 90 - local deletion cleanup resumes after a failed key removal without issuing another remote delete
  ---
  duration_ms: 3.662375
  type: 'test'
  ...
# Subtest: account deletion remains pending until reminders are disabled and retry does not repeat remote deletion
ok 91 - account deletion remains pending until reminders are disabled and retry does not repeat remote deletion
  ---
  duration_ms: 4.95425
  type: 'test'
  ...
# Subtest: server reauthentication failures remain reauthentication failures with the pending marker intact
ok 92 - server reauthentication failures remain reauthentication failures with the pending marker intact
  ---
  duration_ms: 17.900125
  type: 'test'
  ...
# Subtest: an invalid deletion acknowledgement keeps the same operation pending until an explicit retry verifies proof
ok 93 - an invalid deletion acknowledgement keeps the same operation pending until an explicit retry verifies proof
  ---
  duration_ms: 198.639625
  type: 'test'
  ...
# Subtest: an uncertain server deletion failure resolves through the bound operation status
ok 94 - an uncertain server deletion failure resolves through the bound operation status
  ---
  duration_ms: 40.273
  type: 'test'
  ...
# Subtest: a durable terminal learning commit uploads once when Home retries pending data
ok 95 - a durable terminal learning commit uploads once when Home retries pending data
  ---
  duration_ms: 351.475584
  type: 'test'
  ...
# Subtest: concurrent Home retries share one offline attempt and preserve durable pending state
ok 96 - concurrent Home retries share one offline attempt and preserve durable pending state
  ---
  duration_ms: 296.508625
  type: 'test'
  ...
# Subtest: a concurrent local session start during upload keeps the interrupted Home sync retryable
ok 97 - a concurrent local session start during upload keeps the interrupted Home sync retryable
  ---
  duration_ms: 1672.035458
  type: 'test'
  ...
# Subtest: a concurrent local session start during download keeps the interrupted Home sync retryable
ok 98 - a concurrent local session start during download keeps the interrupted Home sync retryable
  ---
  duration_ms: 1266.351125
  type: 'test'
  ...
# Subtest: Home pending retry honors binding, state, and durable recovery guards without remote calls
ok 99 - Home pending retry honors binding, state, and durable recovery guards without remote calls
  ---
  duration_ms: 5.864667
  type: 'test'
  ...
# Subtest: bound restart exposes a projection for a locally saved session without remote reads or writes
ok 100 - bound restart exposes a projection for a locally saved session without remote reads or writes
  ---
  duration_ms: 3.157375
  type: 'test'
  ...
# Subtest: resume requires matching installation and account-state bindings
ok 101 - resume requires matching installation and account-state bindings
  ---
  duration_ms: 1.08725
  type: 'test'
  ...
# Subtest: a pending learning journal blocks bound account sync without clearing the journal
ok 102 - a pending learning journal blocks bound account sync without clearing the journal
  ---
  duration_ms: 3.252125
  type: 'test'
  ...
# Subtest: a deferred upload state resumes locally and syncs idempotently after finalization
ok 103 - a deferred upload state resumes locally and syncs idempotently after finalization
  ---
  duration_ms: 257.977542
  type: 'test'
  ...
# Subtest: discard deletes guest records and goals but preserves device preferences and performs no remote writes
ok 104 - discard deletes guest records and goals but preserves device preferences and performs no remote writes
  ---
  duration_ms: 50.256583
  type: 'test'
  ...
# Subtest: discard restores existing account records unchanged without uploading guest data
ok 105 - discard restores existing account records unchanged without uploading guest data
  ---
  duration_ms: 3.074458
  type: 'test'
  ...
# Subtest: failed account fetch keeps guest data and the approved discard plan for retry
ok 106 - failed account fetch keeps guest data and the approved discard plan for retry
  ---
  duration_ms: 2.138375
  type: 'test'
  ...
# Subtest: existing-account login restores remote data without offering or uploading guest adoption
ok 107 - existing-account login restores remote data without offering or uploading guest adoption
  ---
  duration_ms: 1.916458
  type: 'test'
  ...
# Subtest: one separable invalid remote plan restores Home data, quarantines its version, and resolves after replacement sync
ok 108 - one separable invalid remote plan restores Home data, quarantines its version, and resolves after replacement sync
  ---
  duration_ms: 850.813792
  type: 'test'
  ...
# Subtest: normal no-plan remote state creates no recovery incident
ok 109 - normal no-plan remote state creates no recovery incident
  ---
  duration_ms: 77.640584
  type: 'test'
  ...
# Subtest: learning plan recovery reserves before a read and commits the replacement with its ACK
ok 110 - learning plan recovery reserves before a read and commits the replacement with its ACK
  ---
  duration_ms: 213.963166
  type: 'test'
  ...
# Subtest: learning plan recovery persists failed attempts and respects the durable due time
ok 111 - learning plan recovery persists failed attempts and respects the durable due time
  ---
  duration_ms: 122.492333
  type: 'test'
  ...
# Subtest: learning plan recovery drops stale responses after a generation, incident, or account ownership change
ok 112 - learning plan recovery drops stale responses after a generation, incident, or account ownership change
  ---
  duration_ms: 407.431042
  type: 'test'
  ...
# Subtest: invalid plan recovery fails closed on bad envelope, duplicate identity, uncertain goal, or ownership
ok 113 - invalid plan recovery fails closed on bad envelope, duplicate identity, uncertain goal, or ownership
  ---
  duration_ms: 507.30575
  type: 'test'
  ...
# Subtest: transfer applies an explicit guest conflict resolution once and completes durably
ok 114 - transfer applies an explicit guest conflict resolution once and completes durably
  ---
  duration_ms: 34.314166
  type: 'test'
  ...
# Subtest: guest adoption quarantines one invalid plan while materializing its goal and unambiguous active track
ok 115 - guest adoption quarantines one invalid plan while materializing its goal and unambiguous active track
  ---
  duration_ms: 70.8785
  type: 'test'
  ...
# Subtest: offline transfer retry reuses the durable confirmation and never uploads a duplicate guest snapshot
ok 116 - offline transfer retry reuses the durable confirmation and never uploads a duplicate guest snapshot
  ---
  duration_ms: 11.202417
  type: 'test'
  ...
# Subtest: discard resumes after partial-index failure without reconstructing a guest upload
ok 117 - discard resumes after partial-index failure without reconstructing a guest upload
  ---
  duration_ms: 9.2325
  type: 'test'
  ...
# Subtest: discard resumes after binding failure without reconstructing a guest upload
ok 118 - discard resumes after binding failure without reconstructing a guest upload
  ---
  duration_ms: 10.742417
  type: 'test'
  ...
# Subtest: discard resumes after finish failure without reconstructing a guest upload
ok 119 - discard resumes after finish failure without reconstructing a guest upload
  ---
  duration_ms: 12.254708
  type: 'test'
  ...
# Subtest: discard rejects another account and pending adoption without changing guest data
ok 120 - discard rejects another account and pending adoption without changing guest data
  ---
  duration_ms: 5.42625
  type: 'test'
  ...
# Subtest: a stale adoption confirmation is cleared so retry can request a fresh preview
ok 121 - a stale adoption confirmation is cleared so retry can request a fresh preview
  ---
  duration_ms: 1.923125
  type: 'test'
  ...
# Subtest: discard blocks an active guest session before fetching or deleting data
ok 122 - discard blocks an active guest session before fetching or deleting data
  ---
  duration_ms: 3.309417
  type: 'test'
  ...
# Subtest: concurrent discard calls make one transition and keep the guest outbox empty before fetching
ok 123 - concurrent discard calls make one transition and keep the guest outbox empty before fetching
  ---
  duration_ms: 2.743959
  type: 'test'
  ...
# Subtest: a session start requested while discard fetches waits and is preserved after materialization
ok 124 - a session start requested while discard fetches waits and is preserved after materialization
  ---
  duration_ms: 14.826834
  type: 'test'
  ...
# Subtest: malformed remote records keep the guest dataset and durable approved discard plan
ok 125 - malformed remote records keep the guest dataset and durable approved discard plan
  ---
  duration_ms: 1.575625
  type: 'test'
  ...
# Subtest: pending materialization blocks lifecycle account deletion without losing the marker
ok 126 - pending materialization blocks lifecycle account deletion without losing the marker
  ---
  duration_ms: 1.959833
  type: 'test'
  ...
# Subtest: a durable adoption confirmation blocks a new learning commit
ok 127 - a durable adoption confirmation blocks a new learning commit
  ---
  duration_ms: 5.609333
  type: 'test'
  ...
# Subtest: unreadable mutation journal blocks discard before deleting guest data
ok 128 - unreadable mutation journal blocks discard before deleting guest data
  ---
  duration_ms: 1.885334
  type: 'test'
  ...
# Subtest: authenticated reset restores history without uploading tombstones and preserves local context
ok 129 - authenticated reset restores history without uploading tombstones and preserves local context
  ---
  duration_ms: 388.881292
  type: 'test'
  ...
# Subtest: authenticated reset rejects pending account context without changing state or calling the API
ok 130 - authenticated reset rejects pending account context without changing state or calling the API
  ---
  duration_ms: 27.808834
  type: 'test'
  ...
# Subtest: canonical clean synced state remains eligible for the guarded reset
ok 131 - canonical clean synced state remains eligible for the guarded reset
  ---
  duration_ms: 5.324583
  type: 'test'
  ...
# Subtest: authenticated reset exposes the remote-restore guard and keeps it after a fetch failure
ok 132 - authenticated reset exposes the remote-restore guard and keeps it after a fetch failure
  ---
  duration_ms: 47.655708
  type: 'test'
  ...
# Subtest: a failed remote restore retains the reset guard and account binding
ok 133 - a failed remote restore retains the reset guard and account binding
  ---
  duration_ms: 13.218667
  type: 'test'
  ...
# Subtest: a failed local reset keeps the pre-reset marker and retries the same journal safely
ok 134 - a failed local reset keeps the pre-reset marker and retries the same journal safely
  ---
  duration_ms: 47.049875
  type: 'test'
  ...
# Subtest: concurrent authenticated reset requests share one guarded operation
ok 135 - concurrent authenticated reset requests share one guarded operation
  ---
  duration_ms: 22.14525
  type: 'test'
  ...
# Subtest: reset guard blocks outbox synthesis for a canonical acknowledged record
ok 136 - reset guard blocks outbox synthesis for a canonical acknowledged record
  ---
  duration_ms: 0.889708
  type: 'test'
  ...
# Subtest: only confirmed offline to confirmed online is a reconnect
ok 137 - only confirmed offline to confirmed online is a reconnect
  ---
  duration_ms: 3.376959
  type: 'test'
  ...
# Subtest: recovery-code issuance preserves invalid credentials from reauthentication
ok 138 - recovery-code issuance preserves invalid credentials from reauthentication
  ---
  duration_ms: 2.033334
  type: 'test'
  ...
# Subtest: ordinary Firebase identity exchanges before /me and blocks its custom-token observer event
ok 139 - ordinary Firebase identity exchanges before /me and blocks its custom-token observer event
  ---
  duration_ms: 20.51975
  type: 'test'
  ...
# Subtest: a custom-token recovery session with an authorization generation bypasses exchange
ok 140 - a custom-token recovery session with an authorization generation bypasses exchange
  ---
  duration_ms: 1.326584
  type: 'test'
  ...
# Subtest: recovery requires its exact generation and never exchanges a missing or mismatched claim
    # Subtest: rejects generation null
    ok 1 - rejects generation null
      ---
      duration_ms: 2.1
      type: 'test'
      ...
    # Subtest: rejects generation 1
    ok 2 - rejects generation 1
      ---
      duration_ms: 2.123333
      type: 'test'
      ...
    # Subtest: rejects generation 3
    ok 3 - rejects generation 3
      ---
      duration_ms: 0.313375
      type: 'test'
      ...
    1..3
ok 141 - recovery requires its exact generation and never exchanges a missing or mismatched claim
  ---
  duration_ms: 19.335167
  type: 'test'
  ...
# Subtest: a generation change after exchange prevents token sign-in and /me
ok 142 - a generation change after exchange prevents token sign-in and /me
  ---
  duration_ms: 1.940583
  type: 'test'
  ...
# Subtest: custom-token exchange requires a valid authorization generation before /me
    # Subtest: rejects claim undefined
    ok 1 - rejects claim undefined
      ---
      duration_ms: 3.482542
      type: 'test'
      ...
    # Subtest: rejects claim 0
    ok 2 - rejects claim 0
      ---
      duration_ms: 0.640084
      type: 'test'
      ...
    # Subtest: rejects claim 1
    ok 3 - rejects claim 1
      ---
      duration_ms: 0.847875
      type: 'test'
      ...
    1..3
ok 143 - custom-token exchange requires a valid authorization generation before /me
  ---
  duration_ms: 7.423541
  type: 'test'
  ...
# Subtest: recovery issue session restore requires a current explicit sign-in intent and matching UID
    # Subtest: before the user chooses sign-in
    ok 1 - before the user chooses sign-in
      ---
      duration_ms: 0.480167
      type: 'test'
      ...
    # Subtest: after the pending intent expires
    ok 2 - after the pending intent expires
      ---
      duration_ms: 0.397917
      type: 'test'
      ...
    # Subtest: after restart has lost the pending intent
    ok 3 - after restart has lost the pending intent
      ---
      duration_ms: 0.372041
      type: 'test'
      ...
    # Subtest: when Firebase is bound to another UID
    ok 4 - when Firebase is bound to another UID
      ---
      duration_ms: 0.189667
      type: 'test'
      ...
    1..4
ok 144 - recovery issue session restore requires a current explicit sign-in intent and matching UID
  ---
  duration_ms: 1.981208
  type: 'test'
  ...
# Subtest: recovery issue session restore rejects a present mismatched or malformed generation before exchange
    # Subtest: present wrong generation
    ok 1 - present wrong generation
      ---
      duration_ms: 0.324875
      type: 'test'
      ...
    # Subtest: malformed Firebase claim
    ok 2 - malformed Firebase claim
      ---
      duration_ms: 2.963083
      type: 'test'
      ...
    1..2
ok 145 - recovery issue session restore rejects a present mismatched or malformed generation before exchange
  ---
  duration_ms: 3.684459
  type: 'test'
  ...
# Subtest: a missing recovery generation restores only for current explicit intent, then checks the exact generation
ok 146 - a missing recovery generation restores only for current explicit intent, then checks the exact generation
  ---
  duration_ms: 1.577083
  type: 'test'
  ...
# Subtest: recovery intent expiring during exchange prevents observer release and Firebase sign-in
ok 147 - recovery intent expiring during exchange prevents observer release and Firebase sign-in
  ---
  duration_ms: 2.3095
  type: 'test'
  ...
# Subtest: a recovery sign-in returning another generation fails before ACK or /me
ok 148 - a recovery sign-in returning another generation fails before ACK or /me
  ---
  duration_ms: 1.963458
  type: 'test'
  ...
# Subtest: account-bound Premium cache stays scoped away from a retained guest profile
ok 149 - account-bound Premium cache stays scoped away from a retained guest profile
  ---
  duration_ms: 73.716875
  type: 'test'
  ...
# Subtest: sign-out clears only the authenticated account Premium cache before closing its account profile
ok 150 - sign-out clears only the authenticated account Premium cache before closing its account profile
  ---
  duration_ms: 15.987917
  type: 'test'
  ...
# Subtest: sign-out clears the authenticated account cache from a retained adoption-pending guest profile
ok 151 - sign-out clears the authenticated account cache from a retained adoption-pending guest profile
  ---
  duration_ms: 14.324458
  type: 'test'
  ...
# Subtest: sign-out preserves a foreign-account cache instead of deleting it
ok 152 - sign-out preserves a foreign-account cache instead of deleting it
  ---
  duration_ms: 1.743625
  type: 'test'
  ...
# Subtest: unknown ownership and invalid cache records return localCleanupFailure without deleting data
ok 153 - unknown ownership and invalid cache records return localCleanupFailure without deleting data
  ---
  duration_ms: 3.302458
  type: 'test'
  ...
# Subtest: a profile switch invalidates cleanup against the previous captured scope
ok 154 - a profile switch invalidates cleanup against the previous captured scope
  ---
  duration_ms: 15.551833
  type: 'test'
  ...
# Subtest: sign-out returns stale and preserves a new active guest profile
ok 155 - sign-out returns stale and preserves a new active guest profile
  ---
  duration_ms: 6.9995
  type: 'test'
  ...
# Subtest: a cache remove failure stays explicit while sign-out still clears Auth
ok 156 - a cache remove failure stays explicit while sign-out still clears Auth
  ---
  duration_ms: 7.005167
  type: 'test'
  ...
# Subtest: an SDK failure remains signOutPending when owned-cache cleanup also fails
ok 157 - an SDK failure remains signOutPending when owned-cache cleanup also fails
  ---
  duration_ms: 2.30675
  type: 'test'
  ...
# Subtest: guest transition lock admits one command and denies a concurrent command before side effects
ok 158 - guest transition lock admits one command and denies a concurrent command before side effects
  ---
  duration_ms: 1.560542
  type: 'test'
  ...
# Subtest: guest transition lock releases after both success and failure
ok 159 - guest transition lock releases after both success and failure
  ---
  duration_ms: 0.785917
  type: 'test'
  ...
# Subtest: Home presents a non-blocking recover-plan notice with durable dismissal
ok 160 - Home presents a non-blocking recover-plan notice with durable dismissal
  ---
  duration_ms: 11.067541
  type: 'test'
  ...
# Subtest: learning plan recovery uses capped exponential retry delays and an inclusive due boundary
ok 161 - learning plan recovery uses capped exponential retry delays and an inclusive due boundary
  ---
  duration_ms: 96.985917
  type: 'test'
  ...
# Subtest: resumes a pending revoke, validates the replacement session, then clears the exact durable marker
ok 162 - resumes a pending revoke, validates the replacement session, then clears the exact durable marker
  ---
  duration_ms: 29.0705
  type: 'test'
  ...
# Subtest: keeps the durable marker when the replacement token changes authorization generation
ok 163 - keeps the durable marker when the replacement token changes authorization generation
  ---
  duration_ms: 8.272959
  type: 'test'
  ...
# Subtest: never clears the durable marker after the session command becomes stale
ok 164 - never clears the durable marker after the session command becomes stale
  ---
  duration_ms: 0.4835
  type: 'test'
  ...
# Subtest: rejects a command that becomes stale while local completion is persisted
ok 165 - rejects a command that becomes stale while local completion is persisted
  ---
  duration_ms: 0.396167
  type: 'test'
  ...
# Subtest: same UID and generation join one pending-revocation batch
ok 166 - same UID and generation join one pending-revocation batch
  ---
  duration_ms: 2.745084
  type: 'test'
  ...
# Subtest: a new generation waits, re-reads the marker, and retries only after the stale owner settles
ok 167 - a new generation waits, re-reads the marker, and retries only after the stale owner settles
  ---
  duration_ms: 12.047917
  type: 'test'
  ...
# Subtest: a different UID never consumes or completes the stale owner's marker
ok 168 - a different UID never consumes or completes the stale owner's marker
  ---
  duration_ms: 5.446542
  type: 'test'
  ...
# Subtest: a failed exact-operation replay retains its pending marker
ok 169 - a failed exact-operation replay retains its pending marker
  ---
  duration_ms: 0.673209
  type: 'test'
  ...
# Subtest: automatic session revocation keeps sign-in on loading and exposes pending recovery only on failure
ok 170 - automatic session revocation keeps sign-in on loading and exposes pending recovery only on failure
  ---
  duration_ms: 3.013834
  type: 'test'
  ...
# Subtest: Premium refreshes run in request order and continue after a failed provider read
ok 171 - Premium refreshes run in request order and continue after a failed provider read
  ---
  duration_ms: 6.625292
  type: 'test'
  ...
# Subtest: confirmed offline admission consults only the account-bound cache
ok 172 - confirmed offline admission consults only the account-bound cache
  ---
  duration_ms: 1.455708
  type: 'test'
  ...
# Subtest: online and unknown reachability require a fresh result and never fall back to cache
ok 173 - online and unknown reachability require a fresh result and never fall back to cache
  ---
  duration_ms: 0.540917
  type: 'test'
  ...
# Subtest: restored Auth resolves /me before selecting and activating its exact account scope
ok 174 - restored Auth resolves /me before selecting and activating its exact account scope
  ---
  duration_ms: 4.925583
  type: 'test'
  ...
# Subtest: UID change while /me is pending prevents account selection and activation
ok 175 - UID change while /me is pending prevents account selection and activation
  ---
  duration_ms: 1.0415
  type: 'test'
  ...
# Subtest: /me failure leaves prepared storage closed without selecting a profile
ok 176 - /me failure leaves prepared storage closed without selecting a profile
  ---
  duration_ms: 0.68
  type: 'test'
  ...
# Subtest: a malformed successful /me response cannot select or activate an account profile
ok 177 - a malformed successful /me response cannot select or activate an account profile
  ---
  duration_ms: 166.434125
  type: 'test'
  ...
# Subtest: only a current restored account_not_found signs out persisted Auth
ok 178 - only a current restored account_not_found signs out persisted Auth
  ---
  duration_ms: 0.626417
  type: 'test'
  ...
# Subtest: provisional provider cancellation returns to sign-in only when its blocked UID owns the null Auth event
ok 179 - provisional provider cancellation returns to sign-in only when its blocked UID owns the null Auth event
  ---
  duration_ms: 0.606041
  type: 'test'
  ...
# Subtest: delayed null after sign-out promise resolution consumes the still-owned provider cancellation
ok 180 - delayed null after sign-out promise resolution consumes the still-owned provider cancellation
  ---
  duration_ms: 1.753166
  type: 'test'
  ...
# Subtest: replacement sign-in invalidates cancellation intent before a delayed stale null callback
ok 181 - replacement sign-in invalidates cancellation intent before a delayed stale null callback
  ---
  duration_ms: 0.809667
  type: 'test'
  ...
# Subtest: Auth loss locks the rendered account state before closing its profile scope
ok 182 - Auth loss locks the rendered account state before closing its profile scope
  ---
  duration_ms: 2.16675
  type: 'test'
  ...
# Subtest: local account sign-out verifies the durable block before locking, closing, and calling Firebase
ok 183 - local account sign-out verifies the durable block before locking, closing, and calling Firebase
  ---
  duration_ms: 1.302375
  type: 'test'
  ...
# Subtest: logout receipt validation requires the exact pending pair or completed receipt
ok 184 - logout receipt validation requires the exact pending pair or completed receipt
  ---
  duration_ms: 0.234209
  type: 'test'
  ...
# Subtest: owned-cache cleanup failure is explicit after Firebase sign-out and never reports success
ok 185 - owned-cache cleanup failure is explicit after Firebase sign-out and never reports success
  ---
  duration_ms: 0.29
  type: 'test'
  ...
# Subtest: Firebase failure remains signOutPending even when owned-cache cleanup fails
ok 186 - Firebase failure remains signOutPending even when owned-cache cleanup fails
  ---
  duration_ms: 0.316125
  type: 'test'
  ...
# Subtest: failed local control write closes access and attempts Firebase sign-out but stays a failure
ok 187 - failed local control write closes access and attempts Firebase sign-out but stays a failure
  ---
  duration_ms: 0.420041
  type: 'test'
  ...
# Subtest: SDK failure after an unverified control write remains signOutPending without cache cleanup
ok 188 - SDK failure after an unverified control write remains signOutPending without cache cleanup
  ---
  duration_ms: 0.388375
  type: 'test'
  ...
# Subtest: retrying sign-out for the exact completed UID-operation receipt still clears local Auth
ok 189 - retrying sign-out for the exact completed UID-operation receipt still clears local Auth
  ---
  duration_ms: 1.00375
  type: 'test'
  ...
# Subtest: a retained Auth retry rejects blocked receipts for a different UID or operation
ok 190 - a retained Auth retry rejects blocked receipts for a different UID or operation
  ---
  duration_ms: 0.854792
  type: 'test'
  ...
# Subtest: unverified local control read-back attempts Firebase sign-out only when no scoped marker is recoverable
ok 191 - unverified local control read-back attempts Firebase sign-out only when no scoped marker is recoverable
  ---
  duration_ms: 0.460417
  type: 'test'
  ...
# Subtest: when a scoped operation is durable, control-write failure retains Auth for a recoverable retry
ok 192 - when a scoped operation is durable, control-write failure retains Auth for a recoverable retry
  ---
  duration_ms: 0.276834
  type: 'test'
  ...
# Subtest: restore locks only for a matching scoped logout marker missing from the control journal
ok 193 - restore locks only for a matching scoped logout marker missing from the control journal
  ---
  duration_ms: 0.262084
  type: 'test'
  ...
# Subtest: pending remote revoke blocks profile preparation only for its matching Auth UID
ok 194 - pending remote revoke blocks profile preparation only for its matching Auth UID
  ---
  duration_ms: 0.164667
  type: 'test'
  ...
# Subtest: authenticated scope checks and repairs incomplete logout before publishing profile preparation
ok 195 - authenticated scope checks and repairs incomplete logout before publishing profile preparation
  ---
  duration_ms: 2.281334
  type: 'test'
  ...
# Subtest: scope guard rechecks Auth generation after reading an absent marker
ok 196 - scope guard rechecks Auth generation after reading an absent marker
  ---
  duration_ms: 0.4755
  type: 'test'
  ...
# Subtest: a completed revoke receipt clears the scoped marker before profile startup continues
ok 197 - a completed revoke receipt clears the scoped marker before profile startup continues
  ---
  duration_ms: 0.467708
  type: 'test'
  ...
# Subtest: failed completed-marker cleanup keeps the authenticated profile closed
ok 198 - failed completed-marker cleanup keeps the authenticated profile closed
  ---
  duration_ms: 0.37025
  type: 'test'
  ...
# Subtest: a UID switch while fallback control persistence is pending closes only the captured scope
ok 199 - a UID switch while fallback control persistence is pending closes only the captured scope
  ---
  duration_ms: 1.331542
  type: 'test'
  ...
# Subtest: fallback setup failure never cleans cache from a blocked-only receipt
ok 200 - fallback setup failure never cleans cache from a blocked-only receipt
  ---
  duration_ms: 0.640292
  type: 'test'
  ...
# Subtest: stale sign-out completion closes its scope without publishing over the newer identity
ok 201 - stale sign-out completion closes its scope without publishing over the newer identity
  ---
  duration_ms: 2.312375
  type: 'test'
  ...
# Subtest: Firebase sign-out failure retains the matching block for manual retry
ok 202 - Firebase sign-out failure retains the matching block for manual retry
  ---
  duration_ms: 0.788209
  type: 'test'
  ...
# Subtest: Auth rejection remains pending until durable local sign-out reports success
ok 203 - Auth rejection remains pending until durable local sign-out reports success
  ---
  duration_ms: 0.457417
  type: 'test'
  ...
# Subtest: ambiguous saved Guest profiles are reported as a choice requirement
ok 204 - ambiguous saved Guest profiles are reported as a choice requirement
  ---
  duration_ms: 0.3475
  type: 'test'
  ...
# Subtest: guest preparation failure closes the scope and returns to signed-out login
ok 205 - guest preparation failure closes the scope and returns to signed-out login
  ---
  duration_ms: 0.243333
  type: 'test'
  ...
# Subtest: Guest selection keeps the signed-out account entry mounted when no scope is active
ok 206 - Guest selection keeps the signed-out account entry mounted when no scope is active
  ---
  duration_ms: 0.147709
  type: 'test'
  ...
# Subtest: restored Guest validates persisted access before selecting or activating its scope
ok 207 - restored Guest validates persisted access before selecting or activating its scope
  ---
  duration_ms: 0.408833
  type: 'test'
  ...
# Subtest: invalid restored Guest access stays closed
ok 208 - invalid restored Guest access stays closed
  ---
  duration_ms: 0.225667
  type: 'test'
  ...
# Subtest: fresh installation opens Guest only after explicit choice
ok 209 - fresh installation opens Guest only after explicit choice
  ---
  duration_ms: 0.235208
  type: 'test'
  ...
# Subtest: preparation gate opens registry metadata without activating or reading a profile
ok 210 - preparation gate opens registry metadata without activating or reading a profile
  ---
  duration_ms: 7.023417
  type: 'test'
  ...
# Subtest: logout-control corruption or storage failure fails closed with an explicit retry surface
ok 211 - logout-control corruption or storage failure fails closed with an explicit retry surface
  ---
  duration_ms: 0.493167
  type: 'test'
  ...
# Subtest: preferences remain on defaults until storage activation emits the ready event
ok 212 - preferences remain on defaults until storage activation emits the ready event
  ---
  duration_ms: 0.378708
  type: 'test'
  ...
# Subtest: preparation failure is explicit, retryable, and counts only reserved lost-key retries
ok 213 - preparation failure is explicit, retryable, and counts only reserved lost-key retries
  ---
  duration_ms: 0.275875
  type: 'test'
  ...
# Subtest: key-loss recovery preserves delayed confirmed removal and requires preparation again afterward
ok 214 - key-loss recovery preserves delayed confirmed removal and requires preparation again afterward
  ---
  duration_ms: 0.212375
  type: 'test'
  ...
# Subtest: mapped provider identity exchanges, signs in with the returned session token, then finalizes
ok 215 - mapped provider identity exchanges, signs in with the returned session token, then finalizes
  ---
  duration_ms: 4.635209
  type: 'test'
  ...
# Subtest: unmapped provider identity remains provisional on the same UID without registration or finalization
ok 216 - unmapped provider identity remains provisional on the same UID without registration or finalization
  ---
  duration_ms: 1.415
  type: 'test'
  ...
# Subtest: stale UID or generation rejects before exchange and after an async boundary
    # Subtest: UID changed before run
    ok 1 - UID changed before run
      ---
      duration_ms: 1.125625
      type: 'test'
      ...
    # Subtest: generation changed while exchange is pending
    ok 2 - generation changed while exchange is pending
      ---
      duration_ms: 0.463166
      type: 'test'
      ...
    1..2
ok 217 - stale UID or generation rejects before exchange and after an async boundary
  ---
  duration_ms: 2.477958
  type: 'test'
  ...
# Subtest: duplicate concurrent classification shares one in-flight result
ok 218 - duplicate concurrent classification shares one in-flight result
  ---
  duration_ms: 0.643583
  type: 'test'
  ...
# Subtest: issue result stays private through a deferred final identity read: exact
ok 219 - issue result stays private through a deferred final identity read: exact
  ---
  duration_ms: 3.93875
  type: 'test'
  ...
# Subtest: issue result stays private through a deferred final identity read: different_uid
ok 220 - issue result stays private through a deferred final identity read: different_uid
  ---
  duration_ms: 0.288667
  type: 'test'
  ...
# Subtest: issue result stays private through a deferred final identity read: different_generation
ok 221 - issue result stays private through a deferred final identity read: different_generation
  ---
  duration_ms: 0.22525
  type: 'test'
  ...
# Subtest: issue result stays private through a deferred final identity read: signed_out
ok 222 - issue result stays private through a deferred final identity read: signed_out
  ---
  duration_ms: 0.176542
  type: 'test'
  ...
# Subtest: issue result stays private through a deferred final identity read: read_failure
ok 223 - issue result stays private through a deferred final identity read: read_failure
  ---
  duration_ms: 0.41525
  type: 'test'
  ...
# Subtest: issue result stays private through a deferred final identity read: stale_revision
ok 224 - issue result stays private through a deferred final identity read: stale_revision
  ---
  duration_ms: 0.168917
  type: 'test'
  ...
# Subtest: missing or unreadable initial identity cannot read a generation for a different account
ok 225 - missing or unreadable initial identity cannot read a generation for a different account
  ---
  duration_ms: 0.246125
  type: 'test'
  ...
# Subtest: provider gates subscription and closes scoped access before releasing rejected issue results
ok 226 - provider gates subscription and closes scoped access before releasing rejected issue results
  ---
  duration_ms: 1.209959
  type: 'test'
  ...
# Subtest: issue persists operation identity before POST and blocks profile preparation until saved ACK
ok 227 - issue persists operation identity before POST and blocks profile preparation until saved ACK
  ---
  duration_ms: 69.204875
  type: 'test'
  ...
# Subtest: vault persistence failure prevents both issue and consume requests
ok 228 - vault persistence failure prevents both issue and consume requests
  ---
  duration_ms: 1.094125
  type: 'test'
  ...
# Subtest: restored issue with an authenticated UID but missing generation remains blocked and hides codes
ok 229 - restored issue with an authenticated UID but missing generation remains blocked and hides codes
  ---
  duration_ms: 0.73825
  type: 'test'
  ...
# Subtest: defer requires a valid proven mismatch and retains a hidden issue after restart without remote effects
ok 230 - defer requires a valid proven mismatch and retains a hidden issue after restart without remote effects
  ---
  duration_ms: 1.371459
  type: 'test'
  ...
# Subtest: durably deferred issue permits signed-out preparation without changing the retained operation
ok 231 - durably deferred issue permits signed-out preparation without changing the retained operation
  ---
  duration_ms: 1.017625
  type: 'test'
  ...
# Subtest: signed-out preparation remains blocked before durable defer
ok 232 - signed-out preparation remains blocked before durable defer
  ---
  duration_ms: 0.604625
  type: 'test'
  ...
# Subtest: defer accepts a same-UID generation mismatch only after the live claim proves it
ok 233 - defer accepts a same-UID generation mismatch only after the live claim proves it
  ---
  duration_ms: 2.895583
  type: 'test'
  ...
# Subtest: old issue codes return only after an explicit resume on the original identity
ok 234 - old issue codes return only after an explicit resume on the original identity
  ---
  duration_ms: 3.786458
  type: 'test'
  ...
# Subtest: identity change during defer persistence keeps the marker but leaves profile preparation blocked
ok 235 - identity change during defer persistence keeps the marker but leaves profile preparation blocked
  ---
  duration_ms: 0.996875
  type: 'test'
  ...
# Subtest: deferred issue cannot be overwritten by new issue or consume and write failure retains the old record
ok 236 - deferred issue cannot be overwritten by new issue or consume and write failure retains the old record
  ---
  duration_ms: 1.386417
  type: 'test'
  ...
# Subtest: synchronous identity suspension redacts an in-flight status result and preserves durable codes
ok 237 - synchronous identity suspension redacts an in-flight status result and preserves durable codes
  ---
  duration_ms: 0.833875
  type: 'test'
  ...
# Subtest: identity swap during initial issue POST persists codes but never exposes or ACKs them
ok 238 - identity swap during initial issue POST persists codes but never exposes or ACKs them
  ---
  duration_ms: 0.488208
  type: 'test'
  ...
# Subtest: consume persists code before POST, keeps custom token out of durable and visible state, then ACKs the matching SDK identity
ok 239 - consume persists code before POST, keeps custom token out of durable and visible state, then ACKs the matching SDK identity
  ---
  duration_ms: 1.189125
  type: 'test'
  ...
# Subtest: signed-in UID with a malformed generation is not treated as signed out for pending consume
ok 240 - signed-in UID with a malformed generation is not treated as signed out for pending consume
  ---
  duration_ms: 0.297208
  type: 'test'
  ...
# Subtest: cold matching consume identity ACKs without another SDK sign-in
ok 241 - cold matching consume identity ACKs without another SDK sign-in
  ---
  duration_ms: 0.348708
  type: 'test'
  ...
# Subtest: signed-out restart first records server result, then explicit resume signs in and ACKs
ok 242 - signed-out restart first records server result, then explicit resume signs in and ACKs
  ---
  duration_ms: 0.541792
  type: 'test'
  ...
# Subtest: an issue provider retry reuses its saved operation ID rather than allocating a new one
ok 243 - an issue provider retry reuses its saved operation ID rather than allocating a new one
  ---
  duration_ms: 0.334666
  type: 'test'
  ...
# Subtest: explicit replacement confirms delivery_unconfirmed, saves one backup before POST, and exposes only the durable new result
ok 244 - explicit replacement confirms delivery_unconfirmed, saves one backup before POST, and exposes only the durable new result
  ---
  duration_ms: 4.93475
  type: 'test'
  ...
# Subtest: replacement vault write failure prevents POST and retains the old operation and codes
ok 245 - replacement vault write failure prevents POST and retains the old operation and codes
  ---
  duration_ms: 0.767
  type: 'test'
  ...
# Subtest: lost replacement POST and exact missing-status response preserve both records and the same new ID
ok 246 - lost replacement POST and exact missing-status response preserve both records and the same new ID
  ---
  duration_ms: 1.1465
  type: 'test'
  ...
# Subtest: explicit retry of a persisted replacement GETs first and reuses its saved ID
ok 247 - explicit retry of a persisted replacement GETs first and reuses its saved ID
  ---
  duration_ms: 0.813792
  type: 'test'
  ...
# Subtest: generic retry, restart reconciliation, and unconfirmed start are status-only for pending replacements
ok 248 - generic retry, restart reconciliation, and unconfirmed start are status-only for pending replacements
  ---
  duration_ms: 1.333333
  type: 'test'
  ...
# Subtest: replacement refuses a malformed or cross-generation result and keeps the old backup durable
ok 249 - replacement refuses a malformed or cross-generation result and keeps the old backup durable
  ---
  duration_ms: 2.98975
  type: 'test'
  ...
# Subtest: authoritative delivery_unconfirmed ends the current replacement backup without allocating another ID
ok 250 - authoritative delivery_unconfirmed ends the current replacement backup without allocating another ID
  ---
  duration_ms: 0.587542
  type: 'test'
  ...
# Subtest: a separate explicit confirmation after confirmed replacement expiry starts a new backed-up ID
ok 251 - a separate explicit confirmation after confirmed replacement expiry starts a new backed-up ID
  ---
  duration_ms: 1.07125
  type: 'test'
  ...
# Subtest: replacement status auth and service errors retain the old backup without POST
ok 252 - replacement status auth and service errors retain the old backup without POST
  ---
  duration_ms: 1.3275
  type: 'test'
  ...
# Subtest: confirmed ACK and superseded replacement statuses resolve the backup as terminal
ok 253 - confirmed ACK and superseded replacement statuses resolve the backup as terminal
  ---
  duration_ms: 0.796209
  type: 'test'
  ...
# Subtest: confirmed replacement expiry stays explicit and retains prior codes until separate confirmation
ok 254 - confirmed replacement expiry stays explicit and retains prior codes until separate confirmation
  ---
  duration_ms: 0.895792
  type: 'test'
  ...
# Subtest: storage recovery audit command exposes only the documented presentation fixtures in development smoke
ok 255 - storage recovery audit command exposes only the documented presentation fixtures in development smoke
  ---
  duration_ms: 5.497417
  type: 'test'
  ...
# Subtest: storage recovery audit command is unavailable outside development smoke
ok 256 - storage recovery audit command is unavailable outside development smoke
  ---
  duration_ms: 2.932417
  type: 'test'
  ...
# Subtest: storage recovery audit command rejects unrelated or expanded commands
ok 257 - storage recovery audit command rejects unrelated or expanded commands
  ---
  duration_ms: 4.223458
  type: 'test'
  ...
# Subtest: local remote-client boundary is explicit and has no implicit endpoint
ok 258 - local remote-client boundary is explicit and has no implicit endpoint
  ---
  duration_ms: 5.676375
  type: 'test'
  ...
# Subtest: public environment accepts the complete sandbox-only Firebase domain configuration
ok 259 - public environment accepts the complete sandbox-only Firebase domain configuration
  ---
  duration_ms: 1.674667
  type: 'test'
  ...
# Subtest: public environment rejects extra keys, incomplete values, unsafe URLs, and production Firebase defaults
ok 260 - public environment rejects extra keys, incomplete values, unsafe URLs, and production Firebase defaults
  ---
  duration_ms: 4.990667
  type: 'test'
  ...
# Subtest: runtime privacy keeps console and raw errors forbidden inside adapters and rejects sibling client paths
ok 261 - runtime privacy keeps console and raw errors forbidden inside adapters and rejects sibling client paths
  ---
  duration_ms: 1598.51675
  type: 'test'
  ...
# Subtest: explicit local fixture works only inside the development smoke boundary
ok 262 - explicit local fixture works only inside the development smoke boundary
  ---
  duration_ms: 2.366209
  type: 'test'
  ...
# Subtest: getMe validates the complete canonical profile and preserves nullable fields
ok 263 - getMe validates the complete canonical profile and preserves nullable fields
  ---
  duration_ms: 293.497041
  type: 'test'
  ...
# Subtest: getMe rejects incomplete, mistyped, malformed, and extended account profiles
ok 264 - getMe rejects incomplete, mistyped, malformed, and extended account profiles
  ---
  duration_ms: 57.339625
  type: 'test'
  ...
# Subtest: deletion response methods bind exact proof and operation identity while preserving nullable pending proofs
ok 265 - deletion response methods bind exact proof and operation identity while preserving nullable pending proofs
  ---
  duration_ms: 11.463208
  type: 'test'
  ...
# Subtest: account and deletion parsers preserve the existing route, method, body, and auth modes
ok 266 - account and deletion parsers preserve the existing route, method, body, and auth modes
  ---
  duration_ms: 2.675959
  type: 'test'
  ...
# Subtest: client rejects an unconfigured environment and missing authentication
ok 267 - client rejects an unconfigured environment and missing authentication
  ---
  duration_ms: 0.5935
  type: 'test'
  ...
# Subtest: account session exchange sends an empty authenticated request and parses its custom token
ok 268 - account session exchange sends an empty authenticated request and parses its custom token
  ---
  duration_ms: 0.838083
  type: 'test'
  ...
# Subtest: account session exchange rejects a missing custom token
ok 269 - account session exchange rejects a missing custom token
  ---
  duration_ms: 0.565166
  type: 'test'
  ...
# Subtest: account registration validates and preserves distinct Terms and Privacy evidence
ok 270 - account registration validates and preserves distinct Terms and Privacy evidence
  ---
  duration_ms: 6.7305
  type: 'test'
  ...
# Subtest: session revocation accepts only the exact operation and a nonempty replacement token
ok 271 - session revocation accepts only the exact operation and a nonempty replacement token
  ---
  duration_ms: 2.31525
  type: 'test'
  ...
# Subtest: recovery operation methods use the canonical paths, proof body, and authentication modes
ok 272 - recovery operation methods use the canonical paths, proof body, and authentication modes
  ---
  duration_ms: 7.157834
  type: 'test'
  ...
# Subtest: recovery operation parsers reject malformed, mismatched, and extended server results
ok 273 - recovery operation parsers reject malformed, mismatched, and extended server results
  ---
  duration_ms: 13.98525
  type: 'test'
  ...
# Subtest: recovery calls reject invalid operation IDs and proofs before token acquisition or network use
ok 274 - recovery calls reject invalid operation IDs and proofs before token acquisition or network use
  ---
  duration_ms: 0.672
  type: 'test'
  ...
# Subtest: recovery calls preserve typed server failures and Retry-After
ok 275 - recovery calls preserve typed server failures and Retry-After
  ---
  duration_ms: 1.821166
  type: 'test'
  ...
# Subtest: content package transport uses the authenticated App Check API and returns binary response headers
ok 276 - content package transport uses the authenticated App Check API and returns binary response headers
  ---
  duration_ms: 40.091125
  type: 'test'
  ...
# Subtest: content package transport caps streamed response bodies at two MiB
ok 277 - content package transport caps streamed response bodies at two MiB
  ---
  duration_ms: 1.407875
  type: 'test'
  ...
# Subtest: content package transport preserves typed backend admission codes
ok 278 - content package transport preserves typed backend admission codes
  ---
  duration_ms: 2.375792
  type: 'test'
  ...
# Subtest: mobile requests fail before transport when App Check is unavailable
ok 279 - mobile requests fail before transport when App Check is unavailable
  ---
  duration_ms: 0.520166
  type: 'test'
  ...
# Subtest: canonical progress transport has no protocol query or version labels
ok 280 - canonical progress transport has no protocol query or version labels
  ---
  duration_ms: 10.999083
  type: 'test'
  ...
# Subtest: client rejects removed protocol fields before sending a sync request
ok 281 - client rejects removed protocol fields before sending a sync request
  ---
  duration_ms: 0.33325
  type: 'test'
  ...
# Subtest: client accepts canonical identity lengths supported by content
ok 282 - client accepts canonical identity lengths supported by content
  ---
  duration_ms: 1.57625
  type: 'test'
  ...
# Subtest: client turns removed identity metadata in a response into a schema conflict
ok 283 - client turns removed identity metadata in a response into a schema conflict
  ---
  duration_ms: 4.842959
  type: 'test'
  ...
# Subtest: active sessions stay local and block account snapshot export
ok 284 - active sessions stay local and block account snapshot export
  ---
  duration_ms: 11.945708
  type: 'test'
  ...
# Subtest: canonical account records round trip through remote materialization
ok 285 - canonical account records round trip through remote materialization
  ---
  duration_ms: 5.344625
  type: 'test'
  ...
# Subtest: remote materialization keeps the newest active track independent of input order and acknowledges both records
ok 286 - remote materialization keeps the newest active track independent of input order and acknowledges both records
  ---
  duration_ms: 20.905042
  type: 'test'
  ...
# Subtest: remote materialization rejects missing or invalid updatedAt
ok 287 - remote materialization rejects missing or invalid updatedAt
  ---
  duration_ms: 2.484667
  type: 'test'
  ...
# Subtest: equal updatedAt selects the same active track using canonical identity
ok 288 - equal updatedAt selects the same active track using canonical identity
  ---
  duration_ms: 3.963292
  type: 'test'
  ...
# Subtest: snapshot and materialization preserve one exact goal-plan bundle
ok 289 - snapshot and materialization preserve one exact goal-plan bundle
  ---
  duration_ms: 77.545125
  type: 'test'
  ...
# Subtest: bound account sync validates a goal and learning plan as one sync-plan bundle
ok 290 - bound account sync validates a goal and learning plan as one sync-plan bundle
  ---
  duration_ms: 39.552
  type: 'test'
  ...
# Subtest: bound account sync builds one retryable canonical outbox and acknowledges it
ok 291 - bound account sync builds one retryable canonical outbox and acknowledges it
  ---
  duration_ms: 4.668833
  type: 'test'
  ...
# Subtest: bound account outbox creates an explicit tombstone for a deleted acknowledged record
ok 292 - bound account outbox creates an explicit tombstone for a deleted acknowledged record
  ---
  duration_ms: 6.640959
  type: 'test'
  ...
# Subtest: reselecting an acknowledged active track tombstones the previously acknowledged track
ok 293 - reselecting an acknowledged active track tombstones the previously acknowledged track
  ---
  duration_ms: 10.666833
  type: 'test'
  ...
# Subtest: pending mutation IDs stay stable across an uncertain retry
ok 294 - pending mutation IDs stay stable across an uncertain retry
  ---
  duration_ms: 9.46075
  type: 'test'
  ...
# Subtest: removed identity metadata is rejected before persistence
ok 295 - removed identity metadata is rejected before persistence
  ---
  duration_ms: 1.029917
  type: 'test'
  ...
# Subtest: deleted records keep their exact durable identity and tombstone state
ok 296 - deleted records keep their exact durable identity and tombstone state
  ---
  duration_ms: 0.704709
  type: 'test'
  ...
1..296
# tests 310
# suites 0
# pass 310
# fail 0
# cancelled 0
# skipped 0
# todo 0
# duration_ms 13524.240166
