TAP version 13
# Subtest: App Check rejections log only a bounded code and server correlation ID
ok 1 - App Check rejections log only a bounded code and server correlation ID
  ---
  duration_ms: 73.400459
  type: 'test'
  ...
# Subtest: recovery routes set no-store before guards and fail unavailable before any rate-limit write
ok 2 - recovery routes set no-store before guards and fail unavailable before any rate-limit write
  ---
  duration_ms: 10.973625
  type: 'test'
  ...
# Subtest: recovery rate limiting hashes the requester before storage and never logs proof codes
ok 3 - recovery rate limiting hashes the requester before storage and never logs proof codes
  ---
  duration_ms: 6.410958
  type: 'test'
  ...
# Subtest: recovery contention and damaged persisted security state return explicit contract errors without exposing proof
ok 4 - recovery contention and damaged persisted security state return explicit contract errors without exposing proof
  ---
  duration_ms: 51.092333
  type: 'test'
  ...
# Subtest: handled sync and adoption rejections emit a redacted structured event and preserve responses
ok 5 - handled sync and adoption rejections emit a redacted structured event and preserve responses
  ---
  duration_ms: 9.544334
  type: 'test'
  ...
# Subtest: production Fastify logs only allowlisted request diagnostics and never canary data
ok 6 - production Fastify logs only allowlisted request diagnostics and never canary data
  ---
  duration_ms: 6.507125
  type: 'test'
  ...
# Subtest: canonical logger emits only allowlisted diagnostics and static messages
ok 7 - canonical logger emits only allowlisted diagnostics and static messages
  ---
  duration_ms: 0.310292
  type: 'test'
  ...
# Subtest: canonical logger child bindings retain only server request IDs and cannot override safety hooks
ok 8 - canonical logger child bindings retain only server request IDs and cannot override safety hooks
  ---
  duration_ms: 0.195708
  type: 'test'
  ...
# Subtest: conflict event codes are allowlisted, unknown values are literal unknown, and success is silent
ok 9 - conflict event codes are allowlisted, unknown values are literal unknown, and success is silent
  ---
  duration_ms: 9.48725
  type: 'test'
  ...
# Subtest: GATE-02 source OpenAPI document is complete
ok 10 - GATE-02 source OpenAPI document is complete
  ---
  duration_ms: 2.69475
  type: 'test'
  ...
# Subtest: unready runtime response matches the documented 503 schema
ok 11 - unready runtime response matches the documented 503 schema
  ---
  duration_ms: 69.1485
  type: 'test'
  ...
# Subtest: runtime parity uses the real app, normalizes parameters, and ignores automatic HEAD
ok 12 - runtime parity uses the real app, normalizes parameters, and ignores automatic HEAD
  ---
  duration_ms: 7.110625
  type: 'test'
  ...
# Subtest: runtime parity rejects a missing operation
ok 13 - runtime parity rejects a missing operation
  ---
  duration_ms: 8.74075
  type: 'test'
  ...
# Subtest: runtime parity rejects an extra operation
ok 14 - runtime parity rejects an extra operation
  ---
  duration_ms: 5.698791
  type: 'test'
  ...
# Subtest: runtime parity rejects a wrong method
ok 15 - runtime parity rejects a wrong method
  ---
  duration_ms: 5.735708
  type: 'test'
  ...
# unknown format "uuid" ignored in schema at path "\#/properties/operationId"
# unknown format "uuid" ignored in schema at path "\#/properties/operationId"
# unknown format "uuid" ignored in schema at path "\#/properties/operationId"
# unknown format "uuid" ignored in schema at path "\#/properties/operationId"
# Subtest: behavioral security probes exercise every protected profile
ok 16 - behavioral security probes exercise every protected profile
  ---
  duration_ms: 35.925708
  type: 'test'
  ...
# Subtest: every account-resolving operation documents account_not_found
ok 17 - every account-resolving operation documents account_not_found
  ---
  duration_ms: 1.715083
  type: 'test'
  ...
# Subtest: recovery operation routes document strict operation-bound payloads, guards, and no-store responses
ok 18 - recovery operation routes document strict operation-bound payloads, guards, and no-store responses
  ---
  duration_ms: 12.475417
  type: 'test'
  ...
# Subtest: behavioral security probes reject a no-op guard fixture
ok 19 - behavioral security probes reject a no-op guard fixture
  ---
  duration_ms: 3.579
  type: 'test'
  ...
# Subtest: an unregistered no-op pre-handler is unknown and cannot impersonate a public route
ok 20 - an unregistered no-op pre-handler is unknown and cannot impersonate a public route
  ---
  duration_ms: 8.500042
  type: 'test'
  ...
# Subtest: completeness rejects a missing request schema
ok 21 - completeness rejects a missing request schema
  ---
  duration_ms: 1.979959
  type: 'test'
  ...
# Subtest: completeness rejects an empty request schema
ok 22 - completeness rejects an empty request schema
  ---
  duration_ms: 1.79175
  type: 'test'
  ...
# Subtest: completeness rejects a missing success response schema
ok 23 - completeness rejects a missing success response schema
  ---
  duration_ms: 1.833917
  type: 'test'
  ...
# Subtest: completeness rejects an empty success response schema
ok 24 - completeness rejects an empty success response schema
  ---
  duration_ms: 1.761625
  type: 'test'
  ...
# Subtest: completeness rejects duplicate operation identities
ok 25 - completeness rejects duplicate operation identities
  ---
  duration_ms: 1.762792
  type: 'test'
  ...
# Subtest: completeness rejects an incorrect protection profile
ok 26 - completeness rejects an incorrect protection profile
  ---
  duration_ms: 1.652959
  type: 'test'
  ...
# Subtest: completeness rejects an unclassified consumer operation
ok 27 - completeness rejects an unclassified consumer operation
  ---
  duration_ms: 1.57225
  type: 'test'
  ...
# Subtest: ordinary error responses use the closed common envelope
ok 28 - ordinary error responses use the closed common envelope
  ---
  duration_ms: 1.565
  type: 'test'
  ...
# Subtest: frontend checker rejects an unknown consumer operation
ok 29 - frontend checker rejects an unknown consumer operation
  ---
  duration_ms: 70.284834
  type: 'test'
  ...
# Subtest: frontend checker does not let a methodless static path satisfy a consumer operation
ok 30 - frontend checker does not let a methodless static path satisfy a consumer operation
  ---
  duration_ms: 64.59975
  type: 'test'
  ...
# Subtest: frontend checker binds useAdminRead callsites to the wrapper method
ok 31 - frontend checker binds useAdminRead callsites to the wrapper method
  ---
  duration_ms: 72.618833
  type: 'test'
  ...
# Subtest: frontend checker rejects a useAdminRead callsite with no expected operation
ok 32 - frontend checker rejects a useAdminRead callsite with no expected operation
  ---
  duration_ms: 64.66825
  type: 'test'
  ...
1..32
# tests 32
# suites 0
# pass 32
# fail 0
# cancelled 0
# skipped 0
# todo 0
# duration_ms 787.328
