TAP version 13
# Subtest: recovery integration refuses missing producer pins before starting emulators
ok 1 - recovery integration refuses missing producer pins before starting emulators
  ---
  duration_ms: 72.360542
  type: 'test'
  ...
# Subtest: recovery integration refuses blank producer pins before starting emulators
ok 2 - recovery integration refuses blank producer pins before starting emulators
  ---
  duration_ms: 73.149084
  type: 'test'
  ...
# Subtest: an explicit producer pin file retains the exact repository HEAD fence
ok 3 - an explicit producer pin file retains the exact repository HEAD fence
  ---
  duration_ms: 91.312417
  type: 'test'
  ...
# Subtest: creates deterministic portable identity with repositories, locks, build, configuration, and evidence
ok 4 - creates deterministic portable identity with repositories, locks, build, configuration, and evidence
  ---
  duration_ms: 2109.671917
  type: 'test'
  ...
# Subtest: verifies exact HEADs, clean worktrees, hashes and current content/OpenAPI owning checks
ok 5 - verifies exact HEADs, clean worktrees, hashes and current content/OpenAPI owning checks
  ---
  duration_ms: 892.505375
  type: 'test'
  ...
# Subtest: CLI create output can be copied to another external directory and verified
ok 6 - CLI create output can be copied to another external directory and verified
  ---
  duration_ms: 2033.940458
  type: 'test'
  ...
# Subtest: enforced releaseGate reports a verified manifest identity without absolute paths
ok 7 - enforced releaseGate reports a verified manifest identity without absolute paths
  ---
  duration_ms: 1271.992584
  type: 'test'
  ...
# Subtest: releaseGate accepts only a physical receipt for the exact embedded manifest and build
ok 8 - releaseGate accepts only a physical receipt for the exact embedded manifest and build
  ---
  duration_ms: 2336.864583
  type: 'test'
  ...
# Subtest: runtime receipt rejects every mismatch with the verified embedded artifact
ok 9 - runtime receipt rejects every mismatch with the verified embedded artifact
  ---
  duration_ms: 0.3645
  type: 'test'
  ...
# Subtest: enforced releaseGate writes portable reports for invalid and missing manifests
ok 10 - enforced releaseGate writes portable reports for invalid and missing manifests
  ---
  duration_ms: 757.157417
  type: 'test'
  ...
# Subtest: rejects missing, extra and duplicate repository roles plus the legacy two-SHA shape
ok 11 - rejects missing, extra and duplicate repository roles plus the legacy two-SHA shape
  ---
  duration_ms: 3.832333
  type: 'test'
  ...
# Subtest: rejects wrong manifest identity, stale candidate/track scope and wrong repository SHA
ok 12 - rejects wrong manifest identity, stale candidate/track scope and wrong repository SHA
  ---
  duration_ms: 527.182083
  type: 'test'
  ...
# Subtest: rejects modified evidence before accepting a portable reference
ok 13 - rejects modified evidence before accepting a portable reference
  ---
  duration_ms: 116.733458
  type: 'test'
  ...
# Subtest: rejects changed iOS build, public configuration, and signing evidence bytes
ok 14 - rejects changed iOS build, public configuration, and signing evidence bytes
  ---
  duration_ms: 364.404166
  type: 'test'
  ...
# Subtest: rejects absolute, traversal and symlink references
ok 15 - rejects absolute, traversal and symlink references
  ---
  duration_ms: 1.061334
  type: 'test'
  ...
# Subtest: rejects dirty repositories and output paths inside or through symlinked parents
ok 16 - rejects dirty repositories and output paths inside or through symlinked parents
  ---
  duration_ms: 7.297542
  type: 'test'
  ...
1..16
# tests 16
# suites 0
# pass 16
# fail 0
# cancelled 0
# skipped 0
# todo 0
# duration_ms 14764.187916
