TAP version 13
# Subtest: recovery integration refuses missing producer pins before starting emulators
not ok 1 - recovery integration refuses missing producer pins before starting emulators
  ---
  duration_ms: 71.415125
  type: 'test'
  location: '/private/tmp/patternly-ci06-ckdeyiv9/app/scripts/recoveryIntegrationRunnerConfig.test.mjs:12:3'
  failureType: 'testCodeFailure'
  error: |-
    The input did not match the regular expression /recovery_integration_backend_source_pins_required/u. Input:
    
    'node:internal/modules/esm/resolve:275\n' +
      '    throw new ERR_MODULE_NOT_FOUND(\n' +
      '          ^\n' +
      '\n' +
      "Error [ERR_MODULE_NOT_FOUND]: Cannot find module '/private/tmp/patternly-ci06-ckdeyiv9/patternly-backend/scripts/isolated-emulator-test-runner.mjs' imported from /private/tmp/patternly-ci06-ckdeyiv9/app/scripts/runRecoveryOperationIntegration.mjs\n" +
      '    at finalizeResolution (node:internal/modules/esm/resolve:275:11)\n' +
      '    at moduleResolve (node:internal/modules/esm/resolve:861:10)\n' +
      '    at defaultResolve (node:internal/modules/esm/resolve:985:11)\n' +
      '    at #cachedDefaultResolve (node:internal/modules/esm/loader:747:20)\n' +
      '    at ModuleLoader.resolve (node:internal/modules/esm/loader:724:38)\n' +
      '    at ModuleLoader.getModuleJobForImport (node:internal/modules/esm/loader:320:38)\n' +
      '    at ModuleJob._link (node:internal/modules/esm/module_job:182:49) {\n' +
      "  code: 'ERR_MODULE_NOT_FOUND',\n" +
      "  url: 'file:///private/tmp/patternly-ci06-ckdeyiv9/patternly-backend/scripts/isolated-emulator-test-runner.mjs'\n" +
      '}\n' +
      '\n' +
      'Node.js v22.22.3\n'
    
  code: 'ERR_ASSERTION'
  name: 'AssertionError'
  expected:
  actual: |-
    node:internal/modules/esm/resolve:275
        throw new ERR_MODULE_NOT_FOUND(
              ^
    
    Error [ERR_MODULE_NOT_FOUND]: Cannot find module '/private/tmp/patternly-ci06-ckdeyiv9/patternly-backend/scripts/isolated-emulator-test-runner.mjs' imported from /private/tmp/patternly-ci06-ckdeyiv9/app/scripts/runRecoveryOperationIntegration.mjs
        at finalizeResolution (node:internal/modules/esm/resolve:275:11)
        at moduleResolve (node:internal/modules/esm/resolve:861:10)
        at defaultResolve (node:internal/modules/esm/resolve:985:11)
        at #cachedDefaultResolve (node:internal/modules/esm/loader:747:20)
        at ModuleLoader.resolve (node:internal/modules/esm/loader:724:38)
        at ModuleLoader.getModuleJobForImport (node:internal/modules/esm/loader:320:38)
        at ModuleJob._link (node:internal/modules/esm/module_job:182:49) {
      code: 'ERR_MODULE_NOT_FOUND',
      url: 'file:///private/tmp/patternly-ci06-ckdeyiv9/patternly-backend/scripts/isolated-emulator-test-runner.mjs'
    }
    
    Node.js v22.22.3
    
  operator: 'match'
  stack: |-
    TestContext.<anonymous> (file:///private/tmp/patternly-ci06-ckdeyiv9/app/scripts/recoveryIntegrationRunnerConfig.test.mjs:19:12)
    Test.runInAsyncScope (node:async_hooks:214:14)
    Test.run (node:internal/test_runner/test:1047:25)
    Test.start (node:internal/test_runner/test:944:17)
    startSubtestAfterBootstrap (node:internal/test_runner/harness:296:17)
  ...
# Subtest: recovery integration refuses blank producer pins before starting emulators
not ok 2 - recovery integration refuses blank producer pins before starting emulators
  ---
  duration_ms: 68.280958
  type: 'test'
  location: '/private/tmp/patternly-ci06-ckdeyiv9/app/scripts/recoveryIntegrationRunnerConfig.test.mjs:12:3'
  failureType: 'testCodeFailure'
  error: |-
    The input did not match the regular expression /recovery_integration_backend_source_pins_required/u. Input:
    
    'node:internal/modules/esm/resolve:275\n' +
      '    throw new ERR_MODULE_NOT_FOUND(\n' +
      '          ^\n' +
      '\n' +
      "Error [ERR_MODULE_NOT_FOUND]: Cannot find module '/private/tmp/patternly-ci06-ckdeyiv9/patternly-backend/scripts/isolated-emulator-test-runner.mjs' imported from /private/tmp/patternly-ci06-ckdeyiv9/app/scripts/runRecoveryOperationIntegration.mjs\n" +
      '    at finalizeResolution (node:internal/modules/esm/resolve:275:11)\n' +
      '    at moduleResolve (node:internal/modules/esm/resolve:861:10)\n' +
      '    at defaultResolve (node:internal/modules/esm/resolve:985:11)\n' +
      '    at #cachedDefaultResolve (node:internal/modules/esm/loader:747:20)\n' +
      '    at ModuleLoader.resolve (node:internal/modules/esm/loader:724:38)\n' +
      '    at ModuleLoader.getModuleJobForImport (node:internal/modules/esm/loader:320:38)\n' +
      '    at ModuleJob._link (node:internal/modules/esm/module_job:182:49) {\n' +
      "  code: 'ERR_MODULE_NOT_FOUND',\n" +
      "  url: 'file:///private/tmp/patternly-ci06-ckdeyiv9/patternly-backend/scripts/isolated-emulator-test-runner.mjs'\n" +
      '}\n' +
      '\n' +
      'Node.js v22.22.3\n'
    
  code: 'ERR_ASSERTION'
  name: 'AssertionError'
  expected:
  actual: |-
    node:internal/modules/esm/resolve:275
        throw new ERR_MODULE_NOT_FOUND(
              ^
    
    Error [ERR_MODULE_NOT_FOUND]: Cannot find module '/private/tmp/patternly-ci06-ckdeyiv9/patternly-backend/scripts/isolated-emulator-test-runner.mjs' imported from /private/tmp/patternly-ci06-ckdeyiv9/app/scripts/runRecoveryOperationIntegration.mjs
        at finalizeResolution (node:internal/modules/esm/resolve:275:11)
        at moduleResolve (node:internal/modules/esm/resolve:861:10)
        at defaultResolve (node:internal/modules/esm/resolve:985:11)
        at #cachedDefaultResolve (node:internal/modules/esm/loader:747:20)
        at ModuleLoader.resolve (node:internal/modules/esm/loader:724:38)
        at ModuleLoader.getModuleJobForImport (node:internal/modules/esm/loader:320:38)
        at ModuleJob._link (node:internal/modules/esm/module_job:182:49) {
      code: 'ERR_MODULE_NOT_FOUND',
      url: 'file:///private/tmp/patternly-ci06-ckdeyiv9/patternly-backend/scripts/isolated-emulator-test-runner.mjs'
    }
    
    Node.js v22.22.3
    
  operator: 'match'
  stack: |-
    TestContext.<anonymous> (file:///private/tmp/patternly-ci06-ckdeyiv9/app/scripts/recoveryIntegrationRunnerConfig.test.mjs:19:12)
    Test.runInAsyncScope (node:async_hooks:214:14)
    Test.run (node:internal/test_runner/test:1047:25)
    Test.processPendingSubtests (node:internal/test_runner/test:744:18)
    Test.postRun (node:internal/test_runner/test:1173:19)
    Test.run (node:internal/test_runner/test:1101:12)
    async startSubtestAfterBootstrap (node:internal/test_runner/harness:296:3)
  ...
# Subtest: an explicit producer pin file retains the exact repository HEAD fence
not ok 3 - an explicit producer pin file retains the exact repository HEAD fence
  ---
  duration_ms: 70.512042
  type: 'test'
  location: '/private/tmp/patternly-ci06-ckdeyiv9/app/scripts/recoveryIntegrationRunnerConfig.test.mjs:24:1'
  failureType: 'testCodeFailure'
  error: |-
    The input did not match the regular expression /recovery_integration_app_head_mismatch/u. Input:
    
    'node:internal/modules/esm/resolve:275\n' +
      '    throw new ERR_MODULE_NOT_FOUND(\n' +
      '          ^\n' +
      '\n' +
      "Error [ERR_MODULE_NOT_FOUND]: Cannot find module '/private/tmp/patternly-ci06-ckdeyiv9/patternly-backend/scripts/isolated-emulator-test-runner.mjs' imported from /private/tmp/patternly-ci06-ckdeyiv9/app/scripts/runRecoveryOperationIntegration.mjs\n" +
      '    at finalizeResolution (node:internal/modules/esm/resolve:275:11)\n' +
      '    at moduleResolve (node:internal/modules/esm/resolve:861:10)\n' +
      '    at defaultResolve (node:internal/modules/esm/resolve:985:11)\n' +
      '    at #cachedDefaultResolve (node:internal/modules/esm/loader:747:20)\n' +
      '    at ModuleLoader.resolve (node:internal/modules/esm/loader:724:38)\n' +
      '    at ModuleLoader.getModuleJobForImport (node:internal/modules/esm/loader:320:38)\n' +
      '    at ModuleJob._link (node:internal/modules/esm/module_job:182:49) {\n' +
      "  code: 'ERR_MODULE_NOT_FOUND',\n" +
      "  url: 'file:///private/tmp/patternly-ci06-ckdeyiv9/patternly-backend/scripts/isolated-emulator-test-runner.mjs'\n" +
      '}\n' +
      '\n' +
      'Node.js v22.22.3\n'
    
  code: 'ERR_ASSERTION'
  name: 'AssertionError'
  expected:
  actual: |-
    node:internal/modules/esm/resolve:275
        throw new ERR_MODULE_NOT_FOUND(
              ^
    
    Error [ERR_MODULE_NOT_FOUND]: Cannot find module '/private/tmp/patternly-ci06-ckdeyiv9/patternly-backend/scripts/isolated-emulator-test-runner.mjs' imported from /private/tmp/patternly-ci06-ckdeyiv9/app/scripts/runRecoveryOperationIntegration.mjs
        at finalizeResolution (node:internal/modules/esm/resolve:275:11)
        at moduleResolve (node:internal/modules/esm/resolve:861:10)
        at defaultResolve (node:internal/modules/esm/resolve:985:11)
        at #cachedDefaultResolve (node:internal/modules/esm/loader:747:20)
        at ModuleLoader.resolve (node:internal/modules/esm/loader:724:38)
        at ModuleLoader.getModuleJobForImport (node:internal/modules/esm/loader:320:38)
        at ModuleJob._link (node:internal/modules/esm/module_job:182:49) {
      code: 'ERR_MODULE_NOT_FOUND',
      url: 'file:///private/tmp/patternly-ci06-ckdeyiv9/patternly-backend/scripts/isolated-emulator-test-runner.mjs'
    }
    
    Node.js v22.22.3
    
  operator: 'match'
  stack: |-
    TestContext.<anonymous> (file:///private/tmp/patternly-ci06-ckdeyiv9/app/scripts/recoveryIntegrationRunnerConfig.test.mjs:38:12)
    Test.runInAsyncScope (node:async_hooks:214:14)
    Test.run (node:internal/test_runner/test:1047:25)
    Test.processPendingSubtests (node:internal/test_runner/test:744:18)
    Test.postRun (node:internal/test_runner/test:1173:19)
    Test.run (node:internal/test_runner/test:1101:12)
    async Test.processPendingSubtests (node:internal/test_runner/test:744:7)
  ...
# fatal: repository '/private/tmp/patternly-ci06-ckdeyiv9/patternly-backend' does not exist
# Subtest: creates deterministic portable identity with repositories, locks, build, configuration, and evidence
not ok 4 - creates deterministic portable identity with repositories, locks, build, configuration, and evidence
  ---
  duration_ms: 0.460958
  type: 'test'
  location: '/private/tmp/patternly-ci06-ckdeyiv9/app/scripts/releaseManifest.test.mjs:172:1'
  failureType: 'hookFailed'
  error: |-
    Command failed: git clone --quiet --shared /private/tmp/patternly-ci06-ckdeyiv9/patternly-backend /tmp/patternly-gate03-Gvu5rf/backend
    fatal: repository '/private/tmp/patternly-ci06-ckdeyiv9/patternly-backend' does not exist
    
  code: 'ERR_TEST_FAILURE'
  stack: |-
    genericNodeError (node:internal/errors:983:15)
    wrappedFn (node:internal/errors:537:14)
    checkExecSyncError (node:child_process:916:11)
    execFileSync (node:child_process:952:15)
    makeWorkingTreeFixture (file:///private/tmp/patternly-ci06-ckdeyiv9/app/scripts/releaseManifest.test.mjs:107:3)
    TestContext.<anonymous> (file:///private/tmp/patternly-ci06-ckdeyiv9/app/scripts/releaseManifest.test.mjs:152:24)
    TestHook.runInAsyncScope (node:async_hooks:214:14)
    TestHook.run (node:internal/test_runner/test:1047:25)
    TestHook.run (node:internal/test_runner/test:1354:18)
    TestHook.run (node:internal/util:569:20)
  ...
# Subtest: verifies exact HEADs, clean worktrees, hashes and current content/OpenAPI owning checks
not ok 5 - verifies exact HEADs, clean worktrees, hashes and current content/OpenAPI owning checks
  ---
  duration_ms: 0.028083
  type: 'test'
  location: '/private/tmp/patternly-ci06-ckdeyiv9/app/scripts/releaseManifest.test.mjs:191:1'
  failureType: 'hookFailed'
  error: |-
    Command failed: git clone --quiet --shared /private/tmp/patternly-ci06-ckdeyiv9/patternly-backend /tmp/patternly-gate03-Gvu5rf/backend
    fatal: repository '/private/tmp/patternly-ci06-ckdeyiv9/patternly-backend' does not exist
    
  code: 'ERR_TEST_FAILURE'
  stack: |-
    genericNodeError (node:internal/errors:983:15)
    wrappedFn (node:internal/errors:537:14)
    checkExecSyncError (node:child_process:916:11)
    execFileSync (node:child_process:952:15)
    makeWorkingTreeFixture (file:///private/tmp/patternly-ci06-ckdeyiv9/app/scripts/releaseManifest.test.mjs:107:3)
    TestContext.<anonymous> (file:///private/tmp/patternly-ci06-ckdeyiv9/app/scripts/releaseManifest.test.mjs:152:24)
    TestHook.runInAsyncScope (node:async_hooks:214:14)
    TestHook.run (node:internal/test_runner/test:1047:25)
    TestHook.run (node:internal/test_runner/test:1354:18)
    TestHook.run (node:internal/util:569:20)
  ...
# Subtest: CLI create output can be copied to another external directory and verified
not ok 6 - CLI create output can be copied to another external directory and verified
  ---
  duration_ms: 0.021917
  type: 'test'
  location: '/private/tmp/patternly-ci06-ckdeyiv9/app/scripts/releaseManifest.test.mjs:199:1'
  failureType: 'hookFailed'
  error: |-
    Command failed: git clone --quiet --shared /private/tmp/patternly-ci06-ckdeyiv9/patternly-backend /tmp/patternly-gate03-Gvu5rf/backend
    fatal: repository '/private/tmp/patternly-ci06-ckdeyiv9/patternly-backend' does not exist
    
  code: 'ERR_TEST_FAILURE'
  stack: |-
    genericNodeError (node:internal/errors:983:15)
    wrappedFn (node:internal/errors:537:14)
    checkExecSyncError (node:child_process:916:11)
    execFileSync (node:child_process:952:15)
    makeWorkingTreeFixture (file:///private/tmp/patternly-ci06-ckdeyiv9/app/scripts/releaseManifest.test.mjs:107:3)
    TestContext.<anonymous> (file:///private/tmp/patternly-ci06-ckdeyiv9/app/scripts/releaseManifest.test.mjs:152:24)
    TestHook.runInAsyncScope (node:async_hooks:214:14)
    TestHook.run (node:internal/test_runner/test:1047:25)
    TestHook.run (node:internal/test_runner/test:1354:18)
    TestHook.run (node:internal/util:569:20)
  ...
# Subtest: enforced releaseGate reports a verified manifest identity without absolute paths
not ok 7 - enforced releaseGate reports a verified manifest identity without absolute paths
  ---
  duration_ms: 0.0225
  type: 'test'
  location: '/private/tmp/patternly-ci06-ckdeyiv9/app/scripts/releaseManifest.test.mjs:266:1'
  failureType: 'hookFailed'
  error: |-
    Command failed: git clone --quiet --shared /private/tmp/patternly-ci06-ckdeyiv9/patternly-backend /tmp/patternly-gate03-Gvu5rf/backend
    fatal: repository '/private/tmp/patternly-ci06-ckdeyiv9/patternly-backend' does not exist
    
  code: 'ERR_TEST_FAILURE'
  stack: |-
    genericNodeError (node:internal/errors:983:15)
    wrappedFn (node:internal/errors:537:14)
    checkExecSyncError (node:child_process:916:11)
    execFileSync (node:child_process:952:15)
    makeWorkingTreeFixture (file:///private/tmp/patternly-ci06-ckdeyiv9/app/scripts/releaseManifest.test.mjs:107:3)
    TestContext.<anonymous> (file:///private/tmp/patternly-ci06-ckdeyiv9/app/scripts/releaseManifest.test.mjs:152:24)
    TestHook.runInAsyncScope (node:async_hooks:214:14)
    TestHook.run (node:internal/test_runner/test:1047:25)
    TestHook.run (node:internal/test_runner/test:1354:18)
    TestHook.run (node:internal/util:569:20)
  ...
# Subtest: releaseGate accepts only a physical receipt for the exact embedded manifest and build
not ok 8 - releaseGate accepts only a physical receipt for the exact embedded manifest and build
  ---
  duration_ms: 0.026625
  type: 'test'
  location: '/private/tmp/patternly-ci06-ckdeyiv9/app/scripts/releaseManifest.test.mjs:286:1'
  failureType: 'hookFailed'
  error: |-
    Command failed: git clone --quiet --shared /private/tmp/patternly-ci06-ckdeyiv9/patternly-backend /tmp/patternly-gate03-Gvu5rf/backend
    fatal: repository '/private/tmp/patternly-ci06-ckdeyiv9/patternly-backend' does not exist
    
  code: 'ERR_TEST_FAILURE'
  stack: |-
    genericNodeError (node:internal/errors:983:15)
    wrappedFn (node:internal/errors:537:14)
    checkExecSyncError (node:child_process:916:11)
    execFileSync (node:child_process:952:15)
    makeWorkingTreeFixture (file:///private/tmp/patternly-ci06-ckdeyiv9/app/scripts/releaseManifest.test.mjs:107:3)
    TestContext.<anonymous> (file:///private/tmp/patternly-ci06-ckdeyiv9/app/scripts/releaseManifest.test.mjs:152:24)
    TestHook.runInAsyncScope (node:async_hooks:214:14)
    TestHook.run (node:internal/test_runner/test:1047:25)
    TestHook.run (node:internal/test_runner/test:1354:18)
    TestHook.run (node:internal/util:569:20)
  ...
# Subtest: runtime receipt rejects every mismatch with the verified embedded artifact
not ok 9 - runtime receipt rejects every mismatch with the verified embedded artifact
  ---
  duration_ms: 0.018166
  type: 'test'
  location: '/private/tmp/patternly-ci06-ckdeyiv9/app/scripts/releaseManifest.test.mjs:305:1'
  failureType: 'hookFailed'
  error: |-
    Command failed: git clone --quiet --shared /private/tmp/patternly-ci06-ckdeyiv9/patternly-backend /tmp/patternly-gate03-Gvu5rf/backend
    fatal: repository '/private/tmp/patternly-ci06-ckdeyiv9/patternly-backend' does not exist
    
  code: 'ERR_TEST_FAILURE'
  stack: |-
    genericNodeError (node:internal/errors:983:15)
    wrappedFn (node:internal/errors:537:14)
    checkExecSyncError (node:child_process:916:11)
    execFileSync (node:child_process:952:15)
    makeWorkingTreeFixture (file:///private/tmp/patternly-ci06-ckdeyiv9/app/scripts/releaseManifest.test.mjs:107:3)
    TestContext.<anonymous> (file:///private/tmp/patternly-ci06-ckdeyiv9/app/scripts/releaseManifest.test.mjs:152:24)
    TestHook.runInAsyncScope (node:async_hooks:214:14)
    TestHook.run (node:internal/test_runner/test:1047:25)
    TestHook.run (node:internal/test_runner/test:1354:18)
    TestHook.run (node:internal/util:569:20)
  ...
# Subtest: enforced releaseGate writes portable reports for invalid and missing manifests
not ok 10 - enforced releaseGate writes portable reports for invalid and missing manifests
  ---
  duration_ms: 0.075875
  type: 'test'
  location: '/private/tmp/patternly-ci06-ckdeyiv9/app/scripts/releaseManifest.test.mjs:314:1'
  failureType: 'hookFailed'
  error: |-
    Command failed: git clone --quiet --shared /private/tmp/patternly-ci06-ckdeyiv9/patternly-backend /tmp/patternly-gate03-Gvu5rf/backend
    fatal: repository '/private/tmp/patternly-ci06-ckdeyiv9/patternly-backend' does not exist
    
  code: 'ERR_TEST_FAILURE'
  stack: |-
    genericNodeError (node:internal/errors:983:15)
    wrappedFn (node:internal/errors:537:14)
    checkExecSyncError (node:child_process:916:11)
    execFileSync (node:child_process:952:15)
    makeWorkingTreeFixture (file:///private/tmp/patternly-ci06-ckdeyiv9/app/scripts/releaseManifest.test.mjs:107:3)
    TestContext.<anonymous> (file:///private/tmp/patternly-ci06-ckdeyiv9/app/scripts/releaseManifest.test.mjs:152:24)
    TestHook.runInAsyncScope (node:async_hooks:214:14)
    TestHook.run (node:internal/test_runner/test:1047:25)
    TestHook.run (node:internal/test_runner/test:1354:18)
    TestHook.run (node:internal/util:569:20)
  ...
# Subtest: rejects missing, extra and duplicate repository roles plus the legacy two-SHA shape
not ok 11 - rejects missing, extra and duplicate repository roles plus the legacy two-SHA shape
  ---
  duration_ms: 0.019583
  type: 'test'
  location: '/private/tmp/patternly-ci06-ckdeyiv9/app/scripts/releaseManifest.test.mjs:335:1'
  failureType: 'hookFailed'
  error: |-
    Command failed: git clone --quiet --shared /private/tmp/patternly-ci06-ckdeyiv9/patternly-backend /tmp/patternly-gate03-Gvu5rf/backend
    fatal: repository '/private/tmp/patternly-ci06-ckdeyiv9/patternly-backend' does not exist
    
  code: 'ERR_TEST_FAILURE'
  stack: |-
    genericNodeError (node:internal/errors:983:15)
    wrappedFn (node:internal/errors:537:14)
    checkExecSyncError (node:child_process:916:11)
    execFileSync (node:child_process:952:15)
    makeWorkingTreeFixture (file:///private/tmp/patternly-ci06-ckdeyiv9/app/scripts/releaseManifest.test.mjs:107:3)
    TestContext.<anonymous> (file:///private/tmp/patternly-ci06-ckdeyiv9/app/scripts/releaseManifest.test.mjs:152:24)
    TestHook.runInAsyncScope (node:async_hooks:214:14)
    TestHook.run (node:internal/test_runner/test:1047:25)
    TestHook.run (node:internal/test_runner/test:1354:18)
    TestHook.run (node:internal/util:569:20)
  ...
# Subtest: rejects wrong manifest identity, stale candidate/track scope and wrong repository SHA
not ok 12 - rejects wrong manifest identity, stale candidate/track scope and wrong repository SHA
  ---
  duration_ms: 0.22125
  type: 'test'
  location: '/private/tmp/patternly-ci06-ckdeyiv9/app/scripts/releaseManifest.test.mjs:356:1'
  failureType: 'hookFailed'
  error: |-
    Command failed: git clone --quiet --shared /private/tmp/patternly-ci06-ckdeyiv9/patternly-backend /tmp/patternly-gate03-Gvu5rf/backend
    fatal: repository '/private/tmp/patternly-ci06-ckdeyiv9/patternly-backend' does not exist
    
  code: 'ERR_TEST_FAILURE'
  stack: |-
    genericNodeError (node:internal/errors:983:15)
    wrappedFn (node:internal/errors:537:14)
    checkExecSyncError (node:child_process:916:11)
    execFileSync (node:child_process:952:15)
    makeWorkingTreeFixture (file:///private/tmp/patternly-ci06-ckdeyiv9/app/scripts/releaseManifest.test.mjs:107:3)
    TestContext.<anonymous> (file:///private/tmp/patternly-ci06-ckdeyiv9/app/scripts/releaseManifest.test.mjs:152:24)
    TestHook.runInAsyncScope (node:async_hooks:214:14)
    TestHook.run (node:internal/test_runner/test:1047:25)
    TestHook.run (node:internal/test_runner/test:1354:18)
    TestHook.run (node:internal/util:569:20)
  ...
# Subtest: rejects modified evidence before accepting a portable reference
not ok 13 - rejects modified evidence before accepting a portable reference
  ---
  duration_ms: 0.162958
  type: 'test'
  location: '/private/tmp/patternly-ci06-ckdeyiv9/app/scripts/releaseManifest.test.mjs:371:1'
  failureType: 'hookFailed'
  error: |-
    Command failed: git clone --quiet --shared /private/tmp/patternly-ci06-ckdeyiv9/patternly-backend /tmp/patternly-gate03-Gvu5rf/backend
    fatal: repository '/private/tmp/patternly-ci06-ckdeyiv9/patternly-backend' does not exist
    
  code: 'ERR_TEST_FAILURE'
  stack: |-
    genericNodeError (node:internal/errors:983:15)
    wrappedFn (node:internal/errors:537:14)
    checkExecSyncError (node:child_process:916:11)
    execFileSync (node:child_process:952:15)
    makeWorkingTreeFixture (file:///private/tmp/patternly-ci06-ckdeyiv9/app/scripts/releaseManifest.test.mjs:107:3)
    TestContext.<anonymous> (file:///private/tmp/patternly-ci06-ckdeyiv9/app/scripts/releaseManifest.test.mjs:152:24)
    TestHook.runInAsyncScope (node:async_hooks:214:14)
    TestHook.run (node:internal/test_runner/test:1047:25)
    TestHook.run (node:internal/test_runner/test:1354:18)
    TestHook.run (node:internal/util:569:20)
  ...
# Subtest: rejects changed iOS build, public configuration, and signing evidence bytes
not ok 14 - rejects changed iOS build, public configuration, and signing evidence bytes
  ---
  duration_ms: 0.022083
  type: 'test'
  location: '/private/tmp/patternly-ci06-ckdeyiv9/app/scripts/releaseManifest.test.mjs:379:1'
  failureType: 'hookFailed'
  error: |-
    Command failed: git clone --quiet --shared /private/tmp/patternly-ci06-ckdeyiv9/patternly-backend /tmp/patternly-gate03-Gvu5rf/backend
    fatal: repository '/private/tmp/patternly-ci06-ckdeyiv9/patternly-backend' does not exist
    
  code: 'ERR_TEST_FAILURE'
  stack: |-
    genericNodeError (node:internal/errors:983:15)
    wrappedFn (node:internal/errors:537:14)
    checkExecSyncError (node:child_process:916:11)
    execFileSync (node:child_process:952:15)
    makeWorkingTreeFixture (file:///private/tmp/patternly-ci06-ckdeyiv9/app/scripts/releaseManifest.test.mjs:107:3)
    TestContext.<anonymous> (file:///private/tmp/patternly-ci06-ckdeyiv9/app/scripts/releaseManifest.test.mjs:152:24)
    TestHook.runInAsyncScope (node:async_hooks:214:14)
    TestHook.run (node:internal/test_runner/test:1047:25)
    TestHook.run (node:internal/test_runner/test:1354:18)
    TestHook.run (node:internal/util:569:20)
  ...
# Subtest: rejects absolute, traversal and symlink references
not ok 15 - rejects absolute, traversal and symlink references
  ---
  duration_ms: 0.019208
  type: 'test'
  location: '/private/tmp/patternly-ci06-ckdeyiv9/app/scripts/releaseManifest.test.mjs:415:1'
  failureType: 'hookFailed'
  error: |-
    Command failed: git clone --quiet --shared /private/tmp/patternly-ci06-ckdeyiv9/patternly-backend /tmp/patternly-gate03-Gvu5rf/backend
    fatal: repository '/private/tmp/patternly-ci06-ckdeyiv9/patternly-backend' does not exist
    
  code: 'ERR_TEST_FAILURE'
  stack: |-
    genericNodeError (node:internal/errors:983:15)
    wrappedFn (node:internal/errors:537:14)
    checkExecSyncError (node:child_process:916:11)
    execFileSync (node:child_process:952:15)
    makeWorkingTreeFixture (file:///private/tmp/patternly-ci06-ckdeyiv9/app/scripts/releaseManifest.test.mjs:107:3)
    TestContext.<anonymous> (file:///private/tmp/patternly-ci06-ckdeyiv9/app/scripts/releaseManifest.test.mjs:152:24)
    TestHook.runInAsyncScope (node:async_hooks:214:14)
    TestHook.run (node:internal/test_runner/test:1047:25)
    TestHook.run (node:internal/test_runner/test:1354:18)
    TestHook.run (node:internal/util:569:20)
  ...
# Subtest: rejects dirty repositories and output paths inside or through symlinked parents
not ok 16 - rejects dirty repositories and output paths inside or through symlinked parents
  ---
  duration_ms: 0.017541
  type: 'test'
  location: '/private/tmp/patternly-ci06-ckdeyiv9/app/scripts/releaseManifest.test.mjs:439:1'
  failureType: 'hookFailed'
  error: |-
    Command failed: git clone --quiet --shared /private/tmp/patternly-ci06-ckdeyiv9/patternly-backend /tmp/patternly-gate03-Gvu5rf/backend
    fatal: repository '/private/tmp/patternly-ci06-ckdeyiv9/patternly-backend' does not exist
    
  code: 'ERR_TEST_FAILURE'
  stack: |-
    genericNodeError (node:internal/errors:983:15)
    wrappedFn (node:internal/errors:537:14)
    checkExecSyncError (node:child_process:916:11)
    execFileSync (node:child_process:952:15)
    makeWorkingTreeFixture (file:///private/tmp/patternly-ci06-ckdeyiv9/app/scripts/releaseManifest.test.mjs:107:3)
    TestContext.<anonymous> (file:///private/tmp/patternly-ci06-ckdeyiv9/app/scripts/releaseManifest.test.mjs:152:24)
    TestHook.runInAsyncScope (node:async_hooks:214:14)
    TestHook.run (node:internal/test_runner/test:1047:25)
    TestHook.run (node:internal/test_runner/test:1354:18)
    TestHook.run (node:internal/util:569:20)
  ...
1..16
# tests 16
# suites 0
# pass 0
# fail 16
# cancelled 0
# skipped 0
# todo 0
# duration_ms 406.77475
