Running on iPhone 17 - iOS 26.4 - 7F315654-3175-4F3C-BB24-B0263F59360C
 > Flow BIZQ01 repair28 dark supported capped large-text existing completed review
Stop com.lkurczab.patternly... COMPLETED
Launch app "com.lkurczab.patternly"... COMPLETED
Open com.lkurczab.patternly://expo-development-client/?url=http%3A%2F%2Flocalhost%3A8081... COMPLETED
Run flow when "Open|Otwórz" is visible...
Run flow when "Open|Otwórz" is visible... SKIPPED
Assert that id: main-tab-bar-home is visible... COMPLETED
Assert that id: patternly:home:track-card:google-cloud-associate-cloud-engineer is visible... COMPLETED
Take screenshot repair28-dark-corrected-cold-same-gcp-home... COMPLETED
Scrolling DOWN until id: patternly:home:activity is visible with speed 40, visibility percentage 100%, timeout 20000 ms, with centering disabled... COMPLETED
Tap on id: patternly:home:activity... COMPLETED
Assert that id: patternly:activity:root is visible... COMPLETED
Scrolling DOWN until id: patternly:activity:row:google-cloud-associate-cloud-engineer:certification-focus-practice:2 is visible with speed 40, visibility percentage 100%, timeout 20000 ms, with centering disabled... COMPLETED
Tap on id: patternly:activity:row:google-cloud-associate-cloud-engineer:certification-focus-practice:2... COMPLETED
Assert that id: patternly:summary:root:google-cloud-associate-cloud-engineer:certification-focus-practice:2 is visible... COMPLETED
Scrolling UP until "Session complete" is visible with speed 40, visibility percentage 100%, timeout 20000 ms, with centering disabled... COMPLETED
Take screenshot repair28-dark-corrected-own-result-before-review... COMPLETED
Run flow when ".*Open debugger to view warnings.*" is visible...
  Tap on point (92%,93%)... COMPLETED
Run flow when ".*Open debugger to view warnings.*" is visible... COMPLETED
Assert that id: patternly:summary:root:google-cloud-associate-cloud-engineer:certification-focus-practice:2 is visible... COMPLETED
Scrolling UP until "Session complete" is visible with speed 40, visibility percentage 100%, timeout 20000 ms, with centering disabled... COMPLETED
Scrolling DOWN until id: patternly:summary:review-answers:google-cloud-associate-cloud-engineer:certification-focus-practice:2 is visible with speed 40, visibility percentage 100%, timeout 20000 ms, with centering disabled... COMPLETED
Tap on id: patternly:summary:review-answers:google-cloud-associate-cloud-engineer:certification-focus-practice:2... COMPLETED
Assert that id: patternly:practice-review:root:google-cloud-associate-cloud-engineer:certification-focus-practice:2:.* is visible... COMPLETED
Scrolling UP until id: patternly:session:question:gcp-ace-gcpace-n01-b03-001 is visible with speed 40, visibility percentage 20%, timeout 20000 ms, with centering disabled... COMPLETED
Take screenshot repair28-dark-large-question... COMPLETED
Scrolling DOWN until id: patternly:session:option:gcp-ace-gcpace-n01-b03-001:a is visible with speed 40, visibility percentage 100%, timeout 20000 ms, with centering disabled... COMPLETED
Take screenshot repair28-dark-large-option-a... COMPLETED
Scrolling DOWN until id: patternly:session:option:gcp-ace-gcpace-n01-b03-001:d is visible with speed 40, visibility percentage 100%, timeout 20000 ms, with centering disabled... COMPLETED
Take screenshot repair28-dark-large-selected-wrong-option... COMPLETED
Scrolling DOWN until id: patternly:session:details-toggle:gcp-ace-gcpace-n01-b03-001 is visible with speed 40, visibility percentage 100%, timeout 20000 ms, with centering enabled... COMPLETED
Tap on id: patternly:session:details-toggle:gcp-ace-gcpace-n01-b03-001... COMPLETED
Assert that "Hide answer details" is visible... COMPLETED
Scrolling DOWN until "This option selects at the billing account, but the decisive requirement is organization-wide attachment scope." is visible with speed 40, visibility percentage 100%, timeout 20000 ms, with centering disabled... COMPLETED
Take screenshot repair28-dark-large-authored-diagnostic... COMPLETED
Swipe from (50%,72%) to (50%,47%) in 500 ms... COMPLETED
Take screenshot repair28-dark-large-details-body-1... COMPLETED
Swipe from (50%,72%) to (50%,47%) in 500 ms... COMPLETED
Take screenshot repair28-dark-large-details-body-2... COMPLETED
Swipe from (50%,72%) to (50%,47%) in 500 ms... COMPLETED
Take screenshot repair28-dark-large-details-body-3... COMPLETED
Swipe from (50%,72%) to (50%,47%) in 500 ms... COMPLETED
Take screenshot repair28-dark-large-details-body-4... COMPLETED
Scrolling DOWN until id: question-source-link-gcp-ace-gcpace-n01-b03-001-0 is visible with speed 40, visibility percentage 100%, timeout 20000 ms, with centering disabled... COMPLETED
Assert that id: patternly:practice-review:next is visible... COMPLETED
Take screenshot repair28-dark-large-details-source-actions... COMPLETED
Tap on id: patternly:practice-review:next... COMPLETED
Assert that id: patternly:session:question:gcp-ace-gcpace-n01-b04-001 is visible... COMPLETED
Scrolling DOWN until "Correct" is visible with speed 40, visibility percentage 100%, timeout 20000 ms, with centering disabled... COMPLETED
Take screenshot repair28-dark-correct-outcome... COMPLETED
Scrolling DOWN until id: patternly:session:details-toggle:gcp-ace-gcpace-n01-b04-001 is visible with speed 40, visibility percentage 100%, timeout 20000 ms, with centering disabled... COMPLETED
Tap on id: patternly:session:details-toggle:gcp-ace-gcpace-n01-b04-001... COMPLETED
Assert that "Hide answer details" is visible... COMPLETED
Assert that "Hide answer details" is visible... COMPLETED
Take screenshot repair28-dark-large-correct-reason-details... COMPLETED
Scrolling DOWN until id: question-source-link-gcp-ace-gcpace-n01-b04-001-0 is visible with speed 40, visibility percentage 100%, timeout 20000 ms, with centering disabled... COMPLETED
Take screenshot repair28-dark-large-correct-details-bottom... COMPLETED
Tap on id: patternly:practice-review:result... COMPLETED
Assert that id: patternly:summary:root:google-cloud-associate-cloud-engineer:certification-focus-practice:2 is visible... COMPLETED
Take screenshot repair28-dark-large-same-completed-result... COMPLETED
