Running on iPhone 17 - iOS 26.4 - 7F315654-3175-4F3C-BB24-B0263F59360C
 > Flow BIZQ01 native28 light supported capped large-text existing completed review
Stop com.lkurczab.patternly... COMPLETED
Launch app "com.lkurczab.patternly"... COMPLETED
Open com.lkurczab.patternly://expo-development-client/?url=http%3A%2F%2Flocalhost%3A8081... COMPLETED
Run flow when "Open|Otwórz" is visible...
Run flow when "Open|Otwórz" is visible... SKIPPED
Assert that id: main-tab-bar-home is visible... COMPLETED
Assert that id: patternly:home:track-card:google-cloud-associate-cloud-engineer is visible... COMPLETED
Take screenshot native28-light-corrected-cold-same-gcp-home... COMPLETED
Scrolling DOWN until id: patternly:home:activity is visible with speed 40, visibility percentage 100%, timeout 20000 ms, with centering disabled... COMPLETED
Tap on id: patternly:home:activity... COMPLETED
Assert that id: patternly:activity:root is visible... COMPLETED
Scrolling DOWN until id: patternly:activity:row:google-cloud-associate-cloud-engineer:certification-focus-practice:2 is visible with speed 40, visibility percentage 100%, timeout 20000 ms, with centering disabled... COMPLETED
Tap on id: patternly:activity:row:google-cloud-associate-cloud-engineer:certification-focus-practice:2... COMPLETED
Assert that id: patternly:summary:root:google-cloud-associate-cloud-engineer:certification-focus-practice:2 is visible... COMPLETED
Scrolling UP until "Session complete" is visible with speed 40, visibility percentage 100%, timeout 20000 ms, with centering disabled... COMPLETED
Take screenshot native28-light-corrected-own-result-before-review... COMPLETED
Run flow when ".*Open debugger to view warnings.*" is visible...
  Tap on point (92%,93%)... COMPLETED
Run flow when ".*Open debugger to view warnings.*" is visible... COMPLETED
Assert that id: patternly:summary:root:google-cloud-associate-cloud-engineer:certification-focus-practice:2 is visible... COMPLETED
Scrolling UP until "Session complete" is visible with speed 40, visibility percentage 100%, timeout 20000 ms, with centering disabled... COMPLETED
Scrolling DOWN until id: patternly:summary:review-answers:google-cloud-associate-cloud-engineer:certification-focus-practice:2 is visible with speed 40, visibility percentage 100%, timeout 20000 ms, with centering disabled... COMPLETED
Tap on id: patternly:summary:review-answers:google-cloud-associate-cloud-engineer:certification-focus-practice:2... COMPLETED
Assert that id: patternly:practice-review:root:google-cloud-associate-cloud-engineer:certification-focus-practice:2:.* is visible... COMPLETED
Scrolling DOWN until id: patternly:session:question:gcp-ace-gcpace-n01-b03-001 is visible with speed 40, visibility percentage 100%, timeout 20000 ms, with centering disabled... FAILED

No visible element found: id: patternly:session:question:gcp-ace-gcpace-n01-b03-001

Could not find a visible element matching selector: id: patternly:session:question:gcp-ace-gcpace-n01-b03-001
Tip: Try adjusting the following settings to improve detection:
- `timeout`: current = 20000ms → Increase if you need more time to find the element
- `speed`: current = 40 (0-100 scale) → Increase for faster scrolling if element is far away
- `waitToSettleTimeoutMs`: current = Not defined → Set this value (e.g., 500ms) if your UI updates frequently between scrolls
- `visibilityPercentage`: current = 100% → Lower this value if you want to detect partially visible elements
- `centerElement`: current = false → Enable if you want the element to be centered after finding it


==== Debug output (logs & screenshots) ====

/private/tmp/bizq28-native/light/artifacts/2026-10-05_175720
