TAP version 13
# Subtest: operator verifier authenticates, authorizes exact action, caches keys, and returns only pseudonymous identity
ok 1 - operator verifier authenticates, authorizes exact action, caches keys, and returns only pseudonymous identity
  ---
  duration_ms: 21.7485
  type: 'test'
  ...
# Subtest: operator verifier rejects malformed, mismatched, expired, future, and incorrectly signed tokens without leaking details
ok 2 - operator verifier rejects malformed, mismatched, expired, future, and incorrectly signed tokens without leaking details
  ---
  duration_ms: 6.002917
  type: 'test'
  ...
# Subtest: unknown kid performs one shared refresh and global cooldown blocks sequential or rotating misses
ok 3 - unknown kid performs one shared refresh and global cooldown blocks sequential or rotating misses
  ---
  duration_ms: 2.414208
  type: 'test'
  ...
# Subtest: failed unknown-kid refresh also starts the global cooldown
ok 4 - failed unknown-kid refresh also starts the global cooldown
  ---
  duration_ms: 2.247959
  type: 'test'
  ...
# Subtest: JWKS redirect, oversized body, duplicate kid, and network failure are rejected
ok 5 - JWKS redirect, oversized body, duplicate kid, and network failure are rejected
  ---
  duration_ms: 2.994042
  type: 'test'
  ...
# Subtest: JWKS streaming limit rejects a chunked oversized body before consuming its tail
ok 6 - JWKS streaming limit rejects a chunked oversized body before consuming its tail
  ---
  duration_ms: 1.277458
  type: 'test'
  ...
# Subtest: JWKS fetch deadline aborts a stalled request
ok 7 - JWKS fetch deadline aborts a stalled request
  ---
  duration_ms: 23.79775
  type: 'test'
  ...
# Subtest: production HTTPS lookup returns the Node all-address callback shape and rejects any non-public answer
ok 8 - production HTTPS lookup returns the Node all-address callback shape and rejects any non-public answer
  ---
  duration_ms: 4.321584
  type: 'test'
  ...
# Subtest: absent operator configuration produces no verifier
ok 9 - absent operator configuration produces no verifier
  ---
  duration_ms: 0.309834
  type: 'test'
  ...
1..9
# tests 9
# suites 0
# pass 9
# fail 0
# cancelled 0
# skipped 0
# todo 0
# duration_ms 418.48175
