TAP version 13
# Subtest: OOD21 producer proof binds the frozen 153-item same-ID map and exact source files
ok 1 - OOD21 producer proof binds the frozen 153-item same-ID map and exact source files
  ---
  duration_ms: 25.758208
  type: 'test'
  ...
# Subtest: OOD21 loaded runtime matches every fixed same-ID question object
not ok 2 - OOD21 loaded runtime matches every fixed same-ID question object
  ---
  duration_ms: 520.880125
  type: 'test'
  location: '/Users/lukaszkurczab/Desktop/Projects/Patternly/patternly/src/content/bizq01OodNodeClosure21.test.ts:2:7218'
  failureType: 'testCodeFailure'
  error: |-
    Expected values to be strictly equal:
    + actual - expected
    
    + 'object-oriented-design-interview-authoring-v2026.10.04-bizq01-20'
    - 'object-oriented-design-interview-authoring-v2026.10.04-bizq01-21'
    
  code: 'ERR_ASSERTION'
  name: 'AssertionError'
  expected: 'object-oriented-design-interview-authoring-v2026.10.04-bizq01-21'
  actual: 'object-oriented-design-interview-authoring-v2026.10.04-bizq01-20'
  operator: 'strictEqual'
  stack: |-
    TestContext.<anonymous> (/Users/lukaszkurczab/Desktop/Projects/Patternly/patternly/src/content/bizq01OodNodeClosure21.test.ts:161:10)
    async Test.run (node:internal/test_runner/test:1054:7)
    async Test.processPendingSubtests (node:internal/test_runner/test:744:7)
  ...
# Subtest: OOD21 scoring, option-order reversal, feedback targets and pre-answer view use fixed IDs
ok 3 - OOD21 scoring, option-order reversal, feedback targets and pre-answer view use fixed IDs
  ---
  duration_ms: 16.65275
  type: 'test'
  ...
# Subtest: OOD21 preserves accepted N01-N04 node counts and the exact ordinary N01 pools
ok 4 - OOD21 preserves accepted N01-N04 node counts and the exact ordinary N01 pools
  ---
  duration_ms: 9.446166
  type: 'test'
  ...
1..4
# tests 4
# suites 0
# pass 3
# fail 1
# cancelled 0
# skipped 0
# todo 0
# duration_ms 1285.576666

EXIT_STATUS=1
