TAP version 13
# Subtest: BIZQ-01 cohort14 preserves source01 as the exact accepted predecessor
ok 1 - BIZQ-01 cohort14 preserves source01 as the exact accepted predecessor
  ---
  duration_ms: 11.471
  type: 'test'
  ...
# Subtest: BIZQ-01 preserves both accepted source01 objects and their scored, built, and projected behavior
ok 2 - BIZQ-01 preserves both accepted source01 objects and their scored, built, and projected behavior
  ---
  duration_ms: 980.684166
  type: 'test'
  ...
# Subtest: BIZQ-01 changed items keep concrete learner constraints and one scoreable authored answer
ok 3 - BIZQ-01 changed items keep concrete learner constraints and one scoreable authored answer
  ---
  duration_ms: 1.258042
  type: 'test'
  ...
# Subtest: BIZQ-01 canonical builder carries the exact cohort and new content identity
ok 4 - BIZQ-01 canonical builder carries the exact cohort and new content identity
  ---
  duration_ms: 207.324292
  type: 'test'
  ...
# Subtest: BIZQ-01 advisory console distinguishes corrected cohort from remaining warnings
ok 5 - BIZQ-01 advisory console distinguishes corrected cohort from remaining warnings
  ---
  duration_ms: 1008.7055
  type: 'test'
  ...
# Subtest: review console surfaces a remaining BESD constraint disclosure without recording an outcome
ok 6 - review console surfaces a remaining BESD constraint disclosure without recording an outcome
  ---
  duration_ms: 867.916458
  type: 'test'
  ...
# Subtest: constraint warning is advisory across interactions and does not flag ordinary worked examples or feedback
ok 7 - constraint warning is advisory across interactions and does not flag ordinary worked examples or feedback
  ---
  duration_ms: 1012.847125
  type: 'test'
  ...
# Subtest: Q14 flags a valid sole-longest correct choice for human review without changing scoring
ok 8 - Q14 flags a valid sole-longest correct choice for human review without changing scoring
  ---
  duration_ms: 744.885959
  type: 'test'
  ...
# Subtest: review console exposes exactly nine launch tracks, navigable coverage, and advisory signals
ok 9 - review console exposes exactly nine launch tracks, navigable coverage, and advisory signals
  ---
  duration_ms: 652.95625
  type: 'test'
  ...
# Subtest: review console records one current explicit outcome and invalidates it when source identity changes
ok 10 - review console records one current explicit outcome and invalidates it when source identity changes
  ---
  duration_ms: 627.816083
  type: 'test'
  ...
# Subtest: review console serves a local UI and bounded JSON API without fabricating approval
ok 11 - review console serves a local UI and bounded JSON API without fabricating approval
  ---
  duration_ms: 773.501458
  type: 'test'
  ...
1..11
# tests 11
# suites 0
# pass 11
# fail 0
# cancelled 0
# skipped 0
# todo 0
# duration_ms 4797.627042
