TAP version 13
# Subtest: Q14 flags a valid sole-longest correct choice for human review without changing scoring
not ok 1 - Q14 flags a valid sole-longest correct choice for human review without changing scoring
  ---
  duration_ms: 615.811291
  type: 'test'
  location: '/Users/lukaszkurczab/Desktop/Projects/Patternly/patternly-content/tests/contentReviewConsole.test.mjs:70:1'
  failureType: 'testCodeFailure'
  error: |-
    The expression evaluated to a falsy value:
    
      assert.ok(question.riskFlags.includes("correct_option_sole_longest"))
    
  code: 'ERR_ASSERTION'
  name: 'AssertionError'
  expected: true
  actual: false
  operator: '=='
  stack: |-
    TestContext.<anonymous> (file:///Users/lukaszkurczab/Desktop/Projects/Patternly/patternly-content/tests/contentReviewConsole.test.mjs:106:10)
    async Test.run (node:internal/test_runner/test:1054:7)
    async startSubtestAfterBootstrap (node:internal/test_runner/harness:296:3)
  ...
1..1
# tests 1
# suites 0
# pass 0
# fail 1
# cancelled 0
# skipped 0
# todo 0
# duration_ms 728.9005
