✔ ODK-097 Design Tradeoff sessions use the exact free node and unique 10/20/40 items (909.045125ms)
✔ ODK-097 Design Review is due-only, truthfully shortens, and fails closed without eligible evidence (18.654792ms)
✔ ODK-097 Review evidence rejects stale, wrong-artifact, and cross-track entries (0.702417ms)
✔ ODK-097 Coding due entries remain identity-scoped without consuming historical misses (1.072292ms)
✔ ProductModeConfig preserves the complete available 9-track mode matrix (4.755958ms)
✔ ODK-097 app Design modes stay in parity with the current producer profiles (2.398458ms)
✔ mode policies preserve feedback, elapsed timer, reinsert and evidence behavior (0.578833ms)
✔ selection pools are non-empty, local, and large enough for every requested length (123.068542ms)
✔ simulation mode is bound to the exact GCP profile, family, and mode (1.757125ms)
✔ Coding Mock product mode binds only its declared Coding Interview profile (0.803458ms)
✔ GCP Diagnostic preserves the verified exact ordered 40-question plan (0.458834ms)
✔ declared but uninstalled modes fail closed with a stable unavailable error (0.395333ms)
✔ validated production configuration is recursively immutable (0.260833ms)
✔ validator rejects duplicate, missing, additional, and non-canonical config shapes (2.64475ms)
✔ validator rejects foreign identities, empty pools, bad lengths, and policy mismatches (6.41575ms)
✔ validator rejects foreign questions, Diagnostic reordering, bad evidence and unsupported interactions (1591.238625ms)
✔ validator rejects missing, duplicate, empty and foreign canonical artifacts (11162.904667ms)
✔ canonical runtime catalog exposes all locked tracks, modes, pools, and exact artifact identities (1532.222459ms)
✔ injected loader failures are visible and do not poison the active cache (129.476791ms)
✔ canonical runtime catalog hashes artifacts sequentially and preserves artifact order (1083.867458ms)
✔ public owner retries after a failed cached load and then preserves cache identity (7507.9875ms)
✔ canonical runtime catalog caches only a validated active catalog (0.2885ms)
✔ runtime admission resolves the exact candidate lock for every canonical launch track (1578.684166ms)
ℹ tests 23
ℹ suites 0
ℹ pass 23
ℹ fail 0
ℹ cancelled 0
ℹ skipped 0
ℹ todo 0
ℹ duration_ms 14071.855
