✔ OOD21 producer proof binds the frozen 153-item same-ID map and exact source files (21.640459ms)
✖ OOD21 loaded runtime matches every fixed same-ID question object (1134.550125ms)
✔ OOD21 scoring, option-order reversal, feedback targets and pre-answer view use fixed IDs (12.011917ms)
✔ OOD21 preserves accepted N01-N04 node counts and the exact ordinary N01 pools (7.051208ms)
ℹ tests 4
ℹ suites 0
ℹ pass 3
ℹ fail 1
ℹ cancelled 0
ℹ skipped 0
ℹ todo 0
ℹ duration_ms 1893.588958

✖ failing tests:

test at src/content/bizq01OodNodeClosure21.test.ts:2:7218
✖ OOD21 loaded runtime matches every fixed same-ID question object (1134.550125ms)
  AssertionError [ERR_ASSERTION]: Expected values to be strictly equal:
  + actual - expected
  
  + 'object-oriented-design-interview-authoring-v2026.10.04-bizq01-20'
  - 'object-oriented-design-interview-authoring-v2026.10.04-bizq01-21'
  
      at TestContext.<anonymous> (/Users/lukaszkurczab/Desktop/Projects/Patternly/patternly/src/content/bizq01OodNodeClosure21.test.ts:161:10)
      at async Test.run (node:internal/test_runner/test:1409:7)
      at async Test.processPendingSubtests (node:internal/test_runner/test:974:7) {
    generatedMessage: true,
    code: 'ERR_ASSERTION',
    actual: 'object-oriented-design-interview-authoring-v2026.10.04-bizq01-20',
    expected: 'object-oriented-design-interview-authoring-v2026.10.04-bizq01-21',
    operator: 'strictEqual',
    diff: 'simple'
  }
