✔ OOD16 frozen bindings cover the seven final 17-item payloads (12.268959ms)
✔ OOD16 preserves the complete B01 source unit in the current artifact (1903.429584ms)
✔ OOD16 OOD-N01-B02 source payloads, replacement identities and retired IDs are exact (4.112833ms)
✔ OOD16 OOD-N01-B02 real choice scoring, accessibility and submitted feedback follow fixed option IDs (6.552292ms)
✔ OOD16 OOD-N01-B03 source payloads, replacement identities and retired IDs are exact (3.699458ms)
✔ OOD16 OOD-N01-B03 real choice scoring, accessibility and submitted feedback follow fixed option IDs (2.697625ms)
✔ OOD16 OOD-N01-B04 source payloads, replacement identities and retired IDs are exact (3.186125ms)
✔ OOD16 OOD-N01-B04 real choice scoring, accessibility and submitted feedback follow fixed option IDs (2.839416ms)
✔ OOD16 OOD-N01-B05 source payloads, replacement identities and retired IDs are exact (3.201667ms)
✔ OOD16 OOD-N01-B05 real choice scoring, accessibility and submitted feedback follow fixed option IDs (3.688833ms)
✔ OOD16 OOD-N01-B06 source payloads, replacement identities and retired IDs are exact (2.950125ms)
✔ OOD16 OOD-N01-B06 real choice scoring, accessibility and submitted feedback follow fixed option IDs (3.16125ms)
✔ OOD16 OOD-N01-B07 source payloads, replacement identities and retired IDs are exact (2.853416ms)
✔ OOD16 OOD-N01-B07 real choice scoring, accessibility and submitted feedback follow fixed option IDs (2.671916ms)
✔ OOD16 OOD-N01-B08 source payloads, replacement identities and retired IDs are exact (2.786625ms)
✔ OOD16 OOD-N01-B08 real choice scoring, accessibility and submitted feedback follow fixed option IDs (3.64075ms)
✔ OOD16 all three actual canonical mode pools contain the full current 136-question node (15.801417ms)
✔ OOD17 frozen bindings cover the eight frozen 19-item payloads (13.844541ms)
✔ OOD17 preserves all 136 accepted N01 source and artifact objects (2007.259917ms)
✔ OOD17 OOD-N02-B01 source payloads, replacement identities and retired IDs are exact (3.616916ms)
✔ OOD17 OOD-N02-B01 real choice scoring, accessibility and submitted feedback follow fixed option IDs (6.806875ms)
✔ OOD17 OOD-N02-B02 source payloads, replacement identities and retired IDs are exact (3.007875ms)
✔ OOD17 OOD-N02-B02 real choice scoring, accessibility and submitted feedback follow fixed option IDs (2.914417ms)
✔ OOD17 OOD-N02-B03 source payloads, replacement identities and retired IDs are exact (7.854125ms)
✔ OOD17 OOD-N02-B03 real choice scoring, accessibility and submitted feedback follow fixed option IDs (7.215458ms)
✔ OOD17 OOD-N02-B04 source payloads, replacement identities and retired IDs are exact (1.956167ms)
✔ OOD17 OOD-N02-B04 real choice scoring, accessibility and submitted feedback follow fixed option IDs (3.9465ms)
✔ OOD17 OOD-N02-B05 source payloads, replacement identities and retired IDs are exact (13.519625ms)
✔ OOD17 OOD-N02-B05 real choice scoring, accessibility and submitted feedback follow fixed option IDs (6.42775ms)
✔ OOD17 OOD-N02-B06 source payloads, replacement identities and retired IDs are exact (4.067875ms)
✔ OOD17 OOD-N02-B06 real choice scoring, accessibility and submitted feedback follow fixed option IDs (3.398042ms)
✔ OOD17 OOD-N02-B07 source payloads, replacement identities and retired IDs are exact (2.512375ms)
✔ OOD17 OOD-N02-B07 real choice scoring, accessibility and submitted feedback follow fixed option IDs (6.795125ms)
✔ OOD17 OOD-N02-B08 source payloads, replacement identities and retired IDs are exact (2.850125ms)
✔ OOD17 OOD-N02-B08 real choice scoring, accessibility and submitted feedback follow fixed option IDs (3.437167ms)
✔ OOD17 N02 source quality does not widen the three ordinary N01 mode pools (1.144167ms)
✔ OOD19 frozen bindings cover all nine reviewed 18-item payloads (14.999208ms)
✔ OOD19 preserves all 136 accepted N01 and 152 accepted N02 source and runtime objects (1971.314958ms)
✔ OOD19 OOD-N03-B01 source and runtime match frozen payload; predecessors are retired (4.320125ms)
✔ OOD19 OOD-N03-B01 real scoring, reversed-option invariance and learner feedback use stable IDs (10.782042ms)
✔ OOD19 OOD-N03-B02 source and runtime match frozen payload; predecessors are retired (3.600792ms)
✔ OOD19 OOD-N03-B02 real scoring, reversed-option invariance and learner feedback use stable IDs (8.376542ms)
✔ OOD19 OOD-N03-B03 source and runtime match frozen payload; predecessors are retired (3.108709ms)
✔ OOD19 OOD-N03-B03 real scoring, reversed-option invariance and learner feedback use stable IDs (10.283792ms)
✔ OOD19 OOD-N03-B04 source and runtime match frozen payload; predecessors are retired (6.489625ms)
✔ OOD19 OOD-N03-B04 real scoring, reversed-option invariance and learner feedback use stable IDs (9.42225ms)
✔ OOD19 OOD-N03-B05 source and runtime match frozen payload; predecessors are retired (7.004917ms)
✔ OOD19 OOD-N03-B05 real scoring, reversed-option invariance and learner feedback use stable IDs (3.9695ms)
✔ OOD19 OOD-N03-B06 source and runtime match frozen payload; predecessors are retired (5.124667ms)
✔ OOD19 OOD-N03-B06 real scoring, reversed-option invariance and learner feedback use stable IDs (12.244667ms)
✔ OOD19 OOD-N03-B07 source and runtime match frozen payload; predecessors are retired (2.640333ms)
✔ OOD19 OOD-N03-B07 real scoring, reversed-option invariance and learner feedback use stable IDs (2.869209ms)
✔ OOD19 OOD-N03-B08 source and runtime match frozen payload; predecessors are retired (2.836917ms)
✔ OOD19 OOD-N03-B08 real scoring, reversed-option invariance and learner feedback use stable IDs (2.988ms)
✔ OOD19 OOD-N03-B09 source and runtime match frozen payload; predecessors are retired (2.289042ms)
✔ OOD19 OOD-N03-B09 real scoring, reversed-option invariance and learner feedback use stable IDs (2.357625ms)
✔ OOD19 leaves three ordinary N01 pools at 136 and does not grant N03 eligibility (7.305583ms)
✔ OOD20 frozen bindings cover the nine reviewed N04 payloads and exact identity map (18.6735ms)
✔ OOD20 OOD-N04-B01 source and loaded runtime match the fixed payload and retired identities (2122.362291ms)
✔ OOD20 OOD-N04-B02 source and loaded runtime match the fixed payload and retired identities (3.32825ms)
✔ OOD20 OOD-N04-B03 source and loaded runtime match the fixed payload and retired identities (3.045583ms)
✔ OOD20 OOD-N04-B04 source and loaded runtime match the fixed payload and retired identities (3.011875ms)
✔ OOD20 OOD-N04-B05 source and loaded runtime match the fixed payload and retired identities (3.746292ms)
✔ OOD20 OOD-N04-B06 source and loaded runtime match the fixed payload and retired identities (10.641875ms)
✔ OOD20 OOD-N04-B07 source and loaded runtime match the fixed payload and retired identities (4.662959ms)
✔ OOD20 OOD-N04-B08 source and loaded runtime match the fixed payload and retired identities (6.487208ms)
✔ OOD20 OOD-N04-B09 source and loaded runtime match the fixed payload and retired identities (7.936042ms)
✔ OOD20 OOD-N04-B01 scoring, option order, feedback and pre-answer presentation use stable IDs (9.346416ms)
✔ OOD20 OOD-N04-B02 scoring, option order, feedback and pre-answer presentation use stable IDs (7.780083ms)
✔ OOD20 OOD-N04-B03 scoring, option order, feedback and pre-answer presentation use stable IDs (3.839833ms)
✔ OOD20 OOD-N04-B04 scoring, option order, feedback and pre-answer presentation use stable IDs (3.294333ms)
✔ OOD20 OOD-N04-B05 scoring, option order, feedback and pre-answer presentation use stable IDs (8.4825ms)
✔ OOD20 OOD-N04-B06 scoring, option order, feedback and pre-answer presentation use stable IDs (3.879583ms)
✔ OOD20 OOD-N04-B07 scoring, option order, feedback and pre-answer presentation use stable IDs (5.772209ms)
✔ OOD20 OOD-N04-B08 scoring, option order, feedback and pre-answer presentation use stable IDs (5.317292ms)
✔ OOD20 OOD-N04-B09 scoring, option order, feedback and pre-answer presentation use stable IDs (4.517833ms)
✔ OOD20 leaves accepted node counts and the three ordinary N01 pools unchanged (9.463125ms)
✔ OOD21 producer proof binds the frozen 153-item same-ID map and exact source files (68.525667ms)
✔ OOD21 loaded runtime matches every fixed same-ID question object (1843.3125ms)
✔ OOD21 scoring, option-order reversal, feedback targets and pre-answer view use fixed IDs (17.329333ms)
✔ OOD21 preserves accepted N01-N04 node counts and the exact ordinary N01 pools (10.268625ms)
✔ OOD19a applies exactly 25 Reason-only changes over immutable v19 payloads (2156.132458ms)
✔ OOD source replacement is the exact bundled and eligible canonical item with new scored option identities (2088.434541ms)
✔ OOD12 consumer resolves only the source-bound completed switch outcomes replacement in the existing learning pool (658.591958ms)
✔ OOD13 exact cohort is source-identical and eligible with retired identities absent (661.3015ms)
✔ OOD13 reviewed answer identities score independently of option position with exact authored diagnostics (1.387542ms)
ℹ tests 86
ℹ suites 0
ℹ pass 86
ℹ fail 0
ℹ cancelled 0
ℹ skipped 0
ℹ todo 0
ℹ duration_ms 4983.657667
