TAP version 13
# Subtest: list and show use real HTTPS, hidden token input, and canonical response schemas
ok 1 - list and show use real HTTPS, hidden token input, and canonical response schemas
  ---
  duration_ms: 241.56975
  type: 'test'
  ...
# Subtest: action validates payload and current CAS state before typed confirmation and one PATCH
ok 2 - action validates payload and current CAS state before typed confirmation and one PATCH
  ---
  duration_ms: 243.245208
  type: 'test'
  ...
# Subtest: inherited insecure TLS configuration is rejected before an HTTPS request
ok 3 - inherited insecure TLS configuration is rejected before an HTTPS request
  ---
  duration_ms: 72.493959
  type: 'test'
  ...
# Subtest: an untrusted TLS certificate is rejected without reaching the handler
ok 4 - an untrusted TLS certificate is rejected without reaching the handler
  ---
  duration_ms: 125.149541
  type: 'test'
  ...
# Subtest: a redirect is rejected without forwarding credentials to its target
ok 5 - a redirect is rejected without forwarding credentials to its target
  ---
  duration_ms: 188.373583
  type: 'test'
  ...
# Subtest: expired, overlong, and future-issued tokens fail locally before HTTP
ok 6 - expired, overlong, and future-issued tokens fail locally before HTTP
  ---
  duration_ms: 106.930542
  type: 'test'
  ...
# Subtest: a denied origin fails before token prompt or network
ok 7 - a denied origin fails before token prompt or network
  ---
  duration_ms: 111.895291
  type: 'test'
  ...
# Subtest: unknown options and schema-invalid payloads fail before token prompt or network
ok 8 - unknown options and schema-invalid payloads fail before token prompt or network
  ---
  duration_ms: 180.632041
  type: 'test'
  ...
# Subtest: piped JSON stdin is accepted when prompts use a separate controlling terminal
ok 9 - piped JSON stdin is accepted when prompts use a separate controlling terminal
  ---
  duration_ms: 107.73325
  type: 'test'
  ...
# Subtest: interactive stdin still requires an explicit payload descriptor
ok 10 - interactive stdin still requires an explicit payload descriptor
  ---
  duration_ms: 112.39125
  type: 'test'
  ...
# Subtest: token prompt still rejects when no controlling terminal is available
ok 11 - token prompt still rejects when no controlling terminal is available
  ---
  duration_ms: 96.955958
  type: 'test'
  ...
# Subtest: revision mismatch is rejected before confirmation or mutation
ok 12 - revision mismatch is rejected before confirmation or mutation
  ---
  duration_ms: 158.72275
  type: 'test'
  ...
# Subtest: a lost mutation response is ambiguous and triggers one state read without retry
ok 13 - a lost mutation response is ambiguous and triggers one state read without retry
  ---
  duration_ms: 263.544834
  type: 'test'
  ...
# Subtest: HTTP 500 and malformed 200 mutation responses reconcile once without leaking bodies
    # Subtest: server_error is ambiguous after one mutation
    ok 1 - server_error is ambiguous after one mutation
      ---
      duration_ms: 141.560292
      type: 'test'
      ...
    # Subtest: malformed_success is ambiguous after one mutation
    ok 2 - malformed_success is ambiguous after one mutation
      ---
      duration_ms: 159.997
      type: 'test'
      ...
    1..2
ok 14 - HTTP 500 and malformed 200 mutation responses reconcile once without leaking bodies
  ---
  duration_ms: 302.076958
  type: 'test'
  ...
# Subtest: incident create prints and uses one stable ID before confirmation
ok 15 - incident create prints and uses one stable ID before confirmation
  ---
  duration_ms: 122.428834
  type: 'test'
  ...
# Subtest: authority export uses its exact read-only route and canonical schema
ok 16 - authority export uses its exact read-only route and canonical schema
  ---
  duration_ms: 139.004375
  type: 'test'
  ...
# Subtest: content status transition uses its explicit family confirmation (cancel)
ok 17 - content status transition uses its explicit family confirmation (cancel)
  ---
  duration_ms: 156.187292
  type: 'test'
  ...
# Subtest: content status transition uses its explicit family confirmation (apply)
ok 18 - content status transition uses its explicit family confirmation (apply)
  ---
  duration_ms: 153.282167
  type: 'test'
  ...
1..18
# tests 20
# suites 0
# pass 20
# fail 0
# cancelled 0
# skipped 0
# todo 0
# duration_ms 3222.4105
