TAP version 13
# Subtest: runtime admission resolves the exact candidate lock for every canonical launch track
not ok 1 - runtime admission resolves the exact candidate lock for every canonical launch track
  ---
  duration_ms: 2.884
  type: 'test'
  location: '/Users/lukaszkurczab/Desktop/Projects/Patternly/patternly/src/domain/tracks/runtimeAdmissionLaunchTracks.test.ts:2:1146'
  failureType: 'testCodeFailure'
  error: |-
    Expected values to be strictly equal:
    + actual - expected
    
    + '195fbb30ed1223fddfddc491007f6b6f5de0c01383da87a07ded611338da1a73'
    - '2c8bfd5b33180484e49c4f05a1fcc9e0b47e1c9440b8a06bb351a104c3b89c04'
    
  code: 'ERR_ASSERTION'
  name: 'AssertionError'
  expected: '2c8bfd5b33180484e49c4f05a1fcc9e0b47e1c9440b8a06bb351a104c3b89c04'
  actual: '195fbb30ed1223fddfddc491007f6b6f5de0c01383da87a07ded611338da1a73'
  operator: 'strictEqual'
  stack: |-
    TestContext.<anonymous> (/Users/lukaszkurczab/Desktop/Projects/Patternly/patternly/src/domain/tracks/runtimeAdmissionLaunchTracks.test.ts:17:10)
    async Test.run (node:internal/test_runner/test:1054:7)
    async startSubtestAfterBootstrap (node:internal/test_runner/harness:296:3)
  ...
1..1
# tests 1
# suites 0
# pass 0
# fail 1
# cancelled 0
# skipped 0
# todo 0
# duration_ms 392.241
