TAP version 13
# Subtest: completed Coding practice is readable and review uses the same completed projection
ok 1 - completed Coding practice is readable and review uses the same completed projection
  ---
  duration_ms: 585.237916
  type: 'test'
  ...
# Subtest: completed conditional-reinsert practice projects the final replaced occurrence order
ok 2 - completed conditional-reinsert practice projects the final replaced occurrence order
  ---
  duration_ms: 160.769833
  type: 'test'
  ...
# Subtest: abandoned Coding summary keeps its separate existing projection and performs no read writes
ok 3 - abandoned Coding summary keeps its separate existing projection and performs no read writes
  ---
  duration_ms: 13.385
  type: 'test'
  ...
# Subtest: completed result rejects a source-session attempt outside the saved occurrence plan
ok 4 - completed result rejects a source-session attempt outside the saved occurrence plan
  ---
  duration_ms: 98.266666
  type: 'test'
  ...
# Subtest: completed result rejects a removed attempt and a scorer/result mismatch
ok 5 - completed result rejects a removed attempt and a scorer/result mismatch
  ---
  duration_ms: 88.759666
  type: 'test'
  ...
# Subtest: completed result rejects a mismatched family, completion time, or answer coverage
ok 6 - completed result rejects a mismatched family, completion time, or answer coverage
  ---
  duration_ms: 85.865666
  type: 'test'
  ...
# Subtest: completed result rejects attempts with a different mode or resolved item
ok 7 - completed result rejects attempts with a different mode or resolved item
  ---
  duration_ms: 92.93375
  type: 'test'
  ...
# Subtest: completed result rejects duplicate attempts, invalid responses, and stale artifact references
ok 8 - completed result rejects duplicate attempts, invalid responses, and stale artifact references
  ---
  duration_ms: 87.369542
  type: 'test'
  ...
# Subtest: completed result rejects persisted counts and points that disagree with committed attempts
ok 9 - completed result rejects persisted counts and points that disagree with committed attempts
  ---
  duration_ms: 96.093542
  type: 'test'
  ...
# Subtest: completed result ignores valid attempts belonging to an unrelated session
ok 10 - completed result ignores valid attempts belonging to an unrelated session
  ---
  duration_ms: 88.331042
  type: 'test'
  ...
1..10
# tests 10
# suites 0
# pass 10
# fail 0
# cancelled 0
# skipped 0
# todo 0
# duration_ms 2010.477333
