TAP version 13
# Subtest: Coding weak-area review with explicit due_queue does not use a historical miss as fallback evidence
ok 1 - Coding weak-area review with explicit due_queue does not use a historical miss as fallback evidence
  ---
  duration_ms: 240.887083
  type: 'test'
  ...
# Subtest: actual lifecycle persists only due current refs, shortens to available due content, and does not append miss fallback
ok 2 - actual lifecycle persists only due current refs, shortens to available due content, and does not append miss fallback
  ---
  duration_ms: 341.466792
  type: 'test'
  ...
# Subtest: actual lifecycle rejects empty due evidence with no session write and preserves the historical attempt
ok 3 - actual lifecycle rejects empty due evidence with no session write and preserves the historical attempt
  ---
  duration_ms: 0.72425
  type: 'test'
  ...
# Subtest: explicit session_misses is unavailable before lifecycle persistence
ok 4 - explicit session_misses is unavailable before lifecycle persistence
  ---
  duration_ms: 0.278
  type: 'test'
  ...
# Subtest: a single-source Design weak-area review keeps its existing due-only default without reviewSource
ok 5 - a single-source Design weak-area review keeps its existing due-only default without reviewSource
  ---
  duration_ms: 0.596459
  type: 'test'
  ...
# Subtest: single-source Certification weak-area review also keeps its due-only default without reviewSource
ok 6 - single-source Certification weak-area review also keeps its due-only default without reviewSource
  ---
  duration_ms: 0.498958
  type: 'test'
  ...
# Subtest: due review selection rejects future and stale artifact/version/track references without fallback
ok 7 - due review selection rejects future and stale artifact/version/track references without fallback
  ---
  duration_ms: 0.837125
  type: 'test'
  ...
# Subtest: invalid review sources and refs are rejected on practice and simulation before selection
ok 8 - invalid review sources and refs are rejected on practice and simulation before selection
  ---
  duration_ms: 0.285166
  type: 'test'
  ...
# Subtest: actual lifecycle rejects review source on a simulation before any durable session write
ok 9 - actual lifecycle rejects review source on a simulation before any durable session write
  ---
  duration_ms: 0.53375
  type: 'test'
  ...
# Subtest: completed Coding practice is readable and review uses the same completed projection
ok 10 - completed Coding practice is readable and review uses the same completed projection
  ---
  duration_ms: 656.376333
  type: 'test'
  ...
# Subtest: completed conditional-reinsert practice projects the final replaced occurrence order
ok 11 - completed conditional-reinsert practice projects the final replaced occurrence order
  ---
  duration_ms: 175.496667
  type: 'test'
  ...
# Subtest: completed result rejects a source-session attempt outside the saved occurrence plan
ok 12 - completed result rejects a source-session attempt outside the saved occurrence plan
  ---
  duration_ms: 91.931208
  type: 'test'
  ...
# Subtest: completed result rejects a removed attempt and a scorer/result mismatch
ok 13 - completed result rejects a removed attempt and a scorer/result mismatch
  ---
  duration_ms: 96.481834
  type: 'test'
  ...
# Subtest: completed result rejects a mismatched family, completion time, or answer coverage
ok 14 - completed result rejects a mismatched family, completion time, or answer coverage
  ---
  duration_ms: 94.921375
  type: 'test'
  ...
# Subtest: completed result rejects attempts with a different mode or resolved item
ok 15 - completed result rejects attempts with a different mode or resolved item
  ---
  duration_ms: 89.343875
  type: 'test'
  ...
# Subtest: completed result rejects duplicate attempts, invalid responses, and stale artifact references
ok 16 - completed result rejects duplicate attempts, invalid responses, and stale artifact references
  ---
  duration_ms: 96.0175
  type: 'test'
  ...
# Subtest: completed result rejects persisted counts and points that disagree with committed attempts
ok 17 - completed result rejects persisted counts and points that disagree with committed attempts
  ---
  duration_ms: 95.045208
  type: 'test'
  ...
# Subtest: completed result ignores valid attempts belonging to an unrelated session
ok 18 - completed result ignores valid attempts belonging to an unrelated session
  ---
  duration_ms: 89.743042
  type: 'test'
  ...
# Subtest: startAlgorithmsSession adapts feedback timing on the actual lifecycle request
ok 19 - startAlgorithmsSession adapts feedback timing on the actual lifecycle request
  ---
  duration_ms: 6.87825
  type: 'test'
  ...
# Subtest: Coding Mock flags persist in the active draft and reappear after lifecycle resume
ok 20 - Coding Mock flags persist in the active draft and reappear after lifecycle resume
  ---
  duration_ms: 586.341916
  type: 'test'
  ...
# Subtest: Coding Mock persists a response, finalizes, and reads all 40 completed review rows
ok 21 - Coding Mock persists a response, finalizes, and reads all 40 completed review rows
  ---
  duration_ms: 71.784417
  type: 'test'
  ...
# Subtest: Coding immediate practice feedback survives durable submit and lifecycle rebind
ok 22 - Coding immediate practice feedback survives durable submit and lifecycle rebind
  ---
  duration_ms: 23.692083
  type: 'test'
  ...
1..22
# tests 22
# suites 0
# pass 22
# fail 0
# cancelled 0
# skipped 0
# todo 0
# duration_ms 2632.432542
