TAP version 13
# Subtest: startAlgorithmsSession adapts feedback timing on the actual lifecycle request
ok 1 - startAlgorithmsSession adapts feedback timing on the actual lifecycle request
  ---
  duration_ms: 1.308708
  type: 'test'
  ...
# Subtest: Coding Mock flags persist in the active draft and reappear after lifecycle resume
ok 2 - Coding Mock flags persist in the active draft and reappear after lifecycle resume
  ---
  duration_ms: 395.549083
  type: 'test'
  ...
# Subtest: Coding Mock persists a response, finalizes, and reads all 40 completed review rows
ok 3 - Coding Mock persists a response, finalizes, and reads all 40 completed review rows
  ---
  duration_ms: 51.669125
  type: 'test'
  ...
# Subtest: Coding immediate practice feedback survives durable submit and lifecycle rebind
ok 4 - Coding immediate practice feedback survives durable submit and lifecycle rebind
  ---
  duration_ms: 11.623667
  type: 'test'
  ...
1..4
# tests 4
# suites 0
# pass 4
# fail 0
# cancelled 0
# skipped 0
# todo 0
# duration_ms 963.140583
