TAP version 13
# Subtest: passive runtime selectors are attached to visible content rather than containers with interactive descendants
ok 1 - passive runtime selectors are attached to visible content rather than containers with interactive descendants
  ---
  duration_ms: 0.806541
  type: 'test'
  ...
# Subtest: active-session resume uses the single recommendation card and a separate continue control
ok 2 - active-session resume uses the single recommendation card and a separate continue control
  ---
  duration_ms: 0.268167
  type: 'test'
  ...
# Subtest: Home uses the approved compact presentation without changing recommendation ownership
ok 3 - Home uses the approved compact presentation without changing recommendation ownership
  ---
  duration_ms: 0.407792
  type: 'test'
  ...
# Subtest: progress, simulation, and simulation summary selectors use canonical identities
ok 4 - progress, simulation, and simulation summary selectors use canonical identities
  ---
  duration_ms: 1.532125
  type: 'test'
  ...
1..4
# tests 4
# suites 0
# pass 4
# fail 0
# cancelled 0
# skipped 0
# todo 0
# duration_ms 260.511958
