TAP version 13
# Subtest: OOD21 producer proof binds the frozen 153-item same-ID map and exact source files
ok 1 - OOD21 producer proof binds the frozen 153-item same-ID map and exact source files
  ---
  duration_ms: 28.718958
  type: 'test'
  ...
# Subtest: OOD21 loaded runtime matches every fixed same-ID question object
ok 2 - OOD21 loaded runtime matches every fixed same-ID question object
  ---
  duration_ms: 373.121042
  type: 'test'
  ...
# Subtest: OOD21 scoring, option-order reversal, feedback targets and pre-answer view use fixed IDs
ok 3 - OOD21 scoring, option-order reversal, feedback targets and pre-answer view use fixed IDs
  ---
  duration_ms: 11.659958
  type: 'test'
  ...
# Subtest: OOD21 preserves accepted N01-N04 node counts and the exact ordinary N01 pools
ok 4 - OOD21 preserves accepted N01-N04 node counts and the exact ordinary N01 pools
  ---
  duration_ms: 6.64325
  type: 'test'
  ...
# Subtest: OOD22 producer proof binds the frozen 180-item same-ID map and exact source files
ok 5 - OOD22 producer proof binds the frozen 180-item same-ID map and exact source files
  ---
  duration_ms: 40.144375
  type: 'test'
  ...
# Subtest: OOD22 loaded runtime matches every fixed same-ID question object
ok 6 - OOD22 loaded runtime matches every fixed same-ID question object
  ---
  duration_ms: 447.522916
  type: 'test'
  ...
# Subtest: OOD22 scoring, option-order reversal, feedback targets and pre-answer view use fixed IDs
ok 7 - OOD22 scoring, option-order reversal, feedback targets and pre-answer view use fixed IDs
  ---
  duration_ms: 13.84375
  type: 'test'
  ...
# Subtest: OOD22 preserves accepted N01-N05 node counts and the exact ordinary N01 pools
ok 8 - OOD22 preserves accepted N01-N05 node counts and the exact ordinary N01 pools
  ---
  duration_ms: 8.207417
  type: 'test'
  ...
# Subtest: runtime admission resolves the exact candidate lock for every canonical launch track
ok 9 - runtime admission resolves the exact candidate lock for every canonical launch track
  ---
  duration_ms: 399.589042
  type: 'test'
  ...
1..9
# tests 9
# suites 0
# pass 9
# fail 0
# cancelled 0
# skipped 0
# todo 0
# duration_ms 1105.437583
