TAP version 13
# Subtest: OOD12 consumer resolves only the source-bound completed switch outcomes replacement in the existing learning pool
not ok 1 - OOD12 consumer resolves only the source-bound completed switch outcomes replacement in the existing learning pool
  ---
  duration_ms: 333.079916
  type: 'test'
  location: '/Users/lukaszkurczab/Desktop/Projects/Patternly/patternly/src/content/bizq01OodSourceReplacement12.test.ts:2:1809'
  failureType: 'testCodeFailure'
  error: 'bundled artifact contains ood-n01-b01-i019'
  code: 'ERR_ASSERTION'
  name: 'AssertionError'
  expected: true
  operator: '=='
  stack: |-
    TestContext.<anonymous> (/Users/lukaszkurczab/Desktop/Projects/Patternly/patternly/src/content/bizq01OodSourceReplacement12.test.ts:26:10)
    async Test.run (node:internal/test_runner/test:1054:7)
    async startSubtestAfterBootstrap (node:internal/test_runner/harness:296:3)
  ...
1..1
# tests 1
# suites 0
# pass 0
# fail 1
# cancelled 0
# skipped 0
# todo 0
# duration_ms 723.693542
