TAP version 13
# Subtest: accepts the real BIZQ-01 replacement proof while preserving current and historical counts
ok 1 - accepts the real BIZQ-01 replacement proof while preserving current and historical counts
  ---
  duration_ms: 4510.220459
  type: 'test'
  ...
# Subtest: keeps the original migration verifier behavior when no BIZQ proof is present
ok 2 - keeps the original migration verifier behavior when no BIZQ proof is present
  ---
  duration_ms: 787.112875
  type: 'test'
  ...
# Subtest: rejects changes to a current replacement and its frozen old object
ok 3 - rejects changes to a current replacement and its frozen old object
  ---
  duration_ms: 1458.538959
  type: 'test'
  ...
# Subtest: rejects stale batch identity, duplicate mappings, and a missing replacement
ok 4 - rejects stale batch identity, duplicate mappings, and a missing replacement
  ---
  duration_ms: 2209.184875
  type: 'test'
  ...
# Subtest: rejects changes to an unrelated item in the proven current track
ok 5 - rejects changes to an unrelated item in the proven current track
  ---
  duration_ms: 559.943084
  type: 'test'
  ...
# Subtest: accepts only the real same-ID Coding wording correction alongside the unchanged BESD proof
ok 6 - accepts only the real same-ID Coding wording correction alongside the unchanged BESD proof
  ---
  duration_ms: 1498.297167
  type: 'test'
  ...
# Subtest: rejects the same-ID correction without its proof and rejects tampered frozen old objects
ok 7 - rejects the same-ID correction without its proof and rejects tampered frozen old objects
  ---
  duration_ms: 1623.874375
  type: 'test'
  ...
# Subtest: rejects unapproved wording, answer, options, feedback and taxonomy changes in the corrected source
ok 8 - rejects unapproved wording, answer, options, feedback and taxonomy changes in the corrected source
  ---
  duration_ms: 4278.041917
  type: 'test'
  ...
# Subtest: rejects stale Coding version, proof identity/hashes/source location and unexpected proof fields
ok 9 - rejects stale Coding version, proof identity/hashes/source location and unexpected proof fields
  ---
  duration_ms: 11364.048667
  type: 'test'
  ...
# Subtest: rejects a corrected source moved away from its canonical mental-unit filename
ok 10 - rejects a corrected source moved away from its canonical mental-unit filename
  ---
  duration_ms: 290.767
  type: 'test'
  ...
# Subtest: rejects unreviewed primary-source pages even under the same publisher domain
ok 11 - rejects unreviewed primary-source pages even under the same publisher domain
  ---
  duration_ms: 1242.147125
  type: 'test'
  ...
# Subtest: accepts the exact OOD source11 replacement and retains historical inventory
ok 12 - accepts the exact OOD source11 replacement and retains historical inventory
  ---
  duration_ms: 3153.737791
  type: 'test'
  ...
# Subtest: replacement uses the authored single-choice scoring and feedback contract
ok 13 - replacement uses the authored single-choice scoring and feedback contract
  ---
  duration_ms: 10.423958
  type: 'test'
  ...
# Subtest: rejects the replacement when its fixed proof is absent
ok 14 - rejects the replacement when its fixed proof is absent
  ---
  duration_ms: 1632.191834
  type: 'test'
  ...
# Subtest: rejects a tampered frozen question and a changed current replacement
ok 15 - rejects a tampered frozen question and a changed current replacement
  ---
  duration_ms: 1633.349625
  type: 'test'
  ...
# Subtest: rejects stale catalog or track hashes, duplicate mappings, and an absent new item
ok 16 - rejects stale catalog or track hashes, duplicate mappings, and an absent new item
  ---
  duration_ms: 2957.031875
  type: 'test'
  ...
# Subtest: rejects changes to an unaffected OOD item and unapproved proof fields
ok 17 - rejects changes to an unaffected OOD item and unapproved proof fields
  ---
  duration_ms: 1776.284542
  type: 'test'
  ...
# Subtest: rejects an unapproved proof source path and a physically relocated source file
ok 18 - rejects an unapproved proof source path and a physically relocated source file
  ---
  duration_ms: 936.601875
  type: 'test'
  ...
# Subtest: validates source12 as an exact successor while preserving both OOD replacements
ok 19 - validates source12 as an exact successor while preserving both OOD replacements
  ---
  duration_ms: 3281.063125
  type: 'test'
  ...
# Subtest: source12 question validates, scores all options, and supplies authored wrong-option feedback
ok 20 - source12 question validates, scores all options, and supplies authored wrong-option feedback
  ---
  duration_ms: 1.640584
  type: 'test'
  ...
# Subtest: source12 cannot fall back when either fixed generation proof is absent
ok 21 - source12 cannot fall back when either fixed generation proof is absent
  ---
  duration_ms: 1725.413584
  type: 'test'
  ...
# Subtest: rejects tampered current content, predecessor proof, and source identity
ok 22 - rejects tampered current content, predecessor proof, and source identity
  ---
  duration_ms: 2158.637458
  type: 'test'
  ...
# Subtest: rejects unreviewed successor proof identity, hashes, paths, and fields
ok 23 - rejects unreviewed successor proof identity, hashes, paths, and fields
  ---
  duration_ms: 2967.441375
  type: 'test'
  ...
# Subtest: rejects a changed unrelated OOD source item instead of reconstructing around it
ok 24 - rejects a changed unrelated OOD source item instead of reconstructing around it
  ---
  duration_ms: 631.755542
  type: 'test'
  ...
# Subtest: rejects a symlinked current source before following it
ok 25 - rejects a symlinked current source before following it
  ---
  duration_ms: 411.928417
  type: 'test'
  ...
# Subtest: each catalogued track validates, tests and builds independently
ok 26 - each catalogued track validates, tests and builds independently
  ---
  duration_ms: 192.057166
  type: 'test'
  ...
# Subtest: build-all emits exactly nine deterministic artifacts and lock entries
ok 27 - build-all emits exactly nine deterministic artifacts and lock entries
  ---
  duration_ms: 49.675666
  type: 'test'
  ...
# Subtest: GCP simulation profile binds a complete unambiguous node map to the same-version published artifact
ok 28 - GCP simulation profile binds a complete unambiguous node map to the same-version published artifact
  ---
  duration_ms: 734.954166
  type: 'test'
  ...
# Subtest: Coding Interview simulation profile emits the blueprint and exact checksum-verified pool identities
ok 29 - Coding Interview simulation profile emits the blueprint and exact checksum-verified pool identities
  ---
  duration_ms: 663.2305
  type: 'test'
  ...
# Subtest: malformed Coding Interview simulation blueprint fails closed
ok 30 - malformed Coding Interview simulation blueprint fails closed
  ---
  duration_ms: 218.79725
  type: 'test'
  ...
# Subtest: Coding Interview simulation selection policies reject stale pools and invalid identities
ok 31 - Coding Interview simulation selection policies reject stale pools and invalid identities
  ---
  duration_ms: 1034.053875
  type: 'test'
  ...
# Subtest: Design Interview simulation profiles emit one strict text-response case per track
ok 32 - Design Interview simulation profiles emit one strict text-response case per track
  ---
  duration_ms: 1337.65225
  type: 'test'
  ...
# Subtest: Design simulation availability requires the canonical text profile and does not imply question-bank capacity
ok 33 - Design simulation availability requires the canonical text profile and does not imply question-bank capacity
  ---
  duration_ms: 13.596667
  type: 'test'
  ...
# Subtest: malformed Design Interview simulation sources fail closed
ok 34 - malformed Design Interview simulation sources fail closed
  ---
  duration_ms: 22.573167
  type: 'test'
  ...
# Subtest: malformed present GCP simulation profile fails closed on incomplete node coverage
ok 35 - malformed present GCP simulation profile fails closed on incomplete node coverage
  ---
  duration_ms: 165.583625
  type: 'test'
  ...
# Subtest: existing GCP artifact rejects malformed profile even when its lock SHA is recomputed
ok 36 - existing GCP artifact rejects malformed profile even when its lock SHA is recomputed
  ---
  duration_ms: 1059.769375
  type: 'test'
  ...
# Subtest: existing GCP artifact rejects a legal but source-inconsistent node domain when its lock SHA is recomputed
ok 37 - existing GCP artifact rejects a legal but source-inconsistent node domain when its lock SHA is recomputed
  ---
  duration_ms: 643.715375
  type: 'test'
  ...
# Subtest: ACC-02 Candidate Manifest retains its exact nine-track identity against frozen baseline and migration manifest
ok 38 - ACC-02 Candidate Manifest retains its exact nine-track identity against frozen baseline and migration manifest
  ---
  duration_ms: 0.312041
  type: 'test'
  ...
# Subtest: canonical JSON sorts recursive object keys without reordering arrays
ok 39 - canonical JSON sorts recursive object keys without reordering arrays
  ---
  duration_ms: 0.055917
  type: 'test'
  ...
# Subtest: mutating one track does not rewrite another artifact or lock entry
ok 40 - mutating one track does not rewrite another artifact or lock entry
  ---
  duration_ms: 38.379042
  type: 'test'
  ...
# Subtest: builder rejects missing, empty, unknown and malformed inputs
ok 41 - builder rejects missing, empty, unknown and malformed inputs
  ---
  duration_ms: 6.347625
  type: 'test'
  ...
# Subtest: builder requires each mental-unit source file to be a non-empty question array
ok 42 - builder requires each mental-unit source file to be a non-empty question array
  ---
  duration_ms: 3.909792
  type: 'test'
  ...
# Subtest: builder rejects path identity, foreign track, duplicate and invalid questions
ok 43 - builder rejects path identity, foreign track, duplicate and invalid questions
  ---
  duration_ms: 11.0905
  type: 'test'
  ...
# Subtest: existing malformed lock is rejected before a single-track build
ok 44 - existing malformed lock is rejected before a single-track build
  ---
  duration_ms: 5.046292
  type: 'test'
  ...
# Subtest: source discovery rejects a symlinked track, node directory, or question file
ok 45 - source discovery rejects a symlinked track, node directory, or question file
  ---
  duration_ms: 9.4275
  type: 'test'
  ...
# Subtest: a tampered existing artifact blocks another track before any write
ok 46 - a tampered existing artifact blocks another track before any write
  ---
  duration_ms: 23.920375
  type: 'test'
  ...
# Subtest: single-track build rejects orphan artifacts and temporary outputs before writing any target
ok 47 - single-track build rejects orphan artifacts and temporary outputs before writing any target
  ---
  duration_ms: 10.412875
  type: 'test'
  ...
# Subtest: single-track build rejects a symlinked output root without external writes
ok 48 - single-track build rejects a symlinked output root without external writes
  ---
  duration_ms: 4.430917
  type: 'test'
  ...
# Subtest: single-track output commit rolls back both files on an injected second rename failure
ok 49 - single-track output commit rolls back both files on an injected second rename failure
  ---
  duration_ms: 11.473458
  type: 'test'
  ...
# Subtest: build-all stages and rolls back the complete new output set on rename failure
ok 50 - build-all stages and rolls back the complete new output set on rename failure
  ---
  duration_ms: 35.310958
  type: 'test'
  ...
# Subtest: CLI parser requires track for single-track commands and rejects it for build-all
ok 51 - CLI parser requires track for single-track commands and rejects it for build-all
  ---
  duration_ms: 0.302
  type: 'test'
  ...
# Subtest: CLI executes a hermetic single-track validate/test/build
ok 52 - CLI executes a hermetic single-track validate/test/build
  ---
  duration_ms: 261.193209
  type: 'test'
  ...
# Subtest: ODK-097 producer profiles expose the approved Design session matrix
ok 53 - ODK-097 producer profiles expose the approved Design session matrix
  ---
  duration_ms: 43.980417
  type: 'test'
  ...
# Subtest: ODK-097 producer changes preserve canonical Design question counts and hashes
ok 54 - ODK-097 producer changes preserve canonical Design question counts and hashes
  ---
  duration_ms: 978.14075
  type: 'test'
  ...
1..54
# tests 54
# suites 0
# pass 54
# fail 0
# cancelled 0
# skipped 0
# todo 0
# duration_ms 30174.293791
