
> patternly@0.1.0 test:content-release-cross-repo
> node --import tsx --test src/content/contentReleaseCrossRepo.test.ts

TAP version 13
# Subtest: historical content release lock remains covered by frozen release manifests
not ok 1 - historical content release lock remains covered by frozen release manifests
  ---
  duration_ms: 12.795083
  type: 'test'
  location: '/Users/lukaszkurczab/Desktop/Projects/Patternly/patternly/src/content/contentReleaseCrossRepo.test.ts:2:2336'
  failureType: 'testCodeFailure'
  error: |-
    historical content checkout must match the locked producer commit
    + actual - expected

    + '39420ca4d38a17556b168832e76b32dbf206d5d2'
    - 'cc3efca88be7e01137f10ac69a0643f06b61a350'

  code: 'ERR_ASSERTION'
  name: 'AssertionError'
  expected: 'cc3efca88be7e01137f10ac69a0643f06b61a350'
  actual: '39420ca4d38a17556b168832e76b32dbf206d5d2'
  operator: 'strictEqual'
  stack: |-
    TestContext.<anonymous> (/Users/lukaszkurczab/Desktop/Projects/Patternly/patternly/src/content/contentReleaseCrossRepo.test.ts:72:10)
    Test.runInAsyncScope (node:async_hooks:214:14)
    Test.run (node:internal/test_runner/test:1047:25)
    Test.start (node:internal/test_runner/test:944:17)
    startSubtestAfterBootstrap (node:internal/test_runner/harness:296:17)
  ...
# Subtest: bundled canonical release matches the current producer builder
not ok 2 - bundled canonical release matches the current producer builder
  ---
  duration_ms: 0.3485
  type: 'test'
  location: '/Users/lukaszkurczab/Desktop/Projects/Patternly/patternly/src/content/contentReleaseCrossRepo.test.ts:2:4809'
  failureType: 'testCodeFailure'
  error: 'PATTERNLY_CONTENT_EXPECTED_CURRENT_SHA is required'
  code: 'ERR_ASSERTION'
  name: 'AssertionError'
  expected: true
  operator: '=='
  stack: |-
    expectedCurrentContentSha (/Users/lukaszkurczab/Desktop/Projects/Patternly/patternly/src/content/contentReleaseCrossRepo.test.ts:52:10)
    TestContext.<anonymous> (/Users/lukaszkurczab/Desktop/Projects/Patternly/patternly/src/content/contentReleaseCrossRepo.test.ts:101:30)
    Test.runInAsyncScope (node:async_hooks:214:14)
    Test.run (node:internal/test_runner/test:1047:25)
    Test.processPendingSubtests (node:internal/test_runner/test:744:18)
    Test.postRun (node:internal/test_runner/test:1173:19)
    Test.run (node:internal/test_runner/test:1101:12)
    async startSubtestAfterBootstrap (node:internal/test_runner/harness:296:3)
  ...
# Subtest: current canonical builder preserves the ODK-096 inventory and approved AWS identity without repinning history
not ok 3 - current canonical builder preserves the ODK-096 inventory and approved AWS identity without repinning history
  ---
  duration_ms: 4.064125
  type: 'test'
  location: '/Users/lukaszkurczab/Desktop/Projects/Patternly/patternly/src/content/contentReleaseCrossRepo.test.ts:2:6544'
  failureType: 'testCodeFailure'
  error: 'PATTERNLY_CONTENT_EXPECTED_CURRENT_SHA is required'
  code: 'ERR_ASSERTION'
  name: 'AssertionError'
  expected: true
  operator: '=='
  stack: |-
    expectedCurrentContentSha (/Users/lukaszkurczab/Desktop/Projects/Patternly/patternly/src/content/contentReleaseCrossRepo.test.ts:52:10)
    TestContext.<anonymous> (/Users/lukaszkurczab/Desktop/Projects/Patternly/patternly/src/content/contentReleaseCrossRepo.test.ts:126:30)
    Test.runInAsyncScope (node:async_hooks:214:14)
    Test.run (node:internal/test_runner/test:1047:25)
    Test.processPendingSubtests (node:internal/test_runner/test:744:18)
    Test.postRun (node:internal/test_runner/test:1173:19)
    Test.run (node:internal/test_runner/test:1101:12)
    async Test.processPendingSubtests (node:internal/test_runner/test:744:7)
  ...
1..3
# tests 3
# suites 0
# pass 0
# fail 3
# cancelled 0
# skipped 0
# todo 0
# duration_ms 463.928875
