
> patternly@0.1.0 test:content-release-cross-repo
> node --import tsx --test src/content/contentReleaseCrossRepo.test.ts

TAP version 13
# Subtest: historical content release lock remains covered by frozen release manifests
not ok 1 - historical content release lock remains covered by frozen release manifests
  ---
  duration_ms: 25.828292
  type: 'test'
  location: '/Users/lukaszkurczab/Desktop/Projects/Patternly/patternly/src/content/contentReleaseCrossRepo.test.ts:2:2336'
  failureType: 'testCodeFailure'
  error: "ENOENT: no such file or directory, open '/private/tmp/patternly-content-historical-aud02a/artifacts/releases/patternly-launch-2026-08-25-01/release.json'"
  code: 'ENOENT'
  stack: |-
    readFileSync (node:fs:440:20)
    TestContext.<anonymous> (/Users/lukaszkurczab/Desktop/Projects/Patternly/patternly/src/content/contentReleaseCrossRepo.test.ts:83:32)
    Test.runInAsyncScope (node:async_hooks:214:14)
    Test.run (node:internal/test_runner/test:1047:25)
    Test.start (node:internal/test_runner/test:944:17)
    startSubtestAfterBootstrap (node:internal/test_runner/harness:296:17)
  ...
# Subtest: bundled canonical release matches the current producer builder
ok 2 - bundled canonical release matches the current producer builder
  ---
  duration_ms: 5375.647542
  type: 'test'
  ...
# Subtest: current canonical builder preserves the ODK-096 inventory and approved AWS identity without repinning history
ok 3 - current canonical builder preserves the ODK-096 inventory and approved AWS identity without repinning history
  ---
  duration_ms: 4645.983167
  type: 'test'
  ...
1..3
# tests 3
# suites 0
# pass 2
# fail 1
# cancelled 0
# skipped 0
# todo 0
# duration_ms 10938.178208
