TAP version 13
# Subtest: proposal editor preserves retained slot IDs, drops removed IDs, sorts days, and saves revision one
ok 1 - proposal editor preserves retained slot IDs, drops removed IDs, sorts days, and saves revision one
  ---
  duration_ms: 42.793167
  type: 'test'
  ...
# Subtest: accepted plan edit explicitly reads a snapshot, increments plan revision, and stale sessions do not commit
ok 2 - accepted plan edit explicitly reads a snapshot, increments plan revision, and stale sessions do not commit
  ---
  duration_ms: 1.594917
  type: 'test'
  ...
# Subtest: direct accept and proposal editor share plan CAS and retry after idempotent success
ok 3 - direct accept and proposal editor share plan CAS and retry after idempotent success
  ---
  duration_ms: 0.592917
  type: 'test'
  ...
# Subtest: parallel proposal acceptance shares one promise and one durable save
ok 4 - parallel proposal acceptance shares one promise and one durable save
  ---
  duration_ms: 0.701208
  type: 'test'
  ...
# Subtest: parallel acceptance for one proposal across tracks never shares the in-flight success
ok 5 - parallel acceptance for one proposal across tracks never shares the in-flight success
  ---
  duration_ms: 0.445083
  type: 'test'
  ...
# Subtest: accepted result cache is scoped by proposal and track identity
ok 6 - accepted result cache is scoped by proposal and track identity
  ---
  duration_ms: 0.375708
  type: 'test'
  ...
# Subtest: pending acceptance retry is scoped by proposal and track identity
ok 7 - pending acceptance retry is scoped by proposal and track identity
  ---
  duration_ms: 0.404083
  type: 'test'
  ...
# Subtest: storage uncertainty keeps the editor session and retries through durable command reconciliation
ok 8 - storage uncertainty keeps the editor session and retries through durable command reconciliation
  ---
  duration_ms: 0.477333
  type: 'test'
  ...
# Subtest: accepted-plan retry reconciles its durable command before checking refreshed content context
ok 9 - accepted-plan retry reconciles its durable command before checking refreshed content context
  ---
  duration_ms: 1.018541
  type: 'test'
  ...
# Subtest: a replacement proposal keeps plan identity and increments plan revision
ok 10 - a replacement proposal keeps plan identity and increments plan revision
  ---
  duration_ms: 1.086125
  type: 'test'
  ...
# Subtest: a target-date replacement remains explicit and atomically updates the accepted plan identity
ok 11 - a target-date replacement remains explicit and atomically updates the accepted plan identity
  ---
  duration_ms: 0.7955
  type: 'test'
  ...
# Subtest: accepted plan freshness checks content version, artifact SHA, and timezone
ok 12 - accepted plan freshness checks content version, artifact SHA, and timezone
  ---
  duration_ms: 0.326791
  type: 'test'
  ...
# Subtest: editor route carries only editor identity and never silently loads a plan
ok 13 - editor route carries only editor identity and never silently loads a plan
  ---
  duration_ms: 0.659458
  type: 'test'
  ...
# Subtest: editor commits through the runtime wrapper and keeps reminder retry visible
ok 14 - editor commits through the runtime wrapper and keeps reminder retry visible
  ---
  duration_ms: 0.222042
  type: 'test'
  ...
# Subtest: Progress model preserves canonical guidance and completion without a volume ratio
ok 15 - Progress model preserves canonical guidance and completion without a volume ratio
  ---
  duration_ms: 11.196291
  type: 'test'
  ...
# Subtest: Progress model never creates a self-link for completed guidance
ok 16 - Progress model never creates a self-link for completed guidance
  ---
  duration_ms: 0.756208
  type: 'test'
  ...
# Subtest: Progress model does not offer a new plan session while one is active
ok 17 - Progress model does not offer a new plan session while one is active
  ---
  duration_ms: 2.636875
  type: 'test'
  ...
# Subtest: Progress model keeps none guidance explicit for no goal, paused goal and no plan
ok 18 - Progress model keeps none guidance explicit for no goal, paused goal and no plan
  ---
  duration_ms: 0.766625
  type: 'test'
  ...
# Subtest: Progress model fails closed for a foreign active track or unavailable snapshot
ok 19 - Progress model fails closed for a foreign active track or unavailable snapshot
  ---
  duration_ms: 0.638792
  type: 'test'
  ...
# Subtest: Progress rejects invalid count, minimum, window and quality rather than presenting false completion
ok 20 - Progress rejects invalid count, minimum, window and quality rather than presenting false completion
  ---
  duration_ms: 2.9265
  type: 'test'
  ...
# Subtest: verified ready plan exposes existing edit action in all seven locales, independent of completion rule
not ok 21 - verified ready plan exposes existing edit action in all seven locales, independent of completion rule
  ---
  duration_ms: 21.532916
  type: 'test'
  location: '/Users/lukaszkurczab/Desktop/Projects/Patternly/patternly/src/features/home/tabs/progressScheduleEntry.test.mjs:21:1'
  failureType: 'testCodeFailure'
  error: "ENOENT: no such file or directory, open '/Users/lukaszkurczab/Desktop/Projects/Patternly/patternly/src/locales/pt/common.json'"
  code: 'ENOENT'
  stack: |-
    readFileSync (node:fs:440:20)
    renderProgressPlanSection (file:///Users/lukaszkurczab/Desktop/Projects/Patternly/patternly/src/features/home/tabs/progressPlanSectionTestHarness.mjs:26:101)
    TestContext.<anonymous> (file:///Users/lukaszkurczab/Desktop/Projects/Patternly/patternly/src/features/home/tabs/progressScheduleEntry.test.mjs:24:22)
    Test.runInAsyncScope (node:async_hooks:214:14)
    Test.run (node:internal/test_runner/test:1047:25)
    Test.start (node:internal/test_runner/test:944:17)
    startSubtestAfterBootstrap (node:internal/test_runner/harness:296:17)
  ...
# Subtest: existing editor/resume guidance actions are never duplicated
ok 22 - existing editor/resume guidance actions are never duplicated
  ---
  duration_ms: 4.915041
  type: 'test'
  ...
# Subtest: absent/unavailable plan or absent handler does not expose the editor entry
ok 23 - absent/unavailable plan or absent handler does not expose the editor entry
  ---
  duration_ms: 6.811875
  type: 'test'
  ...
# Subtest: opening editor from Progress does not mutate model, active session or primary guidance
ok 24 - opening editor from Progress does not mutate model, active session or primary guidance
  ---
  duration_ms: 1.068959
  type: 'test'
  ...
# Subtest: runtime selectors are deterministic and use the canonical grammar
ok 25 - runtime selectors are deterministic and use the canonical grammar
  ---
  duration_ms: 0.86625
  type: 'test'
  ...
# Subtest: Premium offer setup selectors are deterministic and valid
ok 26 - Premium offer setup selectors are deterministic and valid
  ---
  duration_ms: 0.093542
  type: 'test'
  ...
# Subtest: Design Interview save selectors distinguish persistence status and retry
ok 27 - Design Interview save selectors distinguish persistence status and retry
  ---
  duration_ms: 0.148125
  type: 'test'
  ...
# Subtest: runtime selectors preserve canonical identities without learner-visible copy
ok 28 - runtime selectors preserve canonical identities without learner-visible copy
  ---
  duration_ms: 0.139084
  type: 'test'
  ...
# Subtest: runtime selectors preserve case-sensitive authored item identities
ok 29 - runtime selectors preserve case-sensitive authored item identities
  ---
  duration_ms: 0.074333
  type: 'test'
  ...
# Subtest: session metadata selectors expose validated lifecycle values without learner copy
ok 30 - session metadata selectors expose validated lifecycle values without learner copy
  ---
  duration_ms: 0.09375
  type: 'test'
  ...
# Subtest: complexity selectors encode authored notation without weakening the selector grammar
ok 31 - complexity selectors encode authored notation without weakening the selector grammar
  ---
  duration_ms: 0.284625
  type: 'test'
  ...
# Subtest: runtime selectors keep distinct runtime entities distinct
ok 32 - runtime selectors keep distinct runtime entities distinct
  ---
  duration_ms: 0.204708
  type: 'test'
  ...
# Subtest: unavailable recovery and review selectors remain stable and distinct
ok 33 - unavailable recovery and review selectors remain stable and distinct
  ---
  duration_ms: 0.240625
  type: 'test'
  ...
# Subtest: runtime selector factories reject values that cannot be represented in the contract
ok 34 - runtime selector factories reject values that cannot be represented in the contract
  ---
  duration_ms: 0.443541
  type: 'test'
  ...
# Subtest: goal selectors expose stable target-date input and field-error identities
ok 35 - goal selectors expose stable target-date input and field-error identities
  ---
  duration_ms: 0.084792
  type: 'test'
  ...
# Subtest: learning plan selectors use the closed primary states and stable slot identities
ok 36 - learning plan selectors use the closed primary states and stable slot identities
  ---
  duration_ms: 0.234083
  type: 'test'
  ...
# Subtest: learning plan editor retry selectors distinguish save from start-existing
ok 37 - learning plan editor retry selectors distinguish save from start-existing
  ---
  duration_ms: 0.067917
  type: 'test'
  ...
# Subtest: notification selectors keep plan slots and closed error states typed
ok 38 - notification selectors keep plan slots and closed error states typed
  ---
  duration_ms: 0.143958
  type: 'test'
  ...
# Subtest: target date guidance selectors expose every closed state and reason
ok 39 - target date guidance selectors expose every closed state and reason
  ---
  duration_ms: 0.384125
  type: 'test'
  ...
# Subtest: Home plan selectors expose every closed unavailable reason
ok 40 - Home plan selectors expose every closed unavailable reason
  ---
  duration_ms: 0.086292
  type: 'test'
  ...
# Subtest: Progress plan selectors expose typed completion, day and unavailable identities
ok 41 - Progress plan selectors expose typed completion, day and unavailable identities
  ---
  duration_ms: 0.112625
  type: 'test'
  ...
1..41
# tests 41
# suites 0
# pass 40
# fail 1
# cancelled 0
# skipped 0
# todo 0
# duration_ms 936.301791
