TAP version 13
# Subtest: verified ready plan exposes existing edit action in all seven locales, independent of completion rule
not ok 1 - verified ready plan exposes existing edit action in all seven locales, independent of completion rule
  ---
  duration_ms: 20.841375
  type: 'test'
  location: '/Users/lukaszkurczab/Desktop/Projects/Patternly/patternly/src/features/home/tabs/progressScheduleEntry.test.mjs:21:1'
  failureType: 'testCodeFailure'
  error: 'en: missing saved schedule entry'
  code: 'ERR_ASSERTION'
  name: 'AssertionError'
  expected: true
  operator: '=='
  stack: |-
    TestContext.<anonymous> (file:///Users/lukaszkurczab/Desktop/Projects/Patternly/patternly/src/features/home/tabs/progressScheduleEntry.test.mjs:26:12)
    Test.runInAsyncScope (node:async_hooks:214:14)
    Test.run (node:internal/test_runner/test:1047:25)
    Test.start (node:internal/test_runner/test:944:17)
    startSubtestAfterBootstrap (node:internal/test_runner/harness:296:17)
  ...
# Subtest: existing editor/resume guidance actions are never duplicated
ok 2 - existing editor/resume guidance actions are never duplicated
  ---
  duration_ms: 5.248667
  type: 'test'
  ...
# Subtest: absent/unavailable plan or absent handler does not expose the editor entry
ok 3 - absent/unavailable plan or absent handler does not expose the editor entry
  ---
  duration_ms: 4.537625
  type: 'test'
  ...
# Subtest: opening editor from Progress does not mutate model, active session or primary guidance
not ok 4 - opening editor from Progress does not mutate model, active session or primary guidance
  ---
  duration_ms: 1.374083
  type: 'test'
  location: '/Users/lukaszkurczab/Desktop/Projects/Patternly/patternly/src/features/home/tabs/progressScheduleEntry.test.mjs:52:1'
  failureType: 'testCodeFailure'
  error: 'undefined == true'
  code: 'ERR_ASSERTION'
  name: 'AssertionError'
  expected: true
  operator: '=='
  stack: |-
    TestContext.<anonymous> (file:///Users/lukaszkurczab/Desktop/Projects/Patternly/patternly/src/features/home/tabs/progressScheduleEntry.test.mjs:58:10)
    Test.runInAsyncScope (node:async_hooks:214:14)
    Test.run (node:internal/test_runner/test:1047:25)
    Test.processPendingSubtests (node:internal/test_runner/test:744:18)
    Test.postRun (node:internal/test_runner/test:1173:19)
    Test.run (node:internal/test_runner/test:1101:12)
    async Test.processPendingSubtests (node:internal/test_runner/test:744:7)
  ...
1..4
# tests 4
# suites 0
# pass 2
# fail 2
# cancelled 0
# skipped 0
# todo 0
# duration_ms 712.946
