Running on iPhone 17 - iOS 26.4 - 7F315654-3175-4F3C-BB24-B0263F59360C
 > Flow BIZQ01 preserve accepted schedule on current runner
Stop com.lkurczab.patternly... COMPLETED
Launch app "com.lkurczab.patternly"... COMPLETED
Open com.lkurczab.patternly://expo-development-client/?url=http%3A%2F%2Flocalhost%3A8081... COMPLETED
Run flow when "Open|Otwórz" is visible...
Run flow when "Open|Otwórz" is visible... SKIPPED
Assert that id: main-tab-bar-home is visible... COMPLETED
Take screenshot native15-current-guest... COMPLETED
Run flow when "Open debugger to view warnings." is visible...
Run flow when "Open debugger to view warnings." is visible... SKIPPED
Tap on id: main-tab-bar-progress... COMPLETED
Assert that id: patternly:progress:root is visible... FAILED

Assertion is false: id: patternly:progress:root is visible

Assertion 'id: patternly:progress:root is visible' failed. Check the UI hierarchy in debug artifacts to verify the element state and properties.

Possible causes:
- Element selector may be incorrect - check if there are similar elements with slightly different names/properties.
- Element may be temporarily unavailable due to loading state
- This could be a real regression that needs to be addressed

==== Debug output (logs & screenshots) ====

/private/tmp/patternly-bizq01-native15-preserve-v2/2026-10-03_221422
