TAP version 13
# Subtest: actual Home command rejects profile changes after Activity reads and before publication, including A/B/A
    # Subtest: same profile publishes actual persisted answers
    ok 1 - same profile publishes actual persisted answers
      ---
      duration_ms: 45.491667
      type: 'test'
      ...
    # Subtest: A→B after Activity read rejects publication
    ok 2 - A→B after Activity read rejects publication
      ---
      duration_ms: 14.856
      type: 'test'
      ...
    # Subtest: A→B→A after Activity read rejects publication
    ok 3 - A→B→A after Activity read rejects publication
      ---
      duration_ms: 11.365958
      type: 'test'
      ...
    1..3
ok 1 - actual Home command rejects profile changes after Activity reads and before publication, including A/B/A
  ---
  duration_ms: 425.216
  type: 'test'
  ...
# Subtest: actual artifact→repository→Home presenter includes local Monday before UTC Monday and excludes future answers
ok 2 - actual artifact→repository→Home presenter includes local Monday before UTC Monday and excludes future answers
  ---
  duration_ms: 357.074292
  type: 'test'
  ...
# Subtest: all nine canonical tracks use the same activity count without turning it into completion
ok 3 - all nine canonical tracks use the same activity count without turning it into completion
  ---
  duration_ms: 295.489125
  type: 'test'
  ...
# Subtest: active exclusion, ended-early history and old package facts remain distinct from completed sessions
ok 4 - active exclusion, ended-early history and old package facts remain distinct from completed sessions
  ---
  duration_ms: 1.650834
  type: 'test'
  ...
# Subtest: civil Monday boundaries agree in Warsaw/Los Angeles and across both DST transitions
ok 5 - civil Monday boundaries agree in Warsaw/Los Angeles and across both DST transitions
  ---
  duration_ms: 1.091667
  type: 'test'
  ...
# Subtest: same question new attempts count separately, identical IDs once, conflicting IDs unavailable
ok 6 - same question new attempts count separately, identical IDs once, conflicting IDs unavailable
  ---
  duration_ms: 0.56525
  type: 'test'
  ...
# Subtest: invalid relevant record/context never becomes empty activity; repository corruption still throws
not ok 7 - invalid relevant record/context never becomes empty activity; repository corruption still throws
  ---
  duration_ms: 0.501334
  type: 'test'
  location: '/Users/lukaszkurczab/Desktop/Projects/Patternly/patternly/src/application/homeWeeklyAnswersIntegration.test.ts:2:7341'
  failureType: 'testCodeFailure'
  error: 'Calendar instant is invalid.'
  code: 'ERR_TEST_FAILURE'
  name: 'RangeError'
  stack: |-
    Object.dayKey (/Users/lukaszkurczab/Desktop/Projects/Patternly/patternly/src/utils/date.ts:29:49)
    calendarDayDifference (/Users/lukaszkurczab/Desktop/Projects/Patternly/patternly/src/features/home/tabs/activityPresentation.ts:32:80)
    relativeDay (/Users/lukaszkurczab/Desktop/Projects/Patternly/patternly/src/features/home/tabs/activityPresentation.ts:24:22)
    buildHomeOverviewMetrics (/Users/lukaszkurczab/Desktop/Projects/Patternly/patternly/src/features/home/tabs/homeOverviewPresentation.ts:34:93)
    TestContext.<anonymous> (/Users/lukaszkurczab/Desktop/Projects/Patternly/patternly/src/application/homeWeeklyAnswersIntegration.test.ts:108:20)
    async Test.run (node:internal/test_runner/test:1054:7)
    async Test.processPendingSubtests (node:internal/test_runner/test:744:7)
  ...
# Subtest: weekly text and accessibility label share real translated plural values in seven locales
ok 8 - weekly text and accessibility label share real translated plural values in seven locales
  ---
  duration_ms: 7.932375
  type: 'test'
  ...
# Subtest: actual memory profile router separates A/B history and reconstructs A after storage reopening offline
ok 9 - actual memory profile router separates A/B history and reconstructs A after storage reopening offline
  ---
  duration_ms: 11.559666
  type: 'test'
  ...
1..9
# tests 12
# suites 0
# pass 11
# fail 1
# cancelled 0
# skipped 0
# todo 0
# duration_ms 1307.463833
