TAP version 13
# Subtest: actual Home command rejects profile changes after Activity reads and before publication, including A/B/A
    # Subtest: same profile publishes actual persisted answers
    ok 1 - same profile publishes actual persisted answers
      ---
      duration_ms: 45.714584
      type: 'test'
      ...
    # Subtest: A→B after Activity read rejects publication
    ok 2 - A→B after Activity read rejects publication
      ---
      duration_ms: 12.536166
      type: 'test'
      ...
    # Subtest: A→B→A after Activity read rejects publication
    ok 3 - A→B→A after Activity read rejects publication
      ---
      duration_ms: 11.141916
      type: 'test'
      ...
    # Subtest: active transition at entry prevents reads and publication
    ok 4 - active transition at entry prevents reads and publication
      ---
      duration_ms: 6.867833
      type: 'test'
      ...
    # Subtest: transition starts during the last read and prevents publication
    ok 5 - transition starts during the last read and prevents publication
      ---
      duration_ms: 9.765792
      type: 'test'
      ...
    1..5
ok 1 - actual Home command rejects profile changes after Activity reads and before publication, including A/B/A
  ---
  duration_ms: 433.498375
  type: 'test'
  ...
# Subtest: actual artifact→repository→Home presenter includes local Monday before UTC Monday and excludes future answers
ok 2 - actual artifact→repository→Home presenter includes local Monday before UTC Monday and excludes future answers
  ---
  duration_ms: 349.431625
  type: 'test'
  ...
# Subtest: all nine canonical tracks use the same activity count without turning it into completion
ok 3 - all nine canonical tracks use the same activity count without turning it into completion
  ---
  duration_ms: 291.423292
  type: 'test'
  ...
# Subtest: active exclusion, ended-early history and old package facts remain distinct from completed sessions
ok 4 - active exclusion, ended-early history and old package facts remain distinct from completed sessions
  ---
  duration_ms: 1.713041
  type: 'test'
  ...
# Subtest: civil Monday boundaries agree in Warsaw/Los Angeles and across both DST transitions
ok 5 - civil Monday boundaries agree in Warsaw/Los Angeles and across both DST transitions
  ---
  duration_ms: 1.241958
  type: 'test'
  ...
# Subtest: same question new attempts count separately, identical IDs once, conflicting IDs unavailable
ok 6 - same question new attempts count separately, identical IDs once, conflicting IDs unavailable
  ---
  duration_ms: 0.625375
  type: 'test'
  ...
# Subtest: invalid relevant record/context never becomes empty activity; repository corruption still throws
ok 7 - invalid relevant record/context never becomes empty activity; repository corruption still throws
  ---
  duration_ms: 4.661542
  type: 'test'
  ...
# Subtest: weekly text and accessibility label share real translated plural values in seven locales
ok 8 - weekly text and accessibility label share real translated plural values in seven locales
  ---
  duration_ms: 13.500542
  type: 'test'
  ...
# Subtest: actual memory profile router separates A/B history and reconstructs A after storage reopening offline
ok 9 - actual memory profile router separates A/B history and reconstructs A after storage reopening offline
  ---
  duration_ms: 7.160625
  type: 'test'
  ...
1..9
# tests 14
# suites 0
# pass 14
# fail 0
# cancelled 0
# skipped 0
# todo 0
# duration_ms 1286.189209
