TAP version 13
# Subtest: actual Home counts Monday local answers before UTC Monday
not ok 1 - actual Home counts Monday local answers before UTC Monday
  ---
  duration_ms: 347.227917
  type: 'test'
  location: '/Users/lukaszkurczab/Desktop/Projects/Patternly/patternly/docs/active/BIZQ-02/home-week-slice-05/preflight.ts:2:3346'
  failureType: 'testCodeFailure'
  error: |-
    Expected values to be strictly equal:
    + actual - expected

    + 'No activity yet'
    - '1 answered'

  code: 'ERR_ASSERTION'
  name: 'AssertionError'
  expected: '1 answered'
  actual: 'No activity yet'
  operator: 'strictEqual'
  stack: |-
    TestContext.<anonymous> (/Users/lukaszkurczab/Desktop/Projects/Patternly/patternly/docs/active/BIZQ-02/home-week-slice-05/preflight.ts:46:10)
    async Test.run (node:internal/test_runner/test:1054:7)
    async startSubtestAfterBootstrap (node:internal/test_runner/harness:296:3)
  ...
# Subtest: actual Home does not count a future answer in this week
not ok 2 - actual Home does not count a future answer in this week
  ---
  duration_ms: 4.391625
  type: 'test'
  location: '/Users/lukaszkurczab/Desktop/Projects/Patternly/patternly/docs/active/BIZQ-02/home-week-slice-05/preflight.ts:2:3709'
  failureType: 'testCodeFailure'
  error: |-
    Expected values to be strictly equal:
    + actual - expected

    + '1 answered'
    - 'No activity yet'

  code: 'ERR_ASSERTION'
  name: 'AssertionError'
  expected: 'No activity yet'
  actual: '1 answered'
  operator: 'strictEqual'
  stack: |-
    TestContext.<anonymous> (/Users/lukaszkurczab/Desktop/Projects/Patternly/patternly/docs/active/BIZQ-02/home-week-slice-05/preflight.ts:52:10)
    async Test.run (node:internal/test_runner/test:1054:7)
    async Test.processPendingSubtests (node:internal/test_runner/test:744:7)
  ...
1..2
# tests 2
# suites 0
# pass 0
# fail 2
# cancelled 0
# skipped 0
# todo 0
# duration_ms 1152.850917
