TAP version 13
# Subtest: actual Home counts Monday local answers before UTC Monday
not ok 1 - actual Home counts Monday local answers before UTC Monday
  ---
  duration_ms: 315.31575
  type: 'test'
  location: '/Users/lukaszkurczab/Desktop/Projects/Patternly/patternly/docs/active/BIZQ-02/home-week-slice-05/preflight.ts:2:3229'
  failureType: 'testCodeFailure'
  error: 'Resolved content ref must contain exactly its four identity fields.'
  code: 'invalid_shape'
  name: 'ResolvedContentRefError'
  stack: |-
    assertResolvedContentRef (/Users/lukaszkurczab/Desktop/Projects/Patternly/patternly/src/domain/learning/resolvedContentRef.ts:45:11)
    createResolvedContentRef (/Users/lukaszkurczab/Desktop/Projects/Patternly/patternly/src/domain/learning/resolvedContentRef.ts:57:3)
    createTrainingAttempt (/Users/lukaszkurczab/Desktop/Projects/Patternly/patternly/src/domain/learning/trainingAttempt.ts:26:16)
    recordedAnswer (/Users/lukaszkurczab/Desktop/Projects/Patternly/patternly/docs/active/BIZQ-02/home-week-slice-05/preflight.ts:23:28)
    async TestContext.<anonymous> (/Users/lukaszkurczab/Desktop/Projects/Patternly/patternly/docs/active/BIZQ-02/home-week-slice-05/preflight.ts:43:3)
    async Test.run (node:internal/test_runner/test:1054:7)
    async startSubtestAfterBootstrap (node:internal/test_runner/harness:296:3)
  ...
# Subtest: actual Home does not count a future answer in this week
not ok 2 - actual Home does not count a future answer in this week
  ---
  duration_ms: 0.121083
  type: 'test'
  location: '/Users/lukaszkurczab/Desktop/Projects/Patternly/patternly/docs/active/BIZQ-02/home-week-slice-05/preflight.ts:2:3592'
  failureType: 'testCodeFailure'
  error: 'Resolved content ref must contain exactly its four identity fields.'
  code: 'invalid_shape'
  name: 'ResolvedContentRefError'
  stack: |-
    assertResolvedContentRef (/Users/lukaszkurczab/Desktop/Projects/Patternly/patternly/src/domain/learning/resolvedContentRef.ts:45:11)
    createResolvedContentRef (/Users/lukaszkurczab/Desktop/Projects/Patternly/patternly/src/domain/learning/resolvedContentRef.ts:57:3)
    createTrainingAttempt (/Users/lukaszkurczab/Desktop/Projects/Patternly/patternly/src/domain/learning/trainingAttempt.ts:26:16)
    recordedAnswer (/Users/lukaszkurczab/Desktop/Projects/Patternly/patternly/docs/active/BIZQ-02/home-week-slice-05/preflight.ts:23:28)
    async TestContext.<anonymous> (/Users/lukaszkurczab/Desktop/Projects/Patternly/patternly/docs/active/BIZQ-02/home-week-slice-05/preflight.ts:50:3)
    async Test.run (node:internal/test_runner/test:1054:7)
    async Test.processPendingSubtests (node:internal/test_runner/test:744:7)
  ...
1..2
# tests 2
# suites 0
# pass 0
# fail 2
# cancelled 0
# skipped 0
# todo 0
# duration_ms 1190.835083
