TAP version 13
# Subtest: list and show use real HTTPS, hidden token input, and canonical response schemas
ok 1 - list and show use real HTTPS, hidden token input, and canonical response schemas
  ---
  duration_ms: 171.395
  type: 'test'
  ...
# Subtest: action validates payload and current CAS state before typed confirmation and one PATCH
ok 2 - action validates payload and current CAS state before typed confirmation and one PATCH
  ---
  duration_ms: 132.111333
  type: 'test'
  ...
# Subtest: inherited insecure TLS configuration is rejected before an HTTPS request
ok 3 - inherited insecure TLS configuration is rejected before an HTTPS request
  ---
  duration_ms: 126.888166
  type: 'test'
  ...
# Subtest: an untrusted TLS certificate is rejected without reaching the handler
ok 4 - an untrusted TLS certificate is rejected without reaching the handler
  ---
  duration_ms: 92.27725
  type: 'test'
  ...
# Subtest: a redirect is rejected without forwarding credentials to its target
ok 5 - a redirect is rejected without forwarding credentials to its target
  ---
  duration_ms: 190.45225
  type: 'test'
  ...
# Subtest: expired, overlong, and future-issued tokens fail locally before HTTP
ok 6 - expired, overlong, and future-issued tokens fail locally before HTTP
  ---
  duration_ms: 184.95475
  type: 'test'
  ...
# Subtest: a denied origin fails before token prompt or network
ok 7 - a denied origin fails before token prompt or network
  ---
  duration_ms: 101.696042
  type: 'test'
  ...
# Subtest: unknown options and schema-invalid payloads fail before token prompt or network
ok 8 - unknown options and schema-invalid payloads fail before token prompt or network
  ---
  duration_ms: 113.126542
  type: 'test'
  ...
# Subtest: piped JSON stdin is accepted when prompts use a separate controlling terminal
ok 9 - piped JSON stdin is accepted when prompts use a separate controlling terminal
  ---
  duration_ms: 140.379375
  type: 'test'
  ...
# Subtest: interactive stdin still requires an explicit payload descriptor
ok 10 - interactive stdin still requires an explicit payload descriptor
  ---
  duration_ms: 89.379084
  type: 'test'
  ...
# Subtest: token prompt still rejects when no controlling terminal is available
ok 11 - token prompt still rejects when no controlling terminal is available
  ---
  duration_ms: 123.09075
  type: 'test'
  ...
# Subtest: revision mismatch is rejected before confirmation or mutation
ok 12 - revision mismatch is rejected before confirmation or mutation
  ---
  duration_ms: 147.982208
  type: 'test'
  ...
# Subtest: a lost mutation response is ambiguous and triggers one state read without retry
ok 13 - a lost mutation response is ambiguous and triggers one state read without retry
  ---
  duration_ms: 151.478625
  type: 'test'
  ...
# Subtest: HTTP 500 and malformed 200 mutation responses reconcile once without leaking bodies
    # Subtest: server_error is ambiguous after one mutation
    ok 1 - server_error is ambiguous after one mutation
      ---
      duration_ms: 142.316917
      type: 'test'
      ...
    # Subtest: malformed_success is ambiguous after one mutation
    ok 2 - malformed_success is ambiguous after one mutation
      ---
      duration_ms: 100.540417
      type: 'test'
      ...
    1..2
ok 14 - HTTP 500 and malformed 200 mutation responses reconcile once without leaking bodies
  ---
  duration_ms: 243.129125
  type: 'test'
  ...
# Subtest: incident create prints and uses one stable ID before confirmation
ok 15 - incident create prints and uses one stable ID before confirmation
  ---
  duration_ms: 193.30225
  type: 'test'
  ...
# Subtest: authority export uses its exact read-only route and canonical schema
ok 16 - authority export uses its exact read-only route and canonical schema
  ---
  duration_ms: 94.602583
  type: 'test'
  ...
# Subtest: standalone CLI reads through verified TLS and a hidden real terminal token
ok 17 - standalone CLI reads through verified TLS and a hidden real terminal token
  ---
  duration_ms: 451.303458
  type: 'test'
  ...
# Subtest: standalone CLI cancellation sends no mutation after reading payload from FD3
ok 18 - standalone CLI cancellation sends no mutation after reading payload from FD3
  ---
  duration_ms: 353.1875
  type: 'test'
  ...
# Subtest: standalone CLI cancellation sends no mutation after reading payload from piped stdin
ok 19 - standalone CLI cancellation sends no mutation after reading payload from piped stdin
  ---
  duration_ms: 335.984125
  type: 'test'
  ...
# Subtest: standalone CLI lost mutation response makes one write and one reconciliation read
ok 20 - standalone CLI lost mutation response makes one write and one reconciliation read
  ---
  duration_ms: 463.192709
  type: 'test'
  ...
# Subtest: standalone CLI Ctrl+C restores terminal and stops before any HTTP request
ok 21 - standalone CLI Ctrl+C restores terminal and stops before any HTTP request
  ---
  duration_ms: 305.091875
  type: 'test'
  ...
1..21
# tests 23
# suites 0
# pass 23
# fail 0
# cancelled 0
# skipped 0
# todo 0
# duration_ms 4684.422375

> patternly-backend@0.1.0 typecheck
> tsc --noEmit -p tsconfig.json
