Isolated emulator gate: demo-patternly-ops-b2 Auth19119/Firestore18119
i  emulators: Starting emulators: auth, firestore
i  emulators: Detected demo project ID "demo-patternly-ops-b2", emulated services will use a demo configuration and attempts to access non-emulated services for this project will fail.
i  firestore: Firestore Emulator logging to firestore-debug.log
✔  firestore: Firestore Emulator was started in standard edition.
✔  firestore: Firestore Emulator UI websocket is running on 9151.
i  Running script: node --import tsx --test --test-concurrency=1 tests/opsOperator.emulator.test.ts
TAP version 13
# Subtest: operator queues return at most 100 allowlisted rows, audit each returned row, and content CAS rejects a stale writer
ok 1 - operator queues return at most 100 allowlisted rows, audit each returned row, and content CAS rejects a stale writer
  ---
  duration_ms: 4381.454541
  type: 'test'
  ...
# Subtest: operator privacy email fence has no public writes while safe public review remains available
ok 2 - operator privacy email fence has no public writes while safe public review remains available
  ---
  duration_ms: 95.479458
  type: 'test'
  ...
# Subtest: stable incident caller UUID replays exact payload and rejects changed payload
ok 3 - stable incident caller UUID replays exact payload and rejects changed payload
  ---
  duration_ms: 115.757291
  type: 'test'
  ...
# Subtest: legal non-email actions need no sender and unavailable answer leaves no effects
ok 4 - legal non-email actions need no sender and unavailable answer leaves no effects
  ---
  duration_ms: 62.101375
  type: 'test'
  ...
1..4
# tests 4
# suites 0
# pass 4
# fail 0
# cancelled 0
# skipped 0
# todo 0
# duration_ms 5017.457792
✔  Script exited successfully (code 0)
i  emulators: Shutting down emulators.
i  firestore: Stopping Firestore Emulator
i  auth: Stopping Authentication Emulator
i  hub: Stopping emulator hub
i  logging: Stopping Logging Emulator
