TAP version 13
# Subtest: a correct GCP simulation answer recorded before due time does not advance older review evidence at finalization
not ok 1 - a correct GCP simulation answer recorded before due time does not advance older review evidence at finalization
  ---
  duration_ms: 356.097041
  type: 'test'
  location: '/Users/lukaszkurczab/Desktop/Projects/Patternly/patternly/src/application/canonical/CanonicalReviewAnswerTime.test.ts:2:1473'
  failureType: 'testCodeFailure'
  error: |-
    finalization time must not turn a pre-due answer into a due success
    + actual - expected
    
    + [
    +   {
    +     entry: {
    +       consecutiveAfterDueSuccesses: 1,
    +       createdAt: '2026-10-01T09:00:00.000Z',
    +       dueAt: '2026-10-02T10:00:00.000Z',
    +       id: 'review:older-session-exact-ref',
    +       persistent: true,
    +       reasons: [
    +         'incorrect'
    +       ],
    +       sourceAttemptId: 'attempt:older-session',
    +       sourceItem: {
    +         artifactSha256: 'eea751e977cbfb468577ff4ea47702b914e1de6ad7fa06519a4e919889f0a6f9',
    +         contentVersion: 'google-cloud-associate-cloud-engineer-authoring-v2026.08.11',
    +         questionId: 'gcp-ace-gcpace-n01-b02-001',
    +         trackId: 'google-cloud-associate-cloud-engineer'
    +       },
    +       sourceSessionId: 'older-session',
    +       taxonomyOrSkillRefs: [],
    +       trackId: 'google-cloud-associate-cloud-engineer'
    +     },
    +     kind: 'remove',
    +     transitionAttemptId: 'attempt:answer-time-before-due:answer-time-before-due:occurrence:0:6c5310767aa04ef13381c279a844bdad10c903baf82bfc5ad581d28b74e1b414'
    +   }
    + ]
    - []
    
  code: 'ERR_ASSERTION'
  name: 'AssertionError'
  expected:
  actual:
    0:
      kind: 'remove'
      entry:
        id: 'review:older-session-exact-ref'
        trackId: 'google-cloud-associate-cloud-engineer'
        sourceAttemptId: 'attempt:older-session'
        sourceSessionId: 'older-session'
        sourceItem:
          trackId: 'google-cloud-associate-cloud-engineer'
          questionId: 'gcp-ace-gcpace-n01-b02-001'
          contentVersion: 'google-cloud-associate-cloud-engineer-authoring-v2026.08.11'
          artifactSha256: 'eea751e977cbfb468577ff4ea47702b914e1de6ad7fa06519a4e919889f0a6f9'
        taxonomyOrSkillRefs:
        reasons:
          0: 'incorrect'
        dueAt: '2026-10-02T10:00:00.000Z'
        createdAt: '2026-10-01T09:00:00.000Z'
        consecutiveAfterDueSuccesses: 1
        persistent: true
      transitionAttemptId: 'attempt:answer-time-before-due:answer-time-before-due:occurrence:0:6c5310767aa04ef13381c279a844bdad10c903baf82bfc5ad581d28b74e1b414'
  operator: 'deepStrictEqual'
  stack: |-
    TestContext.<anonymous> (/Users/lukaszkurczab/Desktop/Projects/Patternly/patternly/src/application/canonical/CanonicalReviewAnswerTime.test.ts:87:10)
    async Test.run (node:internal/test_runner/test:1054:7)
    async startSubtestAfterBootstrap (node:internal/test_runner/harness:296:3)
  ...
1..1
# tests 1
# suites 0
# pass 0
# fail 1
# cancelled 0
# skipped 0
# todo 0
# duration_ms 772.210334
