TAP version 13
# Subtest: a correct GCP simulation answer recorded before due time does not advance older review evidence at finalization
not ok 1 - a correct GCP simulation answer recorded before due time does not advance older review evidence at finalization
  ---
  duration_ms: 356.869833
  type: 'test'
  location: '/Users/lukaszkurczab/Desktop/Projects/Patternly/patternly/src/application/canonical/CanonicalReviewAnswerTime.test.ts:2:1473'
  failureType: 'testCodeFailure'
  error: |-
    Expected values to be strictly deep-equal:
    + actual - expected
    
      {
    -   components: undefined,
        earnedPoints: 1,
        kind: 'correct',
        maxPoints: 1
      }
    
  code: 'ERR_ASSERTION'
  name: 'AssertionError'
  expected:
    kind: 'correct'
    earnedPoints: 1
    maxPoints: 1
  actual:
    kind: 'correct'
    earnedPoints: 1
    maxPoints: 1
  operator: 'deepStrictEqual'
  stack: |-
    TestContext.<anonymous> (/Users/lukaszkurczab/Desktop/Projects/Patternly/patternly/src/application/canonical/CanonicalReviewAnswerTime.test.ts:94:10)
    async Test.run (node:internal/test_runner/test:1054:7)
    async startSubtestAfterBootstrap (node:internal/test_runner/harness:296:3)
  ...
1..1
# tests 1
# suites 0
# pass 0
# fail 1
# cancelled 0
# skipped 0
# todo 0
# duration_ms 932.364042
