TAP version 13
# Subtest: Progress consumes actual shared evidence without claiming completion from minimum attempt volume
    # Subtest: targeted
    ok 1 - targeted
      ---
      duration_ms: 183.712333
      type: 'test'
      ...
    # Subtest: learn_at_own_pace
    ok 2 - learn_at_own_pace
      ---
      duration_ms: 134.40025
      type: 'test'
      ...
    1..2
ok 1 - Progress consumes actual shared evidence without claiming completion from minimum attempt volume
  ---
  duration_ms: 1034.8455
  type: 'test'
  ...
# Subtest: absent actual policies stay unknown in both actual Home and proposal for all nine current tracks
ok 2 - absent actual policies stay unknown in both actual Home and proposal for all nine current tracks
  ---
  duration_ms: 396.577167
  type: 'test'
  ...
# Subtest: actual Home none and Progress unavailable preserve honest status, actions and retry semantics
ok 3 - actual Home none and Progress unavailable preserve honest status, actions and retry semantics
  ---
  duration_ms: 308.572875
  type: 'test'
  ...
# Subtest: Progress model preserves canonical guidance and completion without a volume ratio
ok 4 - Progress model preserves canonical guidance and completion without a volume ratio
  ---
  duration_ms: 10.8085
  type: 'test'
  ...
# Subtest: Progress model never creates a self-link for completed guidance
ok 5 - Progress model never creates a self-link for completed guidance
  ---
  duration_ms: 0.68675
  type: 'test'
  ...
# Subtest: Progress model does not offer a new plan session while one is active
ok 6 - Progress model does not offer a new plan session while one is active
  ---
  duration_ms: 2.752459
  type: 'test'
  ...
# Subtest: Progress model keeps none guidance explicit for no goal, paused goal and no plan
ok 7 - Progress model keeps none guidance explicit for no goal, paused goal and no plan
  ---
  duration_ms: 1.666792
  type: 'test'
  ...
# Subtest: Progress model fails closed for a foreign active track or unavailable snapshot
ok 8 - Progress model fails closed for a foreign active track or unavailable snapshot
  ---
  duration_ms: 0.656375
  type: 'test'
  ...
# Subtest: Progress rejects invalid count, minimum, window and quality rather than presenting false completion
ok 9 - Progress rejects invalid count, minimum, window and quality rather than presenting false completion
  ---
  duration_ms: 2.762458
  type: 'test'
  ...
# Subtest: Progress plan selectors expose typed completion, day and unavailable identities
ok 10 - Progress plan selectors expose typed completion, day and unavailable identities
  ---
  duration_ms: 2.917208
  type: 'test'
  ...
1..10
# tests 12
# suites 0
# pass 12
# fail 0
# cancelled 0
# skipped 0
# todo 0
# duration_ms 2758.881541
