TAP version 13
# Subtest: Progress consumes actual shared evidence without claiming completion from minimum attempt volume
    # Subtest: targeted
    ok 1 - targeted
      ---
      duration_ms: 280.855209
      type: 'test'
      ...
    # Subtest: learn_at_own_pace
    ok 2 - learn_at_own_pace
      ---
      duration_ms: 223.36
      type: 'test'
      ...
    1..2
ok 1 - Progress consumes actual shared evidence without claiming completion from minimum attempt volume
  ---
  duration_ms: 1329.252708
  type: 'test'
  ...
# Subtest: absent actual policies stay unknown in both actual Home and proposal for all nine current tracks
ok 2 - absent actual policies stay unknown in both actual Home and proposal for all nine current tracks
  ---
  duration_ms: 441.500666
  type: 'test'
  ...
# Subtest: actual Home none and Progress unavailable preserve honest status, actions and retry semantics
ok 3 - actual Home none and Progress unavailable preserve honest status, actions and retry semantics
  ---
  duration_ms: 340.811625
  type: 'test'
  ...
1..3
# tests 5
# suites 0
# pass 5
# fail 0
# cancelled 0
# skipped 0
# todo 0
# duration_ms 3143.9315
