TAP version 13
# {"stage":"actual producer/runtime/repositories/Home/model/private JSX; controlled hooks/host identities, not native","completion":{"kind":"in_progress","qualifyingAttemptCount":25,"requiredAttemptCount":20,"rollingWindowSize":10},"text":"Completion ruleThe minimum number of attempts is met. Keep practising to improve your results; completion timing is not predictable yet.25 qualifying attempts"}
# {"stage":"actual producer/runtime/repositories/Home/model/private JSX; controlled hooks/host identities, not native","completion":{"kind":"in_progress","qualifyingAttemptCount":25,"requiredAttemptCount":20,"rollingWindowSize":10},"text":"Completion ruleThe minimum number of attempts is met. Keep practising to improve your results; completion timing is not predictable yet.25 qualifying attempts"}
# Subtest: Progress consumes actual shared evidence without claiming completion from minimum attempt volume
    # Subtest: targeted
    ok 1 - targeted
      ---
      duration_ms: 41.183792
      type: 'test'
      ...
    # Subtest: learn_at_own_pace
    ok 2 - learn_at_own_pace
      ---
      duration_ms: 15.483583
      type: 'test'
      ...
    1..2
ok 1 - Progress consumes actual shared evidence without claiming completion from minimum attempt volume
  ---
  duration_ms: 812.21175
  type: 'test'
  ...
1..1
# tests 3
# suites 0
# pass 3
# fail 0
# cancelled 0
# skipped 0
# todo 0
# duration_ms 1827.564167
