TAP version 13
# Subtest: Progress model preserves canonical guidance and completion without a volume ratio
ok 1 - Progress model preserves canonical guidance and completion without a volume ratio
  ---
  duration_ms: 11.568958
  type: 'test'
  ...
# Subtest: Progress model never creates a self-link for completed guidance
ok 2 - Progress model never creates a self-link for completed guidance
  ---
  duration_ms: 0.802958
  type: 'test'
  ...
# Subtest: Progress model does not offer a new plan session while one is active
ok 3 - Progress model does not offer a new plan session while one is active
  ---
  duration_ms: 2.578625
  type: 'test'
  ...
# Subtest: Progress model keeps none guidance explicit for no goal, paused goal and no plan
ok 4 - Progress model keeps none guidance explicit for no goal, paused goal and no plan
  ---
  duration_ms: 0.799834
  type: 'test'
  ...
# Subtest: Progress model fails closed for a foreign active track or unavailable snapshot
ok 5 - Progress model fails closed for a foreign active track or unavailable snapshot
  ---
  duration_ms: 0.615916
  type: 'test'
  ...
# Subtest: Progress rejects invalid count, minimum, window and quality rather than presenting false completion
ok 6 - Progress rejects invalid count, minimum, window and quality rather than presenting false completion
  ---
  duration_ms: 3.03675
  type: 'test'
  ...
1..6
# tests 6
# suites 0
# pass 6
# fail 0
# cancelled 0
# skipped 0
# todo 0
# duration_ms 725.235
