TAP version 13
# {"stage":"actual producer/runtime/repositories/Home/model/private JSX; controlled hooks/host identities, not native","completion":{"kind":"in_progress","qualifyingAttemptCount":25,"requiredAttemptCount":20,"rollingWindowSize":10},"text":"Completed scope100%25 of 20 qualifying attempts"}
# Subtest: Progress consumes actual shared evidence without claiming completion from minimum attempt volume
    # Subtest: targeted
    not ok 1 - targeted
      ---
      duration_ms: 39.514083
      type: 'test'
      location: '/Users/lukaszkurczab/Desktop/Projects/Patternly/patternly/src/application/learningPlan/learningPlanProjectionIntegration.test.mjs:157:98'
      failureType: 'testCodeFailure'
      error: 'Unknown target date guidance reason.'
      code: 'ERR_TEST_FAILURE'
      stack: |-
        guidanceReasonSegment (/Users/lukaszkurczab/Desktop/Projects/Patternly/patternly/src/testing/runtimeSelectors.ts:365:55)
        Object.reason (/Users/lukaszkurczab/Desktop/Projects/Patternly/patternly/src/testing/runtimeSelectors.ts:171:163)
        Object.ProgressPlanSection [as exports] (actual-ProgressPlanSection.cjs:22:910)
        renderProgressPlanSection (file:///Users/lukaszkurczab/Desktop/Projects/Patternly/patternly/src/features/home/tabs/progressPlanSectionTestHarness.mjs:37:34)
        TestContext.<anonymous> (/Users/lukaszkurczab/Desktop/Projects/Patternly/patternly/src/application/learningPlan/learningPlanProjectionIntegration.test.mjs:163:20)
        async Test.run (node:internal/test_runner/test:1054:7)
        async TestContext.<anonymous> (/Users/lukaszkurczab/Desktop/Projects/Patternly/patternly/src/application/learningPlan/learningPlanProjectionIntegration.test.mjs:157:90)
        async Test.run (node:internal/test_runner/test:1054:7)
        async startSubtestAfterBootstrap (node:internal/test_runner/harness:296:3)
      ...
    # Subtest: learn_at_own_pace
    not ok 2 - learn_at_own_pace
      ---
      duration_ms: 21.361458
      type: 'test'
      location: '/Users/lukaszkurczab/Desktop/Projects/Patternly/patternly/src/application/learningPlan/learningPlanProjectionIntegration.test.mjs:157:98'
      failureType: 'testCodeFailure'
      error: |-
        The input was expected to not match the regular expression /100%|Completed scope/. Input:

        'Completed scope100%25 of 20 qualifying attempts'

      code: 'ERR_ASSERTION'
      name: 'AssertionError'
      expected:
      actual: 'Completed scope100%25 of 20 qualifying attempts'
      operator: 'doesNotMatch'
      stack: |-
        TestContext.<anonymous> (/Users/lukaszkurczab/Desktop/Projects/Patternly/patternly/src/application/learningPlan/learningPlanProjectionIntegration.test.mjs:168:10)
        async Test.run (node:internal/test_runner/test:1054:7)
        async TestContext.<anonymous> (/Users/lukaszkurczab/Desktop/Projects/Patternly/patternly/src/application/learningPlan/learningPlanProjectionIntegration.test.mjs:157:90)
        async Test.run (node:internal/test_runner/test:1054:7)
        async startSubtestAfterBootstrap (node:internal/test_runner/harness:296:3)
      ...
    1..2
not ok 1 - Progress consumes actual shared evidence without claiming completion from minimum attempt volume
  ---
  duration_ms: 803.766375
  type: 'test'
  location: '/Users/lukaszkurczab/Desktop/Projects/Patternly/patternly/src/application/learningPlan/learningPlanProjectionIntegration.test.mjs:155:1'
  failureType: 'subtestsFailed'
  error: '2 subtests failed'
  code: 'ERR_TEST_FAILURE'
  ...
1..1
# tests 3
# suites 0
# pass 0
# fail 3
# cancelled 0
# skipped 0
# todo 0
# duration_ms 1736.935834
