TAP version 13
# Subtest: home snapshot resolves canonical track metadata
ok 1 - home snapshot resolves canonical track metadata
  ---
  duration_ms: 601.432834
  type: 'test'
  ...
# Subtest: actual canonical producer preserves a versioned completion rule in the hashed artifact
ok 2 - actual canonical producer preserves a versioned completion rule in the hashed artifact
  ---
  duration_ms: 319.486458
  type: 'test'
  ...
# Subtest: Home rejects a goal change during exact package resolution instead of publishing an old generation
ok 3 - Home rejects a goal change during exact package resolution instead of publishing an old generation
  ---
  duration_ms: 340.96925
  type: 'test'
  ...
# Subtest: real producer → verified canonical runtime → persisted evidence → Home and proposal use the same rule
ok 4 - real producer → verified canonical runtime → persisted evidence → Home and proposal use the same rule
  ---
  duration_ms: 787.284375
  type: 'test'
  ...
# Subtest: Progress consumes actual shared evidence without claiming completion from minimum attempt volume
    # Subtest: targeted
    ok 1 - targeted
      ---
      duration_ms: 267.07575
      type: 'test'
      ...
    # Subtest: learn_at_own_pace
    ok 2 - learn_at_own_pace
      ---
      duration_ms: 215.460541
      type: 'test'
      ...
    1..2
ok 5 - Progress consumes actual shared evidence without claiming completion from minimum attempt volume
  ---
  duration_ms: 1211.231083
  type: 'test'
  ...
# Subtest: shared evidence is package-wide across plan revisions, exact by artifact, deduplicated, and partial is not correct
ok 6 - shared evidence is package-wide across plan revisions, exact by artifact, deduplicated, and partial is not correct
  ---
  duration_ms: 766.24625
  type: 'test'
  ...
# Subtest: absent actual policies stay unknown in both actual Home and proposal for all nine current tracks
ok 7 - absent actual policies stay unknown in both actual Home and proposal for all nine current tracks
  ---
  duration_ms: 475.739375
  type: 'test'
  ...
# Subtest: actual Home none and Progress unavailable preserve honest status, actions and retry semantics
ok 8 - actual Home none and Progress unavailable preserve honest status, actions and retry semantics
  ---
  duration_ms: 46.222792
  type: 'test'
  ...
# Subtest: producer and actual consumer reject the same malformed v1 rule vectors and hash binds a valid rule
ok 9 - producer and actual consumer reject the same malformed v1 rule vectors and hash binds a valid rule
  ---
  duration_ms: 376.460375
  type: 'test'
  ...
# Subtest: Home rejects evidence changes and journal failure inside exact resolution
ok 10 - Home rejects evidence changes and journal failure inside exact resolution
  ---
  duration_ms: 794.195333
  type: 'test'
  ...
# Subtest: matching-package phantom question IDs fail instead of contributing fabricated progress
ok 11 - matching-package phantom question IDs fail instead of contributing fabricated progress
  ---
  duration_ms: 679.314917
  type: 'test'
  ...
# Subtest: actual profile router A/B/A rejects old Home snapshot even when account A learning data is unchanged
ok 12 - actual profile router A/B/A rejects old Home snapshot even when account A learning data is unchanged
  ---
  duration_ms: 743.482792
  type: 'test'
  ...
# Subtest: actual persisted reviews share exact qualification and due cutoff; phantom matching review fails closed
ok 13 - actual persisted reviews share exact qualification and due cutoff; phantom matching review fails closed
  ---
  duration_ms: 674.511167
  type: 'test'
  ...
# Subtest: future exact-package evidence cannot complete proposal while Home rejects the same facts
ok 14 - future exact-package evidence cannot complete proposal while Home rejects the same facts
  ---
  duration_ms: 698.554833
  type: 'test'
  ...
# {"home":"unavailable","reason":"calculation_error","proposal":"generator_error"}
# Subtest: captured instant rejects same-day future answers by one millisecond without silently dropping them
ok 15 - captured instant rejects same-day future answers by one millisecond without silently dropping them
  ---
  duration_ms: 802.046459
  type: 'test'
  ...
# Subtest: past and exactly captured answers remain eligible despite later materialization, duplicates and historical future evidence
ok 16 - past and exactly captured answers remain eligible despite later materialization, duplicates and historical future evidence
  ---
  duration_ms: 749.523708
  type: 'test'
  ...
# Subtest: absent production rule does not hide future exact-package facts as unknown
ok 17 - absent production rule does not hide future exact-package facts as unknown
  ---
  duration_ms: 4.483
  type: 'test'
  ...
# Subtest: clock rollback blocks real proposal resolve and acceptance before goal-plan CAS or reminders
ok 18 - clock rollback blocks real proposal resolve and acceptance before goal-plan CAS or reminders
  ---
  duration_ms: 711.27375
  type: 'test'
  ...
# Subtest: current producer rebuild preserves all nine rule-free artifact bytes and exact app lock
ok 19 - current producer rebuild preserves all nine rule-free artifact bytes and exact app lock
  ---
  duration_ms: 1725.180875
  type: 'test'
  ...
# Subtest: P05 persisted 25 attempts / 5 correct in latest 10 cannot predict completion today
ok 20 - P05 persisted 25 attempts / 5 correct in latest 10 cannot predict completion today
  ---
  duration_ms: 592.843583
  type: 'test'
  ...
# Subtest: P05 evaluator result cannot become an achievable target merely because volume is met
ok 21 - P05 evaluator result cannot become an achievable target merely because volume is met
  ---
  duration_ms: 2.887791
  type: 'test'
  ...
# Subtest: P05 evaluator, proposal copy and canonical guidance presentation agree in all seven locales
ok 22 - P05 evaluator, proposal copy and canonical guidance presentation agree in all seven locales
  ---
  duration_ms: 13.418041
  type: 'test'
  ...
# Subtest: missing actual rule stays unknown before quality guard even when there are many persisted attempts
ok 23 - missing actual rule stays unknown before quality guard even when there are many persisted attempts
  ---
  duration_ms: 3.31575
  type: 'test'
  ...
# Subtest: minimum exactly met still needs quality, while own pace and shortfall keep their target semantics
ok 24 - minimum exactly met still needs quality, while own pace and shortfall keep their target semantics
  ---
  duration_ms: 4.522792
  type: 'test'
  ...
# Subtest: current completed window permits zero-work; later incorrect durable attempts restore the quality limit
ok 25 - current completed window permits zero-work; later incorrect durable attempts restore the quality limit
  ---
  duration_ms: 11.19
  type: 'test'
  ...
# Subtest: applies no-goal, paused-goal, no-plan and freshness precedence
ok 26 - applies no-goal, paused-goal, no-plan and freshness precedence
  ---
  duration_ms: 49.79375
  type: 'test'
  ...
# Subtest: maps plan paused, completed, overdue boundaries and open-ended targets
ok 27 - maps plan paused, completed, overdue boundaries and open-ended targets
  ---
  duration_ms: 6.688667
  type: 'test'
  ...
# Subtest: maps capacity, typed forecast status and all unavailable reasons without recomputing
ok 28 - maps capacity, typed forecast status and all unavailable reasons without recomputing
  ---
  duration_ms: 2.500375
  type: 'test'
  ...
# Subtest: requires full forecast identity and maps malformed foreign forecasts to calculation_error
ok 29 - requires full forecast identity and maps malformed foreign forecasts to calculation_error
  ---
  duration_ms: 1.358959
  type: 'test'
  ...
# Subtest: returns frozen, typed presentation values and ignores immutable fact arrays
ok 30 - returns frozen, typed presentation values and ignores immutable fact arrays
  ---
  duration_ms: 1.09825
  type: 'test'
  ...
# Subtest: maps every guidance state, reason, message key, action and fact variant
ok 31 - maps every guidance state, reason, message key, action and fact variant
  ---
  duration_ms: 25.277042
  type: 'test'
  ...
# Subtest: accepts canonical overdue guidance with an unavailable forecast
ok 32 - accepts canonical overdue guidance with an unavailable forecast
  ---
  duration_ms: 0.640625
  type: 'test'
  ...
# Subtest: covers no-target text facts for paused and completed states
ok 33 - covers no-target text facts for paused and completed states
  ---
  duration_ms: 0.399583
  type: 'test'
  ...
# Subtest: uses native English and Polish plural categories for pace facts
ok 34 - uses native English and Polish plural categories for pace facts
  ---
  duration_ms: 1.982584
  type: 'test'
  ...
# Subtest: formats civil dates in the supplied timezone without UTC day drift
ok 35 - formats civil dates in the supplied timezone without UTC day drift
  ---
  duration_ms: 4.789083
  type: 'test'
  ...
# Subtest: rejects invalid locale, timezone, date and unknown runtime variants explicitly
ok 36 - rejects invalid locale, timezone, date and unknown runtime variants explicitly
  ---
  duration_ms: 0.926916
  type: 'test'
  ...
# Subtest: rejects a secondary action outside its two allowed states and inconsistent missing secondary
ok 37 - rejects a secondary action outside its two allowed states and inconsistent missing secondary
  ---
  duration_ms: 0.246
  type: 'test'
  ...
# Subtest: fails closed for missing translations and unresolved placeholders
ok 38 - fails closed for missing translations and unresolved placeholders
  ---
  duration_ms: 0.638625
  type: 'test'
  ...
# Subtest: fails closed when the selected English or Polish plural suffix is missing
ok 39 - fails closed when the selected English or Polish plural suffix is missing
  ---
  duration_ms: 0.422417
  type: 'test'
  ...
# Subtest: does not mutate guidance input and keeps the presentation deeply immutable
ok 40 - does not mutate guidance input and keeps the presentation deeply immutable
  ---
  duration_ms: 1.018917
  type: 'test'
  ...
# Subtest: keeps locale resource keys flat and exactly in parity
ok 41 - keeps locale resource keys flat and exactly in parity
  ---
  duration_ms: 0.686375
  type: 'test'
  ...
# Subtest: Free and unavailable Coding Mock access fail before package resolution, preparation, or mutation
ok 42 - Free and unavailable Coding Mock access fail before package resolution, preparation, or mutation
  ---
  duration_ms: 660.967833
  type: 'test'
  ...
# Subtest: Premium Coding Mock starts the exact 40-item product mode and immutable profile identity
ok 43 - Premium Coding Mock starts the exact 40-item product mode and immutable profile identity
  ---
  duration_ms: 0.47825
  type: 'test'
  ...
# Subtest: Coding Mock resume, draft save, and finalization each authorize once before one exact resolution
ok 44 - Coding Mock resume, draft save, and finalization each authorize once before one exact resolution
  ---
  duration_ms: 0.941041
  type: 'test'
  ...
# Subtest: expired Coding Mock draft-save boundary aborts before package resolution or draft persistence
ok 45 - expired Coding Mock draft-save boundary aborts before package resolution or draft persistence
  ---
  duration_ms: 0.348375
  type: 'test'
  ...
# Subtest: active Coding Mock reauthorizes before exact resolution and resume validation
ok 46 - active Coding Mock reauthorizes before exact resolution and resume validation
  ---
  duration_ms: 0.329375
  type: 'test'
  ...
# Subtest: all three Design simulations require Premium before create and resume, then prepare exact profile identity
ok 47 - all three Design simulations require Premium before create and resume, then prepare exact profile identity
  ---
  duration_ms: 1.459458
  type: 'test'
  ...
# Subtest: every Design mode denies before package resolution, preparation, and session mutation
ok 48 - every Design mode denies before package resolution, preparation, and session mutation
  ---
  duration_ms: 0.354292
  type: 'test'
  ...
# Subtest: proposal route carries only identity and resolves the in-memory proposal
ok 49 - proposal route carries only identity and resolves the in-memory proposal
  ---
  duration_ms: 0.763125
  type: 'test'
  ...
# Subtest: proposal accepts through the plan/reminder runtime and preserves pending saves
ok 50 - proposal accepts through the plan/reminder runtime and preserves pending saves
  ---
  duration_ms: 0.174834
  type: 'test'
  ...
# Subtest: proposal keeps explicit states, edit actions and localized copy
ok 51 - proposal keeps explicit states, edit actions and localized copy
  ---
  duration_ms: 0.141542
  type: 'test'
  ...
# Subtest: every proposal screen branch leaves the top safe area to its stack header
ok 52 - every proposal screen branch leaves the top safe area to its stack header
  ---
  duration_ms: 6.250083
  type: 'test'
  ...
# Subtest: ready and shortened proposals use the review title and a two-action footer
ok 53 - ready and shortened proposals use the review title and a two-action footer
  ---
  duration_ms: 0.260167
  type: 'test'
  ...
# Subtest: goal type is the card heading while target and selected days remain visible
ok 54 - goal type is the card heading while target and selected days remain visible
  ---
  duration_ms: 0.121625
  type: 'test'
  ...
# Subtest: review title is localized in all seven locales and removed goal-context copy is dead
ok 55 - review title is localized in all seven locales and removed goal-context copy is dead
  ---
  duration_ms: 0.148
  type: 'test'
  ...
# Subtest: shortfall and saved-plan actions retain their existing semantics
ok 56 - shortfall and saved-plan actions retain their existing semantics
  ---
  duration_ms: 0.146375
  type: 'test'
  ...
# Subtest: goal save still opens a proposal only after its existing reminder reconciliation
ok 57 - goal save still opens a proposal only after its existing reminder reconciliation
  ---
  duration_ms: 0.227125
  type: 'test'
  ...
# Subtest: target guidance retry performs a real canonical snapshot reload
ok 58 - target guidance retry performs a real canonical snapshot reload
  ---
  duration_ms: 0.346667
  type: 'test'
  ...
# Subtest: Progress model preserves canonical guidance and completion without a volume ratio
ok 59 - Progress model preserves canonical guidance and completion without a volume ratio
  ---
  duration_ms: 18.503959
  type: 'test'
  ...
# Subtest: Progress model never creates a self-link for completed guidance
ok 60 - Progress model never creates a self-link for completed guidance
  ---
  duration_ms: 0.855709
  type: 'test'
  ...
# Subtest: Progress model does not offer a new plan session while one is active
ok 61 - Progress model does not offer a new plan session while one is active
  ---
  duration_ms: 2.736667
  type: 'test'
  ...
# Subtest: Progress model keeps none guidance explicit for no goal, paused goal and no plan
ok 62 - Progress model keeps none guidance explicit for no goal, paused goal and no plan
  ---
  duration_ms: 0.792041
  type: 'test'
  ...
# Subtest: Progress model fails closed for a foreign active track or unavailable snapshot
ok 63 - Progress model fails closed for a foreign active track or unavailable snapshot
  ---
  duration_ms: 0.678208
  type: 'test'
  ...
# Subtest: Progress rejects invalid count, minimum, window and quality rather than presenting false completion
ok 64 - Progress rejects invalid count, minimum, window and quality rather than presenting false completion
  ---
  duration_ms: 6.14375
  type: 'test'
  ...
# Subtest: track evidence rows stay informational while local show-more behavior remains
ok 65 - track evidence rows stay informational while local show-more behavior remains
  ---
  duration_ms: 0.718917
  type: 'test'
  ...
# Subtest: empty progress keeps practice as the primary action and exposes global activity
ok 66 - empty progress keeps practice as the primary action and exposes global activity
  ---
  duration_ms: 0.179166
  type: 'test'
  ...
# Subtest: the shared Home shell opens the track-aware Practice Hub from empty Progress
ok 67 - the shared Home shell opens the track-aware Practice Hub from empty Progress
  ---
  duration_ms: 0.199375
  type: 'test'
  ...
# Subtest: Home passes canonical sessions and exact row navigation into Progress
ok 68 - Home passes canonical sessions and exact row navigation into Progress
  ---
  duration_ms: 0.113833
  type: 'test'
  ...
# Subtest: Progress receives the single canonical Home plan snapshot and guidance action owner
ok 69 - Progress receives the single canonical Home plan snapshot and guidance action owner
  ---
  duration_ms: 0.222291
  type: 'test'
  ...
# Subtest: Completed guidance does not render a Progress self-link
ok 70 - Completed guidance does not render a Progress self-link
  ---
  duration_ms: 0.101791
  type: 'test'
  ...
# Subtest: runtime selectors are deterministic and use the canonical grammar
ok 71 - runtime selectors are deterministic and use the canonical grammar
  ---
  duration_ms: 0.754291
  type: 'test'
  ...
# Subtest: Premium offer setup selectors are deterministic and valid
ok 72 - Premium offer setup selectors are deterministic and valid
  ---
  duration_ms: 0.137292
  type: 'test'
  ...
# Subtest: Design Interview save selectors distinguish persistence status and retry
ok 73 - Design Interview save selectors distinguish persistence status and retry
  ---
  duration_ms: 0.095584
  type: 'test'
  ...
# Subtest: runtime selectors preserve canonical identities without learner-visible copy
ok 74 - runtime selectors preserve canonical identities without learner-visible copy
  ---
  duration_ms: 0.138458
  type: 'test'
  ...
# Subtest: runtime selectors preserve case-sensitive authored item identities
ok 75 - runtime selectors preserve case-sensitive authored item identities
  ---
  duration_ms: 0.1265
  type: 'test'
  ...
# Subtest: session metadata selectors expose validated lifecycle values without learner copy
ok 76 - session metadata selectors expose validated lifecycle values without learner copy
  ---
  duration_ms: 0.098375
  type: 'test'
  ...
# Subtest: complexity selectors encode authored notation without weakening the selector grammar
ok 77 - complexity selectors encode authored notation without weakening the selector grammar
  ---
  duration_ms: 0.276125
  type: 'test'
  ...
# Subtest: runtime selectors keep distinct runtime entities distinct
ok 78 - runtime selectors keep distinct runtime entities distinct
  ---
  duration_ms: 0.205792
  type: 'test'
  ...
# Subtest: unavailable recovery and review selectors remain stable and distinct
ok 79 - unavailable recovery and review selectors remain stable and distinct
  ---
  duration_ms: 0.271333
  type: 'test'
  ...
# Subtest: runtime selector factories reject values that cannot be represented in the contract
ok 80 - runtime selector factories reject values that cannot be represented in the contract
  ---
  duration_ms: 0.422959
  type: 'test'
  ...
# Subtest: goal selectors expose stable target-date input and field-error identities
ok 81 - goal selectors expose stable target-date input and field-error identities
  ---
  duration_ms: 0.064625
  type: 'test'
  ...
# Subtest: learning plan selectors use the closed primary states and stable slot identities
ok 82 - learning plan selectors use the closed primary states and stable slot identities
  ---
  duration_ms: 0.209917
  type: 'test'
  ...
# Subtest: learning plan editor retry selectors distinguish save from start-existing
ok 83 - learning plan editor retry selectors distinguish save from start-existing
  ---
  duration_ms: 0.060167
  type: 'test'
  ...
# Subtest: notification selectors keep plan slots and closed error states typed
ok 84 - notification selectors keep plan slots and closed error states typed
  ---
  duration_ms: 0.138583
  type: 'test'
  ...
# Subtest: target date guidance selectors expose every closed state and reason
ok 85 - target date guidance selectors expose every closed state and reason
  ---
  duration_ms: 0.375542
  type: 'test'
  ...
# Subtest: Home plan selectors expose every closed unavailable reason
ok 86 - Home plan selectors expose every closed unavailable reason
  ---
  duration_ms: 0.077458
  type: 'test'
  ...
# Subtest: Progress plan selectors expose typed completion, day and unavailable identities
ok 87 - Progress plan selectors expose typed completion, day and unavailable identities
  ---
  duration_ms: 0.110916
  type: 'test'
  ...
1..87
# tests 89
# suites 0
# pass 89
# fail 0
# cancelled 0
# skipped 0
# todo 0
# duration_ms 13564.338458
