TAP version 13
# Subtest: OOD17 frozen bindings cover the eight frozen 19-item payloads
ok 1 - OOD17 frozen bindings cover the eight frozen 19-item payloads
  ---
  duration_ms: 9.622209
  type: 'test'
  ...
# Subtest: OOD17 preserves all 136 accepted N01 source and artifact objects
ok 2 - OOD17 preserves all 136 accepted N01 source and artifact objects
  ---
  duration_ms: 352.218584
  type: 'test'
  ...
# Subtest: OOD17 OOD-N02-B01 source payloads, replacement identities and retired IDs are exact
not ok 3 - OOD17 OOD-N02-B01 source payloads, replacement identities and retired IDs are exact
  ---
  duration_ms: 2.17075
  type: 'test'
  location: '/Users/lukaszkurczab/Desktop/Projects/Patternly/patternly/src/content/bizq01OodNodeClosure17.test.ts:2:7414'
  failureType: 'testCodeFailure'
  error: 'OOD-N02-B01 current source contains ood-n02-b01-i020'
  code: 'ERR_ASSERTION'
  name: 'AssertionError'
  expected: true
  operator: '=='
  stack: |-
    TestContext.<anonymous> (/Users/lukaszkurczab/Desktop/Projects/Patternly/patternly/src/content/bizq01OodNodeClosure17.test.ts:144:14)
    async Test.run (node:internal/test_runner/test:1054:7)
    async Test.processPendingSubtests (node:internal/test_runner/test:744:7)
  ...
# Subtest: OOD17 OOD-N02-B01 real choice scoring, accessibility and submitted feedback follow fixed option IDs
not ok 4 - OOD17 OOD-N02-B01 real choice scoring, accessibility and submitted feedback follow fixed option IDs
  ---
  duration_ms: 0.504667
  type: 'test'
  location: '/Users/lukaszkurczab/Desktop/Projects/Patternly/patternly/src/content/bizq01OodNodeClosure17.test.ts:2:8640'
  failureType: 'testCodeFailure'
  error: 'current artifact contains ood-n02-b01-i020'
  code: 'ERR_ASSERTION'
  name: 'AssertionError'
  expected: true
  operator: '=='
  stack: |-
    TestContext.<anonymous> (/Users/lukaszkurczab/Desktop/Projects/Patternly/patternly/src/content/bizq01OodNodeClosure17.test.ts:157:14)
    async Test.run (node:internal/test_runner/test:1054:7)
    async Test.processPendingSubtests (node:internal/test_runner/test:744:7)
  ...
# Subtest: OOD17 OOD-N02-B02 source payloads, replacement identities and retired IDs are exact
not ok 5 - OOD17 OOD-N02-B02 source payloads, replacement identities and retired IDs are exact
  ---
  duration_ms: 0.67925
  type: 'test'
  location: '/Users/lukaszkurczab/Desktop/Projects/Patternly/patternly/src/content/bizq01OodNodeClosure17.test.ts:2:7414'
  failureType: 'testCodeFailure'
  error: 'OOD-N02-B02 current source contains ood-n02-b02-i020'
  code: 'ERR_ASSERTION'
  name: 'AssertionError'
  expected: true
  operator: '=='
  stack: |-
    TestContext.<anonymous> (/Users/lukaszkurczab/Desktop/Projects/Patternly/patternly/src/content/bizq01OodNodeClosure17.test.ts:144:14)
    async Test.run (node:internal/test_runner/test:1054:7)
    async Test.processPendingSubtests (node:internal/test_runner/test:744:7)
  ...
# Subtest: OOD17 OOD-N02-B02 real choice scoring, accessibility and submitted feedback follow fixed option IDs
not ok 6 - OOD17 OOD-N02-B02 real choice scoring, accessibility and submitted feedback follow fixed option IDs
  ---
  duration_ms: 0.287542
  type: 'test'
  location: '/Users/lukaszkurczab/Desktop/Projects/Patternly/patternly/src/content/bizq01OodNodeClosure17.test.ts:2:8640'
  failureType: 'testCodeFailure'
  error: 'current artifact contains ood-n02-b02-i020'
  code: 'ERR_ASSERTION'
  name: 'AssertionError'
  expected: true
  operator: '=='
  stack: |-
    TestContext.<anonymous> (/Users/lukaszkurczab/Desktop/Projects/Patternly/patternly/src/content/bizq01OodNodeClosure17.test.ts:157:14)
    async Test.run (node:internal/test_runner/test:1054:7)
    async Test.processPendingSubtests (node:internal/test_runner/test:744:7)
  ...
# Subtest: OOD17 OOD-N02-B03 source payloads, replacement identities and retired IDs are exact
not ok 7 - OOD17 OOD-N02-B03 source payloads, replacement identities and retired IDs are exact
  ---
  duration_ms: 0.661625
  type: 'test'
  location: '/Users/lukaszkurczab/Desktop/Projects/Patternly/patternly/src/content/bizq01OodNodeClosure17.test.ts:2:7414'
  failureType: 'testCodeFailure'
  error: 'OOD-N02-B03 current source contains ood-n02-b03-i020'
  code: 'ERR_ASSERTION'
  name: 'AssertionError'
  expected: true
  operator: '=='
  stack: |-
    TestContext.<anonymous> (/Users/lukaszkurczab/Desktop/Projects/Patternly/patternly/src/content/bizq01OodNodeClosure17.test.ts:144:14)
    async Test.run (node:internal/test_runner/test:1054:7)
    async Test.processPendingSubtests (node:internal/test_runner/test:744:7)
  ...
# Subtest: OOD17 OOD-N02-B03 real choice scoring, accessibility and submitted feedback follow fixed option IDs
not ok 8 - OOD17 OOD-N02-B03 real choice scoring, accessibility and submitted feedback follow fixed option IDs
  ---
  duration_ms: 0.27775
  type: 'test'
  location: '/Users/lukaszkurczab/Desktop/Projects/Patternly/patternly/src/content/bizq01OodNodeClosure17.test.ts:2:8640'
  failureType: 'testCodeFailure'
  error: 'current artifact contains ood-n02-b03-i020'
  code: 'ERR_ASSERTION'
  name: 'AssertionError'
  expected: true
  operator: '=='
  stack: |-
    TestContext.<anonymous> (/Users/lukaszkurczab/Desktop/Projects/Patternly/patternly/src/content/bizq01OodNodeClosure17.test.ts:157:14)
    async Test.run (node:internal/test_runner/test:1054:7)
    async Test.processPendingSubtests (node:internal/test_runner/test:744:7)
  ...
# Subtest: OOD17 OOD-N02-B04 source payloads, replacement identities and retired IDs are exact
not ok 9 - OOD17 OOD-N02-B04 source payloads, replacement identities and retired IDs are exact
  ---
  duration_ms: 0.741292
  type: 'test'
  location: '/Users/lukaszkurczab/Desktop/Projects/Patternly/patternly/src/content/bizq01OodNodeClosure17.test.ts:2:7414'
  failureType: 'testCodeFailure'
  error: 'OOD-N02-B04 current source contains ood-n02-b04-i020'
  code: 'ERR_ASSERTION'
  name: 'AssertionError'
  expected: true
  operator: '=='
  stack: |-
    TestContext.<anonymous> (/Users/lukaszkurczab/Desktop/Projects/Patternly/patternly/src/content/bizq01OodNodeClosure17.test.ts:144:14)
    async Test.run (node:internal/test_runner/test:1054:7)
    async Test.processPendingSubtests (node:internal/test_runner/test:744:7)
  ...
# Subtest: OOD17 OOD-N02-B04 real choice scoring, accessibility and submitted feedback follow fixed option IDs
not ok 10 - OOD17 OOD-N02-B04 real choice scoring, accessibility and submitted feedback follow fixed option IDs
  ---
  duration_ms: 0.5465
  type: 'test'
  location: '/Users/lukaszkurczab/Desktop/Projects/Patternly/patternly/src/content/bizq01OodNodeClosure17.test.ts:2:8640'
  failureType: 'testCodeFailure'
  error: 'current artifact contains ood-n02-b04-i020'
  code: 'ERR_ASSERTION'
  name: 'AssertionError'
  expected: true
  operator: '=='
  stack: |-
    TestContext.<anonymous> (/Users/lukaszkurczab/Desktop/Projects/Patternly/patternly/src/content/bizq01OodNodeClosure17.test.ts:157:14)
    async Test.run (node:internal/test_runner/test:1054:7)
    async Test.processPendingSubtests (node:internal/test_runner/test:744:7)
  ...
# Subtest: OOD17 OOD-N02-B05 source payloads, replacement identities and retired IDs are exact
not ok 11 - OOD17 OOD-N02-B05 source payloads, replacement identities and retired IDs are exact
  ---
  duration_ms: 0.8045
  type: 'test'
  location: '/Users/lukaszkurczab/Desktop/Projects/Patternly/patternly/src/content/bizq01OodNodeClosure17.test.ts:2:7414'
  failureType: 'testCodeFailure'
  error: 'OOD-N02-B05 current source contains ood-n02-b05-i020'
  code: 'ERR_ASSERTION'
  name: 'AssertionError'
  expected: true
  operator: '=='
  stack: |-
    TestContext.<anonymous> (/Users/lukaszkurczab/Desktop/Projects/Patternly/patternly/src/content/bizq01OodNodeClosure17.test.ts:144:14)
    async Test.run (node:internal/test_runner/test:1054:7)
    async Test.processPendingSubtests (node:internal/test_runner/test:744:7)
  ...
# Subtest: OOD17 OOD-N02-B05 real choice scoring, accessibility and submitted feedback follow fixed option IDs
not ok 12 - OOD17 OOD-N02-B05 real choice scoring, accessibility and submitted feedback follow fixed option IDs
  ---
  duration_ms: 0.428291
  type: 'test'
  location: '/Users/lukaszkurczab/Desktop/Projects/Patternly/patternly/src/content/bizq01OodNodeClosure17.test.ts:2:8640'
  failureType: 'testCodeFailure'
  error: 'current artifact contains ood-n02-b05-i020'
  code: 'ERR_ASSERTION'
  name: 'AssertionError'
  expected: true
  operator: '=='
  stack: |-
    TestContext.<anonymous> (/Users/lukaszkurczab/Desktop/Projects/Patternly/patternly/src/content/bizq01OodNodeClosure17.test.ts:157:14)
    async Test.run (node:internal/test_runner/test:1054:7)
    async Test.processPendingSubtests (node:internal/test_runner/test:744:7)
  ...
# Subtest: OOD17 OOD-N02-B06 source payloads, replacement identities and retired IDs are exact
not ok 13 - OOD17 OOD-N02-B06 source payloads, replacement identities and retired IDs are exact
  ---
  duration_ms: 0.682875
  type: 'test'
  location: '/Users/lukaszkurczab/Desktop/Projects/Patternly/patternly/src/content/bizq01OodNodeClosure17.test.ts:2:7414'
  failureType: 'testCodeFailure'
  error: 'OOD-N02-B06 current source contains ood-n02-b06-i020'
  code: 'ERR_ASSERTION'
  name: 'AssertionError'
  expected: true
  operator: '=='
  stack: |-
    TestContext.<anonymous> (/Users/lukaszkurczab/Desktop/Projects/Patternly/patternly/src/content/bizq01OodNodeClosure17.test.ts:144:14)
    async Test.run (node:internal/test_runner/test:1054:7)
    async Test.processPendingSubtests (node:internal/test_runner/test:744:7)
  ...
# Subtest: OOD17 OOD-N02-B06 real choice scoring, accessibility and submitted feedback follow fixed option IDs
not ok 14 - OOD17 OOD-N02-B06 real choice scoring, accessibility and submitted feedback follow fixed option IDs
  ---
  duration_ms: 0.337
  type: 'test'
  location: '/Users/lukaszkurczab/Desktop/Projects/Patternly/patternly/src/content/bizq01OodNodeClosure17.test.ts:2:8640'
  failureType: 'testCodeFailure'
  error: 'current artifact contains ood-n02-b06-i020'
  code: 'ERR_ASSERTION'
  name: 'AssertionError'
  expected: true
  operator: '=='
  stack: |-
    TestContext.<anonymous> (/Users/lukaszkurczab/Desktop/Projects/Patternly/patternly/src/content/bizq01OodNodeClosure17.test.ts:157:14)
    async Test.run (node:internal/test_runner/test:1054:7)
    async Test.processPendingSubtests (node:internal/test_runner/test:744:7)
  ...
# Subtest: OOD17 OOD-N02-B07 source payloads, replacement identities and retired IDs are exact
not ok 15 - OOD17 OOD-N02-B07 source payloads, replacement identities and retired IDs are exact
  ---
  duration_ms: 0.661709
  type: 'test'
  location: '/Users/lukaszkurczab/Desktop/Projects/Patternly/patternly/src/content/bizq01OodNodeClosure17.test.ts:2:7414'
  failureType: 'testCodeFailure'
  error: 'OOD-N02-B07 current source contains ood-n02-b07-i020'
  code: 'ERR_ASSERTION'
  name: 'AssertionError'
  expected: true
  operator: '=='
  stack: |-
    TestContext.<anonymous> (/Users/lukaszkurczab/Desktop/Projects/Patternly/patternly/src/content/bizq01OodNodeClosure17.test.ts:144:14)
    async Test.run (node:internal/test_runner/test:1054:7)
    async Test.processPendingSubtests (node:internal/test_runner/test:744:7)
  ...
# Subtest: OOD17 OOD-N02-B07 real choice scoring, accessibility and submitted feedback follow fixed option IDs
not ok 16 - OOD17 OOD-N02-B07 real choice scoring, accessibility and submitted feedback follow fixed option IDs
  ---
  duration_ms: 0.344833
  type: 'test'
  location: '/Users/lukaszkurczab/Desktop/Projects/Patternly/patternly/src/content/bizq01OodNodeClosure17.test.ts:2:8640'
  failureType: 'testCodeFailure'
  error: 'current artifact contains ood-n02-b07-i020'
  code: 'ERR_ASSERTION'
  name: 'AssertionError'
  expected: true
  operator: '=='
  stack: |-
    TestContext.<anonymous> (/Users/lukaszkurczab/Desktop/Projects/Patternly/patternly/src/content/bizq01OodNodeClosure17.test.ts:157:14)
    async Test.run (node:internal/test_runner/test:1054:7)
    async Test.processPendingSubtests (node:internal/test_runner/test:744:7)
  ...
# Subtest: OOD17 OOD-N02-B08 source payloads, replacement identities and retired IDs are exact
not ok 17 - OOD17 OOD-N02-B08 source payloads, replacement identities and retired IDs are exact
  ---
  duration_ms: 0.672792
  type: 'test'
  location: '/Users/lukaszkurczab/Desktop/Projects/Patternly/patternly/src/content/bizq01OodNodeClosure17.test.ts:2:7414'
  failureType: 'testCodeFailure'
  error: 'OOD-N02-B08 current source contains ood-n02-b08-i020'
  code: 'ERR_ASSERTION'
  name: 'AssertionError'
  expected: true
  operator: '=='
  stack: |-
    TestContext.<anonymous> (/Users/lukaszkurczab/Desktop/Projects/Patternly/patternly/src/content/bizq01OodNodeClosure17.test.ts:144:14)
    async Test.run (node:internal/test_runner/test:1054:7)
    async Test.processPendingSubtests (node:internal/test_runner/test:744:7)
  ...
# Subtest: OOD17 OOD-N02-B08 real choice scoring, accessibility and submitted feedback follow fixed option IDs
not ok 18 - OOD17 OOD-N02-B08 real choice scoring, accessibility and submitted feedback follow fixed option IDs
  ---
  duration_ms: 0.331541
  type: 'test'
  location: '/Users/lukaszkurczab/Desktop/Projects/Patternly/patternly/src/content/bizq01OodNodeClosure17.test.ts:2:8640'
  failureType: 'testCodeFailure'
  error: 'current artifact contains ood-n02-b08-i020'
  code: 'ERR_ASSERTION'
  name: 'AssertionError'
  expected: true
  operator: '=='
  stack: |-
    TestContext.<anonymous> (/Users/lukaszkurczab/Desktop/Projects/Patternly/patternly/src/content/bizq01OodNodeClosure17.test.ts:157:14)
    async Test.run (node:internal/test_runner/test:1054:7)
    async Test.processPendingSubtests (node:internal/test_runner/test:744:7)
  ...
# Subtest: OOD17 N02 source quality does not widen the three ordinary N01 mode pools
ok 19 - OOD17 N02 source quality does not widen the three ordinary N01 mode pools
  ---
  duration_ms: 0.383458
  type: 'test'
  ...
1..19
# tests 19
# suites 0
# pass 3
# fail 16
# cancelled 0
# skipped 0
# todo 0
# duration_ms 953.021292
