TAP version 13
# Subtest: accepts the fixed 119-item package and reconstructs the immutable v13→12→11 predecessor chain
ok 1 - accepts the fixed 119-item package and reconstructs the immutable v13→12→11 predecessor chain
  ---
  duration_ms: 3200.924834
  type: 'test'
  ...
# Subtest: validates, scores, and binds targeted feedback for every replacement option
ok 2 - validates, scores, and binds targeted feedback for every replacement option
  ---
  duration_ms: 16.56525
  type: 'test'
  ...
# Subtest: requires every fixed OOD generation proof in the v16 predecessor chain
ok 3 - requires every fixed OOD generation proof in the v16 predecessor chain
  ---
  duration_ms: 3673.820917
  type: 'test'
  ...
# Subtest: rejects changed identities, hashes, object bindings, membership, and unsupported fields
ok 4 - rejects changed identities, hashes, object bindings, membership, and unsupported fields
  ---
  duration_ms: 8123.291958
  type: 'test'
  ...
# Subtest: rejects changed canonical source membership and unsupported catalog versions
ok 5 - rejects changed canonical source membership and unsupported catalog versions
  ---
  duration_ms: 1669.977666
  type: 'test'
  ...
# Subtest: rejects a symlinked fixed proof path
ok 6 - rejects a symlinked fixed proof path
  ---
  duration_ms: 524.425834
  type: 'test'
  ...
# Subtest: rejects a symlinked current source path
ok 7 - rejects a symlinked current source path
  ---
  duration_ms: 328.431042
  type: 'test'
  ...
# Subtest: accepts the exact OOD source11 replacement and retains historical inventory
ok 8 - accepts the exact OOD source11 replacement and retains historical inventory
  ---
  duration_ms: 2958.323959
  type: 'test'
  ...
# Subtest: replacement uses the authored single-choice scoring and feedback contract
ok 9 - replacement uses the authored single-choice scoring and feedback contract
  ---
  duration_ms: 31.722958
  type: 'test'
  ...
# Subtest: rejects the replacement when its fixed proof is absent
ok 10 - rejects the replacement when its fixed proof is absent
  ---
  duration_ms: 1616.793375
  type: 'test'
  ...
# Subtest: rejects a tampered frozen question and a changed current replacement
ok 11 - rejects a tampered frozen question and a changed current replacement
  ---
  duration_ms: 1573.118875
  type: 'test'
  ...
# Subtest: rejects stale catalog or track hashes, duplicate mappings, and an absent new item
ok 12 - rejects stale catalog or track hashes, duplicate mappings, and an absent new item
  ---
  duration_ms: 3783.006542
  type: 'test'
  ...
# Subtest: rejects changes to an unaffected OOD item and unapproved proof fields
ok 13 - rejects changes to an unaffected OOD item and unapproved proof fields
  ---
  duration_ms: 2344.395875
  type: 'test'
  ...
# Subtest: rejects an unapproved proof source path and a physically relocated source file
ok 14 - rejects an unapproved proof source path and a physically relocated source file
  ---
  duration_ms: 1058.589584
  type: 'test'
  ...
# Subtest: validates the exact source12 fixture and preserves its source11 predecessor
ok 15 - validates the exact source12 fixture and preserves its source11 predecessor
  ---
  duration_ms: 2996.746
  type: 'test'
  ...
# Subtest: source12 question validates, scores all options, and supplies authored wrong-option feedback
ok 16 - source12 question validates, scores all options, and supplies authored wrong-option feedback
  ---
  duration_ms: 1.636416
  type: 'test'
  ...
# Subtest: source12 cannot fall back when either fixed generation proof is absent
ok 17 - source12 cannot fall back when either fixed generation proof is absent
  ---
  duration_ms: 1807.535542
  type: 'test'
  ...
# Subtest: rejects tampered current content, predecessor proof, and source identity
ok 18 - rejects tampered current content, predecessor proof, and source identity
  ---
  duration_ms: 2236.423459
  type: 'test'
  ...
# Subtest: rejects unreviewed successor proof identity, hashes, paths, and fields
ok 19 - rejects unreviewed successor proof identity, hashes, paths, and fields
  ---
  duration_ms: 3874.168667
  type: 'test'
  ...
# Subtest: rejects a changed unrelated OOD source item instead of reconstructing around it
ok 20 - rejects a changed unrelated OOD source item instead of reconstructing around it
  ---
  duration_ms: 747.199792
  type: 'test'
  ...
# Subtest: rejects a symlinked current source before following it
ok 21 - rejects a symlinked current source before following it
  ---
  duration_ms: 487.106459
  type: 'test'
  ...
# Subtest: validates the fixed source13 cohort and reconstructs immutable source12 and source11 predecessors
ok 22 - validates the fixed source13 cohort and reconstructs immutable source12 and source11 predecessors
  ---
  duration_ms: 3083.021542
  type: 'test'
  ...
# Subtest: all fifteen new questions validate, score each option, and bind authored feedback to every distractor
ok 23 - all fifteen new questions validate, score each option, and bind authored feedback to every distractor
  ---
  duration_ms: 2.061792
  type: 'test'
  ...
# Subtest: requires the source13 proof and rejects modified cohort bindings and historical predecessor evidence
ok 24 - requires the source13 proof and rejects modified cohort bindings and historical predecessor evidence
  ---
  duration_ms: 3385.489667
  type: 'test'
  ...
# Subtest: source13 directly requires both historical proofs and rejects changed, missing, or duplicate cohort membership
ok 25 - source13 directly requires both historical proofs and rejects changed, missing, or duplicate cohort membership
  ---
  duration_ms: 6022.130333
  type: 'test'
  ...
# Subtest: rejects unreviewed cohort fields, unrelated source changes, and symlinked source paths
ok 26 - rejects unreviewed cohort fields, unrelated source changes, and symlinked source paths
  ---
  duration_ms: 1654.705166
  type: 'test'
  ...
1..26
# tests 26
# suites 0
# pass 26
# fail 0
# cancelled 0
# skipped 0
# todo 0
# duration_ms 17684.594708
