Independent N09 v2 semantic review execution evidence
Date: 2026-10-05
Working tree: /Users/lukaszkurczab/Desktop/Projects/Patternly

Frozen inputs verified by SHA-256:
- N09-B02-v2.json 9765d3cdc2f9f5c2d0ef9425236d9368d880aaaf4d28dfeca3a5e1902cbeb8ab
- N09-B03-v2.json cd50cda18d98f92d335366abd6a57170d11863ef3b541f0b3246990668ef9fef
- N09-B04-v2.json 4d5a76202d6cd470c2de5516b03fa35c3c4ee6aaed3fb2ae52770afa12cfbf8c
- N08-N09-MANIFEST.json 0551c85ba24cfad5498425c14aae207b31ef9ec021c81b9ba489b37170e80612
- N08-N09-CONTRACT.json 6119adeddae7817f45c28dac286900619cc559ab588b544bf3e8c5365e106c27
- docs/07-content-guidelines.md 00c20d8c74d8e4dfec3ffb9211865642a5ae72d218bdd7473b8f41e52bfa5471

Actual source raw-byte SHA-256 matched manifest for all three units:
- OOD-N09-B02.json 1ad58972db7ace473962f55b9de363f17732f3c61f6535c5e6c21cf9068b2ac9
- OOD-N09-B03.json cf1bb509ae2152a1a7f5f57a69198390bbb29ad4a25e73c63030d408bfc82da3
- OOD-N09-B04.json b4745d158a64be2e4e2a9b90be82729bebb1037333369d0f499e8d6b2b1cb55e

Ran /private/tmp/check_n09_units.mjs using the actual exports validateQuestion and scoreQuestion from patternly-content/scripts/content/question-contract.mjs.
Results per unit: 18/18 valid; zero validation errors; 180 option scoring probes (all five choices in original and reversed order) with zero score mismatches; 72 wrong-option message records with stable targets.

Manual whole-object review read all 54 frozen v2 objects and their exact manifest-bound before objects. N09-B02: all 72 messages contain malformed generated prompt text; REVISE. N09-B03: all 72 prior exact-option-echo messages are replaced by option-specific scenario reasoning; PASS, reusing unchanged v1 content/identity findings. N09-B04: i008 now states active-only eligibility and supports its key; five wrong-option messages for i008/i009/i012/i014/i018 are misdiagnosed as stubs although the targeted options do not describe stubs; REVISE those objects. Current and before whole-object fingerprints and every item disposition are in SEMANTIC-N09-B02-v2-QA.json, SEMANTIC-N09-B03-v2-QA.json, and SEMANTIC-N09-B04-v2-QA.json.

Final report SHA-256:
- B02 Markdown 29bc5888c402ece2885c73d3466248b278bdd0faf205889af38f2f7940ecefbb; JSON c0f49520fe58bd89a39c766f8b55405e802a9868891b8d38b59c1c52d9c1b1f5
- B03 Markdown e389c3eddec79b4dcca0486fe575b4f6453e317868034c1fb465dce30d53f6c2; JSON 161a000f00a6103aabf7c1c7bd0942314741c3fbe80eeb3f8a00b31ba2f34ae5
- B04 Markdown 738f2f9275112cdd3b01e6d6d71fe8519922c4fc8ebd9b91b05cbc3c06d99f47; JSON 1ecb7869184131784c9b82115d9b1105b6f83919f1592ad970d48d601d0938c9
