TAP version 13
# Subtest: OOD21 producer proof binds the frozen 153-item same-ID map and exact source files
ok 1 - OOD21 producer proof binds the frozen 153-item same-ID map and exact source files
  ---
  duration_ms: 105.414542
  type: 'test'
  ...
# Subtest: OOD21 loaded runtime matches every fixed same-ID question object
ok 2 - OOD21 loaded runtime matches every fixed same-ID question object
  ---
  duration_ms: 1084.252208
  type: 'test'
  ...
# Subtest: OOD21 scoring, option-order reversal, feedback targets and pre-answer view use fixed IDs
ok 3 - OOD21 scoring, option-order reversal, feedback targets and pre-answer view use fixed IDs
  ---
  duration_ms: 30.858375
  type: 'test'
  ...
# Subtest: OOD21 preserves accepted N01-N04 node counts and the exact ordinary N01 pools
ok 4 - OOD21 preserves accepted N01-N04 node counts and the exact ordinary N01 pools
  ---
  duration_ms: 19.279792
  type: 'test'
  ...
# Subtest: OOD22 producer proof binds the frozen 180-item same-ID map and exact source files
ok 5 - OOD22 producer proof binds the frozen 180-item same-ID map and exact source files
  ---
  duration_ms: 124.233833
  type: 'test'
  ...
# Subtest: OOD22 loaded runtime matches every fixed same-ID question object
ok 6 - OOD22 loaded runtime matches every fixed same-ID question object
  ---
  duration_ms: 1174.768209
  type: 'test'
  ...
# Subtest: OOD22 scoring, option-order reversal, feedback targets and pre-answer view use fixed IDs
ok 7 - OOD22 scoring, option-order reversal, feedback targets and pre-answer view use fixed IDs
  ---
  duration_ms: 33.14825
  type: 'test'
  ...
# Subtest: OOD22 preserves accepted N01-N05 node counts and the exact ordinary N01 pools
ok 8 - OOD22 preserves accepted N01-N05 node counts and the exact ordinary N01 pools
  ---
  duration_ms: 19.984958
  type: 'test'
  ...
# Subtest: OOD23 producer proof binds the frozen 144-item mixed identity map and exact source files
ok 9 - OOD23 producer proof binds the frozen 144-item mixed identity map and exact source files
  ---
  duration_ms: 102.154542
  type: 'test'
  ...
# Subtest: OOD23 loaded runtime matches every fixed reviewed question object
ok 10 - OOD23 loaded runtime matches every fixed reviewed question object
  ---
  duration_ms: 1233.205375
  type: 'test'
  ...
# Subtest: OOD23 scoring, option-order reversal, feedback targets and pre-answer view use fixed IDs
ok 11 - OOD23 scoring, option-order reversal, feedback targets and pre-answer view use fixed IDs
  ---
  duration_ms: 26.704458
  type: 'test'
  ...
# Subtest: OOD23 preserves accepted N01-N06 node counts and the exact ordinary N01 pools
ok 12 - OOD23 preserves accepted N01-N06 node counts and the exact ordinary N01 pools
  ---
  duration_ms: 15.902083
  type: 'test'
  ...
# Subtest: OOD24 producer proof binds the frozen 324-item mixed identity map and exact source files
ok 13 - OOD24 producer proof binds the frozen 324-item mixed identity map and exact source files
  ---
  duration_ms: 154.399209
  type: 'test'
  ...
# Subtest: OOD24 loaded runtime matches every fixed reviewed question object
ok 14 - OOD24 loaded runtime matches every fixed reviewed question object
  ---
  duration_ms: 1233.523458
  type: 'test'
  ...
# Subtest: OOD24 scoring, option-order reversal, feedback targets and pre-answer view use fixed IDs
ok 15 - OOD24 scoring, option-order reversal, feedback targets and pre-answer view use fixed IDs
  ---
  duration_ms: 69.260292
  type: 'test'
  ...
# Subtest: OOD24 preserves all 1089 accepted N01-N07 objects and the exact ordinary N01 pools
ok 16 - OOD24 preserves all 1089 accepted N01-N07 objects and the exact ordinary N01 pools
  ---
  duration_ms: 97.792125
  type: 'test'
  ...
# Subtest: runtime admission resolves the exact candidate lock for every canonical launch track
ok 17 - runtime admission resolves the exact candidate lock for every canonical launch track
  ---
  duration_ms: 1086.6965
  type: 'test'
  ...
1..17
# tests 17
# suites 0
# pass 17
# fail 0
# cancelled 0
# skipped 0
# todo 0
# duration_ms 2657.039
