TAP version 13
# Subtest: admission binds verified local publishing bytes, app lock, and runtime test
ok 1 - admission binds verified local publishing bytes, app lock, and runtime test
  ---
  duration_ms: 293.356709
  type: 'test'
  ...
# Subtest: committed admission and runtime evidence remain hash-bound
ok 2 - committed admission and runtime evidence remain hash-bound
  ---
  duration_ms: 4.771125
  type: 'test'
  ...
# Subtest: release gate verifies exact decision-bound evidence and requires separate admission
ok 3 - release gate verifies exact decision-bound evidence and requires separate admission
  ---
  duration_ms: 1274.284375
  type: 'test'
  ...
# Subtest: release gate accepts the exact v3 admission without mutating readiness v2
ok 4 - release gate accepts the exact v3 admission without mutating readiness v2
  ---
  duration_ms: 1153.667916
  type: 'test'
  ...
# Subtest: bundled Free-node control validates pinned source items and bounds decompression
ok 5 - bundled Free-node control validates pinned source items and bounds decompression
  ---
  duration_ms: 5244.204584
  type: 'test'
  ...
# Subtest: Free-node acceptance evidence rejects authority changes and unsupported fields
ok 6 - Free-node acceptance evidence rejects authority changes and unsupported fields
  ---
  duration_ms: 9.64475
  type: 'test'
  ...
# Subtest: workflow contract rebuilds v2 evidence and release gate without legacy publisher or deployment commands
ok 7 - workflow contract rebuilds v2 evidence and release gate without legacy publisher or deployment commands
  ---
  duration_ms: 1.655958
  type: 'test'
  ...
1..7
# tests 7
# suites 0
# pass 7
# fail 0
# cancelled 0
# skipped 0
# todo 0
# duration_ms 7876.434125
