TAP version 13
# Subtest: OOD24 producer proof binds the frozen 324-item mixed identity map and exact source files
not ok 1 - OOD24 producer proof binds the frozen 324-item mixed identity map and exact source files
  ---
  duration_ms: 29.101125
  type: 'test'
  location: '/Users/lukaszkurczab/Desktop/Projects/Patternly/patternly/src/content/bizq01OodNodeClosure24.test.ts:2:5447'
  failureType: 'testCodeFailure'
  error: "ENOENT: no such file or directory, open '/Users/lukaszkurczab/Desktop/Projects/Patternly/patternly-content/evidence/business-quality/bizq-01-ood-node-closure-24.json'"
  code: 'ENOENT'
  stack: |-
    Object.openSync (node:fs:560:18)
    readFileSync (node:fs:444:35)
    readProof (/Users/lukaszkurczab/Desktop/Projects/Patternly/patternly/src/content/bizq01OodNodeClosure24.test.ts:117:17)
    TestContext.<anonymous> (/Users/lukaszkurczab/Desktop/Projects/Patternly/patternly/src/content/bizq01OodNodeClosure24.test.ts:131:17)
    Test.runInAsyncScope (node:async_hooks:214:14)
    Test.run (node:internal/test_runner/test:1047:25)
    Test.start (node:internal/test_runner/test:944:17)
    startSubtestAfterBootstrap (node:internal/test_runner/harness:296:17)
  ...
# Subtest: OOD24 loaded runtime matches every fixed reviewed question object
not ok 2 - OOD24 loaded runtime matches every fixed reviewed question object
  ---
  duration_ms: 515.745708
  type: 'test'
  location: '/Users/lukaszkurczab/Desktop/Projects/Patternly/patternly/src/content/bizq01OodNodeClosure24.test.ts:2:7749'
  failureType: 'testCodeFailure'
  error: |-
    Expected values to be strictly equal:
    + actual - expected
    
    + 'object-oriented-design-interview-authoring-v2026.10.05-bizq01-23'
    - 'object-oriented-design-interview-authoring-v2026.10.05-bizq01-24'
    
  code: 'ERR_ASSERTION'
  name: 'AssertionError'
  expected: 'object-oriented-design-interview-authoring-v2026.10.05-bizq01-24'
  actual: 'object-oriented-design-interview-authoring-v2026.10.05-bizq01-23'
  operator: 'strictEqual'
  stack: |-
    TestContext.<anonymous> (/Users/lukaszkurczab/Desktop/Projects/Patternly/patternly/src/content/bizq01OodNodeClosure24.test.ts:167:10)
    async Test.run (node:internal/test_runner/test:1054:7)
    async Test.processPendingSubtests (node:internal/test_runner/test:744:7)
  ...
# Subtest: OOD24 scoring, option-order reversal, feedback targets and pre-answer view use fixed IDs
ok 3 - OOD24 scoring, option-order reversal, feedback targets and pre-answer view use fixed IDs
  ---
  duration_ms: 36.170292
  type: 'test'
  ...
# Subtest: OOD24 preserves all 1089 accepted N01-N07 objects and the exact ordinary N01 pools
ok 4 - OOD24 preserves all 1089 accepted N01-N07 objects and the exact ordinary N01 pools
  ---
  duration_ms: 60.685167
  type: 'test'
  ...
1..4
# tests 4
# suites 0
# pass 2
# fail 2
# cancelled 0
# skipped 0
# todo 0
# duration_ms 1526.657792
