TAP version 13
# Subtest: object-oriented-design-interview actual practice facade presents persisted choice order across submit and memory rebind
not ok 1 - object-oriented-design-interview actual practice facade presents persisted choice order across submit and memory rebind
  ---
  duration_ms: 605.549208
  type: 'test'
  location: '/Users/lukaszkurczab/Desktop/Projects/Patternly/patternly/src/application/canonical/canonicalPracticeChoiceOrderProjection.test.ts:2:2495'
  failureType: 'testCodeFailure'
  error: |-
    Actual facade and production UI adapter must consume saved occurrence order
    + actual - expected
    
      [
    +   'operator_requests_reservation',
    -   'storage_subject',
        'overlap_checker_actor',
    -   'operator_requests_reservation',
        'meter_actor',
        'relay_actor',
    +   'storage_subject'
      ]
    
  code: 'ERR_ASSERTION'
  name: 'AssertionError'
  expected:
    0: 'storage_subject'
    1: 'overlap_checker_actor'
    2: 'operator_requests_reservation'
    3: 'meter_actor'
    4: 'relay_actor'
  actual:
    0: 'operator_requests_reservation'
    1: 'overlap_checker_actor'
    2: 'meter_actor'
    3: 'relay_actor'
    4: 'storage_subject'
  operator: 'deepStrictEqual'
  stack: |-
    TestContext.<anonymous> (/Users/lukaszkurczab/Desktop/Projects/Patternly/patternly/src/application/canonical/canonicalPracticeChoiceOrderProjection.test.ts:54:12)
    async Test.run (node:internal/test_runner/test:1054:7)
    async startSubtestAfterBootstrap (node:internal/test_runner/harness:296:3)
  ...
# Subtest: google-cloud-associate-cloud-engineer actual practice facade presents persisted choice order across submit and memory rebind
not ok 2 - google-cloud-associate-cloud-engineer actual practice facade presents persisted choice order across submit and memory rebind
  ---
  duration_ms: 4.191708
  type: 'test'
  location: '/Users/lukaszkurczab/Desktop/Projects/Patternly/patternly/src/application/canonical/canonicalPracticeChoiceOrderProjection.test.ts:2:2495'
  failureType: 'testCodeFailure'
  error: |-
    Actual facade and production UI adapter must consume saved occurrence order
    + actual - expected
    
      [
    +   'A',
    +   'B',
        'C',
    -   'B',
    -   'A',
        'D'
      ]
    
  code: 'ERR_ASSERTION'
  name: 'AssertionError'
  expected:
    0: 'C'
    1: 'B'
    2: 'A'
    3: 'D'
  actual:
    0: 'A'
    1: 'B'
    2: 'C'
    3: 'D'
  operator: 'deepStrictEqual'
  stack: |-
    TestContext.<anonymous> (/Users/lukaszkurczab/Desktop/Projects/Patternly/patternly/src/application/canonical/canonicalPracticeChoiceOrderProjection.test.ts:54:12)
    async Test.run (node:internal/test_runner/test:1054:7)
    async Test.processPendingSubtests (node:internal/test_runner/test:744:7)
  ...
1..2
# tests 2
# suites 0
# pass 0
# fail 2
# cancelled 0
# skipped 0
# todo 0
# duration_ms 1343.930917
