TAP version 13
# Subtest: object-oriented-design-interview actual practice facade presents persisted choice order across submit and memory rebind
ok 1 - object-oriented-design-interview actual practice facade presents persisted choice order across submit and memory rebind
  ---
  duration_ms: 625.932709
  type: 'test'
  ...
# Subtest: google-cloud-associate-cloud-engineer actual practice facade presents persisted choice order across submit and memory rebind
ok 2 - google-cloud-associate-cloud-engineer actual practice facade presents persisted choice order across submit and memory rebind
  ---
  duration_ms: 19.477708
  type: 'test'
  ...
# Subtest: saved-order projection preserves ID scoring and feedback for actual single/multiple choices and rejects invalid plans
ok 3 - saved-order projection preserves ID scoring and feedback for actual single/multiple choices and rejects invalid plans
  ---
  duration_ms: 1.791166
  type: 'test'
  ...
# Subtest: non-choice projection retains the exact declared order and source object
ok 4 - non-choice projection retains the exact declared order and source object
  ---
  duration_ms: 1.5125
  type: 'test'
  ...
1..4
# tests 4
# suites 0
# pass 4
# fail 0
# cancelled 0
# skipped 0
# todo 0
# duration_ms 1361.636333
