TAP version 13
# Subtest: all 440 actual multiple-choice items reject every wrong-containing subset independently of oracle parity
ok 1 - all 440 actual multiple-choice items reject every wrong-containing subset independently of oracle parity
  ---
  duration_ms: 299.090917
  type: 'test'
  ...
# Subtest: actual practice runtime writes zero-point incorrect attempt/review, survives repository rebind and preserves authored feedback
ok 2 - actual practice runtime writes zero-point incorrect attempt/review, survives repository rebind and preserves authored feedback
  ---
  duration_ms: 44.158625
  type: 'test'
  ...
# Subtest: actual Coding Mock simulation finalization records wrong-containing response as incorrect zero, preserving other answers
ok 3 - actual Coding Mock simulation finalization records wrong-containing response as incorrect zero, preserving other answers
  ---
  duration_ms: 3.286792
  type: 'test'
  ...
1..3
# tests 3
# suites 0
# pass 3
# fail 0
# cancelled 0
# skipped 0
# todo 0
# duration_ms 1094.021583
