TAP version 13
# Subtest: Progress week counts durable completed sessions, not distinct answers or earlier sessions
not ok 1 - Progress week counts durable completed sessions, not distinct answers or earlier sessions
  ---
  duration_ms: 324.966167
  type: 'test'
  location: '/Users/lukaszkurczab/Desktop/Projects/Patternly/patternly/src/application/weeklyActivityIntegration.test.ts:2:3412'
  failureType: 'testCodeFailure'
  error: 'trackId is not defined'
  code: 'ERR_TEST_FAILURE'
  name: 'ReferenceError'
  stack: |-
    recordAnswers (/Users/lukaszkurczab/Desktop/Projects/Patternly/patternly/src/application/weeklyActivityIntegration.test.ts:35:50)
    TestContext.<anonymous> (/Users/lukaszkurczab/Desktop/Projects/Patternly/patternly/src/application/weeklyActivityIntegration.test.ts:43:9)
    async Test.run (node:internal/test_runner/test:1054:7)
    async startSubtestAfterBootstrap (node:internal/test_runner/harness:296:3)
  ...
# Subtest: A durable completed session without answers remains one completed session
ok 2 - A durable completed session without answers remains one completed session
  ---
  duration_ms: 8.8765
  type: 'test'
  ...
# Subtest: all nine tracks and all three Progress branches use the same durable weekly session facts
ok 3 - all nine tracks and all three Progress branches use the same durable weekly session facts
  ---
  duration_ms: 281.719917
  type: 'test'
  ...
# Subtest: active answers, abandoned activity, prior-week and future sessions never become completed this week
not ok 4 - active answers, abandoned activity, prior-week and future sessions never become completed this week
  ---
  duration_ms: 0.313292
  type: 'test'
  location: '/Users/lukaszkurczab/Desktop/Projects/Patternly/patternly/src/application/weeklyActivityIntegration.test.ts:2:6245'
  failureType: 'testCodeFailure'
  error: 'trackId is not defined'
  code: 'ERR_TEST_FAILURE'
  name: 'ReferenceError'
  stack: |-
    recordAnswers (/Users/lukaszkurczab/Desktop/Projects/Patternly/patternly/src/application/weeklyActivityIntegration.test.ts:35:50)
    TestContext.<anonymous> (/Users/lukaszkurczab/Desktop/Projects/Patternly/patternly/src/application/weeklyActivityIntegration.test.ts:80:9)
    async Test.run (node:internal/test_runner/test:1054:7)
    async Test.processPendingSubtests (node:internal/test_runner/test:744:7)
  ...
# Subtest: Monday is a civil boundary in the supplied zone, independent of elapsed DST hours
not ok 5 - Monday is a civil boundary in the supplied zone, independent of elapsed DST hours
  ---
  duration_ms: 2.077792
  type: 'test'
  location: '/Users/lukaszkurczab/Desktop/Projects/Patternly/patternly/src/application/weeklyActivityIntegration.test.ts:2:6934'
  failureType: 'testCodeFailure'
  error: |-
    Expected values to be strictly equal:

    1 !== 0

  code: 'ERR_ASSERTION'
  name: 'AssertionError'
  expected: 0
  actual: 1
  operator: 'strictEqual'
  stack: |-
    TestContext.<anonymous> (/Users/lukaszkurczab/Desktop/Projects/Patternly/patternly/src/application/weeklyActivityIntegration.test.ts:93:10)
    async Test.run (node:internal/test_runner/test:1054:7)
    async Test.processPendingSubtests (node:internal/test_runner/test:744:7)
  ...
# Subtest: history remains activity across valid content versions, and duplicate session IDs count once or fail conflict
not ok 6 - history remains activity across valid content versions, and duplicate session IDs count once or fail conflict
  ---
  duration_ms: 0.28075
  type: 'test'
  location: '/Users/lukaszkurczab/Desktop/Projects/Patternly/patternly/src/application/weeklyActivityIntegration.test.ts:2:8085'
  failureType: 'testCodeFailure'
  error: 'Terminal session historic-package is immutable.'
  code: 'ERR_TEST_FAILURE'
  stack: |-
    saveTrainingSession (/Users/lukaszkurczab/Desktop/Projects/Patternly/patternly/src/storage/repositories/trainingSessionRepository.ts:25:71)
    async TestContext.<anonymous> (/Users/lukaszkurczab/Desktop/Projects/Patternly/patternly/src/application/weeklyActivityIntegration.test.ts:108:3)
    async Test.run (node:internal/test_runner/test:1054:7)
    async Test.processPendingSubtests (node:internal/test_runner/test:744:7)
  ...
# Subtest: invalid calendar facts stay explicitly unavailable, and corrupt repository data is never zero activity
ok 7 - invalid calendar facts stay explicitly unavailable, and corrupt repository data is never zero activity
  ---
  duration_ms: 6.442042
  type: 'test'
  ...
# Subtest: weekly title plural forms are rendered by the actual translator in all seven locales
ok 8 - weekly title plural forms are rendered by the actual translator in all seven locales
  ---
  duration_ms: 7.560833
  type: 'test'
  ...
1..8
# tests 8
# suites 0
# pass 4
# fail 4
# cancelled 0
# skipped 0
# todo 0
# duration_ms 1188.081
