TAP version 13
# Subtest: Progress week counts durable completed sessions, not distinct answers or earlier sessions
not ok 1 - Progress week counts durable completed sessions, not distinct answers or earlier sessions
  ---
  duration_ms: 328.827
  type: 'test'
  location: '/Users/lukaszkurczab/Desktop/Projects/Patternly/patternly/src/application/weeklyActivityIntegration.test.ts:2:3183'
  failureType: 'testCodeFailure'
  error: |-
    Expected values to be strictly equal:

    3 !== 1

  code: 'ERR_ASSERTION'
  name: 'AssertionError'
  expected: 1
  actual: 3
  operator: 'strictEqual'
  stack: |-
    TestContext.<anonymous> (/Users/lukaszkurczab/Desktop/Projects/Patternly/patternly/src/application/weeklyActivityIntegration.test.ts:43:10)
    async Test.run (node:internal/test_runner/test:1054:7)
    async startSubtestAfterBootstrap (node:internal/test_runner/harness:296:3)
  ...
# Subtest: A durable completed session without answers remains one completed session
not ok 2 - A durable completed session without answers remains one completed session
  ---
  duration_ms: 2.20425
  type: 'test'
  location: '/Users/lukaszkurczab/Desktop/Projects/Patternly/patternly/src/application/weeklyActivityIntegration.test.ts:2:3892'
  failureType: 'testCodeFailure'
  error: |-
    Expected values to be strictly equal:

    0 !== 1

  code: 'ERR_ASSERTION'
  name: 'AssertionError'
  expected: 1
  actual: 0
  operator: 'strictEqual'
  stack: |-
    TestContext.<anonymous> (/Users/lukaszkurczab/Desktop/Projects/Patternly/patternly/src/application/weeklyActivityIntegration.test.ts:49:10)
    async Test.run (node:internal/test_runner/test:1054:7)
    async Test.processPendingSubtests (node:internal/test_runner/test:744:7)
  ...
1..2
# tests 2
# suites 0
# pass 0
# fail 2
# cancelled 0
# skipped 0
# todo 0
# duration_ms 840.570916
