TAP version 13
# Subtest: Progress week counts durable completed sessions, not distinct answers or earlier sessions
not ok 1 - Progress week counts durable completed sessions, not distinct answers or earlier sessions
  ---
  duration_ms: 325.694125
  type: 'test'
  location: '/Users/lukaszkurczab/Desktop/Projects/Patternly/patternly/src/application/weeklyActivityIntegration.test.ts:2:3160'
  failureType: 'testCodeFailure'
  error: 'A completed session must remain positioned at its final item.'
  code: 'ERR_TEST_FAILURE'
  name: 'InvalidTrainingSessionError'
  stack: |-
    createTrainingSession (/Users/lukaszkurczab/Desktop/Projects/Patternly/patternly/src/domain/learning/trainingSession.ts:90:11)
    durableSession (/Users/lukaszkurczab/Desktop/Projects/Patternly/patternly/src/application/weeklyActivityIntegration.test.ts:18:19)
    async TestContext.<anonymous> (/Users/lukaszkurczab/Desktop/Projects/Patternly/patternly/src/application/weeklyActivityIntegration.test.ts:38:19)
    async Test.run (node:internal/test_runner/test:1054:7)
    async startSubtestAfterBootstrap (node:internal/test_runner/harness:296:3)
  ...
# Subtest: A durable completed session without answers remains one completed session
not ok 2 - A durable completed session without answers remains one completed session
  ---
  duration_ms: 0.171916
  type: 'test'
  location: '/Users/lukaszkurczab/Desktop/Projects/Patternly/patternly/src/application/weeklyActivityIntegration.test.ts:2:3869'
  failureType: 'testCodeFailure'
  error: 'A completed session must remain positioned at its final item.'
  code: 'ERR_TEST_FAILURE'
  name: 'InvalidTrainingSessionError'
  stack: |-
    createTrainingSession (/Users/lukaszkurczab/Desktop/Projects/Patternly/patternly/src/domain/learning/trainingSession.ts:90:11)
    durableSession (/Users/lukaszkurczab/Desktop/Projects/Patternly/patternly/src/application/weeklyActivityIntegration.test.ts:18:19)
    async TestContext.<anonymous> (/Users/lukaszkurczab/Desktop/Projects/Patternly/patternly/src/application/weeklyActivityIntegration.test.ts:47:3)
    async Test.run (node:internal/test_runner/test:1054:7)
    async Test.processPendingSubtests (node:internal/test_runner/test:744:7)
  ...
1..2
# tests 2
# suites 0
# pass 0
# fail 2
# cancelled 0
# skipped 0
# todo 0
# duration_ms 911.470666
