i  emulators: Starting emulators: auth, firestore
i  firestore: Firestore Emulator logging to firestore-debug.log
✔  firestore: Firestore Emulator was started in standard edition.
✔  firestore: Firestore Emulator UI websocket is running on 9151.
i  Running script: npm --prefix /Users/lukaszkurczab/Desktop/Projects/Patternly/patternly-backend test

> patternly-backend@0.1.0 test
> node --import tsx --test --test-concurrency=1 tests/*.test.ts scripts/devAdminBoundary.test.mjs

TAP version 13
# Subtest: local admin launcher pins one local deletion pseudonym key and ignores ambient override
ok 1 - local admin launcher pins one local deletion pseudonym key and ignores ambient override
  ---
  duration_ms: 0.732417
  type: 'test'
  ...
# Subtest: a valid nonempty one-track release subset exposes complete question records
ok 2 - a valid nonempty one-track release subset exposes complete question records
  ---
  duration_ms: 7.293708
  type: 'test'
  ...
# Subtest: malformed release manifests make the configured release unavailable
ok 3 - malformed release manifests make the configured release unavailable
  ---
  duration_ms: 3.672291
  type: 'test'
  ...
# Subtest: release artifacts must be nonempty, unique and bound to the manifest source commit
ok 4 - release artifacts must be nonempty, unique and bound to the manifest source commit
  ---
  duration_ms: 3.377
  type: 'test'
  ...
# Subtest: corrupt checksums and malformed items make the complete configured release unavailable
ok 5 - corrupt checksums and malformed items make the complete configured release unavailable
  ---
  duration_ms: 2.434041
  type: 'test'
  ...
# Subtest: missing catalog configuration is explicit
ok 6 - missing catalog configuration is explicit
  ---
  duration_ms: 0.154
  type: 'test'
  ...
# Subtest: configured release paths cannot escape the canonical releases root
ok 7 - configured release paths cannot escape the canonical releases root
  ---
  duration_ms: 1.93125
  type: 'test'
  ...
# Subtest: certification item shape is normalized for inspection while preserving its published fields
ok 8 - certification item shape is normalized for inspection while preserving its published fields
  ---
  duration_ms: 1.2695
  type: 'test'
  ...
# Subtest: simultaneous catalog reads share one cold load and populate the cache
ok 9 - simultaneous catalog reads share one cold load and populate the cache
  ---
  duration_ms: 1.483
  type: 'test'
  ...
# Subtest: a rejected cold load clears in-flight state before retrying
ok 10 - a rejected cold load clears in-flight state before retrying
  ---
  duration_ms: 1.908625
  type: 'test'
  ...
# Subtest: checksum-valid malformed answer options are rejected before rendering
ok 11 - checksum-valid malformed answer options are rejected before rendering
  ---
  duration_ms: 2.490792
  type: 'test'
  ...
# Subtest: canonical transfer persists chunks, applies one generation, and retries safely
ok 12 - canonical transfer persists chunks, applies one generation, and retries safely
  ---
  duration_ms: 1550.77
  type: 'test'
  ...
# Subtest: apply fences reservation, every chunk, and empty-transfer promotion against authorization rotation
ok 13 - apply fences reservation, every chunk, and empty-transfer promotion against authorization rotation
  ---
  duration_ms: 1051.178083
  type: 'test'
  ...
# Subtest: apply resumes an expired same-session lease only while the pinned progress revision still matches
ok 14 - apply resumes an expired same-session lease only while the pinned progress revision still matches
  ---
  duration_ms: 217.60625
  type: 'test'
  ...
# Subtest: sync loses during an active transfer lease and wins after expiry without allowing stale promotion
ok 15 - sync loses during an active transfer lease and wins after expiry without allowing stale promotion
  ---
  duration_ms: 221.743709
  type: 'test'
  ...
# Subtest: transfer status rejects a stale bearer after authorization rotation
ok 16 - transfer status rejects a stale bearer after authorization rotation
  ---
  duration_ms: 161.685834
  type: 'test'
  ...
# Subtest: apply splits target transactions by both document count and serialized write bytes
ok 17 - apply splits target transactions by both document count and serialized write bytes
  ---
  duration_ms: 1237.240709
  type: 'test'
  ...
# Subtest: concurrent apply requests leave one complete generation and can be safely replayed
ok 18 - concurrent apply requests leave one complete generation and can be safely replayed
  ---
  duration_ms: 3335.655291
  type: 'test'
  ...
# Subtest: transfer decision lock and child rows recheck account authorization generation
ok 19 - transfer decision lock and child rows recheck account authorization generation
  ---
  duration_ms: 204.876917
  type: 'test'
  ...
# Subtest: transfer decision chunks stop on rotation and a fresh generation resumes the same decision
ok 20 - transfer decision chunks stop on rotation and a fresh generation resumes the same decision
  ---
  duration_ms: 623.695375
  type: 'test'
  ...
# Subtest: the retired transfer route and retired query selector are unavailable
ok 21 - the retired transfer route and retired query selector are unavailable
  ---
  duration_ms: 49.514292
  type: 'test'
  ...
# Subtest: transfer start, upload, and seal fence account rotation after request authentication
ok 22 - transfer start, upload, and seal fence account rotation after request authentication
  ---
  duration_ms: 197.625417
  type: 'test'
  ...
# Subtest: transfer seal rechecks authorization generation in its final transaction
ok 23 - transfer seal rechecks authorization generation in its final transaction
  ---
  duration_ms: 81.797541
  type: 'test'
  ...
# Subtest: transfer preview fences reservation, finalization, and ready replay
ok 24 - transfer preview fences reservation, finalization, and ready replay
  ---
  duration_ms: 269.950084
  type: 'test'
  ...
# Subtest: empty transfer preview fences finalization and replays without result chunks
ok 25 - empty transfer preview fences finalization and replays without result chunks
  ---
  duration_ms: 156.935583
  type: 'test'
  ...
# Subtest: canonical transfer requests reject retired marker fields
ok 26 - canonical transfer requests reject retired marker fields
  ---
  duration_ms: 3.795125
  type: 'test'
  ...
# Subtest: transfer identity fields accept long IDs while chunk and envelope budgets remain bounded
ok 27 - transfer identity fields accept long IDs while chunk and envelope budgets remain bounded
  ---
  duration_ms: 0.540375
  type: 'test'
  ...
# Subtest: transfer is resumable, sealed by canonical digest, and decisions remain immutable
ok 28 - transfer is resumable, sealed by canonical digest, and decisions remain immutable
  ---
  duration_ms: 9.766458
  type: 'test'
  ...
# Subtest: result chunks keep goal and plan records together and keys include the full identity
ok 29 - result chunks keep goal and plan records together and keys include the full identity
  ---
  duration_ms: 0.368833
  type: 'test'
  ...
# Subtest: stale seals and generation flips are rejected
ok 30 - stale seals and generation flips are rejected
  ---
  duration_ms: 0.204833
  type: 'test'
  ...
# Subtest: App Check rejections log only a bounded code and server correlation ID
ok 31 - App Check rejections log only a bounded code and server correlation ID
  ---
  duration_ms: 73.014666
  type: 'test'
  ...
# Subtest: recovery routes set no-store before guards and fail unavailable before any rate-limit write
ok 32 - recovery routes set no-store before guards and fail unavailable before any rate-limit write
  ---
  duration_ms: 10.16525
  type: 'test'
  ...
# Subtest: recovery rate limiting hashes the requester before storage and never logs proof codes
ok 33 - recovery rate limiting hashes the requester before storage and never logs proof codes
  ---
  duration_ms: 8.83
  type: 'test'
  ...
# Subtest: recovery contention and damaged persisted security state return explicit contract errors without exposing proof
ok 34 - recovery contention and damaged persisted security state return explicit contract errors without exposing proof
  ---
  duration_ms: 44.27375
  type: 'test'
  ...
# Subtest: handled sync and adoption rejections emit a redacted structured event and preserve responses
ok 35 - handled sync and adoption rejections emit a redacted structured event and preserve responses
  ---
  duration_ms: 8.483333
  type: 'test'
  ...
# Subtest: production Fastify logs only allowlisted request diagnostics and never canary data
ok 36 - production Fastify logs only allowlisted request diagnostics and never canary data
  ---
  duration_ms: 6.065416
  type: 'test'
  ...
# Subtest: canonical logger emits only allowlisted diagnostics and static messages
ok 37 - canonical logger emits only allowlisted diagnostics and static messages
  ---
  duration_ms: 0.229333
  type: 'test'
  ...
# Subtest: canonical logger child bindings retain only server request IDs and cannot override safety hooks
ok 38 - canonical logger child bindings retain only server request IDs and cannot override safety hooks
  ---
  duration_ms: 0.175542
  type: 'test'
  ...
# Subtest: conflict event codes are allowlisted, unknown values are literal unknown, and success is silent
ok 39 - conflict event codes are allowlisted, unknown values are literal unknown, and success is silent
  ---
  duration_ms: 9.795917
  type: 'test'
  ...
# Subtest: AUD-08 B2 recovery emulator matrix (skipped: set AUD08_RECOVERY_EMULATOR_TESTS=1 and provide the dedicated demo emulator pins)
ok 40 - AUD-08 B2 recovery emulator matrix (skipped: set AUD08_RECOVERY_EMULATOR_TESTS=1 and provide the dedicated demo emulator pins) # SKIP
  ---
  duration_ms: 0.156959
  type: 'suite'
  ...
# Subtest: emulator package route enforces App Check and fresh entitlement and streams only verified bytes
ok 41 - emulator package route enforces App Check and fresh entitlement and streams only verified bytes
  ---
  duration_ms: 342.547375
  type: 'test'
  ...
# Subtest: strict package manifest binds path, compressed bytes and opaque artifact bytes
ok 42 - strict package manifest binds path, compressed bytes and opaque artifact bytes
  ---
  duration_ms: 1.606709
  type: 'test'
  ...
# Subtest: filesystem storage contains paths and publisher activates only after immutable verified writes
ok 43 - filesystem storage contains paths and publisher activates only after immutable verified writes
  ---
  duration_ms: 19.348666
  type: 'test'
  ...
# Subtest: publication leaves pointer unchanged when package bytes cannot be verified
ok 44 - publication leaves pointer unchanged when package bytes cannot be verified
  ---
  duration_ms: 0.65175
  type: 'test'
  ...
# Subtest: content report descriptions accept empty input only as a neutral safe fallback
ok 45 - content report descriptions accept empty input only as a neutral safe fallback
  ---
  duration_ms: 3.208083
  type: 'test'
  ...
# Subtest: content report descriptions reject contact details and obvious credentials
ok 46 - content report descriptions reject contact details and obvious credentials
  ---
  duration_ms: 0.467917
  type: 'test'
  ...
# Subtest: content report descriptions keep ordinary technical wording
ok 47 - content report descriptions keep ordinary technical wording
  ---
  duration_ms: 0.106417
  type: 'test'
  ...
# Subtest: account export contract is complete, isolated, timestamp-portable and redact-free
ok 48 - account export contract is complete, isolated, timestamp-portable and redact-free
  ---
  duration_ms: 186.448667
  type: 'test'
  ...
# Subtest: recent authentication, concurrent account rate limiting and whole-export size limit are enforced
ok 49 - recent authentication, concurrent account rate limiting and whole-export size limit are enforced
  ---
  duration_ms: 3266.235416
  type: 'test'
  ...
# Subtest: export history is ordered by createdAt, excludes the current export and caps at 100
ok 50 - export history is ordered by createdAt, excludes the current export and caps at 100
  ---
  duration_ms: 166.821792
  type: 'test'
  ...
# Subtest: stable exports complete only after their consumer and never rebuild after completion
ok 51 - stable exports complete only after their consumer and never rebuild after completion
  ---
  duration_ms: 53.551292
  type: 'test'
  ...
# Subtest: account export rejects a generation rotated after the request guard and before its transactional claim
ok 52 - account export rejects a generation rotated after the request guard and before its transactional claim
  ---
  duration_ms: 21.872042
  type: 'test'
  ...
# Subtest: account export returns no document when generation rotates during its read before finalization
ok 53 - account export returns no document when generation rotates during its read before finalization
  ---
  duration_ms: 28.483292
  type: 'test'
  ...
# Subtest: OpenAPI describes the versioned attachment contract and protected route
ok 54 - OpenAPI describes the versioned attachment contract and protected route
  ---
  duration_ms: 0.167542
  type: 'test'
  ...
# Subtest: Cloud Run container contract is immutable-image and non-root
ok 55 - Cloud Run container contract is immutable-image and non-root
  ---
  duration_ms: 3.422667
  type: 'test'
  ...
# Subtest: Firestore export retention and history indexes are repository-deployable
ok 56 - Firestore export retention and history indexes are repository-deployable
  ---
  duration_ms: 2.542833
  type: 'test'
  ...
# Subtest: production rejects either Firebase emulator host before runtime configuration is returned
ok 57 - production rejects either Firebase emulator host before runtime configuration is returned
  ---
  duration_ms: 3.407958
  type: 'test'
  ...
# Subtest: explicit local emulator configuration remains accepted outside production
ok 58 - explicit local emulator configuration remains accepted outside production
  ---
  duration_ms: 0.1345
  type: 'test'
  ...
# Subtest: operator OIDC configuration is optional, all-or-none, pinned to safe HTTPS, and strict
ok 59 - operator OIDC configuration is optional, all-or-none, pinned to safe HTTPS, and strict
  ---
  duration_ms: 1.75825
  type: 'test'
  ...
# Subtest: recovery operation secrets and terminal retention are optional with no production retention default
ok 60 - recovery operation secrets and terminal retention are optional with no production retention default
  ---
  duration_ms: 0.651791
  type: 'test'
  ...
# Subtest: store wiring rejects recovery key reuse against the privacy encryption key, including retained keys
ok 61 - store wiring rejects recovery key reuse against the privacy encryption key, including retained keys
  ---
  duration_ms: 0.477291
  type: 'test'
  ...
# Subtest: Firebase verifier preserves an optional positive authorization generation and rejects malformed claims
ok 62 - Firebase verifier preserves an optional positive authorization generation and rejects malformed claims
  ---
  duration_ms: 43.952833
  type: 'test'
  ...
# Subtest: account guards require a current signed authorization generation while optional bearer stays guest without a token
ok 63 - account guards require a current signed authorization generation while optional bearer stays guest without a token
  ---
  duration_ms: 170.337792
  type: 'test'
  ...
# Subtest: session revocation rejects missing or stale generations before calling Firebase
ok 64 - session revocation rejects missing or stale generations before calling Firebase
  ---
  duration_ms: 32.102709
  type: 'test'
  ...
# Subtest: session revocation route returns typed 401 and 409 responses
ok 65 - session revocation route returns typed 401 and 409 responses
  ---
  duration_ms: 48.048333
  type: 'test'
  ...
# Subtest: session revocation binds a single live operation, reports same-operation progress, and replays completion
ok 66 - session revocation binds a single live operation, reports same-operation progress, and replays completion
  ---
  duration_ms: 65.932
  type: 'test'
  ...
# Subtest: same-operation replay and finalization reject an altered slot authorization generation
ok 67 - same-operation replay and finalization reject an altered slot authorization generation
  ---
  duration_ms: 47.838458
  type: 'test'
  ...
# Subtest: session revocation failure can retry and expired owners cannot finalize over a newer fence
ok 68 - session revocation failure can retry and expired owners cannot finalize over a newer fence
  ---
  duration_ms: 100.498208
  type: 'test'
  ...
# Subtest: completed session revocation retries replacement-token issuance without revoking twice
ok 69 - completed session revocation retries replacement-token issuance without revoking twice
  ---
  duration_ms: 43.520709
  type: 'test'
  ...
# Subtest: session revocation finalization preserves its slot when account generation or state changes during Firebase work
ok 70 - session revocation finalization preserves its slot when account generation or state changes during Firebase work
  ---
  duration_ms: 78.776625
  type: 'test'
  ...
# Subtest: legal case creation fences authenticated and optional-bearer accounts before creating a case or sending email
ok 71 - legal case creation fences authenticated and optional-bearer accounts before creating a case or sending email
  ---
  duration_ms: 91.633209
  type: 'test'
  ...
# Subtest: legal acceptance and purchase confirmation transactions reject a generation rotated after the request guard
ok 72 - legal acceptance and purchase confirmation transactions reject a generation rotated after the request guard
  ---
  duration_ms: 120.243083
  type: 'test'
  ...
# Subtest: privacy request create and response audit reject authorization rotated after the route guard
ok 73 - privacy request create and response audit reject authorization rotated after the route guard
  ---
  duration_ms: 212.018541
  type: 'test'
  ...
# Subtest: a new Firebase identity cannot create a Patternly account through bearer or optional-bearer routes
ok 74 - a new Firebase identity cannot create a Patternly account through bearer or optional-bearer routes
  ---
  duration_ms: 23.849375
  type: 'test'
  ...
# Subtest: explicit registration is atomic under concurrency and replay never changes existing legal evidence
ok 75 - explicit registration is atomic under concurrency and replay never changes existing legal evidence
  ---
  duration_ms: 3329.114459
  type: 'test'
  ...
# Subtest: session exchange pins the active generation, supports legacy generation one, and rejects barriers or non-active accounts
ok 76 - session exchange pins the active generation, supports legacy generation one, and rejects barriers or non-active accounts
  ---
  duration_ms: 83.927958
  type: 'test'
  ...
# Subtest: session exchange classifies an unmapped identity without creating account or legal evidence
ok 77 - session exchange classifies an unmapped identity without creating account or legal evidence
  ---
  duration_ms: 17.643833
  type: 'test'
  ...
# Subtest: a generation rotated after exchange reads it produces a stale token rejected by account guards
ok 78 - a generation rotated after exchange reads it produces a stale token rejected by account guards
  ---
  duration_ms: 36.479166
  type: 'test'
  ...
# Subtest: registration rejects an active deletion tombstone and replaces only an expired tombstone
ok 79 - registration rejects an active deletion tombstone and replaces only an expired tombstone
  ---
  duration_ms: 35.723083
  type: 'test'
  ...
# Subtest: legal acceptance is versioned, immutable, and exposed by the account profile
ok 80 - legal acceptance is versioned, immutable, and exposed by the account profile
  ---
  duration_ms: 56.404833
  type: 'test'
  ...
# Subtest: purchase confirmation requires current Terms acceptance and preserves the immediate-start evidence
ok 81 - purchase confirmation requires current Terms acceptance and preserves the immediate-start evidence
  ---
  duration_ms: 85.060625
  type: 'test'
  ...
# Subtest: invalid Firebase bearer tokens fail closed without exposing identity details
ok 82 - invalid Firebase bearer tokens fail closed without exposing identity details
  ---
  duration_ms: 4.861083
  type: 'test'
  ...
# Subtest: production excludes hosted admin origin while local admin requires loopback
ok 83 - production excludes hosted admin origin while local admin requires loopback
  ---
  duration_ms: 4.055416
  type: 'test'
  ...
# Subtest: administrator routes are unavailable in production before Firebase verification
ok 84 - administrator routes are unavailable in production before Firebase verification
  ---
  duration_ms: 6.769667
  type: 'test'
  ...
# Subtest: revoked Firebase verifier results fail closed at the backend boundary
ok 85 - revoked Firebase verifier results fail closed at the backend boundary
  ---
  duration_ms: 6.295708
  type: 'test'
  ...
# Subtest: Firestore transaction preserves sync CAS and idempotency under concurrent retries
not ok 86 - Firestore transaction preserves sync CAS and idempotency under concurrent retries
  ---
  duration_ms: 8447.985666
  type: 'test'
  location: '/Users/lukaszkurczab/Desktop/Projects/Patternly/patternly-backend/tests/firestore.emulator.test.ts:1:48453'
  failureType: 'testCodeFailure'
  error: |-
    {"error":{"code":"internal_error","correlationId":"7ac6d7ea-0f9e-4020-898b-e426a4c4b0b5"}}
    
    500 !== 200
    
  code: 'ERR_ASSERTION'
  name: 'AssertionError'
  expected: 200
  actual: 500
  operator: 'strictEqual'
  stack: |-
    TestContext.<anonymous> (/Users/lukaszkurczab/Desktop/Projects/Patternly/patternly-backend/tests/firestore.emulator.test.ts:885:10)
    process.processTicksAndRejections (node:internal/process/task_queues:103:5)
    async Test.run (node:internal/test_runner/test:1054:7)
    async Test.processPendingSubtests (node:internal/test_runner/test:744:7)
  ...
# Subtest: progress sync rejects fresh writes and batch replays when authorization rotates after the request guard
ok 87 - progress sync rejects fresh writes and batch replays when authorization rotates after the request guard
  ---
  duration_ms: 138.703708
  type: 'test'
  ...
# Subtest: one-shot adoption rejects fresh confirmation and operation replay when authorization rotates after the request guard
ok 88 - one-shot adoption rejects fresh confirmation and operation replay when authorization rotates after the request guard
  ---
  duration_ms: 134.025583
  type: 'test'
  ...
# Subtest: sync rejects duplicate mutations before writing and applies distinct targets
ok 89 - sync rejects duplicate mutations before writing and applies distinct targets
  ---
  duration_ms: 71.138125
  type: 'test'
  ...
# Subtest: account adoption is previewed, explicitly confirmed, materialized idempotently, and guarded by account CAS
ok 90 - account adoption is previewed, explicitly confirmed, materialized idempotently, and guarded by account CAS
  ---
  duration_ms: 170.719458
  type: 'test'
  ...
# Subtest: anonymous reports require Firebase App Check before persistence
ok 91 - anonymous reports require Firebase App Check before persistence
  ---
  duration_ms: 6.129417
  type: 'test'
  ...
# Subtest: report persistence keeps default submissions unlinked and excludes response-shaped fields
ok 92 - report persistence keeps default submissions unlinked and excludes response-shaped fields
  ---
  duration_ms: 10.950542
  type: 'test'
  ...
# Subtest: content report expiry is classified at creation and unlinking does not extend it
ok 93 - content report expiry is classified at creation and unlinking does not extend it
  ---
  duration_ms: 198.803792
  type: 'test'
  ...
# Subtest: content reports canonicalize an empty description without persisting learner-provided text
ok 94 - content reports canonicalize an empty description without persisting learner-provided text
  ---
  duration_ms: 10.586416
  type: 'test'
  ...
# Subtest: content report descriptions reject contact data and obvious secrets before persistence
ok 95 - content report descriptions reject contact data and obvious secrets before persistence
  ---
  duration_ms: 11.991125
  type: 'test'
  ...
# Subtest: content report retries are idempotent and do not consume the rate-limit bucket twice
ok 96 - content report retries are idempotent and do not consume the rate-limit bucket twice
  ---
  duration_ms: 24.855042
  type: 'test'
  ...
# Subtest: optional-bearer content report writes fence linked, unlinked and duplicate requests before rate limits
ok 97 - optional-bearer content report writes fence linked, unlinked and duplicate requests before rate limits
  ---
  duration_ms: 108.570709
  type: 'test'
  ...
# Subtest: administrator report triage uses an idempotent monotonic state machine and records an audit event
ok 98 - administrator report triage uses an idempotent monotonic state machine and records an audit event
  ---
  duration_ms: 30.641167
  type: 'test'
  ...
# Subtest: administrator report routes require a current verified administrator token and allow only the full state machine
ok 99 - administrator report routes require a current verified administrator token and allow only the full state machine
  ---
  duration_ms: 104.4455
  type: 'test'
  ...
# Subtest: anonymous report rate limiting is transactionally enforced without storing the client key
ok 100 - anonymous report rate limiting is transactionally enforced without storing the client key
  ---
  duration_ms: 19.728125
  type: 'test'
  ...
# Subtest: recovery codes are server-hashed, acknowledged reissue replaces the set, and same-operation recovery replays once
ok 101 - recovery codes are server-hashed, acknowledged reissue replaces the set, and same-operation recovery replays once
  ---
  duration_ms: 229.807292
  type: 'test'
  ...
# Subtest: destructive deletion rejects an old authenticated session before touching Firestore
ok 102 - destructive deletion rejects an old authenticated session before touching Firestore
  ---
  duration_ms: 24.606208
  type: 'test'
  ...
# Subtest: deletion route reports a typed conflict when authorization rotates after the request guard
ok 103 - deletion route reports a typed conflict when authorization rotates after the request guard
  ---
  duration_ms: 33.858125
  type: 'test'
  ...
# Subtest: deletion requires the current generation and advances it before any provider call
ok 104 - deletion requires the current generation and advances it before any provider call
  ---
  duration_ms: 55.920125
  type: 'test'
  ...
# Subtest: deletion supersedes an in-flight session revoke and the stale revoker cannot clear its slot
ok 105 - deletion supersedes an in-flight session revoke and the stale revoker cannot clear its slot
  ---
  duration_ms: 53.44375
  type: 'test'
  ...
# Subtest: recovery-code issue rejects a generation rotated after the request guard without changing the issued set
ok 106 - recovery-code issue rejects a generation rotated after the request guard without changing the issued set
  ---
  duration_ms: 121.233
  type: 'test'
  ...
# Subtest: account deletion removes owned Firestore documents, preserves a tombstone, and redacts report account contact fields
ok 107 - account deletion removes owned Firestore documents, preserves a tombstone, and redacts report account contact fields
  ---
  duration_ms: 392.77475
  type: 'test'
  ...
# Subtest: account deletion persists subjects and phases, resumes through the bound status route, and accepts Auth user-not-found
ok 108 - account deletion persists subjects and phases, resumes through the bound status route, and accepts Auth user-not-found
  ---
  duration_ms: 267.951542
  type: 'test'
  ...
# Subtest: expired deletion phase lease rotates its fence and the stale provider worker cannot advance
ok 109 - expired deletion phase lease rotates its fence and the stale provider worker cannot advance
  ---
  duration_ms: 197.241125
  type: 'test'
  ...
# Subtest: a stale deletion worker cannot mutate a user subtree after cleanup fence takeover
ok 110 - a stale deletion worker cannot mutate a user subtree after cleanup fence takeover
  ---
  duration_ms: 31.288167
  type: 'test'
  ...
# Subtest: deletion resumes to proof when a crash follows recursive user deletion
ok 111 - deletion resumes to proof when a crash follows recursive user deletion
  ---
  duration_ms: 141.31275
  type: 'test'
  ...
# Subtest: simultaneous deletion operation IDs conflict so only one can own account deletion
ok 112 - simultaneous deletion operation IDs conflict so only one can own account deletion
  ---
  duration_ms: 3210.398834
  type: 'test'
  ...
# Subtest: a redacted tombstone is never repopulated by a later operation
ok 113 - a redacted tombstone is never repopulated by a later operation
  ---
  duration_ms: 156.165667
  type: 'test'
  ...
# Subtest: legacy terminal records without phase and auth deletion marker never report proof
ok 114 - legacy terminal records without phase and auth deletion marker never report proof
  ---
  duration_ms: 45.531792
  type: 'test'
  ...
# Subtest: expired deletion proofs fail closed and are purged
ok 115 - expired deletion proofs fail closed and are purged
  ---
  duration_ms: 10.871917
  type: 'test'
  ...
# Subtest: a verify-only predecessor key completes an Auth-deleted operation after rotation
ok 116 - a verify-only predecessor key completes an Auth-deleted operation after rotation
  ---
  duration_ms: 180.793834
  type: 'test'
  ...
# Subtest: account-owned writers reject a tombstoned or missing user after authentication
ok 117 - account-owned writers reject a tombstoned or missing user after authentication
  ---
  duration_ms: 81.182416
  type: 'test'
  ...
# Subtest: isolated gate accepts the canonical configuration and rejects shared projects or dangerous config drift
ok 118 - isolated gate accepts the canonical configuration and rejects shared projects or dangerous config drift
  ---
  duration_ms: 3.466459
  type: 'test'
  ...
# Subtest: fixture cleanup attempts remaining steps after a cleanup failure
ok 119 - fixture cleanup attempts remaining steps after a cleanup failure
  ---
  duration_ms: 1.397208
  type: 'test'
  ...
# Subtest: fixture guard rejects a non-loopback Auth emulator host
ok 120 - fixture guard rejects a non-loopback Auth emulator host
  ---
  duration_ms: 0.062416
  type: 'test'
  ...
# Subtest: ordinary progress sync is rejected during a live adoption promotion lease
ok 121 - ordinary progress sync is rejected during a live adoption promotion lease
  ---
  duration_ms: 348.050042
  type: 'test'
  ...
# Subtest: isolated emulator fixture preserves canonical progress across service reinitialization
ok 122 - isolated emulator fixture preserves canonical progress across service reinitialization
  ---
  duration_ms: 68.199583
  type: 'test'
  ...
# Subtest: consumer request intake is bounded and distinguishes every approved route
ok 123 - consumer request intake is bounded and distinguishes every approved route
  ---
  duration_ms: 2.043583
  type: 'test'
  ...
# Subtest: only a complaint receives the statutory fourteen-day response deadline
ok 124 - only a complaint receives the statutory fourteen-day response deadline
  ---
  duration_ms: 0.865667
  type: 'test'
  ...
# Subtest: closed consumer cases retain evidence for six calendar years
ok 125 - closed consumer cases retain evidence for six calendar years
  ---
  duration_ms: 0.0695
  type: 'test'
  ...
# Subtest: operator transitions require an expected revision and bounded response or hold reason
ok 126 - operator transitions require an expected revision and bounded response or hold reason
  ---
  duration_ms: 0.285458
  type: 'test'
  ...
# Subtest: consumer case answer becomes final only after durable delivery and closure aligns six-year retention
ok 127 - consumer case answer becomes final only after durable delivery and closure aligns six-year retention
  ---
  duration_ms: 149.354541
  type: 'test'
  ...
# Subtest: failed answer delivery leaves the case unanswered and guest intake is transactionally rate limited
ok 128 - failed answer delivery leaves the case unanswered and guest intake is transactionally rate limited
  ---
  duration_ms: 63.132458
  type: 'test'
  ...
# Subtest: smoke launcher requires existing local emulator configuration and excludes remote integrations
ok 129 - smoke launcher requires existing local emulator configuration and excludes remote integrations
  ---
  duration_ms: 2.119917
  type: 'test'
  ...
# Subtest: local App Check fixture rejects missing/wrong tokens and never substitutes user identity
ok 130 - local App Check fixture rejects missing/wrong tokens and never substitutes user identity
  ---
  duration_ms: 0.297292
  type: 'test'
  ...
# Subtest: local smoke entitlement fixture defaults to the mobile identity with an expired state
ok 131 - local smoke entitlement fixture defaults to the mobile identity with an expired state
  ---
  duration_ms: 1.618833
  type: 'test'
  ...
# {"level":30,"time":1790860815115,"reqId":"1f96b527-596b-47a2-bb21-b946b41af0c5","req":{"method":"GET"},"msg":"incoming request"}
# Subtest: local smoke active entitlement passes the ordinary GET /v1/entitlements route
ok 132 - local smoke active entitlement passes the ordinary GET /v1/entitlements route
  ---
  duration_ms: 57.283208
  type: 'test'
  ...
# {"level":30,"time":1790860815117,"reqId":"1f96b527-596b-47a2-bb21-b946b41af0c5","res":{"statusCode":200},"responseTime":1.7854580000000055,"msg":"request completed"}
# Subtest: local smoke rejects unknown entitlement state and remains isolated from production
ok 133 - local smoke rejects unknown entitlement state and remains isolated from production
  ---
  duration_ms: 2.225792
  type: 'test'
  ...
# Subtest: preview identifies upload, restore, deduplication and divergent records
ok 134 - preview identifies upload, restore, deduplication and divergent records
  ---
  duration_ms: 5.578
  type: 'test'
  ...
# Subtest: active sessions and recovery journals block adoption
ok 135 - active sessions and recovery journals block adoption
  ---
  duration_ms: 0.18875
  type: 'test'
  ...
# Subtest: confirmation requires every conflict and every goal plan group
ok 136 - confirmation requires every conflict and every goal plan group
  ---
  duration_ms: 3.842833
  type: 'test'
  ...
# Subtest: full identity keys remain collision safe across tracks
ok 137 - full identity keys remain collision safe across tracks
  ---
  duration_ms: 0.529459
  type: 'test'
  ...
# Subtest: merge identity fields accept long IDs through preview and confirmation
ok 138 - merge identity fields accept long IDs through preview and confirmation
  ---
  duration_ms: 0.587625
  type: 'test'
  ...
# Subtest: legacy content identity fields are rejected recursively
ok 139 - legacy content identity fields are rejected recursively
  ---
  duration_ms: 0.371291
  type: 'test'
  ...
# Subtest: GATE-02 source OpenAPI document is complete
ok 140 - GATE-02 source OpenAPI document is complete
  ---
  duration_ms: 2.644083
  type: 'test'
  ...
# Subtest: unready runtime response matches the documented 503 schema
ok 141 - unready runtime response matches the documented 503 schema
  ---
  duration_ms: 66.006083
  type: 'test'
  ...
# Subtest: runtime parity uses the real app, normalizes parameters, and ignores automatic HEAD
ok 142 - runtime parity uses the real app, normalizes parameters, and ignores automatic HEAD
  ---
  duration_ms: 7.994584
  type: 'test'
  ...
# Subtest: runtime parity rejects a missing operation
ok 143 - runtime parity rejects a missing operation
  ---
  duration_ms: 6.704667
  type: 'test'
  ...
# Subtest: runtime parity rejects an extra operation
ok 144 - runtime parity rejects an extra operation
  ---
  duration_ms: 8.695041
  type: 'test'
  ...
# Subtest: runtime parity rejects a wrong method
ok 145 - runtime parity rejects a wrong method
  ---
  duration_ms: 6.122292
  type: 'test'
  ...
# unknown format "uuid" ignored in schema at path "\#/properties/operationId"
# unknown format "uuid" ignored in schema at path "\#/properties/operationId"
# unknown format "uuid" ignored in schema at path "\#/properties/operationId"
# unknown format "uuid" ignored in schema at path "\#/properties/operationId"
# Subtest: behavioral security probes exercise every protected profile
ok 146 - behavioral security probes exercise every protected profile
  ---
  duration_ms: 33.759333
  type: 'test'
  ...
# Subtest: every account-resolving operation documents account_not_found
ok 147 - every account-resolving operation documents account_not_found
  ---
  duration_ms: 1.606792
  type: 'test'
  ...
# Subtest: recovery operation routes document strict operation-bound payloads, guards, and no-store responses
ok 148 - recovery operation routes document strict operation-bound payloads, guards, and no-store responses
  ---
  duration_ms: 11.551584
  type: 'test'
  ...
# Subtest: behavioral security probes reject a no-op guard fixture
ok 149 - behavioral security probes reject a no-op guard fixture
  ---
  duration_ms: 3.753416
  type: 'test'
  ...
# Subtest: an unregistered no-op pre-handler is unknown and cannot impersonate a public route
ok 150 - an unregistered no-op pre-handler is unknown and cannot impersonate a public route
  ---
  duration_ms: 7.933542
  type: 'test'
  ...
# Subtest: completeness rejects a missing request schema
ok 151 - completeness rejects a missing request schema
  ---
  duration_ms: 2.174958
  type: 'test'
  ...
# Subtest: completeness rejects an empty request schema
ok 152 - completeness rejects an empty request schema
  ---
  duration_ms: 1.98325
  type: 'test'
  ...
# Subtest: completeness rejects a missing success response schema
ok 153 - completeness rejects a missing success response schema
  ---
  duration_ms: 1.953208
  type: 'test'
  ...
# Subtest: completeness rejects an empty success response schema
ok 154 - completeness rejects an empty success response schema
  ---
  duration_ms: 2.058958
  type: 'test'
  ...
# Subtest: completeness rejects duplicate operation identities
ok 155 - completeness rejects duplicate operation identities
  ---
  duration_ms: 1.871125
  type: 'test'
  ...
# Subtest: completeness rejects an incorrect protection profile
ok 156 - completeness rejects an incorrect protection profile
  ---
  duration_ms: 1.9975
  type: 'test'
  ...
# Subtest: completeness rejects an unclassified consumer operation
ok 157 - completeness rejects an unclassified consumer operation
  ---
  duration_ms: 1.945917
  type: 'test'
  ...
# Subtest: ordinary error responses use the closed common envelope
ok 158 - ordinary error responses use the closed common envelope
  ---
  duration_ms: 3.08625
  type: 'test'
  ...
# Subtest: frontend checker rejects an unknown consumer operation
ok 159 - frontend checker rejects an unknown consumer operation
  ---
  duration_ms: 73.733916
  type: 'test'
  ...
# Subtest: frontend checker does not let a methodless static path satisfy a consumer operation
ok 160 - frontend checker does not let a methodless static path satisfy a consumer operation
  ---
  duration_ms: 65.024458
  type: 'test'
  ...
# Subtest: frontend checker binds useAdminRead callsites to the wrapper method
ok 161 - frontend checker binds useAdminRead callsites to the wrapper method
  ---
  duration_ms: 66.051541
  type: 'test'
  ...
# Subtest: frontend checker rejects a useAdminRead callsite with no expected operation
ok 162 - frontend checker rejects a useAdminRead callsite with no expected operation
  ---
  duration_ms: 64.662
  type: 'test'
  ...
# Subtest: list and show use real HTTPS, hidden token input, and canonical response schemas
ok 163 - list and show use real HTTPS, hidden token input, and canonical response schemas
  ---
  duration_ms: 249.176959
  type: 'test'
  ...
# Subtest: action validates payload and current CAS state before typed confirmation and one PATCH
ok 164 - action validates payload and current CAS state before typed confirmation and one PATCH
  ---
  duration_ms: 161.36675
  type: 'test'
  ...
# Subtest: inherited insecure TLS configuration is rejected before an HTTPS request
ok 165 - inherited insecure TLS configuration is rejected before an HTTPS request
  ---
  duration_ms: 166.502083
  type: 'test'
  ...
# Subtest: an untrusted TLS certificate is rejected without reaching the handler
ok 166 - an untrusted TLS certificate is rejected without reaching the handler
  ---
  duration_ms: 114.7815
  type: 'test'
  ...
# Subtest: a redirect is rejected without forwarding credentials to its target
ok 167 - a redirect is rejected without forwarding credentials to its target
  ---
  duration_ms: 332.064417
  type: 'test'
  ...
# Subtest: expired, overlong, and future-issued tokens fail locally before HTTP
ok 168 - expired, overlong, and future-issued tokens fail locally before HTTP
  ---
  duration_ms: 241.197709
  type: 'test'
  ...
# Subtest: a denied origin fails before token prompt or network
ok 169 - a denied origin fails before token prompt or network
  ---
  duration_ms: 148.530958
  type: 'test'
  ...
# Subtest: unknown options and schema-invalid payloads fail before token prompt or network
ok 170 - unknown options and schema-invalid payloads fail before token prompt or network
  ---
  duration_ms: 143.08225
  type: 'test'
  ...
# Subtest: piped JSON stdin is accepted when prompts use a separate controlling terminal
ok 171 - piped JSON stdin is accepted when prompts use a separate controlling terminal
  ---
  duration_ms: 164.870125
  type: 'test'
  ...
# Subtest: interactive stdin still requires an explicit payload descriptor
ok 172 - interactive stdin still requires an explicit payload descriptor
  ---
  duration_ms: 128.905666
  type: 'test'
  ...
# Subtest: token prompt still rejects when no controlling terminal is available
ok 173 - token prompt still rejects when no controlling terminal is available
  ---
  duration_ms: 197.169791
  type: 'test'
  ...
# Subtest: revision mismatch is rejected before confirmation or mutation
ok 174 - revision mismatch is rejected before confirmation or mutation
  ---
  duration_ms: 95.942042
  type: 'test'
  ...
# Subtest: a lost mutation response is ambiguous and triggers one state read without retry
ok 175 - a lost mutation response is ambiguous and triggers one state read without retry
  ---
  duration_ms: 182.395083
  type: 'test'
  ...
# Subtest: HTTP 500 and malformed 200 mutation responses reconcile once without leaking bodies
    # Subtest: server_error is ambiguous after one mutation
    ok 1 - server_error is ambiguous after one mutation
      ---
      duration_ms: 125.430208
      type: 'test'
      ...
    # Subtest: malformed_success is ambiguous after one mutation
    ok 2 - malformed_success is ambiguous after one mutation
      ---
      duration_ms: 148.295125
      type: 'test'
      ...
    1..2
ok 176 - HTTP 500 and malformed 200 mutation responses reconcile once without leaking bodies
  ---
  duration_ms: 273.971334
  type: 'test'
  ...
# Subtest: incident create prints and uses one stable ID before confirmation
ok 177 - incident create prints and uses one stable ID before confirmation
  ---
  duration_ms: 137.608292
  type: 'test'
  ...
# Subtest: authority export uses its exact read-only route and canonical schema
ok 178 - authority export uses its exact read-only route and canonical schema
  ---
  duration_ms: 131.808083
  type: 'test'
  ...
# Subtest: content status transition uses its explicit family confirmation (cancel)
ok 179 - content status transition uses its explicit family confirmation (cancel)
  ---
  duration_ms: 105.460625
  type: 'test'
  ...
# Subtest: content status transition uses its explicit family confirmation (apply)
ok 180 - content status transition uses its explicit family confirmation (apply)
  ---
  duration_ms: 197.822542
  type: 'test'
  ...
# Subtest: standalone CLI reads through verified TLS and a hidden real terminal token
ok 181 - standalone CLI reads through verified TLS and a hidden real terminal token
  ---
  duration_ms: 431.53575
  type: 'test'
  ...
# Subtest: standalone CLI cancellation sends no mutation after reading payload from FD3
ok 182 - standalone CLI cancellation sends no mutation after reading payload from FD3
  ---
  duration_ms: 353.750917
  type: 'test'
  ...
# Subtest: standalone CLI cancellation sends no mutation after reading payload from piped stdin
ok 183 - standalone CLI cancellation sends no mutation after reading payload from piped stdin
  ---
  duration_ms: 368.074708
  type: 'test'
  ...
# Subtest: standalone CLI lost mutation response makes one write and one reconciliation read
ok 184 - standalone CLI lost mutation response makes one write and one reconciliation read
  ---
  duration_ms: 486.077625
  type: 'test'
  ...
# Subtest: standalone CLI Ctrl+C restores terminal and stops before any HTTP request
ok 185 - standalone CLI Ctrl+C restores terminal and stops before any HTTP request
  ---
  duration_ms: 378.142708
  type: 'test'
  ...
# Subtest: operator verifier authenticates, authorizes exact action, caches keys, and returns only pseudonymous identity
ok 186 - operator verifier authenticates, authorizes exact action, caches keys, and returns only pseudonymous identity
  ---
  duration_ms: 22.60875
  type: 'test'
  ...
# Subtest: operator verifier rejects malformed, mismatched, expired, future, and incorrectly signed tokens without leaking details
ok 187 - operator verifier rejects malformed, mismatched, expired, future, and incorrectly signed tokens without leaking details
  ---
  duration_ms: 6.032542
  type: 'test'
  ...
# Subtest: unknown kid performs one shared refresh and global cooldown blocks sequential or rotating misses
ok 188 - unknown kid performs one shared refresh and global cooldown blocks sequential or rotating misses
  ---
  duration_ms: 2.481625
  type: 'test'
  ...
# Subtest: failed unknown-kid refresh also starts the global cooldown
ok 189 - failed unknown-kid refresh also starts the global cooldown
  ---
  duration_ms: 2.315125
  type: 'test'
  ...
# Subtest: JWKS redirect, oversized body, duplicate kid, and network failure are rejected
ok 190 - JWKS redirect, oversized body, duplicate kid, and network failure are rejected
  ---
  duration_ms: 3.075292
  type: 'test'
  ...
# Subtest: JWKS streaming limit rejects a chunked oversized body before consuming its tail
ok 191 - JWKS streaming limit rejects a chunked oversized body before consuming its tail
  ---
  duration_ms: 1.301958
  type: 'test'
  ...
# Subtest: JWKS fetch deadline aborts a stalled request
ok 192 - JWKS fetch deadline aborts a stalled request
  ---
  duration_ms: 23.304125
  type: 'test'
  ...
# Subtest: production HTTPS lookup returns the Node all-address callback shape and rejects any non-public answer
ok 193 - production HTTPS lookup returns the Node all-address callback shape and rejects any non-public answer
  ---
  duration_ms: 4.392375
  type: 'test'
  ...
# Subtest: absent operator configuration produces no verifier
ok 194 - absent operator configuration produces no verifier
  ---
  duration_ms: 0.333375
  type: 'test'
  ...
# Subtest: operator routes use the production verifier for exact-scope authorization before stores
ok 195 - operator routes use the production verifier for exact-scope authorization before stores
  ---
  duration_ms: 77.692625
  type: 'test'
  ...
# Subtest: unconfigured operator access is explicit and no-store
ok 196 - unconfigured operator access is explicit and no-store
  ---
  duration_ms: 10.453791
  type: 'test'
  ...
# Subtest: operator queue and mutation projections stay minimal while audited details expose only allowlisted context
ok 197 - operator queue and mutation projections stay minimal while audited details expose only allowlisted context
  ---
  duration_ms: 11.816833
  type: 'test'
  ...
# Subtest: operator transitions reject extra fields and disabled delivery actions before store writes
ok 198 - operator transitions reject extra fields and disabled delivery actions before store writes
  ---
  duration_ms: 13.554541
  type: 'test'
  ...
# Subtest: OPS-B4 synthetic acceptance drives public intake, audited operator actions, and replay safety over HTTPS
ok 199 - OPS-B4 synthetic acceptance drives public intake, audited operator actions, and replay safety over HTTPS # SKIP run only through npm run test:operator:acceptance
  ---
  duration_ms: 0.627125
  type: 'test'
  ...
# Subtest: operator queues return at most 100 allowlisted rows, audit each returned row, and content CAS rejects a stale writer
ok 200 - operator queues return at most 100 allowlisted rows, audit each returned row, and content CAS rejects a stale writer # SKIP requires explicit isolated OPS_B2_EMULATOR_TESTS=1 gate
  ---
  duration_ms: 0.641042
  type: 'test'
  ...
# Subtest: operator privacy email fence has no public writes while safe public review remains available
ok 201 - operator privacy email fence has no public writes while safe public review remains available # SKIP requires explicit isolated OPS_B2_EMULATOR_TESTS=1 gate
  ---
  duration_ms: 0.047042
  type: 'test'
  ...
# Subtest: stable incident caller UUID replays exact payload and rejects changed payload
ok 202 - stable incident caller UUID replays exact payload and rejects changed payload # SKIP requires explicit isolated OPS_B2_EMULATOR_TESTS=1 gate
  ---
  duration_ms: 0.036875
  type: 'test'
  ...
# Subtest: legal non-email actions need no sender and unavailable answer leaves no effects
ok 203 - legal non-email actions need no sender and unavailable answer leaves no effects # SKIP requires explicit isolated OPS_B2_EMULATOR_TESTS=1 gate
  ---
  duration_ms: 0.038
  type: 'test'
  ...
# Subtest: calendar deadlines clamp to the last UTC day of shorter months
ok 204 - calendar deadlines clamp to the last UTC day of shorter months
  ---
  duration_ms: 1.557417
  type: 'test'
  ...
# Subtest: extension is an event and can happen only once before the first deadline
ok 205 - extension is an event and can happen only once before the first deadline
  ---
  duration_ms: 0.80875
  type: 'test'
  ...
# Subtest: response preparation, delivery and closure remain distinct
ok 206 - response preparation, delivery and closure remain distinct
  ---
  duration_ms: 0.402917
  type: 'test'
  ...
# Subtest: invalid transitions and unproved responses fail closed
ok 207 - invalid transitions and unproved responses fail closed
  ---
  duration_ms: 0.4865
  type: 'test'
  ...
# Subtest: public intake accepts bounded identifiers and rejects arbitrary shape
ok 208 - public intake accepts bounded identifiers and rejects arbitrary shape
  ---
  duration_ms: 0.466
  type: 'test'
  ...
# Subtest: each right has an explicit executor and verification policy
ok 209 - each right has an explicit executor and verification policy
  ---
  duration_ms: 0.700792
  type: 'test'
  ...
# Subtest: verification delivery failure stays pending and existing resend can deliver the same request
ok 210 - verification delivery failure stays pending and existing resend can deliver the same request
  ---
  duration_ms: 230.465167
  type: 'test'
  ...
# Subtest: account request has an isolated lifecycle and serves a prepared response only to its owner
ok 211 - account request has an isolated lifecycle and serves a prepared response only to its owner
  ---
  duration_ms: 366.069292
  type: 'test'
  ...
# Subtest: guest lifecycle keeps verification and operator response inside the app
ok 212 - guest lifecycle keeps verification and operator response inside the app
  ---
  duration_ms: 196.204875
  type: 'test'
  ...
# Subtest: guest mobile request is App Check protected, idempotent and verifiable only in app
ok 213 - guest mobile request is App Check protected, idempotent and verifiable only in app
  ---
  duration_ms: 134.402542
  type: 'test'
  ...
# Subtest: retired browser privacy endpoints cannot create, verify or read a request
ok 214 - retired browser privacy endpoints cannot create, verify or read a request
  ---
  duration_ms: 4.867958
  type: 'test'
  ...
# Subtest: a pending legacy-compatible guest record can receive a fresh in-app code
ok 215 - a pending legacy-compatible guest record can receive a fresh in-app code
  ---
  duration_ms: 68.1465
  type: 'test'
  ...
# Subtest: admin transitions are revision guarded and require complaint information plus execution evidence
ok 216 - admin transitions are revision guarded and require complaint information plus execution evidence
  ---
  duration_ms: 49.113
  type: 'test'
  ...
# Subtest: failed guest extension notice remains explicit and can be retried without extending twice
ok 217 - failed guest extension notice remains explicit and can be retried without extending twice
  ---
  duration_ms: 82.875875
  type: 'test'
  ...
# Subtest: emulator target guard requires exact project and loopback endpoints
ok 218 - emulator target guard requires exact project and loopback endpoints
  ---
  duration_ms: 0.862291
  type: 'test'
  ...
# Subtest: manifest guard requires exact fixture identity, email digest and operation ID
ok 219 - manifest guard requires exact fixture identity, email digest and operation ID
  ---
  duration_ms: 0.714292
  type: 'test'
  ...
# Subtest: Auth UID maps to exactly one Firebase identity and an internal UUID account
ok 220 - Auth UID maps to exactly one Firebase identity and an internal UUID account
  ---
  duration_ms: 0.660291
  type: 'test'
  ...
# Subtest: manifest guard validates every captured path and nested report audit entry
ok 221 - manifest guard validates every captured path and nested report audit entry
  ---
  duration_ms: 0.271959
  type: 'test'
  ...
# Subtest: manifest integrity rejects cleanup-path tampering before destructive work
ok 222 - manifest integrity rejects cleanup-path tampering before destructive work
  ---
  duration_ms: 0.305791
  type: 'test'
  ...
# Subtest: pre-deletion snapshot guard rejects post-delete or incomplete account state
ok 223 - pre-deletion snapshot guard rejects post-delete or incomplete account state
  ---
  duration_ms: 0.09425
  type: 'test'
  ...
# Subtest: post-delete evidence requires exactly one operation and proof beyond signed baselines
ok 224 - post-delete evidence requires exactly one operation and proof beyond signed baselines
  ---
  duration_ms: 0.243333
  type: 'test'
  ...
# Subtest: deletion operation and proof retain the complete linked contract
ok 225 - deletion operation and proof retain the complete linked contract
  ---
  duration_ms: 0.163584
  type: 'test'
  ...
# Subtest: cleanup paths must belong to the manifest's exact UID and captured retained roots
ok 226 - cleanup paths must belong to the manifest's exact UID and captured retained roots
  ---
  duration_ms: 0.349084
  type: 'test'
  ...
# Subtest: cleanup validates surviving owned-root documents and exact rate-limit document identity
ok 227 - cleanup validates surviving owned-root documents and exact rate-limit document identity
  ---
  duration_ms: 0.34875
  type: 'test'
  ...
# Subtest: the canonical sync envelope is required and has one mutation shape
ok 228 - the canonical sync envelope is required and has one mutation shape
  ---
  duration_ms: 4.046083
  type: 'test'
  ...
# Subtest: sync batches require unique mutation ids and record targets
ok 229 - sync batches require unique mutation ids and record targets
  ---
  duration_ms: 1.005583
  type: 'test'
  ...
# Subtest: canonical tombstones are accepted directly and retired identity markers are rejected recursively
ok 230 - canonical tombstones are accepted directly and retired identity markers are rejected recursively
  ---
  duration_ms: 1.867417
  type: 'test'
  ...
# Subtest: resolved material identity is exact and remains part of the mutation fingerprint
ok 231 - resolved material identity is exact and remains part of the mutation fingerprint
  ---
  duration_ms: 0.611042
  type: 'test'
  ...
# Subtest: resolved material identity uses the canonical safe identity rules
ok 232 - resolved material identity uses the canonical safe identity rules
  ---
  duration_ms: 0.361
  type: 'test'
  ...
# Subtest: sync identities are bounded by the canonical envelope rather than arbitrary field caps
ok 233 - sync identities are bounded by the canonical envelope rather than arbitrary field caps
  ---
  duration_ms: 0.360625
  type: 'test'
  ...
# Subtest: sync and state limits are enforced without a compatibility branch
ok 234 - sync and state limits are enforced without a compatibility branch
  ---
  duration_ms: 20.232333
  type: 'test'
  ...
# Subtest: pagination tokens contain only generation, revision and cursor identity
ok 235 - pagination tokens contain only generation, revision and cursor identity
  ---
  duration_ms: 1.154709
  type: 'test'
  ...
# Subtest: canonical JSON uses NFC normalization and UTF-8 byte accounting
ok 236 - canonical JSON uses NFC normalization and UTF-8 byte accounting
  ---
  duration_ms: 0.322709
  type: 'test'
  ...
# Subtest: canonical sync persists exact identity records and replays by batch metadata
ok 237 - canonical sync persists exact identity records and replays by batch metadata
  ---
  duration_ms: 111.691333
  type: 'test'
  ...
# Subtest: long sync identities persist through hashed Firestore document keys
ok 238 - long sync identities persist through hashed Firestore document keys
  ---
  duration_ms: 18.128125
  type: 'test'
  ...
# Subtest: read fails closed for malformed persisted progress identity records
ok 239 - read fails closed for malformed persisted progress identity records
  ---
  duration_ms: 26.327333
  type: 'test'
  ...
# Subtest: one-shot adoption uses the same exact identity and explicit group choice shape
ok 240 - one-shot adoption uses the same exact identity and explicit group choice shape
  ---
  duration_ms: 38.2365
  type: 'test'
  ...
# Subtest: legacy identity leaves are rejected before a write
ok 241 - legacy identity leaves are rejected before a write
  ---
  duration_ms: 5.887084
  type: 'test'
  ...
# Subtest: pseudonym key ring domain-separates identities and keeps old keys verify-only
ok 242 - pseudonym key ring domain-separates identities and keeps old keys verify-only
  ---
  duration_ms: 1.169
  type: 'test'
  ...
# Subtest: pseudonym key ring fails closed for missing, duplicate, weak or multiple active keys
ok 243 - pseudonym key ring fails closed for missing, duplicate, weak or multiple active keys
  ---
  duration_ms: 0.702458
  type: 'test'
  ...
# Subtest: recovery operation cipher round-trips plaintext and generates a fresh 96-bit IV
ok 244 - recovery operation cipher round-trips plaintext and generates a fresh 96-bit IV
  ---
  duration_ms: 1.535541
  type: 'test'
  ...
# Subtest: recovery operation cipher authenticates every operation identity field and key version
ok 245 - recovery operation cipher authenticates every operation identity field and key version
  ---
  duration_ms: 1.011916
  type: 'test'
  ...
# Subtest: recovery operation cipher rejects ciphertext, tag, and authenticated-envelope tampering
ok 246 - recovery operation cipher rejects ciphertext, tag, and authenticated-envelope tampering
  ---
  duration_ms: 0.34
  type: 'test'
  ...
# Subtest: versioned keyring rejects malformed, weak, duplicate, and reused key material
ok 247 - versioned keyring rejects malformed, weak, duplicate, and reused key material
  ---
  duration_ms: 0.353958
  type: 'test'
  ...
# Subtest: recovery operation cipher retains old decrypt keys during explicit key rotation
ok 248 - recovery operation cipher retains old decrypt keys during explicit key rotation
  ---
  duration_ms: 0.26
  type: 'test'
  ...
# Subtest: operation context and unknown key versions fail with neutral codes
ok 249 - operation context and unknown key versions fail with neutral codes
  ---
  duration_ms: 0.137833
  type: 'test'
  ...
# Subtest: expired content report is recursively deleted with its direct audit and no raw actor remains
ok 250 - expired content report is recursively deleted with its direct audit and no raw actor remains
  ---
  duration_ms: 134.884833
  type: 'test'
  ...
# Subtest: only an expired exact orphan content-report audit is directly deleted
ok 251 - only an expired exact orphan content-report audit is directly deleted
  ---
  duration_ms: 47.14075
  type: 'test'
  ...
# Subtest: orphan audit deletion rechecks parent absence in its transaction
ok 252 - orphan audit deletion rechecks parent absence in its transaction
  ---
  duration_ms: 41.02975
  type: 'test'
  ...
# Subtest: delete budget interrupts work and idempotent retries with the same budget reach the zero-due postcondition
ok 253 - delete budget interrupts work and idempotent retries with the same budget reach the zero-due postcondition
  ---
  duration_ms: 94.646541
  type: 'test'
  ...
# Subtest: fresh parent prefix cannot starve expired suffix across paged budgeted retries
ok 254 - fresh parent prefix cannot starve expired suffix across paged budgeted retries
  ---
  duration_ms: 58.995584
  type: 'test'
  ...
# Subtest: paged collection-group scan reaches exact orphan audits behind a fresh protected prefix
ok 255 - paged collection-group scan reaches exact orphan audits behind a fresh protected prefix
  ---
  duration_ms: 79.024125
  type: 'test'
  ...
# Subtest: final cutoff observation detects a due report inserted after the primary scan
ok 256 - final cutoff observation detects a due report inserted after the primary scan
  ---
  duration_ms: 19.044167
  type: 'test'
  ...
# Subtest: recursive deletion failure returns no success result and a normal retry remains idempotent
ok 257 - recursive deletion failure returns no success result and a normal retry remains idempotent
  ---
  duration_ms: 29.478875
  type: 'test'
  ...
# Subtest: unexpired and missing or invalid expiry records are preserved and unresolved
ok 258 - unexpired and missing or invalid expiry records are preserved and unresolved
  ---
  duration_ms: 28.1875
  type: 'test'
  ...
# Subtest: retention purge CLI requires an explicit target and emits only structured non-sensitive JSON on failure
ok 259 - retention purge CLI requires an explicit target and emits only structured non-sensitive JSON on failure
  ---
  duration_ms: 310.58775
  type: 'test'
  ...
# Subtest: retention purge CLI contract keeps dry-run default, explicit execute, target, page and delete-budget arguments
ok 260 - retention purge CLI contract keeps dry-run default, explicit execute, target, page and delete-budget arguments
  ---
  duration_ms: 3.35225
  type: 'test'
  ...
# Subtest: RevenueCat reader returns active and sends the encoded subscriber request
ok 261 - RevenueCat reader returns active and sends the encoded subscriber request
  ---
  duration_ms: 2.806333
  type: 'test'
  ...
# Subtest: RevenueCat cancellation keeps access active through the provider expiry
ok 262 - RevenueCat cancellation keeps access active through the provider expiry
  ---
  duration_ms: 0.146209
  type: 'test'
  ...
# Subtest: RevenueCat billing issue with a future provider grace date returns grace
ok 263 - RevenueCat billing issue with a future provider grace date returns grace
  ---
  duration_ms: 0.171834
  type: 'test'
  ...
# Subtest: provider grace date confirms grace even when billing issue timestamp is absent
ok 264 - provider grace date confirms grace even when billing issue timestamp is absent
  ---
  duration_ms: 0.096584
  type: 'test'
  ...
# Subtest: RevenueCat billing issue without a future grace date returns hold
ok 265 - RevenueCat billing issue without a future grace date returns hold
  ---
  duration_ms: 0.208916
  type: 'test'
  ...
# Subtest: RevenueCat expiry is evaluated against request_date_ms and never extended locally
ok 266 - RevenueCat expiry is evaluated against request_date_ms and never extended locally
  ---
  duration_ms: 0.090459
  type: 'test'
  ...
# Subtest: RevenueCat refund takes precedence over the expiry state
ok 267 - RevenueCat refund takes precedence over the expiry state
  ---
  duration_ms: 0.125042
  type: 'test'
  ...
# Subtest: RevenueCat absent entitlement or subscription is expired
ok 268 - RevenueCat absent entitlement or subscription is expired
  ---
  duration_ms: 0.327583
  type: 'test'
  ...
# Subtest: RevenueCat product or environment mismatch is unavailable
ok 269 - RevenueCat product or environment mismatch is unavailable
  ---
  duration_ms: 0.312083
  type: 'test'
  ...
# Subtest: RevenueCat alias or transferred customer cannot confirm another Patternly account
ok 270 - RevenueCat alias or transferred customer cannot confirm another Patternly account
  ---
  duration_ms: 0.319458
  type: 'test'
  ...
# Subtest: missing entitlement or subscription map is unavailable rather than an authoritative expiry
ok 271 - missing entitlement or subscription map is unavailable rather than an authoritative expiry
  ---
  duration_ms: 0.161167
  type: 'test'
  ...
# Subtest: RevenueCat missing required expiry is unavailable
ok 272 - RevenueCat missing required expiry is unavailable
  ---
  duration_ms: 0.068125
  type: 'test'
  ...
# Subtest: RevenueCat network, HTTP, non-JSON and timeout failures are typed and secret-free
ok 273 - RevenueCat network, HTTP, non-JSON and timeout failures are typed and secret-free
  ---
  duration_ms: 24.302417
  type: 'test'
  ...
# Subtest: entitlement refresh requires App Check and returns only a fresh provider result for the bound account
ok 274 - entitlement refresh requires App Check and returns only a fresh provider result for the bound account
  ---
  duration_ms: 127.305791
  type: 'test'
  ...
# Subtest: provider failure and ambiguous state return explicit 503 without exposing a stored webhook projection
ok 275 - provider failure and ambiguous state return explicit 503 without exposing a stored webhook projection
  ---
  duration_ms: 34.570666
  type: 'test'
  ...
# Subtest: provider-confirmed billing hold remains an explicit negative result
ok 276 - provider-confirmed billing hold remains an explicit negative result
  ---
  duration_ms: 24.716959
  type: 'test'
  ...
# Subtest: missing provider composition fails closed with 503
ok 277 - missing provider composition fails closed with 503
  ---
  duration_ms: 32.688625
  type: 'test'
  ...
# Subtest: RevenueCat store is idempotent and monotonic across lifecycle events
ok 278 - RevenueCat store is idempotent and monotonic across lifecycle events
  ---
  duration_ms: 198.718583
  type: 'test'
  ...
# Subtest: a trusted paid purchase grants Premium even when durable-receipt evidence is unavailable
ok 279 - a trusted paid purchase grants Premium even when durable-receipt evidence is unavailable
  ---
  duration_ms: 19.003208
  type: 'test'
  ...
# Subtest: inactive, deleted, and missing purchase targets are ignored without receipts or entitlement writes
ok 280 - inactive, deleted, and missing purchase targets are ignored without receipts or entitlement writes
  ---
  duration_ms: 81.176708
  type: 'test'
  ...
# Subtest: a duplicate purchase does not claim or reveal a receipt after its account becomes inactive
ok 281 - a duplicate purchase does not claim or reveal a receipt after its account becomes inactive
  ---
  duration_ms: 37.526583
  type: 'test'
  ...
# Subtest: RevenueCat transfer ignores inactive sources and targets without changing either entitlement
ok 282 - RevenueCat transfer ignores inactive sources and targets without changing either entitlement
  ---
  duration_ms: 53.33875
  type: 'test'
  ...
# Subtest: receipt delivery cannot update a receipt after account deletion
ok 283 - receipt delivery cannot update a receipt after account deletion
  ---
  duration_ms: 33.577416
  type: 'test'
  ...
# Subtest: RevenueCat endpoint authenticates and materializes the Premium projection
ok 284 - RevenueCat endpoint authenticates and materializes the Premium projection
  ---
  duration_ms: 31.901792
  type: 'test'
  ...
# Subtest: RevenueCat transfer atomically moves an active projection and replays safely
ok 285 - RevenueCat transfer atomically moves an active projection and replays safely
  ---
  duration_ms: 39.707875
  type: 'test'
  ...
# Subtest: RevenueCat transfer cannot overwrite an event with the same timestamp and later id
ok 286 - RevenueCat transfer cannot overwrite an event with the same timestamp and later id
  ---
  duration_ms: 41.065583
  type: 'test'
  ...
# Subtest: RevenueCat authorization is exact and rejects missing or different-length values
ok 287 - RevenueCat authorization is exact and rejects missing or different-length values
  ---
  duration_ms: 0.844958
  type: 'test'
  ...
# Subtest: RevenueCat lifecycle grants, preserves and removes access at the correct events
ok 288 - RevenueCat lifecycle grants, preserves and removes access at the correct events
  ---
  duration_ms: 2.197709
  type: 'test'
  ...
# Subtest: RevenueCat parser rejects incomplete payloads and reducer rejects future timestamps
ok 289 - RevenueCat parser rejects incomplete payloads and reducer rejects future timestamps
  ---
  duration_ms: 0.441333
  type: 'test'
  ...
# Subtest: security incident contract requires an explicit revision for every mutation
ok 290 - security incident contract requires an explicit revision for every mutation
  ---
  duration_ms: 1.386834
  type: 'test'
  ...
# Subtest: security incident calendar retention preserves leap-year legal dates
ok 291 - security incident calendar retention preserves leap-year legal dates
  ---
  duration_ms: 0.875875
  type: 'test'
  ...
# Subtest: security incident awareness deadline is immutable UTC +72 hours
ok 292 - security incident awareness deadline is immutable UTC +72 hours
  ---
  duration_ms: 0.063083
  type: 'test'
  ...
# Subtest: OpenAPI exposes every runtime security-incident action and exact export route
ok 293 - OpenAPI exposes every runtime security-incident action and exact export route
  ---
  duration_ms: 1.637083
  type: 'test'
  ...
# Subtest: incident register is admin-only, list/audit contain no sensitive details, and awareness cannot change
ok 294 - incident register is admin-only, list/audit contain no sensitive details, and awareness cannot change
  ---
  duration_ms: 190.357541
  type: 'test'
  ...
# Subtest: incident closure requires explicit decisions and a manual authority submission
ok 295 - incident closure requires explicit decisions and a manual authority submission
  ---
  duration_ms: 197.684958
  type: 'test'
  ...
# Subtest: subject notification fails closed without the separate incident sender
ok 296 - subject notification fails closed without the separate incident sender
  ---
  duration_ms: 89.36275
  type: 'test'
  ...
# Subtest: reconcile turns stale pending notification into unknown without retrying it
ok 297 - reconcile turns stale pending notification into unknown without retrying it
  ---
  duration_ms: 99.94225
  type: 'test'
  ...
# Subtest: hold and release recalculate expiry for audit records created before and after closure
ok 298 - hold and release recalculate expiry for audit records created before and after closure
  ---
  duration_ms: 233.8185
  type: 'test'
  ...
# Subtest: old asynchronous delivery cannot overwrite a newer notification snapshot
ok 299 - old asynchronous delivery cannot overwrite a newer notification snapshot
  ---
  duration_ms: 136.607833
  type: 'test'
  ...
# Subtest: closure requires a sent delivery for every prepared recipient
ok 300 - closure requires a sent delivery for every prepared recipient
  ---
  duration_ms: 166.294334
  type: 'test'
  ...
# Subtest: SMTP privacy sender emits bounded plain-text messages for every DSAR purpose
ok 301 - SMTP privacy sender emits bounded plain-text messages for every DSAR purpose
  ---
  duration_ms: 1.567458
  type: 'test'
  ...
# Subtest: SMTP privacy sender fails when the provider does not accept the recipient
ok 302 - SMTP privacy sender fails when the provider does not accept the recipient
  ---
  duration_ms: 0.221083
  type: 'test'
  ...
# Subtest: SMTP purchase receipt is plain text and contains the durable transaction evidence
ok 303 - SMTP purchase receipt is plain text and contains the durable transaction evidence
  ---
  duration_ms: 0.210459
  type: 'test'
  ...
# Subtest: SMTP runtime configuration is all-or-nothing and production requires it
ok 304 - SMTP runtime configuration is all-or-nothing and production requires it
  ---
  duration_ms: 2.008625
  type: 'test'
  ...
# Subtest: user lookups and registration continue to honor legacy SHA-256 deletion tombstones
ok 305 - user lookups and registration continue to honor legacy SHA-256 deletion tombstones
  ---
  duration_ms: 2.633375
  type: 'test'
  ...
# Subtest: expired legacy SHA-256 tombstones retain the existing registration replacement behavior
ok 306 - expired legacy SHA-256 tombstones retain the existing registration replacement behavior
  ---
  duration_ms: 1.09975
  type: 'test'
  ...
1..306
# tests 307
# suites 1
# pass 301
# fail 1
# cancelled 0
# skipped 5
# todo 0
# duration_ms 56957.137584
⚠  Script exited unsuccessfully (code 1)
i  emulators: Shutting down emulators.
i  firestore: Stopping Firestore Emulator
i  auth: Stopping Authentication Emulator
i  hub: Stopping emulator hub
i  logging: Stopping Logging Emulator

Error: Script "npm --prefix /Users/lukaszkurczab/Desktop/Projects/Patternly/patternly-backend test" exited with code 1
