i  emulators: Starting emulators: auth, firestore
i  firestore: Firestore Emulator logging to firestore-debug.log
✔  firestore: Firestore Emulator was started in standard edition.
✔  firestore: Firestore Emulator UI websocket is running on 9151.
i  Running script: cd /Users/lukaszkurczab/Desktop/Projects/Patternly/patternly-backend && node --import tsx --test --test-concurrency=1 --test-name-pattern="Firestore transaction preserves sync CAS and idempotency under concurrent retries" tests/firestore.emulator.test.ts
TAP version 13
# Subtest: Firestore transaction preserves sync CAS and idempotency under concurrent retries
ok 1 - Firestore transaction preserves sync CAS and idempotency under concurrent retries
  ---
  duration_ms: 4075.909792
  type: 'test'
  ...
1..1
# tests 1
# suites 0
# pass 1
# fail 0
# cancelled 0
# skipped 0
# todo 0
# duration_ms 4618.786042
✔  Script exited successfully (code 0)
i  emulators: Shutting down emulators.
i  firestore: Stopping Firestore Emulator
i  auth: Stopping Authentication Emulator
i  hub: Stopping emulator hub
i  logging: Stopping Logging Emulator
