
> patternly-web@0.1.0 verify:local
> node scripts/build-local.mjs && node scripts/verify-local.mjs

vite v6.4.3 building for local-test...
transforming...
✓ 47 modules transformed.
rendering chunks...
computing gzip size...
dist/privacy.html                                                 0.60 kB │ gzip:  0.34 kB
dist/terms.html                                                   0.60 kB │ gzip:  0.34 kB
dist/index.html                                                   0.77 kB │ gzip:  0.43 kB
dist/assets/manrope-latin-ext-wght-normal-Ch3YOpNY.woff2         15.12 kB
dist/assets/manrope-latin-wght-normal-DHIcAJRg.woff2             24.84 kB
dist/assets/ibm-plex-sans-latin-ext-wght-normal-CIII54If.woff2   30.96 kB
dist/assets/ibm-plex-sans-latin-wght-normal-IvpUvPa2.woff2       45.71 kB
dist/assets/Brand-wkVqZKa9.css                                   20.26 kB │ gzip:  5.17 kB
dist/assets/index-DUcQF-6z.js                                    17.71 kB │ gzip:  5.60 kB
dist/assets/Brand-AEeBSs-P.js                                   196.08 kB │ gzip: 61.51 kB
dist/assets/publicLegalMain-BvS6DHZK.js                         203.10 kB │ gzip: 66.49 kB
✓ built in 1.50s
Public build, legal pages, locale content, route boundary, marketing render, and local admin entry verification passed.
