Running on iPhone 17 - iOS 26.4 - 7F315654-3175-4F3C-BB24-B0263F59360C
 > Flow BIZQ01 native25 verified completed result and wrong answer review
Assert that id: patternly:summary:root:google-cloud-associate-cloud-engineer:certification-focus-practice:2 is visible... COMPLETED
Assert that "Session complete" is visible... COMPLETED
Assert that id: patternly:summary:configuration:google-cloud-associate-cloud-engineer:certification-focus-practice:2:10:after-each-answer is visible... COMPLETED
Assert that "10 / 10" is visible... COMPLETED
Take screenshot native25-own-session-completed-nine-correct-one-incorrect... COMPLETED
Tap on id: patternly:summary:review-answers:google-cloud-associate-cloud-engineer:certification-focus-practice:2... COMPLETED
Assert that id: patternly:practice-review:root:google-cloud-associate-cloud-engineer:certification-focus-practice:2:.* is visible... COMPLETED
Assert that id: patternly:session:question:gcp-ace-gcpace-n01-b03-001 is visible... COMPLETED
Take screenshot native25-first-wrong-post-session-review... COMPLETED
Scrolling DOWN until id: patternly:session:details-toggle:gcp-ace-gcpace-n01-b03-001 is visible with speed 40, visibility percentage 100%, timeout 20000 ms, with centering enabled... FAILED

No visible element found: id: patternly:session:details-toggle:gcp-ace-gcpace-n01-b03-001

Could not find a visible element matching selector: id: patternly:session:details-toggle:gcp-ace-gcpace-n01-b03-001
Tip: Try adjusting the following settings to improve detection:
- `timeout`: current = 20000ms → Increase if you need more time to find the element
- `speed`: current = 40 (0-100 scale) → Increase for faster scrolling if element is far away
- `waitToSettleTimeoutMs`: current = Not defined → Set this value (e.g., 500ms) if your UI updates frequently between scrolls
- `visibilityPercentage`: current = 100% → Lower this value if you want to detect partially visible elements
- `centerElement`: current = true → Disable if you don't need the element to be centered after finding it


==== Debug output (logs & screenshots) ====

/private/tmp/bizq25-completed-review/2026-10-05_152012
