Running on iPhone 17 - iOS 26.4 - 7F315654-3175-4F3C-BB24-B0263F59360C
 > Flow BIZQ01 native25 real order selection background and authored wrong feedback
Assert that id: patternly:session:configuration:google-cloud-associate-cloud-engineer:certification-focus-practice:2:length:10:feedback-timing:after-each-answer is visible... COMPLETED
Tap on id: patternly:session:option:gcp-ace-gcpace-n01-b03-001:d... COMPLETED
Assert that "radio button, checked, Selected", id: patternly:session:option:gcp-ace-gcpace-n01-b03-001:d is visible... COMPLETED
Assert that id: patternly:session:reason:.* is not visible... COMPLETED
Assert that id: patternly:session:details:.* is not visible... COMPLETED
Assert that id: patternly:session:feedback:.* is not visible... COMPLETED
Take screenshot native25-wrong-stable-id-selected-before-background... COMPLETED
Press Home key... COMPLETED
Launch app "com.lkurczab.patternly" without stopping app... COMPLETED
Assert that id: patternly:session:question:gcp-ace-gcpace-n01-b03-001 is visible... COMPLETED
Assert that "radio button, checked, Selected", id: patternly:session:option:gcp-ace-gcpace-n01-b03-001:d is visible... COMPLETED
Assert that id: patternly:session:reason:.* is not visible... COMPLETED
Assert that id: patternly:session:details:.* is not visible... COMPLETED
Assert that id: patternly:session:feedback:.* is not visible... COMPLETED
Take screenshot native25-same-selection-after-background... COMPLETED
Tap on id: patternly:session:submit:gcp-ace-gcpace-n01-b03-001... COMPLETED
Assert that id: patternly:session:result:gcp-ace-gcpace-n01-b03-001:incorrect is visible... COMPLETED
Assert that id: patternly:session:feedback:gcp-ace-gcpace-n01-b03-001 is visible... COMPLETED
Take screenshot native25-first-durable-wrong-feedback... COMPLETED
Scrolling DOWN until id: patternly:session:details-toggle:gcp-ace-gcpace-n01-b03-001 is visible with speed 40, visibility percentage 100%, timeout 20000 ms, with centering enabled... COMPLETED
Tap on id: patternly:session:details-toggle:gcp-ace-gcpace-n01-b03-001... COMPLETED
Assert that id: patternly:session:details:gcp-ace-gcpace-n01-b03-001 is visible... COMPLETED
Take screenshot native25-first-expanded-details... COMPLETED
