Running on iPhone 17 - iOS 26.4 - 7F315654-3175-4F3C-BB24-B0263F59360C
 > Flow BIZQ01 native25 second authored correct and expanded Details
Assert that id: patternly:session:question:gcp-ace-gcpace-n01-b04-001 is visible... COMPLETED
Assert that id: patternly:session:feedback:.* is not visible... COMPLETED
Tap on id: patternly:session:option:gcp-ace-gcpace-n01-b04-001:a... COMPLETED
Take screenshot native25-second-selected-stable-id-correct... COMPLETED
Tap on id: patternly:session:submit:gcp-ace-gcpace-n01-b04-001... COMPLETED
Assert that id: patternly:session:result:gcp-ace-gcpace-n01-b04-001:correct is visible... COMPLETED
Take screenshot native25-second-durable-correct-feedback... COMPLETED
Scrolling DOWN until id: patternly:session:details-toggle:gcp-ace-gcpace-n01-b04-001 is visible with speed 40, visibility percentage 100%, timeout 20000 ms, with centering enabled... COMPLETED
Tap on id: patternly:session:details-toggle:gcp-ace-gcpace-n01-b04-001... COMPLETED
Assert that id: patternly:session:details:gcp-ace-gcpace-n01-b04-001 is visible... COMPLETED
Take screenshot native25-second-details-expanded... COMPLETED
Swipe from (50%,72%) to (50%,60%) in 500 ms... COMPLETED
Take screenshot native25-second-details-scroll-1... COMPLETED
Swipe from (50%,72%) to (50%,60%) in 500 ms... COMPLETED
Take screenshot native25-second-details-scroll-2... COMPLETED
Swipe from (50%,72%) to (50%,60%) in 500 ms... COMPLETED
Take screenshot native25-second-details-scroll-3... COMPLETED
Swipe from (50%,72%) to (50%,60%) in 500 ms... COMPLETED
Take screenshot native25-second-details-scroll-4... COMPLETED
Tap on id: patternly:session:continue:gcp-ace-gcpace-n01-b04-001... COMPLETED
Assert that id: patternly:session:counter:google-cloud-associate-cloud-engineer:certification-focus-practice:2:ordinal:3:length:10 is visible... COMPLETED
Take screenshot native25-third-question-before-submit... COMPLETED
