Running on iPhone 17 - iOS 26.4 - 7F315654-3175-4F3C-BB24-B0263F59360C
 > Flow BIZQ01 native25 real Free GCP session
Tap on id: patternly:practice:open-setup... COMPLETED
Assert that id: patternly:practice:setup:root is visible... COMPLETED
Scrolling DOWN until id: patternly:practice:session-length:10 is visible with speed 40, visibility percentage 100%, timeout 20000 ms, with centering enabled... FAILED

No visible element found: id: patternly:practice:session-length:10

Could not find a visible element matching selector: id: patternly:practice:session-length:10
Tip: Try adjusting the following settings to improve detection:
- `timeout`: current = 20000ms → Increase if you need more time to find the element
- `speed`: current = 40 (0-100 scale) → Increase for faster scrolling if element is far away
- `waitToSettleTimeoutMs`: current = Not defined → Set this value (e.g., 500ms) if your UI updates frequently between scrolls
- `visibilityPercentage`: current = 100% → Lower this value if you want to detect partially visible elements
- `centerElement`: current = true → Disable if you don't need the element to be centered after finding it


==== Debug output (logs & screenshots) ====

/private/tmp/bizq25-start/2026-10-05_143418
╭────────────────────────────────────────────────────────────────────────────────────────────────╮
│                                                                                                │
│   Debug tests faster by easy access to test recordings, maestro logs, screenshots, and more.   │
│                                                                                                │
│   Run your flows on Maestro Cloud:                                                             │
│   maestro cloud app_file flows_folder/                                                         │
│                                                                                                │
╰────────────────────────────────────────────────────────────────────────────────────────────────╯

