TAP version 13
# Subtest: recovery-code issuance preserves invalid credentials from reauthentication
ok 1 - recovery-code issuance preserves invalid credentials from reauthentication
  ---
  duration_ms: 1.040375
  type: 'test'
  ...
# Subtest: ordinary Firebase identity exchanges before /me and blocks its custom-token observer event
ok 2 - ordinary Firebase identity exchanges before /me and blocks its custom-token observer event
  ---
  duration_ms: 1.294458
  type: 'test'
  ...
# Subtest: a custom-token recovery session with an authorization generation bypasses exchange
ok 3 - a custom-token recovery session with an authorization generation bypasses exchange
  ---
  duration_ms: 0.126459
  type: 'test'
  ...
# Subtest: recovery requires its exact generation and never exchanges a missing or mismatched claim
    # Subtest: rejects generation null
    ok 1 - rejects generation null
      ---
      duration_ms: 0.266
      type: 'test'
      ...
    # Subtest: rejects generation 1
    ok 2 - rejects generation 1
      ---
      duration_ms: 0.053667
      type: 'test'
      ...
    # Subtest: rejects generation 3
    ok 3 - rejects generation 3
      ---
      duration_ms: 0.04775
      type: 'test'
      ...
    1..3
ok 4 - recovery requires its exact generation and never exchanges a missing or mismatched claim
  ---
  duration_ms: 0.579417
  type: 'test'
  ...
# Subtest: a generation change after exchange prevents token sign-in and /me
ok 5 - a generation change after exchange prevents token sign-in and /me
  ---
  duration_ms: 0.163334
  type: 'test'
  ...
# Subtest: custom-token exchange requires a valid authorization generation before /me
    # Subtest: rejects claim undefined
    ok 1 - rejects claim undefined
      ---
      duration_ms: 0.223667
      type: 'test'
      ...
    # Subtest: rejects claim 0
    ok 2 - rejects claim 0
      ---
      duration_ms: 0.122166
      type: 'test'
      ...
    # Subtest: rejects claim 1
    ok 3 - rejects claim 1
      ---
      duration_ms: 0.171916
      type: 'test'
      ...
    1..3
ok 6 - custom-token exchange requires a valid authorization generation before /me
  ---
  duration_ms: 0.956625
  type: 'test'
  ...
# Subtest: recovery issue session restore requires a current explicit sign-in intent and matching UID
    # Subtest: before the user chooses sign-in
    ok 1 - before the user chooses sign-in
      ---
      duration_ms: 0.127625
      type: 'test'
      ...
    # Subtest: after the pending intent expires
    ok 2 - after the pending intent expires
      ---
      duration_ms: 0.1065
      type: 'test'
      ...
    # Subtest: after restart has lost the pending intent
    ok 3 - after restart has lost the pending intent
      ---
      duration_ms: 0.113042
      type: 'test'
      ...
    # Subtest: when Firebase is bound to another UID
    ok 4 - when Firebase is bound to another UID
      ---
      duration_ms: 0.048125
      type: 'test'
      ...
    1..4
ok 7 - recovery issue session restore requires a current explicit sign-in intent and matching UID
  ---
  duration_ms: 0.511292
  type: 'test'
  ...
# Subtest: recovery issue session restore rejects a present mismatched or malformed generation before exchange
    # Subtest: present wrong generation
    ok 1 - present wrong generation
      ---
      duration_ms: 0.088
      type: 'test'
      ...
    # Subtest: malformed Firebase claim
    ok 2 - malformed Firebase claim
      ---
      duration_ms: 0.082375
      type: 'test'
      ...
    1..2
ok 8 - recovery issue session restore rejects a present mismatched or malformed generation before exchange
  ---
  duration_ms: 0.243916
  type: 'test'
  ...
# Subtest: a missing recovery generation restores only for current explicit intent, then checks the exact generation
ok 9 - a missing recovery generation restores only for current explicit intent, then checks the exact generation
  ---
  duration_ms: 0.171625
  type: 'test'
  ...
# Subtest: recovery intent expiring during exchange prevents observer release and Firebase sign-in
ok 10 - recovery intent expiring during exchange prevents observer release and Firebase sign-in
  ---
  duration_ms: 0.087208
  type: 'test'
  ...
# Subtest: a recovery sign-in returning another generation fails before ACK or /me
ok 11 - a recovery sign-in returning another generation fails before ACK or /me
  ---
  duration_ms: 0.171417
  type: 'test'
  ...
# Subtest: issue persists operation identity before POST and blocks profile preparation until saved ACK
ok 12 - issue persists operation identity before POST and blocks profile preparation until saved ACK
  ---
  duration_ms: 3.022208
  type: 'test'
  ...
# Subtest: vault persistence failure prevents both issue and consume requests
ok 13 - vault persistence failure prevents both issue and consume requests
  ---
  duration_ms: 0.43025
  type: 'test'
  ...
# Subtest: restored issue with an authenticated UID but missing generation remains blocked and hides codes
ok 14 - restored issue with an authenticated UID but missing generation remains blocked and hides codes
  ---
  duration_ms: 0.253708
  type: 'test'
  ...
# Subtest: consume persists code before POST, keeps custom token out of durable and visible state, then ACKs the matching SDK identity
ok 15 - consume persists code before POST, keeps custom token out of durable and visible state, then ACKs the matching SDK identity
  ---
  duration_ms: 0.439917
  type: 'test'
  ...
# Subtest: signed-in UID with a malformed generation is not treated as signed out for pending consume
ok 16 - signed-in UID with a malformed generation is not treated as signed out for pending consume
  ---
  duration_ms: 0.1345
  type: 'test'
  ...
# Subtest: cold matching consume identity ACKs without another SDK sign-in
ok 17 - cold matching consume identity ACKs without another SDK sign-in
  ---
  duration_ms: 0.266375
  type: 'test'
  ...
# Subtest: signed-out restart first records server result, then explicit resume signs in and ACKs
ok 18 - signed-out restart first records server result, then explicit resume signs in and ACKs
  ---
  duration_ms: 0.346625
  type: 'test'
  ...
# Subtest: an issue provider retry reuses its saved operation ID rather than allocating a new one
ok 19 - an issue provider retry reuses its saved operation ID rather than allocating a new one
  ---
  duration_ms: 0.303
  type: 'test'
  ...
# Subtest: a recovery-code operation for a different account keeps codes hidden and offers explicit sign-in resolution
ok 20 - a recovery-code operation for a different account keeps codes hidden and offers explicit sign-in resolution
  ---
  duration_ms: 0.870542
  type: 'test'
  ...
# Subtest: unconfirmed delivery keeps unsaved codes available and offers an explicit status retry
ok 21 - unconfirmed delivery keeps unsaved codes available and offers an explicit status retry
  ---
  duration_ms: 0.095625
  type: 'test'
  ...
# Subtest: persisted saved intent hides codes and offers an explicit ACK retry
ok 22 - persisted saved intent hides codes and offers an explicit ACK retry
  ---
  duration_ms: 0.061208
  type: 'test'
  ...
# Subtest: acknowledged issue is terminal and no longer blocks a replacement chosen by the user
ok 23 - acknowledged issue is terminal and no longer blocks a replacement chosen by the user
  ---
  duration_ms: 0.0525
  type: 'test'
  ...
# Subtest: server-confirmed non-acknowledged terminal status requires an explicit continue action
ok 24 - server-confirmed non-acknowledged terminal status requires an explicit continue action
  ---
  duration_ms: 0.051459
  type: 'test'
  ...
# Subtest: a consume operation for another account offers explicit resume without an automatic retry
ok 25 - a consume operation for another account offers explicit resume without an automatic retry
  ---
  duration_ms: 0.050625
  type: 'test'
  ...
# Subtest: loading or unavailable vault state blocks code issuance until recovery state is known
ok 26 - loading or unavailable vault state blocks code issuance until recovery state is known
  ---
  duration_ms: 0.05725
  type: 'test'
  ...
# Subtest: all account locales provide the recovery operation states and explicit mismatch actions
ok 27 - all account locales provide the recovery operation states and explicit mismatch actions
  ---
  duration_ms: 2.877167
  type: 'test'
  ...
# Subtest: vault round-trips only the versioned recovery record and clears it
ok 28 - vault round-trips only the versioned recovery record and clears it
  ---
  duration_ms: 1.679667
  type: 'test'
  ...
# Subtest: vault rejects malformed records without leaking parser errors or deleting evidence
ok 29 - vault rejects malformed records without leaking parser errors or deleting evidence
  ---
  duration_ms: 0.332333
  type: 'test'
  ...
# Subtest: vault rejects duplicate or malformed recovery codes before storage
ok 30 - vault rejects duplicate or malformed recovery codes before storage
  ---
  duration_ms: 0.102458
  type: 'test'
  ...
# Subtest: vault reports write and clear failures explicitly
ok 31 - vault reports write and clear failures explicitly
  ---
  duration_ms: 0.202583
  type: 'test'
  ...
1..31
# tests 43
# suites 0
# pass 43
# fail 0
# cancelled 0
# skipped 0
# todo 0
# duration_ms 299.084292
