TAP version 13
# Subtest: public environment and Firebase client configuration fail closed
ok 1 - public environment and Firebase client configuration fail closed
  ---
  duration_ms: 1.562834
  type: 'test'
  ...
# Subtest: Firebase account configuration requires core fields and accepts only valid optional Google IDs
ok 2 - Firebase account configuration requires core fields and accepts only valid optional Google IDs
  ---
  duration_ms: 0.199625
  type: 'test'
  ...
# Subtest: native App Check composes either provider, both providers, or an explicit unavailable state
ok 3 - native App Check composes either provider, both providers, or an explicit unavailable state
  ---
  duration_ms: 0.403417
  type: 'test'
  ...
# Subtest: only the explicit local smoke runtime finalizes every password-identity command without verification side effects
ok 4 - only the explicit local smoke runtime finalizes every password-identity command without verification side effects
  ---
  duration_ms: 0.262083
  type: 'test'
  ...
# Subtest: account entry copy makes the destructive choice and code acknowledgement explicit
ok 5 - account entry copy makes the destructive choice and code acknowledgement explicit
  ---
  duration_ms: 1.138
  type: 'test'
  ...
# Subtest: account entry owns one terminal choice and keeps synced account controls separate
ok 6 - account entry owns one terminal choice and keeps synced account controls separate
  ---
  duration_ms: 2.176292
  type: 'test'
  ...
# Subtest: account recovery owns one status message, a truthful retry, and a sign-out exit
ok 7 - account recovery owns one status message, a truthful retry, and a sign-out exit
  ---
  duration_ms: 3.456209
  type: 'test'
  ...
# Subtest: account recovery back action follows live navigator history
ok 8 - account recovery back action follows live navigator history
  ---
  duration_ms: 0.370375
  type: 'test'
  ...
# Subtest: signed-out sign-in presentation is independent of pending remote revocation
ok 9 - signed-out sign-in presentation is independent of pending remote revocation
  ---
  duration_ms: 1.151625
  type: 'test'
  ...
# Subtest: local sign-out persists its block before closing scope and never invokes remote preparation
ok 10 - local sign-out persists its block before closing scope and never invokes remote preparation
  ---
  duration_ms: 0.512583
  type: 'test'
  ...
# Subtest: completed sign-out cannot publish signed-out state over a newly authenticated UID
ok 11 - completed sign-out cannot publish signed-out state over a newly authenticated UID
  ---
  duration_ms: 0.2115
  type: 'test'
  ...
# Subtest: explicit login and registration Auth mutations serialize with local sign-out
ok 12 - explicit login and registration Auth mutations serialize with local sign-out
  ---
  duration_ms: 0.447292
  type: 'test'
  ...
# Subtest: restored matching logout block closes scope and remains pending until manual retry
ok 13 - restored matching logout block closes scope and remains pending until manual retry
  ---
  duration_ms: 0.584958
  type: 'test'
  ...
# Subtest: foreground identity publication keeps the latest account data and rejects stale generations
ok 14 - foreground identity publication keeps the latest account data and rejects stale generations
  ---
  duration_ms: 0.12175
  type: 'test'
  ...
# Subtest: queued identity refresh is rejected by the production guard after sign-out or UID switch
ok 15 - queued identity refresh is rejected by the production guard after sign-out or UID switch
  ---
  duration_ms: 0.291916
  type: 'test'
  ...
# Subtest: email security composition delegates refresh to the global foreground owner
ok 16 - email security composition delegates refresh to the global foreground owner
  ---
  duration_ms: 1.799916
  type: 'test'
  ...
# Subtest: the foreground owner retries plan recovery at bootstrap, reconnect, foreground, and its durable timer
ok 17 - the foreground owner retries plan recovery at bootstrap, reconnect, foreground, and its durable timer
  ---
  duration_ms: 0.177584
  type: 'test'
  ...
# Subtest: sign-in keeps guest access visible and uses the approved Google logo asset
ok 18 - sign-in keeps guest access visible and uses the approved Google logo asset
  ---
  duration_ms: 1.179167
  type: 'test'
  ...
# Subtest: registration keeps consent presentation separate from the boolean domain contract
ok 19 - registration keeps consent presentation separate from the boolean domain contract
  ---
  duration_ms: 2.212125
  type: 'test'
  ...
# Subtest: both recovery-code surfaces warn before copying through the guarded clipboard
ok 20 - both recovery-code surfaces warn before copying through the guarded clipboard
  ---
  duration_ms: 0.911375
  type: 'test'
  ...
# Subtest: unconfigured account entry never composes Google OAuth without typed provider configuration
ok 21 - unconfigured account entry never composes Google OAuth without typed provider configuration
  ---
  duration_ms: 0.472125
  type: 'test'
  ...
# Subtest: a guest transition resets navigation into the application session
ok 22 - a guest transition resets navigation into the application session
  ---
  duration_ms: 0.081708
  type: 'test'
  ...
# Subtest: secure auth persistence stores only a Firebase refresh-token-shaped record
ok 23 - secure auth persistence stores only a Firebase refresh-token-shaped record
  ---
  duration_ms: 0.395834
  type: 'test'
  ...
# Subtest: secure auth persistence isolates Firebase metadata from the saved auth user
ok 24 - secure auth persistence isolates Firebase metadata from the saved auth user
  ---
  duration_ms: 0.648583
  type: 'test'
  ...
# Subtest: startup waits for persisted auth resolution before choosing the entry screen or Home
ok 25 - startup waits for persisted auth resolution before choosing the entry screen or Home
  ---
  duration_ms: 0.893542
  type: 'test'
  ...
# Subtest: account finalization coordinator shares one in-flight and completed result per generation
ok 26 - account finalization coordinator shares one in-flight and completed result per generation
  ---
  duration_ms: 0.204834
  type: 'test'
  ...
# Subtest: account finalization coordinator drops late results after invalidation and disposal
ok 27 - account finalization coordinator drops late results after invalidation and disposal
  ---
  duration_ms: 0.286709
  type: 'test'
  ...
# Subtest: read-only generation capture cannot reactivate a session during sign-out
ok 28 - read-only generation capture cannot reactivate a session during sign-out
  ---
  duration_ms: 0.072208
  type: 'test'
  ...
# Subtest: account restore has a bounded initialization recovery path
ok 29 - account restore has a bounded initialization recovery path
  ---
  duration_ms: 0.422209
  type: 'test'
  ...
# Subtest: App Check has an explicit unavailable state and never fabricates a token
ok 30 - App Check has an explicit unavailable state and never fabricates a token
  ---
  duration_ms: 0.074875
  type: 'test'
  ...
# Subtest: account failures expose explicit provider, network, expiry, and revoked-session states
ok 31 - account failures expose explicit provider, network, expiry, and revoked-session states
  ---
  duration_ms: 0.39225
  type: 'test'
  ...
# Subtest: cold account_not_found clears persisted Firebase auth or exposes a truthful sign-out retry
ok 32 - cold account_not_found clears persisted Firebase auth or exposes a truthful sign-out retry
  ---
  duration_ms: 0.225208
  type: 'test'
  ...
# Subtest: privacy requests expose App Check failures as unavailable
ok 33 - privacy requests expose App Check failures as unavailable
  ---
  duration_ms: 0.114167
  type: 'test'
  ...
# Subtest: recovery-code issuance preserves invalid credentials from reauthentication
ok 34 - recovery-code issuance preserves invalid credentials from reauthentication
  ---
  duration_ms: 0.775625
  type: 'test'
  ...
# Subtest: ordinary Firebase identity exchanges before /me and blocks its custom-token observer event
ok 35 - ordinary Firebase identity exchanges before /me and blocks its custom-token observer event
  ---
  duration_ms: 1.430084
  type: 'test'
  ...
# Subtest: a custom-token recovery session with an authorization generation bypasses exchange
ok 36 - a custom-token recovery session with an authorization generation bypasses exchange
  ---
  duration_ms: 0.134666
  type: 'test'
  ...
# Subtest: recovery requires its exact generation and never exchanges a missing or mismatched claim
    # Subtest: rejects generation null
    ok 1 - rejects generation null
      ---
      duration_ms: 0.281625
      type: 'test'
      ...
    # Subtest: rejects generation 1
    ok 2 - rejects generation 1
      ---
      duration_ms: 0.059459
      type: 'test'
      ...
    # Subtest: rejects generation 3
    ok 3 - rejects generation 3
      ---
      duration_ms: 0.051334
      type: 'test'
      ...
    1..3
ok 37 - recovery requires its exact generation and never exchanges a missing or mismatched claim
  ---
  duration_ms: 0.616666
  type: 'test'
  ...
# Subtest: a generation change after exchange prevents token sign-in and /me
ok 38 - a generation change after exchange prevents token sign-in and /me
  ---
  duration_ms: 0.177584
  type: 'test'
  ...
# Subtest: custom-token exchange requires a valid authorization generation before /me
    # Subtest: rejects claim undefined
    ok 1 - rejects claim undefined
      ---
      duration_ms: 0.233167
      type: 'test'
      ...
    # Subtest: rejects claim 0
    ok 2 - rejects claim 0
      ---
      duration_ms: 0.131875
      type: 'test'
      ...
    # Subtest: rejects claim 1
    ok 3 - rejects claim 1
      ---
      duration_ms: 0.1725
      type: 'test'
      ...
    1..3
ok 39 - custom-token exchange requires a valid authorization generation before /me
  ---
  duration_ms: 0.9885
  type: 'test'
  ...
# Subtest: recovery issue session restore requires a current explicit sign-in intent and matching UID
    # Subtest: before the user chooses sign-in
    ok 1 - before the user chooses sign-in
      ---
      duration_ms: 0.135833
      type: 'test'
      ...
    # Subtest: after the pending intent expires
    ok 2 - after the pending intent expires
      ---
      duration_ms: 0.107584
      type: 'test'
      ...
    # Subtest: after restart has lost the pending intent
    ok 3 - after restart has lost the pending intent
      ---
      duration_ms: 0.118958
      type: 'test'
      ...
    # Subtest: when Firebase is bound to another UID
    ok 4 - when Firebase is bound to another UID
      ---
      duration_ms: 0.051166
      type: 'test'
      ...
    1..4
ok 40 - recovery issue session restore requires a current explicit sign-in intent and matching UID
  ---
  duration_ms: 0.53575
  type: 'test'
  ...
# Subtest: recovery issue session restore rejects a present mismatched or malformed generation before exchange
    # Subtest: present wrong generation
    ok 1 - present wrong generation
      ---
      duration_ms: 0.094583
      type: 'test'
      ...
    # Subtest: malformed Firebase claim
    ok 2 - malformed Firebase claim
      ---
      duration_ms: 0.083459
      type: 'test'
      ...
    1..2
ok 41 - recovery issue session restore rejects a present mismatched or malformed generation before exchange
  ---
  duration_ms: 0.2525
  type: 'test'
  ...
# Subtest: a missing recovery generation restores only for current explicit intent, then checks the exact generation
ok 42 - a missing recovery generation restores only for current explicit intent, then checks the exact generation
  ---
  duration_ms: 0.178084
  type: 'test'
  ...
# Subtest: recovery intent expiring during exchange prevents observer release and Firebase sign-in
ok 43 - recovery intent expiring during exchange prevents observer release and Firebase sign-in
  ---
  duration_ms: 0.094042
  type: 'test'
  ...
# Subtest: a recovery sign-in returning another generation fails before ACK or /me
ok 44 - a recovery sign-in returning another generation fails before ACK or /me
  ---
  duration_ms: 0.180833
  type: 'test'
  ...
# Subtest: issue result stays private through a deferred final identity read: exact
ok 45 - issue result stays private through a deferred final identity read: exact
  ---
  duration_ms: 1.59625
  type: 'test'
  ...
# Subtest: issue result stays private through a deferred final identity read: different_uid
ok 46 - issue result stays private through a deferred final identity read: different_uid
  ---
  duration_ms: 0.284833
  type: 'test'
  ...
# Subtest: issue result stays private through a deferred final identity read: different_generation
ok 47 - issue result stays private through a deferred final identity read: different_generation
  ---
  duration_ms: 0.182
  type: 'test'
  ...
# Subtest: issue result stays private through a deferred final identity read: signed_out
ok 48 - issue result stays private through a deferred final identity read: signed_out
  ---
  duration_ms: 0.066584
  type: 'test'
  ...
# Subtest: issue result stays private through a deferred final identity read: read_failure
ok 49 - issue result stays private through a deferred final identity read: read_failure
  ---
  duration_ms: 0.123875
  type: 'test'
  ...
# Subtest: issue result stays private through a deferred final identity read: stale_revision
ok 50 - issue result stays private through a deferred final identity read: stale_revision
  ---
  duration_ms: 0.054708
  type: 'test'
  ...
# Subtest: missing or unreadable initial identity cannot read a generation for a different account
ok 51 - missing or unreadable initial identity cannot read a generation for a different account
  ---
  duration_ms: 0.075667
  type: 'test'
  ...
# Subtest: provider gates subscription and closes scoped access before releasing rejected issue results
ok 52 - provider gates subscription and closes scoped access before releasing rejected issue results
  ---
  duration_ms: 1.153542
  type: 'test'
  ...
# Subtest: issue persists operation identity before POST and blocks profile preparation until saved ACK
ok 53 - issue persists operation identity before POST and blocks profile preparation until saved ACK
  ---
  duration_ms: 2.74175
  type: 'test'
  ...
# Subtest: vault persistence failure prevents both issue and consume requests
ok 54 - vault persistence failure prevents both issue and consume requests
  ---
  duration_ms: 0.973583
  type: 'test'
  ...
# Subtest: restored issue with an authenticated UID but missing generation remains blocked and hides codes
ok 55 - restored issue with an authenticated UID but missing generation remains blocked and hides codes
  ---
  duration_ms: 0.246291
  type: 'test'
  ...
# Subtest: synchronous identity suspension redacts an in-flight status result and preserves durable codes
ok 56 - synchronous identity suspension redacts an in-flight status result and preserves durable codes
  ---
  duration_ms: 0.334625
  type: 'test'
  ...
# Subtest: identity swap during initial issue POST persists codes but never exposes or ACKs them
ok 57 - identity swap during initial issue POST persists codes but never exposes or ACKs them
  ---
  duration_ms: 0.31375
  type: 'test'
  ...
# Subtest: consume persists code before POST, keeps custom token out of durable and visible state, then ACKs the matching SDK identity
ok 58 - consume persists code before POST, keeps custom token out of durable and visible state, then ACKs the matching SDK identity
  ---
  duration_ms: 0.428917
  type: 'test'
  ...
# Subtest: signed-in UID with a malformed generation is not treated as signed out for pending consume
ok 59 - signed-in UID with a malformed generation is not treated as signed out for pending consume
  ---
  duration_ms: 0.187375
  type: 'test'
  ...
# Subtest: cold matching consume identity ACKs without another SDK sign-in
ok 60 - cold matching consume identity ACKs without another SDK sign-in
  ---
  duration_ms: 0.258041
  type: 'test'
  ...
# Subtest: signed-out restart first records server result, then explicit resume signs in and ACKs
ok 61 - signed-out restart first records server result, then explicit resume signs in and ACKs
  ---
  duration_ms: 0.521292
  type: 'test'
  ...
# Subtest: an issue provider retry reuses its saved operation ID rather than allocating a new one
ok 62 - an issue provider retry reuses its saved operation ID rather than allocating a new one
  ---
  duration_ms: 0.47475
  type: 'test'
  ...
# Subtest: explicit replacement confirms delivery_unconfirmed, saves one backup before POST, and exposes only the durable new result
ok 63 - explicit replacement confirms delivery_unconfirmed, saves one backup before POST, and exposes only the durable new result
  ---
  duration_ms: 0.483583
  type: 'test'
  ...
# Subtest: replacement vault write failure prevents POST and retains the old operation and codes
ok 64 - replacement vault write failure prevents POST and retains the old operation and codes
  ---
  duration_ms: 0.221708
  type: 'test'
  ...
# Subtest: lost replacement POST and exact missing-status response preserve both records and the same new ID
ok 65 - lost replacement POST and exact missing-status response preserve both records and the same new ID
  ---
  duration_ms: 0.379958
  type: 'test'
  ...
# Subtest: explicit retry of a persisted replacement GETs first and reuses its saved ID
ok 66 - explicit retry of a persisted replacement GETs first and reuses its saved ID
  ---
  duration_ms: 0.236583
  type: 'test'
  ...
# Subtest: generic retry, restart reconciliation, and unconfirmed start are status-only for pending replacements
ok 67 - generic retry, restart reconciliation, and unconfirmed start are status-only for pending replacements
  ---
  duration_ms: 0.463125
  type: 'test'
  ...
# Subtest: replacement refuses a malformed or cross-generation result and keeps the old backup durable
ok 68 - replacement refuses a malformed or cross-generation result and keeps the old backup durable
  ---
  duration_ms: 0.329916
  type: 'test'
  ...
# Subtest: authoritative delivery_unconfirmed ends the current replacement backup without allocating another ID
ok 69 - authoritative delivery_unconfirmed ends the current replacement backup without allocating another ID
  ---
  duration_ms: 0.200625
  type: 'test'
  ...
# Subtest: a separate explicit confirmation after confirmed replacement expiry starts a new backed-up ID
ok 70 - a separate explicit confirmation after confirmed replacement expiry starts a new backed-up ID
  ---
  duration_ms: 0.218375
  type: 'test'
  ...
# Subtest: replacement status auth and service errors retain the old backup without POST
ok 71 - replacement status auth and service errors retain the old backup without POST
  ---
  duration_ms: 0.255708
  type: 'test'
  ...
# Subtest: confirmed ACK and superseded replacement statuses resolve the backup as terminal
ok 72 - confirmed ACK and superseded replacement statuses resolve the backup as terminal
  ---
  duration_ms: 0.225125
  type: 'test'
  ...
# Subtest: confirmed replacement expiry stays explicit and retains prior codes until separate confirmation
ok 73 - confirmed replacement expiry stays explicit and retains prior codes until separate confirmation
  ---
  duration_ms: 0.281833
  type: 'test'
  ...
# Subtest: vault round-trips only the versioned recovery record and clears it
ok 74 - vault round-trips only the versioned recovery record and clears it
  ---
  duration_ms: 3.454167
  type: 'test'
  ...
# Subtest: vault rejects malformed records without leaking parser errors or deleting evidence
ok 75 - vault rejects malformed records without leaking parser errors or deleting evidence
  ---
  duration_ms: 0.402375
  type: 'test'
  ...
# Subtest: vault rejects duplicate or malformed recovery codes before storage
ok 76 - vault rejects duplicate or malformed recovery codes before storage
  ---
  duration_ms: 0.110583
  type: 'test'
  ...
# Subtest: vault round-trips exactly one same-account replacement backup without recursive lineage
ok 77 - vault round-trips exactly one same-account replacement backup without recursive lineage
  ---
  duration_ms: 0.231542
  type: 'test'
  ...
# Subtest: vault rejects replacement backups with mismatched identity, operation ID, or recursive/extended shape
ok 78 - vault rejects replacement backups with mismatched identity, operation ID, or recursive/extended shape
  ---
  duration_ms: 0.578584
  type: 'test'
  ...
# Subtest: vault reports write and clear failures explicitly
ok 79 - vault reports write and clear failures explicitly
  ---
  duration_ms: 0.144084
  type: 'test'
  ...
1..79
# tests 91
# suites 0
# pass 91
# fail 0
# cancelled 0
# skipped 0
# todo 0
# duration_ms 876.300125
