
> patternly@0.1.0 test:recovery-operations:emulator
> node scripts/runRecoveryOperationIntegration.mjs

AUD-08 B3 mobile integration: app=8d12b0ccabf7b2c28659c78c10a7915abafb2672 backend=15e49d04dcf510cb7081b356a7182343d9d170ab producerPins=27
Isolated emulator gate: demo-patternly-aud08-mobile Auth19119/Firestore18119
i  emulators: Starting emulators: auth, firestore
i  emulators: Detected demo project ID "demo-patternly-aud08-mobile", emulated services will use a demo configuration and attempts to access non-emulated services for this project will fail.
i  firestore: Firestore Emulator logging to firestore-debug.log
✔  firestore: Firestore Emulator was started in standard edition.
✔  firestore: Firestore Emulator UI websocket is running on 9151.
i  Running script: '/opt/homebrew/Cellar/node@22/22.22.3/bin/node' --import '/Users/lukaszkurczab/Desktop/Projects/Patternly/patternly/node_modules/tsx/dist/loader.mjs' --test --test-concurrency=1 '/Users/lukaszkurczab/Desktop/Projects/Patternly/patternly/scripts/recoveryOperationIntegration.emulator.test.ts'
TAP version 13
# Subtest: mobile recovery coordinator, secure-store fixture and adapter complete real HTTP recovery operations
ok 1 - mobile recovery coordinator, secure-store fixture and adapter complete real HTTP recovery operations
  ---
  duration_ms: 3969.999625
  type: 'test'
  ...
# Firebase SDK password reauth: sameUid=true generationBefore=1 generationAfter=absent
# ensureRecoveryIssueSignInSession restored the exact generation via real adapter exchange and Firebase custom-token sign-in after SDK credential reauth
# wrong-generation rejection is helper-only with a controlled claim fixture; zero exchange and zero issue POST
# stale recovery issue uses a process-global +301s Date.now fixture only during its single awaited HTTP request (test concurrency=1); SDK sign-in and backend verifier remain real, while token auth_time itself is recent
# consume POST committed once and its response plus the initial automatic status response were lost; operation ID/code remain in the memory vault for cold-coordinator recovery
# replacement session barrier requires real-time wait=true
# replacement issue uses real password reauthentication followed by the canonical explicit-intent exchange/custom-token helper to restore exact generation 3
# backendLogRedaction=pass; requests=29; positive=27; negative=2
# Subtest: HTTP session revoke conflicts with an unacknowledged recovery result and succeeds after its ACK
ok 2 - HTTP session revoke conflicts with an unacknowledged recovery result and succeeds after its ACK
  ---
  duration_ms: 438.565625
  type: 'test'
  ...
# real HTTP revoke was refused while a recovery result owned the slot, then revoked one Firebase session after the exact consume ACK; replacement SDK session retained generation 2; backendLogRedaction=pass; requests=7; positive=6; negative=1
# Subtest: same-operation concurrent HTTP recovery consumes return the persisted real Admin winner
ok 3 - same-operation concurrent HTTP recovery consumes return the persisted real Admin winner
  ---
  duration_ms: 20041.908375
  type: 'test'
  ...
# two real HTTP consumes raced the same fenced operation; both returned the persisted Admin-minted winner and exact ACK cleared the result at generation 2; backendLogRedaction=pass; requests=7; positive=7; negative=0
# Subtest: HTTP account deletion supersedes an unacknowledged recovery result and removes its proof-bound data
ok 4 - HTTP account deletion supersedes an unacknowledged recovery result and removes its proof-bound data
  ---
  duration_ms: 1513.558208
  type: 'test'
  ...
# real HTTP deletion superseded the pending recovery result, rejected its stale ACK as account_deleted, completed the public proof, removed Auth and owned Firestore records, and left public consume status non-minting; backendLogRedaction=pass; requests=9; positive=8; negative=1
1..4
# tests 4
# suites 0
# pass 4
# fail 0
# cancelled 0
# skipped 0
# todo 0
# duration_ms 26636.736833
✔  Script exited successfully (code 0)
i  emulators: Shutting down emulators.
i  firestore: Stopping Firestore Emulator
i  auth: Stopping Authentication Emulator
i  hub: Stopping emulator hub
i  logging: Stopping Logging Emulator
