
> patternly-backend@0.1.0 test:operator:acceptance
> node scripts/run-operator-acceptance-tests.mjs

Isolated emulator gate: demo-patternly-ops-b4 Auth19119/Firestore18119
i  emulators: Starting emulators: auth, firestore
i  emulators: Detected demo project ID "demo-patternly-ops-b4", emulated services will use a demo configuration and attempts to access non-emulated services for this project will fail.
i  firestore: Firestore Emulator logging to firestore-debug.log
✔  firestore: Firestore Emulator was started in standard edition.
✔  firestore: Firestore Emulator UI websocket is running on 9151.
i  Running script: node --import tsx --test --test-concurrency=1 tests/opsAcceptance.emulator.test.ts
TAP version 13
# Subtest: OPS-B4 synthetic acceptance drives public intake, audited operator actions, and replay safety over HTTPS
ok 1 - OPS-B4 synthetic acceptance drives public intake, audited operator actions, and replay safety over HTTPS
  ---
  duration_ms: 4534.935417
  type: 'test'
  ...
1..1
# tests 1
# suites 0
# pass 1
# fail 0
# cancelled 0
# skipped 0
# todo 0
# duration_ms 7196.873166
✔  Script exited successfully (code 0)
i  emulators: Shutting down emulators.
i  firestore: Stopping Firestore Emulator
i  auth: Stopping Authentication Emulator
i  hub: Stopping emulator hub
i  logging: Stopping Logging Emulator
