TAP version 13
# Subtest: public environment and Firebase client configuration fail closed
ok 1 - public environment and Firebase client configuration fail closed
  ---
  duration_ms: 1.5835
  type: 'test'
  ...
# Subtest: Firebase account configuration requires core fields and accepts only valid optional Google IDs
ok 2 - Firebase account configuration requires core fields and accepts only valid optional Google IDs
  ---
  duration_ms: 0.217375
  type: 'test'
  ...
# Subtest: native App Check composes either provider, both providers, or an explicit unavailable state
ok 3 - native App Check composes either provider, both providers, or an explicit unavailable state
  ---
  duration_ms: 0.39925
  type: 'test'
  ...
# Subtest: only the explicit local smoke runtime finalizes every password-identity command without verification side effects
ok 4 - only the explicit local smoke runtime finalizes every password-identity command without verification side effects
  ---
  duration_ms: 0.258709
  type: 'test'
  ...
# Subtest: account entry copy makes the destructive choice and code acknowledgement explicit
ok 5 - account entry copy makes the destructive choice and code acknowledgement explicit
  ---
  duration_ms: 0.706292
  type: 'test'
  ...
# Subtest: account entry owns one terminal choice and keeps synced account controls separate
ok 6 - account entry owns one terminal choice and keeps synced account controls separate
  ---
  duration_ms: 1.344792
  type: 'test'
  ...
# Subtest: account recovery owns one status message, a truthful retry, and a sign-out exit
ok 7 - account recovery owns one status message, a truthful retry, and a sign-out exit
  ---
  duration_ms: 1.423167
  type: 'test'
  ...
# Subtest: account recovery back action follows live navigator history
ok 8 - account recovery back action follows live navigator history
  ---
  duration_ms: 0.373125
  type: 'test'
  ...
# Subtest: signed-out sign-in presentation is independent of pending remote revocation
ok 9 - signed-out sign-in presentation is independent of pending remote revocation
  ---
  duration_ms: 1.128375
  type: 'test'
  ...
# Subtest: local sign-out persists its block before closing scope and never invokes remote preparation
ok 10 - local sign-out persists its block before closing scope and never invokes remote preparation
  ---
  duration_ms: 0.504958
  type: 'test'
  ...
# Subtest: completed sign-out cannot publish signed-out state over a newly authenticated UID
ok 11 - completed sign-out cannot publish signed-out state over a newly authenticated UID
  ---
  duration_ms: 0.209333
  type: 'test'
  ...
# Subtest: explicit login and registration Auth mutations serialize with local sign-out
ok 12 - explicit login and registration Auth mutations serialize with local sign-out
  ---
  duration_ms: 0.451417
  type: 'test'
  ...
# Subtest: restored matching logout block closes scope and remains pending until manual retry
ok 13 - restored matching logout block closes scope and remains pending until manual retry
  ---
  duration_ms: 0.572958
  type: 'test'
  ...
# Subtest: foreground identity publication keeps the latest account data and rejects stale generations
ok 14 - foreground identity publication keeps the latest account data and rejects stale generations
  ---
  duration_ms: 0.125917
  type: 'test'
  ...
# Subtest: queued identity refresh is rejected by the production guard after sign-out or UID switch
ok 15 - queued identity refresh is rejected by the production guard after sign-out or UID switch
  ---
  duration_ms: 0.287625
  type: 'test'
  ...
# Subtest: email security composition delegates refresh to the global foreground owner
ok 16 - email security composition delegates refresh to the global foreground owner
  ---
  duration_ms: 0.365291
  type: 'test'
  ...
# Subtest: the foreground owner retries plan recovery at bootstrap, reconnect, foreground, and its durable timer
ok 17 - the foreground owner retries plan recovery at bootstrap, reconnect, foreground, and its durable timer
  ---
  duration_ms: 0.174334
  type: 'test'
  ...
# Subtest: sign-in keeps guest access visible and uses the approved Google logo asset
ok 18 - sign-in keeps guest access visible and uses the approved Google logo asset
  ---
  duration_ms: 1.191583
  type: 'test'
  ...
# Subtest: registration keeps consent presentation separate from the boolean domain contract
ok 19 - registration keeps consent presentation separate from the boolean domain contract
  ---
  duration_ms: 2.221417
  type: 'test'
  ...
# Subtest: both recovery-code surfaces warn before copying through the guarded clipboard
ok 20 - both recovery-code surfaces warn before copying through the guarded clipboard
  ---
  duration_ms: 0.662875
  type: 'test'
  ...
# Subtest: unconfigured account entry never composes Google OAuth without typed provider configuration
ok 21 - unconfigured account entry never composes Google OAuth without typed provider configuration
  ---
  duration_ms: 0.45775
  type: 'test'
  ...
# Subtest: a guest transition resets navigation into the application session
ok 22 - a guest transition resets navigation into the application session
  ---
  duration_ms: 0.078875
  type: 'test'
  ...
# Subtest: secure auth persistence stores only a Firebase refresh-token-shaped record
ok 23 - secure auth persistence stores only a Firebase refresh-token-shaped record
  ---
  duration_ms: 0.369125
  type: 'test'
  ...
# Subtest: secure auth persistence isolates Firebase metadata from the saved auth user
ok 24 - secure auth persistence isolates Firebase metadata from the saved auth user
  ---
  duration_ms: 0.641667
  type: 'test'
  ...
# Subtest: startup waits for persisted auth resolution before choosing the entry screen or Home
ok 25 - startup waits for persisted auth resolution before choosing the entry screen or Home
  ---
  duration_ms: 0.571541
  type: 'test'
  ...
# Subtest: account finalization coordinator shares one in-flight and completed result per generation
ok 26 - account finalization coordinator shares one in-flight and completed result per generation
  ---
  duration_ms: 0.201084
  type: 'test'
  ...
# Subtest: account finalization coordinator drops late results after invalidation and disposal
ok 27 - account finalization coordinator drops late results after invalidation and disposal
  ---
  duration_ms: 0.290833
  type: 'test'
  ...
# Subtest: read-only generation capture cannot reactivate a session during sign-out
ok 28 - read-only generation capture cannot reactivate a session during sign-out
  ---
  duration_ms: 0.07325
  type: 'test'
  ...
# Subtest: account restore has a bounded initialization recovery path
ok 29 - account restore has a bounded initialization recovery path
  ---
  duration_ms: 0.409084
  type: 'test'
  ...
# Subtest: App Check has an explicit unavailable state and never fabricates a token
ok 30 - App Check has an explicit unavailable state and never fabricates a token
  ---
  duration_ms: 0.079542
  type: 'test'
  ...
# Subtest: account failures expose explicit provider, network, expiry, and revoked-session states
ok 31 - account failures expose explicit provider, network, expiry, and revoked-session states
  ---
  duration_ms: 0.384208
  type: 'test'
  ...
# Subtest: cold account_not_found clears persisted Firebase auth or exposes a truthful sign-out retry
ok 32 - cold account_not_found clears persisted Firebase auth or exposes a truthful sign-out retry
  ---
  duration_ms: 0.23125
  type: 'test'
  ...
# Subtest: privacy requests expose App Check failures as unavailable
ok 33 - privacy requests expose App Check failures as unavailable
  ---
  duration_ms: 0.114541
  type: 'test'
  ...
# Subtest: a recovery-code operation for a different account keeps codes hidden and offers explicit sign-in resolution
ok 34 - a recovery-code operation for a different account keeps codes hidden and offers explicit sign-in resolution
  ---
  duration_ms: 0.658083
  type: 'test'
  ...
# Subtest: unconfirmed delivery keeps unsaved codes available and offers an explicit status retry
ok 35 - unconfirmed delivery keeps unsaved codes available and offers an explicit status retry
  ---
  duration_ms: 0.081834
  type: 'test'
  ...
# Subtest: persisted saved intent hides codes and offers an explicit ACK retry
ok 36 - persisted saved intent hides codes and offers an explicit ACK retry
  ---
  duration_ms: 0.055959
  type: 'test'
  ...
# Subtest: acknowledged issue is terminal and no longer blocks a replacement chosen by the user
ok 37 - acknowledged issue is terminal and no longer blocks a replacement chosen by the user
  ---
  duration_ms: 0.049417
  type: 'test'
  ...
# Subtest: server-confirmed non-acknowledged terminal status requires an explicit continue action
ok 38 - server-confirmed non-acknowledged terminal status requires an explicit continue action
  ---
  duration_ms: 0.051833
  type: 'test'
  ...
# Subtest: a consume operation for another account offers explicit resume without an automatic retry
ok 39 - a consume operation for another account offers explicit resume without an automatic retry
  ---
  duration_ms: 0.054458
  type: 'test'
  ...
# Subtest: loading or unavailable vault state blocks code issuance until recovery state is known
ok 40 - loading or unavailable vault state blocks code issuance until recovery state is known
  ---
  duration_ms: 0.051917
  type: 'test'
  ...
# Subtest: all account locales provide the recovery operation states and explicit mismatch actions
ok 41 - all account locales provide the recovery operation states and explicit mismatch actions
  ---
  duration_ms: 0.966291
  type: 'test'
  ...
1..41
# tests 41
# suites 0
# pass 41
# fail 0
# cancelled 0
# skipped 0
# todo 0
# duration_ms 813.923834
