TAP version 13
# Subtest: Metro selects proposal fixtures only in the smoke runtime
ok 1 - Metro selects proposal fixtures only in the smoke runtime
  ---
  duration_ms: 994.159083
  type: 'test'
  ...
# Subtest: home snapshot resolves canonical track metadata
ok 2 - home snapshot resolves canonical track metadata
  ---
  duration_ms: 995.502166
  type: 'test'
  ...
# Subtest: P05 persisted 25 attempts / 5 correct in latest 10 cannot predict completion today
ok 3 - P05 persisted 25 attempts / 5 correct in latest 10 cannot predict completion today
  ---
  duration_ms: 745.998042
  type: 'test'
  ...
# Subtest: P05 evaluator result cannot become an achievable target merely because volume is met
ok 4 - P05 evaluator result cannot become an achievable target merely because volume is met
  ---
  duration_ms: 2.900375
  type: 'test'
  ...
# Subtest: P05 evaluator, proposal copy and canonical guidance presentation agree in all seven locales
ok 5 - P05 evaluator, proposal copy and canonical guidance presentation agree in all seven locales
  ---
  duration_ms: 11.790208
  type: 'test'
  ...
# Subtest: missing actual rule stays unknown before quality guard even when there are many persisted attempts
ok 6 - missing actual rule stays unknown before quality guard even when there are many persisted attempts
  ---
  duration_ms: 3.00925
  type: 'test'
  ...
# Subtest: minimum exactly met still needs quality, while own pace and shortfall keep their target semantics
ok 7 - minimum exactly met still needs quality, while own pace and shortfall keep their target semantics
  ---
  duration_ms: 2.644917
  type: 'test'
  ...
# Subtest: current completed window permits zero-work; later incorrect durable attempts restore the quality limit
ok 8 - current completed window permits zero-work; later incorrect durable attempts restore the quality limit
  ---
  duration_ms: 9.694416
  type: 'test'
  ...
# Subtest: applies no-goal, paused-goal, no-plan and freshness precedence
ok 9 - applies no-goal, paused-goal, no-plan and freshness precedence
  ---
  duration_ms: 67.186375
  type: 'test'
  ...
# Subtest: maps plan paused, completed, overdue boundaries and open-ended targets
ok 10 - maps plan paused, completed, overdue boundaries and open-ended targets
  ---
  duration_ms: 3.135167
  type: 'test'
  ...
# Subtest: maps capacity, typed forecast status and all unavailable reasons without recomputing
ok 11 - maps capacity, typed forecast status and all unavailable reasons without recomputing
  ---
  duration_ms: 3.028833
  type: 'test'
  ...
# Subtest: requires full forecast identity and maps malformed foreign forecasts to calculation_error
ok 12 - requires full forecast identity and maps malformed foreign forecasts to calculation_error
  ---
  duration_ms: 0.694667
  type: 'test'
  ...
# Subtest: returns frozen, typed presentation values and ignores immutable fact arrays
ok 13 - returns frozen, typed presentation values and ignores immutable fact arrays
  ---
  duration_ms: 0.437708
  type: 'test'
  ...
# Subtest: maps every guidance state, reason, message key, action and fact variant
ok 14 - maps every guidance state, reason, message key, action and fact variant
  ---
  duration_ms: 52.531375
  type: 'test'
  ...
# Subtest: accepts canonical overdue guidance with an unavailable forecast
ok 15 - accepts canonical overdue guidance with an unavailable forecast
  ---
  duration_ms: 1.961709
  type: 'test'
  ...
# Subtest: covers no-target text facts for paused and completed states
ok 16 - covers no-target text facts for paused and completed states
  ---
  duration_ms: 1.516833
  type: 'test'
  ...
# Subtest: uses native English and Polish plural categories for pace facts
ok 17 - uses native English and Polish plural categories for pace facts
  ---
  duration_ms: 16.077375
  type: 'test'
  ...
# Subtest: formats civil dates in the supplied timezone without UTC day drift
ok 18 - formats civil dates in the supplied timezone without UTC day drift
  ---
  duration_ms: 23.812875
  type: 'test'
  ...
# Subtest: rejects invalid locale, timezone, date and unknown runtime variants explicitly
ok 19 - rejects invalid locale, timezone, date and unknown runtime variants explicitly
  ---
  duration_ms: 2.50025
  type: 'test'
  ...
# Subtest: rejects a secondary action outside its two allowed states and inconsistent missing secondary
ok 20 - rejects a secondary action outside its two allowed states and inconsistent missing secondary
  ---
  duration_ms: 0.405458
  type: 'test'
  ...
# Subtest: fails closed for missing translations and unresolved placeholders
ok 21 - fails closed for missing translations and unresolved placeholders
  ---
  duration_ms: 3.70575
  type: 'test'
  ...
# Subtest: fails closed when the selected English or Polish plural suffix is missing
ok 22 - fails closed when the selected English or Polish plural suffix is missing
  ---
  duration_ms: 1.754959
  type: 'test'
  ...
# Subtest: does not mutate guidance input and keeps the presentation deeply immutable
ok 23 - does not mutate guidance input and keeps the presentation deeply immutable
  ---
  duration_ms: 7.589458
  type: 'test'
  ...
# Subtest: keeps locale resource keys flat and exactly in parity
ok 24 - keeps locale resource keys flat and exactly in parity
  ---
  duration_ms: 1.420708
  type: 'test'
  ...
# Subtest: generates one stable 18:00 slot per normalized preferred day for every goal type
ok 25 - generates one stable 18:00 slot per normalized preferred day for every goal type
  ---
  duration_ms: 54.384166
  type: 'test'
  ...
# Subtest: uses due review priority, otherwise package scope, without item identifiers
ok 26 - uses due review priority, otherwise package scope, without item identifiers
  ---
  duration_ms: 0.349458
  type: 'test'
  ...
# Subtest: event boundaries are strict-before while deadline and checkpoint are inclusive
ok 27 - event boundaries are strict-before while deadline and checkpoint are inclusive
  ---
  duration_ms: 2.633541
  type: 'test'
  ...
# Subtest: missing target date is open-ended before an unknown completion rule
ok 28 - missing target date is open-ended before an unknown completion rule
  ---
  duration_ms: 1.519667
  type: 'test'
  ...
# Subtest: C3 unknown is explicit with a target; in-progress uses remaining attempts and completed has no remaining work
ok 29 - C3 unknown is explicit with a target; in-progress uses remaining attempts and completed has no remaining work
  ---
  duration_ms: 1.326959
  type: 'test'
  ...
# Subtest: S12 is the only capacity source and shortfall preserves all counts without slots or attainability
ok 30 - S12 is the only capacity source and shortfall preserves all counts without slots or attainability
  ---
  duration_ms: 1.022458
  type: 'test'
  ...
# Subtest: leap-day and DST-neutral occurrence counting use calendar dates, not elapsed local milliseconds
ok 31 - leap-day and DST-neutral occurrence counting use calendar dates, not elapsed local milliseconds
  ---
  duration_ms: 1.555917
  type: 'test'
  ...
# Subtest: does not mutate preferred day order or mutable input values and returns frozen output
ok 32 - does not mutate preferred day order or mutable input values and returns frozen output
  ---
  duration_ms: 2.162917
  type: 'test'
  ...
# Subtest: rejects malformed or inconsistent input with the one explicit error class
ok 33 - rejects malformed or inconsistent input with the one explicit error class
  ---
  duration_ms: 1.227583
  type: 'test'
  ...
# Subtest: uses the explicit formulas, includes today, and excludes an event target day
ok 34 - uses the explicit formulas, includes today, and excludes an event target day
  ---
  duration_ms: 44.502459
  type: 'test'
  ...
# Subtest: minimum observation age is inclusive: six days gives seven days, five gives six
ok 35 - minimum observation age is inclusive: six days gives seven days, five gives six
  ---
  duration_ms: 5.612709
  type: 'test'
  ...
# Subtest: trend starts at thirteen days and applies strict ten-percent boundaries
ok 36 - trend starts at thirteen days and applies strict ten-percent boundaries
  ---
  duration_ms: 81.984208
  type: 'test'
  ...
# Subtest: trend handles zero-to-zero, zero-to-positive, and positive-to-zero windows after age fourteen
ok 37 - trend handles zero-to-zero, zero-to-positive, and positive-to-zero windows after age fourteen
  ---
  duration_ms: 1.403708
  type: 'test'
  ...
# Subtest: completed work is zero work even without future occurrences or observations
ok 38 - completed work is zero work even without future occurrences or observations
  ---
  duration_ms: 0.314583
  type: 'test'
  ...
# Subtest: returns each honest unavailable business reason
ok 39 - returns each honest unavailable business reason
  ---
  duration_ms: 1.452625
  type: 'test'
  ...
# Subtest: requires a concrete non-negative completion requirement
ok 40 - requires a concrete non-negative completion requirement
  ---
  duration_ms: 1.128916
  type: 'test'
  ...
# Subtest: returns calculation_error when the projected calendar date is not representable
ok 41 - returns calculation_error when the projected calendar date is not representable
  ---
  duration_ms: 0.454375
  type: 'test'
  ...
# Subtest: uses full immutable facts and does not double-count session questions
ok 42 - uses full immutable facts and does not double-count session questions
  ---
  duration_ms: 1.333833
  type: 'test'
  ...
# Subtest: handles DST, leap-day calendar arithmetic, and today occurrences without elapsed milliseconds
ok 43 - handles DST, leap-day calendar arithmetic, and today occurrences without elapsed milliseconds
  ---
  duration_ms: 7.118083
  type: 'test'
  ...
# Subtest: rejects malformed numbers, dates, timezones, future facts, and inconsistent sessions
ok 44 - rejects malformed numbers, dates, timezones, future facts, and inconsistent sessions
  ---
  duration_ms: 7.077959
  type: 'test'
  ...
# Subtest: completion rule validates explicit v1 bounds
ok 45 - completion rule validates explicit v1 bounds
  ---
  duration_ms: 0.7075
  type: 'test'
  ...
# Subtest: completion is unknown without a package rule and otherwise uses the exact rolling window
ok 46 - completion is unknown without a package rule and otherwise uses the exact rolling window
  ---
  duration_ms: 12.099333
  type: 'test'
  ...
# Subtest: completion filters full package identity, deduplicates exact retries, and rejects malformed or conflicting durable evidence
ok 47 - completion filters full package identity, deduplicates exact retries, and rejects malformed or conflicting durable evidence
  ---
  duration_ms: 0.906083
  type: 'test'
  ...
# Subtest: same instant ordering is stable by id
ok 48 - same instant ordering is stable by id
  ---
  duration_ms: 0.143292
  type: 'test'
  ...
# Subtest: learning plan fixture URL accepts only the explicit development smoke case enum
not ok 49 - learning plan fixture URL accepts only the explicit development smoke case enum
  ---
  duration_ms: 3.418583
  type: 'test'
  location: '/Users/lukaszkurczab/Desktop/Projects/Patternly/patternly/src/features/home/learningPlanProposalFixtureCommand.test.ts:2:1108'
  failureType: 'testCodeFailure'
  error: |-
    Expected values to be strictly deep-equal:
    + actual - expected

      [
        'ready3-no-target',
        'ready1-target',
        'ready7-target',
        'shortened',
        'shortfall',
    +   'quality-unmet-target',
    +   'quality-unmet-open-ended',
        'delayed-loading',
        'stale',
        'unavailable',
        'accept-validation',
        'accept-stale',

  code: 'ERR_ASSERTION'
  name: 'AssertionError'
  expected:
    0: 'ready3-no-target'
    1: 'ready1-target'
    2: 'ready7-target'
    3: 'shortened'
    4: 'shortfall'
    5: 'delayed-loading'
    6: 'stale'
    7: 'unavailable'
    8: 'accept-validation'
    9: 'accept-stale'
    10: 'edit-storage'
    11: 'edit-stale'
  actual:
    0: 'ready3-no-target'
    1: 'ready1-target'
    2: 'ready7-target'
    3: 'shortened'
    4: 'shortfall'
    5: 'quality-unmet-target'
    6: 'quality-unmet-open-ended'
    7: 'delayed-loading'
    8: 'stale'
    9: 'unavailable'
    10: 'accept-validation'
    11: 'accept-stale'
    12: 'edit-storage'
    13: 'edit-stale'
  operator: 'deepStrictEqual'
  stack: |-
    TestContext.<anonymous> (/Users/lukaszkurczab/Desktop/Projects/Patternly/patternly/src/features/home/learningPlanProposalFixtureCommand.test.ts:9:10)
    Test.runInAsyncScope (node:async_hooks:214:14)
    Test.run (node:internal/test_runner/test:1047:25)
    Test.start (node:internal/test_runner/test:944:17)
    startSubtestAfterBootstrap (node:internal/test_runner/harness:296:17)
  ...
# Subtest: reopening the same fixture URL creates a fresh launch identity
ok 50 - reopening the same fixture URL creates a fresh launch identity
  ---
  duration_ms: 0.215375
  type: 'test'
  ...
# Subtest: named proposal fixture cases produce domain-generated screen states with the declared schedule shape
ok 51 - named proposal fixture cases produce domain-generated screen states with the declared schedule shape
  ---
  duration_ms: 3021.050167
  type: 'test'
  ...
# Subtest: fixture actions report one in-memory call and never report storage success
ok 52 - fixture actions report one in-memory call and never report storage success
  ---
  duration_ms: 6006.587958
  type: 'test'
  ...
# Subtest: delayed loading remains pending before it resolves to the ready view
ok 53 - delayed loading remains pending before it resolves to the ready view
  ---
  duration_ms: 3002.6495
  type: 'test'
  ...
# Subtest: disabled fixture peer is an explicit unavailable implementation
ok 54 - disabled fixture peer is an explicit unavailable implementation
  ---
  duration_ms: 0.450834
  type: 'test'
  ...
# Subtest: proposal route carries only identity and resolves the in-memory proposal
ok 55 - proposal route carries only identity and resolves the in-memory proposal
  ---
  duration_ms: 0.739167
  type: 'test'
  ...
# Subtest: proposal accepts through the plan/reminder runtime and preserves pending saves
ok 56 - proposal accepts through the plan/reminder runtime and preserves pending saves
  ---
  duration_ms: 0.164917
  type: 'test'
  ...
# Subtest: proposal keeps explicit states, edit actions and localized copy
ok 57 - proposal keeps explicit states, edit actions and localized copy
  ---
  duration_ms: 0.14975
  type: 'test'
  ...
# Subtest: every proposal screen branch leaves the top safe area to its stack header
ok 58 - every proposal screen branch leaves the top safe area to its stack header
  ---
  duration_ms: 0.132
  type: 'test'
  ...
# Subtest: ready and shortened proposals use the review title and a two-action footer
ok 59 - ready and shortened proposals use the review title and a two-action footer
  ---
  duration_ms: 0.191292
  type: 'test'
  ...
# Subtest: goal type is the card heading while target and selected days remain visible
ok 60 - goal type is the card heading while target and selected days remain visible
  ---
  duration_ms: 1.186125
  type: 'test'
  ...
# Subtest: review title is localized in all seven locales and removed goal-context copy is dead
ok 61 - review title is localized in all seven locales and removed goal-context copy is dead
  ---
  duration_ms: 0.462667
  type: 'test'
  ...
# Subtest: shortfall and saved-plan actions retain their existing semantics
ok 62 - shortfall and saved-plan actions retain their existing semantics
  ---
  duration_ms: 0.464667
  type: 'test'
  ...
# Subtest: goal save still opens a proposal only after its existing reminder reconciliation
ok 63 - goal save still opens a proposal only after its existing reminder reconciliation
  ---
  duration_ms: 0.723458
  type: 'test'
  ...
# Subtest: target guidance retry performs a real canonical snapshot reload
ok 64 - target guidance retry performs a real canonical snapshot reload
  ---
  duration_ms: 0.403833
  type: 'test'
  ...
# Subtest: Progress model presents canonical guidance and clamps C3 completion ratio
ok 65 - Progress model presents canonical guidance and clamps C3 completion ratio
  ---
  duration_ms: 10.418042
  type: 'test'
  ...
# Subtest: Progress model never creates a self-link for completed guidance
ok 66 - Progress model never creates a self-link for completed guidance
  ---
  duration_ms: 0.849208
  type: 'test'
  ...
# Subtest: Progress model does not offer a new plan session while one is active
ok 67 - Progress model does not offer a new plan session while one is active
  ---
  duration_ms: 2.790375
  type: 'test'
  ...
# Subtest: Progress model keeps none guidance explicit for no goal, paused goal and no plan
ok 68 - Progress model keeps none guidance explicit for no goal, paused goal and no plan
  ---
  duration_ms: 1.326292
  type: 'test'
  ...
# Subtest: Progress model fails closed for a foreign active track or unavailable snapshot
ok 69 - Progress model fails closed for a foreign active track or unavailable snapshot
  ---
  duration_ms: 1.667583
  type: 'test'
  ...
# Subtest: all seven locales preserve namespace, key, leaf, array and token contracts
ok 70 - all seven locales preserve namespace, key, leaf, array and token contracts
  ---
  duration_ms: 64.423
  type: 'test'
  ...
# Subtest: plural suffix groups match the English source
ok 71 - plural suffix groups match the English source
  ---
  duration_ms: 19.388375
  type: 'test'
  ...
# Subtest: identical English values stay within the reviewed exception list
ok 72 - identical English values stay within the reviewed exception list
  ---
  duration_ms: 22.547333
  type: 'test'
  ...
# Subtest: i18next has no language or namespace fallback
ok 73 - i18next has no language or namespace fallback
  ---
  duration_ms: 2.418667
  type: 'test'
  ...
1..73
# tests 73
# suites 0
# pass 72
# fail 1
# cancelled 0
# skipped 0
# todo 0
# duration_ms 14113.71225
