TAP version 13
# Subtest: Metro selects proposal fixtures only in the smoke runtime
ok 1 - Metro selects proposal fixtures only in the smoke runtime
  ---
  duration_ms: 879.731166
  type: 'test'
  ...
# Subtest: P05 persisted 25 attempts / 5 correct in latest 10 cannot predict completion today
ok 2 - P05 persisted 25 attempts / 5 correct in latest 10 cannot predict completion today
  ---
  duration_ms: 410.578458
  type: 'test'
  ...
# Subtest: P05 evaluator result cannot become an achievable target merely because volume is met
ok 3 - P05 evaluator result cannot become an achievable target merely because volume is met
  ---
  duration_ms: 3.750042
  type: 'test'
  ...
# Subtest: P05 evaluator, proposal copy and canonical guidance presentation agree in all seven locales
ok 4 - P05 evaluator, proposal copy and canonical guidance presentation agree in all seven locales
  ---
  duration_ms: 12.036416
  type: 'test'
  ...
# Subtest: missing actual rule stays unknown before quality guard even when there are many persisted attempts
ok 5 - missing actual rule stays unknown before quality guard even when there are many persisted attempts
  ---
  duration_ms: 3.242
  type: 'test'
  ...
# Subtest: minimum exactly met still needs quality, while own pace and shortfall keep their target semantics
ok 6 - minimum exactly met still needs quality, while own pace and shortfall keep their target semantics
  ---
  duration_ms: 2.738083
  type: 'test'
  ...
# Subtest: current completed window permits zero-work; later incorrect durable attempts restore the quality limit
ok 7 - current completed window permits zero-work; later incorrect durable attempts restore the quality limit
  ---
  duration_ms: 9.474083
  type: 'test'
  ...
# Subtest: applies no-goal, paused-goal, no-plan and freshness precedence
ok 8 - applies no-goal, paused-goal, no-plan and freshness precedence
  ---
  duration_ms: 54.527834
  type: 'test'
  ...
# Subtest: maps plan paused, completed, overdue boundaries and open-ended targets
ok 9 - maps plan paused, completed, overdue boundaries and open-ended targets
  ---
  duration_ms: 63.028
  type: 'test'
  ...
# Subtest: maps capacity, typed forecast status and all unavailable reasons without recomputing
ok 10 - maps capacity, typed forecast status and all unavailable reasons without recomputing
  ---
  duration_ms: 7.243208
  type: 'test'
  ...
# Subtest: requires full forecast identity and maps malformed foreign forecasts to calculation_error
ok 11 - requires full forecast identity and maps malformed foreign forecasts to calculation_error
  ---
  duration_ms: 3.556583
  type: 'test'
  ...
# Subtest: returns frozen, typed presentation values and ignores immutable fact arrays
ok 12 - returns frozen, typed presentation values and ignores immutable fact arrays
  ---
  duration_ms: 0.442834
  type: 'test'
  ...
# Subtest: maps every guidance state, reason, message key, action and fact variant
ok 13 - maps every guidance state, reason, message key, action and fact variant
  ---
  duration_ms: 106.858958
  type: 'test'
  ...
# Subtest: accepts canonical overdue guidance with an unavailable forecast
ok 14 - accepts canonical overdue guidance with an unavailable forecast
  ---
  duration_ms: 0.593791
  type: 'test'
  ...
# Subtest: covers no-target text facts for paused and completed states
ok 15 - covers no-target text facts for paused and completed states
  ---
  duration_ms: 0.400208
  type: 'test'
  ...
# Subtest: uses native English and Polish plural categories for pace facts
ok 16 - uses native English and Polish plural categories for pace facts
  ---
  duration_ms: 2.018708
  type: 'test'
  ...
# Subtest: formats civil dates in the supplied timezone without UTC day drift
ok 17 - formats civil dates in the supplied timezone without UTC day drift
  ---
  duration_ms: 4.814333
  type: 'test'
  ...
# Subtest: rejects invalid locale, timezone, date and unknown runtime variants explicitly
ok 18 - rejects invalid locale, timezone, date and unknown runtime variants explicitly
  ---
  duration_ms: 17.830625
  type: 'test'
  ...
# Subtest: rejects a secondary action outside its two allowed states and inconsistent missing secondary
ok 19 - rejects a secondary action outside its two allowed states and inconsistent missing secondary
  ---
  duration_ms: 0.293417
  type: 'test'
  ...
# Subtest: fails closed for missing translations and unresolved placeholders
ok 20 - fails closed for missing translations and unresolved placeholders
  ---
  duration_ms: 2.565
  type: 'test'
  ...
# Subtest: fails closed when the selected English or Polish plural suffix is missing
ok 21 - fails closed when the selected English or Polish plural suffix is missing
  ---
  duration_ms: 2.771958
  type: 'test'
  ...
# Subtest: does not mutate guidance input and keeps the presentation deeply immutable
ok 22 - does not mutate guidance input and keeps the presentation deeply immutable
  ---
  duration_ms: 1.026333
  type: 'test'
  ...
# Subtest: keeps locale resource keys flat and exactly in parity
ok 23 - keeps locale resource keys flat and exactly in parity
  ---
  duration_ms: 0.544792
  type: 'test'
  ...
# Subtest: generates one stable 18:00 slot per normalized preferred day for every goal type
ok 24 - generates one stable 18:00 slot per normalized preferred day for every goal type
  ---
  duration_ms: 91.522334
  type: 'test'
  ...
# Subtest: uses due review priority, otherwise package scope, without item identifiers
ok 25 - uses due review priority, otherwise package scope, without item identifiers
  ---
  duration_ms: 0.271792
  type: 'test'
  ...
# Subtest: event boundaries are strict-before while deadline and checkpoint are inclusive
ok 26 - event boundaries are strict-before while deadline and checkpoint are inclusive
  ---
  duration_ms: 0.700167
  type: 'test'
  ...
# Subtest: missing target date is open-ended before an unknown completion rule
ok 27 - missing target date is open-ended before an unknown completion rule
  ---
  duration_ms: 0.293667
  type: 'test'
  ...
# Subtest: C3 unknown is explicit with a target; in-progress uses remaining attempts and completed has no remaining work
ok 28 - C3 unknown is explicit with a target; in-progress uses remaining attempts and completed has no remaining work
  ---
  duration_ms: 0.326959
  type: 'test'
  ...
# Subtest: S12 is the only capacity source and shortfall preserves all counts without slots or attainability
ok 29 - S12 is the only capacity source and shortfall preserves all counts without slots or attainability
  ---
  duration_ms: 0.194333
  type: 'test'
  ...
# Subtest: leap-day and DST-neutral occurrence counting use calendar dates, not elapsed local milliseconds
ok 30 - leap-day and DST-neutral occurrence counting use calendar dates, not elapsed local milliseconds
  ---
  duration_ms: 0.257167
  type: 'test'
  ...
# Subtest: does not mutate preferred day order or mutable input values and returns frozen output
ok 31 - does not mutate preferred day order or mutable input values and returns frozen output
  ---
  duration_ms: 0.355541
  type: 'test'
  ...
# Subtest: rejects malformed or inconsistent input with the one explicit error class
ok 32 - rejects malformed or inconsistent input with the one explicit error class
  ---
  duration_ms: 0.814958
  type: 'test'
  ...
# Subtest: uses the explicit formulas, includes today, and excludes an event target day
ok 33 - uses the explicit formulas, includes today, and excludes an event target day
  ---
  duration_ms: 66.692958
  type: 'test'
  ...
# Subtest: minimum observation age is inclusive: six days gives seven days, five gives six
ok 34 - minimum observation age is inclusive: six days gives seven days, five gives six
  ---
  duration_ms: 2.773084
  type: 'test'
  ...
# Subtest: trend starts at thirteen days and applies strict ten-percent boundaries
ok 35 - trend starts at thirteen days and applies strict ten-percent boundaries
  ---
  duration_ms: 43.670125
  type: 'test'
  ...
# Subtest: trend handles zero-to-zero, zero-to-positive, and positive-to-zero windows after age fourteen
ok 36 - trend handles zero-to-zero, zero-to-positive, and positive-to-zero windows after age fourteen
  ---
  duration_ms: 1.454166
  type: 'test'
  ...
# Subtest: completed work is zero work even without future occurrences or observations
ok 37 - completed work is zero work even without future occurrences or observations
  ---
  duration_ms: 0.338708
  type: 'test'
  ...
# Subtest: returns each honest unavailable business reason
ok 38 - returns each honest unavailable business reason
  ---
  duration_ms: 3.86
  type: 'test'
  ...
# Subtest: requires a concrete non-negative completion requirement
ok 39 - requires a concrete non-negative completion requirement
  ---
  duration_ms: 3.30075
  type: 'test'
  ...
# Subtest: returns calculation_error when the projected calendar date is not representable
ok 40 - returns calculation_error when the projected calendar date is not representable
  ---
  duration_ms: 1.612375
  type: 'test'
  ...
# Subtest: uses full immutable facts and does not double-count session questions
ok 41 - uses full immutable facts and does not double-count session questions
  ---
  duration_ms: 37.015292
  type: 'test'
  ...
# Subtest: handles DST, leap-day calendar arithmetic, and today occurrences without elapsed milliseconds
ok 42 - handles DST, leap-day calendar arithmetic, and today occurrences without elapsed milliseconds
  ---
  duration_ms: 1.453667
  type: 'test'
  ...
# Subtest: rejects malformed numbers, dates, timezones, future facts, and inconsistent sessions
ok 43 - rejects malformed numbers, dates, timezones, future facts, and inconsistent sessions
  ---
  duration_ms: 1.207791
  type: 'test'
  ...
# Subtest: completion rule validates explicit v1 bounds
ok 44 - completion rule validates explicit v1 bounds
  ---
  duration_ms: 0.659
  type: 'test'
  ...
# Subtest: completion is unknown without a package rule and otherwise uses the exact rolling window
ok 45 - completion is unknown without a package rule and otherwise uses the exact rolling window
  ---
  duration_ms: 16.940167
  type: 'test'
  ...
# Subtest: completion filters full package identity, deduplicates exact retries, and rejects malformed or conflicting durable evidence
ok 46 - completion filters full package identity, deduplicates exact retries, and rejects malformed or conflicting durable evidence
  ---
  duration_ms: 1.162417
  type: 'test'
  ...
# Subtest: same instant ordering is stable by id
ok 47 - same instant ordering is stable by id
  ---
  duration_ms: 0.334125
  type: 'test'
  ...
# Subtest: learning plan fixture URL accepts only the explicit development smoke case enum
ok 48 - learning plan fixture URL accepts only the explicit development smoke case enum
  ---
  duration_ms: 1.28425
  type: 'test'
  ...
# Subtest: reopening the same fixture URL creates a fresh launch identity
ok 49 - reopening the same fixture URL creates a fresh launch identity
  ---
  duration_ms: 0.098292
  type: 'test'
  ...
# Subtest: named proposal fixture cases produce domain-generated screen states with the declared schedule shape
ok 50 - named proposal fixture cases produce domain-generated screen states with the declared schedule shape
  ---
  duration_ms: 3021.188917
  type: 'test'
  ...
# Subtest: fixture actions report one in-memory call and never report storage success
ok 51 - fixture actions report one in-memory call and never report storage success
  ---
  duration_ms: 6005.8235
  type: 'test'
  ...
# Subtest: delayed loading remains pending before it resolves to the ready view
ok 52 - delayed loading remains pending before it resolves to the ready view
  ---
  duration_ms: 3003.174792
  type: 'test'
  ...
# Subtest: disabled fixture peer is an explicit unavailable implementation
ok 53 - disabled fixture peer is an explicit unavailable implementation
  ---
  duration_ms: 1.821
  type: 'test'
  ...
# Subtest: proposal route carries only identity and resolves the in-memory proposal
ok 54 - proposal route carries only identity and resolves the in-memory proposal
  ---
  duration_ms: 0.782083
  type: 'test'
  ...
# Subtest: proposal accepts through the plan/reminder runtime and preserves pending saves
ok 55 - proposal accepts through the plan/reminder runtime and preserves pending saves
  ---
  duration_ms: 0.176292
  type: 'test'
  ...
# Subtest: proposal keeps explicit states, edit actions and localized copy
ok 56 - proposal keeps explicit states, edit actions and localized copy
  ---
  duration_ms: 0.14325
  type: 'test'
  ...
# Subtest: every proposal screen branch leaves the top safe area to its stack header
ok 57 - every proposal screen branch leaves the top safe area to its stack header
  ---
  duration_ms: 0.121083
  type: 'test'
  ...
# Subtest: ready and shortened proposals use the review title and a two-action footer
ok 58 - ready and shortened proposals use the review title and a two-action footer
  ---
  duration_ms: 0.1805
  type: 'test'
  ...
# Subtest: goal type is the card heading while target and selected days remain visible
ok 59 - goal type is the card heading while target and selected days remain visible
  ---
  duration_ms: 1.135083
  type: 'test'
  ...
# Subtest: review title is localized in all seven locales and removed goal-context copy is dead
ok 60 - review title is localized in all seven locales and removed goal-context copy is dead
  ---
  duration_ms: 0.445959
  type: 'test'
  ...
# Subtest: shortfall and saved-plan actions retain their existing semantics
ok 61 - shortfall and saved-plan actions retain their existing semantics
  ---
  duration_ms: 0.34975
  type: 'test'
  ...
# Subtest: goal save still opens a proposal only after its existing reminder reconciliation
ok 62 - goal save still opens a proposal only after its existing reminder reconciliation
  ---
  duration_ms: 0.615125
  type: 'test'
  ...
# Subtest: target guidance retry performs a real canonical snapshot reload
ok 63 - target guidance retry performs a real canonical snapshot reload
  ---
  duration_ms: 0.494458
  type: 'test'
  ...
# Subtest: all seven locales preserve namespace, key, leaf, array and token contracts
ok 64 - all seven locales preserve namespace, key, leaf, array and token contracts
  ---
  duration_ms: 52.15025
  type: 'test'
  ...
# Subtest: plural suffix groups match the English source
ok 65 - plural suffix groups match the English source
  ---
  duration_ms: 13.434375
  type: 'test'
  ...
# Subtest: identical English values stay within the reviewed exception list
ok 66 - identical English values stay within the reviewed exception list
  ---
  duration_ms: 12.345334
  type: 'test'
  ...
# Subtest: i18next has no language or namespace fallback
ok 67 - i18next has no language or namespace fallback
  ---
  duration_ms: 2.344041
  type: 'test'
  ...
1..67
# tests 67
# suites 0
# pass 67
# fail 0
# cancelled 0
# skipped 0
# todo 0
# duration_ms 13943.343333
