TAP version 13
# Subtest: Metro selects proposal fixtures only in the smoke runtime
ok 1 - Metro selects proposal fixtures only in the smoke runtime
  ---
  duration_ms: 776.557875
  type: 'test'
  ...
# Subtest: home snapshot resolves canonical track metadata
ok 2 - home snapshot resolves canonical track metadata
  ---
  duration_ms: 850.291042
  type: 'test'
  ...
# Subtest: P05 persisted 25 attempts / 5 correct in latest 10 cannot predict completion today
ok 3 - P05 persisted 25 attempts / 5 correct in latest 10 cannot predict completion today
  ---
  duration_ms: 1116.236541
  type: 'test'
  ...
# Subtest: P05 evaluator result cannot become an achievable target merely because volume is met
ok 4 - P05 evaluator result cannot become an achievable target merely because volume is met
  ---
  duration_ms: 37.15675
  type: 'test'
  ...
# Subtest: P05 evaluator, proposal copy and canonical guidance presentation agree in all seven locales
ok 5 - P05 evaluator, proposal copy and canonical guidance presentation agree in all seven locales
  ---
  duration_ms: 50.801458
  type: 'test'
  ...
# Subtest: missing actual rule stays unknown before quality guard even when there are many persisted attempts
ok 6 - missing actual rule stays unknown before quality guard even when there are many persisted attempts
  ---
  duration_ms: 4.819416
  type: 'test'
  ...
# Subtest: minimum exactly met still needs quality, while own pace and shortfall keep their target semantics
ok 7 - minimum exactly met still needs quality, while own pace and shortfall keep their target semantics
  ---
  duration_ms: 4.577583
  type: 'test'
  ...
# Subtest: current completed window permits zero-work; later incorrect durable attempts restore the quality limit
ok 8 - current completed window permits zero-work; later incorrect durable attempts restore the quality limit
  ---
  duration_ms: 13.788709
  type: 'test'
  ...
# Subtest: applies no-goal, paused-goal, no-plan and freshness precedence
ok 9 - applies no-goal, paused-goal, no-plan and freshness precedence
  ---
  duration_ms: 38.996833
  type: 'test'
  ...
# Subtest: maps plan paused, completed, overdue boundaries and open-ended targets
ok 10 - maps plan paused, completed, overdue boundaries and open-ended targets
  ---
  duration_ms: 13.199209
  type: 'test'
  ...
# Subtest: maps capacity, typed forecast status and all unavailable reasons without recomputing
ok 11 - maps capacity, typed forecast status and all unavailable reasons without recomputing
  ---
  duration_ms: 3.750792
  type: 'test'
  ...
# Subtest: requires full forecast identity and maps malformed foreign forecasts to calculation_error
ok 12 - requires full forecast identity and maps malformed foreign forecasts to calculation_error
  ---
  duration_ms: 1.4805
  type: 'test'
  ...
# Subtest: returns frozen, typed presentation values and ignores immutable fact arrays
ok 13 - returns frozen, typed presentation values and ignores immutable fact arrays
  ---
  duration_ms: 1.098292
  type: 'test'
  ...
# Subtest: maps every guidance state, reason, message key, action and fact variant
ok 14 - maps every guidance state, reason, message key, action and fact variant
  ---
  duration_ms: 45.815792
  type: 'test'
  ...
# Subtest: accepts canonical overdue guidance with an unavailable forecast
ok 15 - accepts canonical overdue guidance with an unavailable forecast
  ---
  duration_ms: 2.221625
  type: 'test'
  ...
# Subtest: covers no-target text facts for paused and completed states
ok 16 - covers no-target text facts for paused and completed states
  ---
  duration_ms: 1.770583
  type: 'test'
  ...
# Subtest: uses native English and Polish plural categories for pace facts
ok 17 - uses native English and Polish plural categories for pace facts
  ---
  duration_ms: 4.41875
  type: 'test'
  ...
# Subtest: formats civil dates in the supplied timezone without UTC day drift
ok 18 - formats civil dates in the supplied timezone without UTC day drift
  ---
  duration_ms: 12.044167
  type: 'test'
  ...
# Subtest: rejects invalid locale, timezone, date and unknown runtime variants explicitly
ok 19 - rejects invalid locale, timezone, date and unknown runtime variants explicitly
  ---
  duration_ms: 10.421041
  type: 'test'
  ...
# Subtest: rejects a secondary action outside its two allowed states and inconsistent missing secondary
ok 20 - rejects a secondary action outside its two allowed states and inconsistent missing secondary
  ---
  duration_ms: 0.426042
  type: 'test'
  ...
# Subtest: fails closed for missing translations and unresolved placeholders
ok 21 - fails closed for missing translations and unresolved placeholders
  ---
  duration_ms: 1.760875
  type: 'test'
  ...
# Subtest: fails closed when the selected English or Polish plural suffix is missing
ok 22 - fails closed when the selected English or Polish plural suffix is missing
  ---
  duration_ms: 0.568542
  type: 'test'
  ...
# Subtest: does not mutate guidance input and keeps the presentation deeply immutable
ok 23 - does not mutate guidance input and keeps the presentation deeply immutable
  ---
  duration_ms: 1.061958
  type: 'test'
  ...
# Subtest: keeps locale resource keys flat and exactly in parity
ok 24 - keeps locale resource keys flat and exactly in parity
  ---
  duration_ms: 0.556583
  type: 'test'
  ...
# Subtest: generates one stable 18:00 slot per normalized preferred day for every goal type
ok 25 - generates one stable 18:00 slot per normalized preferred day for every goal type
  ---
  duration_ms: 24.294709
  type: 'test'
  ...
# Subtest: uses due review priority, otherwise package scope, without item identifiers
ok 26 - uses due review priority, otherwise package scope, without item identifiers
  ---
  duration_ms: 0.87425
  type: 'test'
  ...
# Subtest: event boundaries are strict-before while deadline and checkpoint are inclusive
ok 27 - event boundaries are strict-before while deadline and checkpoint are inclusive
  ---
  duration_ms: 2.984958
  type: 'test'
  ...
# Subtest: missing target date is open-ended before an unknown completion rule
ok 28 - missing target date is open-ended before an unknown completion rule
  ---
  duration_ms: 6.69175
  type: 'test'
  ...
# Subtest: C3 unknown is explicit with a target; in-progress uses remaining attempts and completed has no remaining work
ok 29 - C3 unknown is explicit with a target; in-progress uses remaining attempts and completed has no remaining work
  ---
  duration_ms: 3.394083
  type: 'test'
  ...
# Subtest: S12 is the only capacity source and shortfall preserves all counts without slots or attainability
ok 30 - S12 is the only capacity source and shortfall preserves all counts without slots or attainability
  ---
  duration_ms: 0.287667
  type: 'test'
  ...
# Subtest: leap-day and DST-neutral occurrence counting use calendar dates, not elapsed local milliseconds
ok 31 - leap-day and DST-neutral occurrence counting use calendar dates, not elapsed local milliseconds
  ---
  duration_ms: 1.322959
  type: 'test'
  ...
# Subtest: does not mutate preferred day order or mutable input values and returns frozen output
ok 32 - does not mutate preferred day order or mutable input values and returns frozen output
  ---
  duration_ms: 1.284917
  type: 'test'
  ...
# Subtest: rejects malformed or inconsistent input with the one explicit error class
ok 33 - rejects malformed or inconsistent input with the one explicit error class
  ---
  duration_ms: 2.295916
  type: 'test'
  ...
# Subtest: uses the explicit formulas, includes today, and excludes an event target day
ok 34 - uses the explicit formulas, includes today, and excludes an event target day
  ---
  duration_ms: 71.002666
  type: 'test'
  ...
# Subtest: minimum observation age is inclusive: six days gives seven days, five gives six
ok 35 - minimum observation age is inclusive: six days gives seven days, five gives six
  ---
  duration_ms: 2.786
  type: 'test'
  ...
# Subtest: trend starts at thirteen days and applies strict ten-percent boundaries
ok 36 - trend starts at thirteen days and applies strict ten-percent boundaries
  ---
  duration_ms: 41.775875
  type: 'test'
  ...
# Subtest: trend handles zero-to-zero, zero-to-positive, and positive-to-zero windows after age fourteen
ok 37 - trend handles zero-to-zero, zero-to-positive, and positive-to-zero windows after age fourteen
  ---
  duration_ms: 1.411334
  type: 'test'
  ...
# Subtest: completed work is zero work even without future occurrences or observations
ok 38 - completed work is zero work even without future occurrences or observations
  ---
  duration_ms: 0.326459
  type: 'test'
  ...
# Subtest: returns each honest unavailable business reason
ok 39 - returns each honest unavailable business reason
  ---
  duration_ms: 1.4555
  type: 'test'
  ...
# Subtest: requires a concrete non-negative completion requirement
ok 40 - requires a concrete non-negative completion requirement
  ---
  duration_ms: 2.489834
  type: 'test'
  ...
# Subtest: returns calculation_error when the projected calendar date is not representable
ok 41 - returns calculation_error when the projected calendar date is not representable
  ---
  duration_ms: 1.506916
  type: 'test'
  ...
# Subtest: uses full immutable facts and does not double-count session questions
ok 42 - uses full immutable facts and does not double-count session questions
  ---
  duration_ms: 2.704875
  type: 'test'
  ...
# Subtest: handles DST, leap-day calendar arithmetic, and today occurrences without elapsed milliseconds
ok 43 - handles DST, leap-day calendar arithmetic, and today occurrences without elapsed milliseconds
  ---
  duration_ms: 2.956958
  type: 'test'
  ...
# Subtest: rejects malformed numbers, dates, timezones, future facts, and inconsistent sessions
ok 44 - rejects malformed numbers, dates, timezones, future facts, and inconsistent sessions
  ---
  duration_ms: 2.794125
  type: 'test'
  ...
# Subtest: completion rule validates explicit v1 bounds
ok 45 - completion rule validates explicit v1 bounds
  ---
  duration_ms: 4.848667
  type: 'test'
  ...
# Subtest: completion is unknown without a package rule and otherwise uses the exact rolling window
ok 46 - completion is unknown without a package rule and otherwise uses the exact rolling window
  ---
  duration_ms: 38.124834
  type: 'test'
  ...
# Subtest: completion filters full package identity, deduplicates exact retries, and rejects malformed or conflicting durable evidence
ok 47 - completion filters full package identity, deduplicates exact retries, and rejects malformed or conflicting durable evidence
  ---
  duration_ms: 1.920083
  type: 'test'
  ...
# Subtest: same instant ordering is stable by id
ok 48 - same instant ordering is stable by id
  ---
  duration_ms: 0.194833
  type: 'test'
  ...
# Subtest: learning plan fixture URL accepts only the explicit development smoke case enum
ok 49 - learning plan fixture URL accepts only the explicit development smoke case enum
  ---
  duration_ms: 3.465708
  type: 'test'
  ...
# Subtest: reopening the same fixture URL creates a fresh launch identity
ok 50 - reopening the same fixture URL creates a fresh launch identity
  ---
  duration_ms: 0.544792
  type: 'test'
  ...
# Subtest: named proposal fixture cases produce domain-generated screen states with the declared schedule shape
ok 51 - named proposal fixture cases produce domain-generated screen states with the declared schedule shape
  ---
  duration_ms: 3071.598083
  type: 'test'
  ...
# Subtest: fixture actions report one in-memory call and never report storage success
ok 52 - fixture actions report one in-memory call and never report storage success
  ---
  duration_ms: 6006.633625
  type: 'test'
  ...
# Subtest: delayed loading remains pending before it resolves to the ready view
ok 53 - delayed loading remains pending before it resolves to the ready view
  ---
  duration_ms: 3003.62725
  type: 'test'
  ...
# Subtest: disabled fixture peer is an explicit unavailable implementation
ok 54 - disabled fixture peer is an explicit unavailable implementation
  ---
  duration_ms: 0.8375
  type: 'test'
  ...
# Subtest: proposal route carries only identity and resolves the in-memory proposal
ok 55 - proposal route carries only identity and resolves the in-memory proposal
  ---
  duration_ms: 0.763917
  type: 'test'
  ...
# Subtest: proposal accepts through the plan/reminder runtime and preserves pending saves
ok 56 - proposal accepts through the plan/reminder runtime and preserves pending saves
  ---
  duration_ms: 0.177625
  type: 'test'
  ...
# Subtest: proposal keeps explicit states, edit actions and localized copy
ok 57 - proposal keeps explicit states, edit actions and localized copy
  ---
  duration_ms: 0.149292
  type: 'test'
  ...
# Subtest: every proposal screen branch leaves the top safe area to its stack header
ok 58 - every proposal screen branch leaves the top safe area to its stack header
  ---
  duration_ms: 0.123417
  type: 'test'
  ...
# Subtest: ready and shortened proposals use the review title and a two-action footer
ok 59 - ready and shortened proposals use the review title and a two-action footer
  ---
  duration_ms: 0.198041
  type: 'test'
  ...
# Subtest: goal type is the card heading while target and selected days remain visible
ok 60 - goal type is the card heading while target and selected days remain visible
  ---
  duration_ms: 1.576583
  type: 'test'
  ...
# Subtest: review title is localized in all seven locales and removed goal-context copy is dead
ok 61 - review title is localized in all seven locales and removed goal-context copy is dead
  ---
  duration_ms: 0.426625
  type: 'test'
  ...
# Subtest: shortfall and saved-plan actions retain their existing semantics
ok 62 - shortfall and saved-plan actions retain their existing semantics
  ---
  duration_ms: 0.443958
  type: 'test'
  ...
# Subtest: goal save still opens a proposal only after its existing reminder reconciliation
ok 63 - goal save still opens a proposal only after its existing reminder reconciliation
  ---
  duration_ms: 0.302833
  type: 'test'
  ...
# Subtest: target guidance retry performs a real canonical snapshot reload
ok 64 - target guidance retry performs a real canonical snapshot reload
  ---
  duration_ms: 0.355583
  type: 'test'
  ...
# Subtest: Progress model presents canonical guidance and clamps C3 completion ratio
ok 65 - Progress model presents canonical guidance and clamps C3 completion ratio
  ---
  duration_ms: 10.352458
  type: 'test'
  ...
# Subtest: Progress model never creates a self-link for completed guidance
ok 66 - Progress model never creates a self-link for completed guidance
  ---
  duration_ms: 0.942458
  type: 'test'
  ...
# Subtest: Progress model does not offer a new plan session while one is active
ok 67 - Progress model does not offer a new plan session while one is active
  ---
  duration_ms: 3.205708
  type: 'test'
  ...
# Subtest: Progress model keeps none guidance explicit for no goal, paused goal and no plan
ok 68 - Progress model keeps none guidance explicit for no goal, paused goal and no plan
  ---
  duration_ms: 0.794375
  type: 'test'
  ...
# Subtest: Progress model fails closed for a foreign active track or unavailable snapshot
ok 69 - Progress model fails closed for a foreign active track or unavailable snapshot
  ---
  duration_ms: 18.273958
  type: 'test'
  ...
# Subtest: all seven locales preserve namespace, key, leaf, array and token contracts
ok 70 - all seven locales preserve namespace, key, leaf, array and token contracts
  ---
  duration_ms: 194.16575
  type: 'test'
  ...
# Subtest: plural suffix groups match the English source
ok 71 - plural suffix groups match the English source
  ---
  duration_ms: 44.70125
  type: 'test'
  ...
# Subtest: identical English values stay within the reviewed exception list
ok 72 - identical English values stay within the reviewed exception list
  ---
  duration_ms: 65.726208
  type: 'test'
  ...
# Subtest: i18next has no language or namespace fallback
ok 73 - i18next has no language or namespace fallback
  ---
  duration_ms: 3.94725
  type: 'test'
  ...
1..73
# tests 73
# suites 0
# pass 73
# fail 0
# cancelled 0
# skipped 0
# todo 0
# duration_ms 14207.198916
