TAP version 13
# Subtest: P05 persisted 25 attempts / 5 correct in latest 10 cannot predict completion today
ok 1 - P05 persisted 25 attempts / 5 correct in latest 10 cannot predict completion today
  ---
  duration_ms: 340.906959
  type: 'test'
  ...
# Subtest: P05 evaluator result cannot become an achievable target merely because volume is met
ok 2 - P05 evaluator result cannot become an achievable target merely because volume is met
  ---
  duration_ms: 2.244333
  type: 'test'
  ...
# Subtest: P05 evaluator, proposal copy and canonical guidance presentation agree in all seven locales
ok 3 - P05 evaluator, proposal copy and canonical guidance presentation agree in all seven locales
  ---
  duration_ms: 10.52575
  type: 'test'
  ...
# Subtest: missing actual rule stays unknown before quality guard even when there are many persisted attempts
ok 4 - missing actual rule stays unknown before quality guard even when there are many persisted attempts
  ---
  duration_ms: 2.71675
  type: 'test'
  ...
# Subtest: minimum exactly met still needs quality, while own pace and shortfall keep their target semantics
ok 5 - minimum exactly met still needs quality, while own pace and shortfall keep their target semantics
  ---
  duration_ms: 2.404084
  type: 'test'
  ...
# Subtest: current completed window permits zero-work; later incorrect durable attempts restore the quality limit
ok 6 - current completed window permits zero-work; later incorrect durable attempts restore the quality limit
  ---
  duration_ms: 8.852708
  type: 'test'
  ...
1..6
# tests 6
# suites 0
# pass 6
# fail 0
# cancelled 0
# skipped 0
# todo 0
# duration_ms 900.912333
