TAP version 13
# Subtest: completed exam review projects answered and unanswered items across the complete fixed plan
ok 1 - completed exam review projects answered and unanswered items across the complete fixed plan
  ---
  duration_ms: 1150.775291
  type: 'test'
  ...
# Subtest: fully unanswered completed exam projects all 50 items without creating attempts
ok 2 - fully unanswered completed exam projects all 50 items without creating attempts
  ---
  duration_ms: 7.377959
  type: 'test'
  ...
# Subtest: completed exam review projects authored diagnostics only for stored answers
ok 3 - completed exam review projects authored diagnostics only for stored answers
  ---
  duration_ms: 13.940459
  type: 'test'
  ...
# Subtest: exam result rejects tampered partition, attempt scores, and profile evidence
ok 4 - exam result rejects tampered partition, attempt scores, and profile evidence
  ---
  duration_ms: 21.445542
  type: 'test'
  ...
# Subtest: active Certification projection strips answers, explanations and feedback structurally
ok 5 - active Certification projection strips answers, explanations and feedback structurally
  ---
  duration_ms: 4.733958
  type: 'test'
  ...
# Subtest: deferred feedback remains absent after durable submit while immediate feedback is unchanged
ok 6 - deferred feedback remains absent after durable submit while immediate feedback is unchanged
  ---
  duration_ms: 1.056334
  type: 'test'
  ...
# Subtest: immediate Certification feedback returns only authored messages for selected incorrect IDs
ok 7 - immediate Certification feedback returns only authored messages for selected incorrect IDs
  ---
  duration_ms: 0.300791
  type: 'test'
  ...
# Subtest: completed review evidence fails closed when durable outcome aggregates are missing or inconsistent
ok 8 - completed review evidence fails closed when durable outcome aggregates are missing or inconsistent
  ---
  duration_ms: 0.5005
  type: 'test'
  ...
# Subtest: completed practice projector preserves the canonical five-state answer matrix
ok 9 - completed practice projector preserves the canonical five-state answer matrix
  ---
  duration_ms: 522.978583
  type: 'test'
  ...
# Subtest: completed practice review projects authored wrong and omitted-correct messages from the saved response only
ok 10 - completed practice review projects authored wrong and omitted-correct messages from the saved response only
  ---
  duration_ms: 2.477667
  type: 'test'
  ...
# Subtest: practice review rejects altered identity, coverage, attempts, score, and resolution
ok 11 - practice review rejects altered identity, coverage, attempts, score, and resolution
  ---
  duration_ms: 3.174917
  type: 'test'
  ...
# Subtest: completed Coding practice is readable and review uses the same completed projection
ok 12 - completed Coding practice is readable and review uses the same completed projection
  ---
  duration_ms: 1284.324958
  type: 'test'
  ...
# Subtest: completed conditional-reinsert practice projects the final replaced occurrence order
ok 13 - completed conditional-reinsert practice projects the final replaced occurrence order
  ---
  duration_ms: 257.61875
  type: 'test'
  ...
# Subtest: completed Coding practice carries canonical diagnostics for the committed wrong choice
ok 14 - completed Coding practice carries canonical diagnostics for the committed wrong choice
  ---
  duration_ms: 230.724875
  type: 'test'
  ...
# Subtest: abandoned Coding summary keeps its separate existing projection and performs no read writes
ok 15 - abandoned Coding summary keeps its separate existing projection and performs no read writes
  ---
  duration_ms: 19.909458
  type: 'test'
  ...
# Subtest: completed Mock result stays pending until exact saved content validation finishes
ok 16 - completed Mock result stays pending until exact saved content validation finishes
  ---
  duration_ms: 69.015958
  type: 'test'
  ...
# Subtest: completed result rejects a source-session attempt outside the saved occurrence plan
ok 17 - completed result rejects a source-session attempt outside the saved occurrence plan
  ---
  duration_ms: 129.156542
  type: 'test'
  ...
# Subtest: completed result rejects a removed attempt and a scorer/result mismatch
ok 18 - completed result rejects a removed attempt and a scorer/result mismatch
  ---
  duration_ms: 130.36325
  type: 'test'
  ...
# Subtest: completed result rejects a mismatched family, completion time, or answer coverage
ok 19 - completed result rejects a mismatched family, completion time, or answer coverage
  ---
  duration_ms: 132.038708
  type: 'test'
  ...
# Subtest: completed result rejects attempts with a different mode or resolved item
ok 20 - completed result rejects attempts with a different mode or resolved item
  ---
  duration_ms: 130.561708
  type: 'test'
  ...
# Subtest: completed result rejects duplicate attempts, invalid responses, and stale artifact references
ok 21 - completed result rejects duplicate attempts, invalid responses, and stale artifact references
  ---
  duration_ms: 130.00275
  type: 'test'
  ...
# Subtest: completed result rejects persisted counts and points that disagree with committed attempts
ok 22 - completed result rejects persisted counts and points that disagree with committed attempts
  ---
  duration_ms: 130.197417
  type: 'test'
  ...
# Subtest: completed result ignores valid attempts belonging to an unrelated session
ok 23 - completed result ignores valid attempts belonging to an unrelated session
  ---
  duration_ms: 125.057084
  type: 'test'
  ...
# Subtest: Coding Mock flags persist in the active draft and reappear after lifecycle resume
ok 24 - Coding Mock flags persist in the active draft and reappear after lifecycle resume
  ---
  duration_ms: 1122.895416
  type: 'test'
  ...
# Subtest: Coding Mock persists a response, finalizes, and reads all 40 completed review rows
ok 25 - Coding Mock persists a response, finalizes, and reads all 40 completed review rows
  ---
  duration_ms: 95.356542
  type: 'test'
  ...
# Subtest: Coding immediate practice feedback survives durable submit and lifecycle rebind
ok 26 - Coding immediate practice feedback survives durable submit and lifecycle rebind
  ---
  duration_ms: 22.018583
  type: 'test'
  ...
# Subtest: Exam Review has one local header owner and returns to the exact result session
ok 27 - Exam Review has one local header owner and returns to the exact result session
  ---
  duration_ms: 1.882333
  type: 'test'
  ...
# Subtest: Previous and Next preserve their question navigation and boundary disabling
ok 28 - Previous and Next preserve their question navigation and boundary disabling
  ---
  duration_ms: 0.570667
  type: 'test'
  ...
# Subtest: Unanswered uses shared feedback with complete details expanded and reporting unchanged
ok 29 - Unanswered uses shared feedback with complete details expanded and reporting unchanged
  ---
  duration_ms: 0.318542
  type: 'test'
  ...
# Subtest: simulation result and review are exposed only through the verified result reader
ok 30 - simulation result and review are exposed only through the verified result reader
  ---
  duration_ms: 1.670833
  type: 'test'
  ...
# Subtest: active simulation surface fills the viewport and keeps navigator presentation outside the approved active screen
ok 31 - active simulation surface fills the viewport and keeps navigator presentation outside the approved active screen
  ---
  duration_ms: 0.68575
  type: 'test'
  ...
# Subtest: simulation confirmation reuses the session chrome owner with its Figma frozen-state geometry
ok 32 - simulation confirmation reuses the session chrome owner with its Figma frozen-state geometry
  ---
  duration_ms: 0.933917
  type: 'test'
  ...
# Subtest: simulation preparation owns neutral question and response geometry
ok 33 - simulation preparation owns neutral question and response geometry
  ---
  duration_ms: 0.391875
  type: 'test'
  ...
# Subtest: simulation statuses localize their projection copy and expose pending operation semantics
ok 34 - simulation statuses localize their projection copy and expose pending operation semantics
  ---
  duration_ms: 0.491333
  type: 'test'
  ...
# Subtest: completed Algorithms practice replaces its runner with the session-keyed summary route
ok 35 - completed Algorithms practice replaces its runner with the session-keyed summary route
  ---
  duration_ms: 4.249125
  type: 'test'
  ...
# Subtest: practice summary reloads the immutable result and runner navigation requires verified completion
ok 36 - practice summary reloads the immutable result and runner navigation requires verified completion
  ---
  duration_ms: 2.493458
  type: 'test'
  ...
# Subtest: practice question review is a readonly session surface with bounded navigation and a return to its result
ok 37 - practice question review is a readonly session surface with bounded navigation and a return to its result
  ---
  duration_ms: 0.899292
  type: 'test'
  ...
# Subtest: session control labels identify the dimension, ordering position, and command
ok 38 - session control labels identify the dimension, ordering position, and command
  ---
  duration_ms: 37.02325
  type: 'test'
  ...
# Subtest: coding review pending keeps SessionShell navigation while using neutral response anatomy
ok 39 - coding review pending keeps SessionShell navigation while using neutral response anatomy
  ---
  duration_ms: 1.428167
  type: 'test'
  ...
# Subtest: interactive Algorithms session controls use real 48-point minimum geometry without hit-area substitutes
ok 40 - interactive Algorithms session controls use real 48-point minimum geometry without hit-area substitutes
  ---
  duration_ms: 5.936541
  type: 'test'
  ...
# Subtest: simulation accessibility respects motion, focus, and touch-target constraints
ok 41 - simulation accessibility respects motion, focus, and touch-target constraints
  ---
  duration_ms: 0.708917
  type: 'test'
  ...
# Subtest: canonical session surfaces expose deterministic state and do not group interactive descendants
ok 42 - canonical session surfaces expose deterministic state and do not group interactive descendants
  ---
  duration_ms: 2.638875
  type: 'test'
  ...
# Subtest: practice exit makes abandonment a single explicit decision in a modal
ok 43 - practice exit makes abandonment a single explicit decision in a modal
  ---
  duration_ms: 1.350333
  type: 'test'
  ...
# Subtest: standalone practice conflict and unavailable states respect both safe-area edges
ok 44 - standalone practice conflict and unavailable states respect both safe-area edges
  ---
  duration_ms: 0.550958
  type: 'test'
  ...
# Subtest: large text can grow session chrome and controls without fixed interactive heights
ok 45 - large text can grow session chrome and controls without fixed interactive heights
  ---
  duration_ms: 0.743625
  type: 'test'
  ...
# Subtest: bottom navigation preserves one-line visual labels while keeping every tab semantically named
ok 46 - bottom navigation preserves one-line visual labels while keeping every tab semantically named
  ---
  duration_ms: 1.098167
  type: 'test'
  ...
# Subtest: bottom navigation uses theme-appropriate separators without altering the light overlay
ok 47 - bottom navigation uses theme-appropriate separators without altering the light overlay
  ---
  duration_ms: 1.372917
  type: 'test'
  ...
# Subtest: Practice Hub keeps the quiet-layered recommendation readable at large text and removes the competing stats card
ok 48 - Practice Hub keeps the quiet-layered recommendation readable at large text and removes the competing stats card
  ---
  duration_ms: 1.078125
  type: 'test'
  ...
# Subtest: Practice Hub retains its mode layout and canonical ownership
ok 49 - Practice Hub retains its mode layout and canonical ownership
  ---
  duration_ms: 3.598458
  type: 'test'
  ...
# Subtest: Practice Question Shell keeps the Figma prompt-to-answer rhythm
ok 50 - Practice Question Shell keeps the Figma prompt-to-answer rhythm
  ---
  duration_ms: 0.903875
  type: 'test'
  ...
# Subtest: certification exam stacks descriptive actions so large text cannot clip flagging or navigation
ok 51 - certification exam stacks descriptive actions so large text cannot clip flagging or navigation
  ---
  duration_ms: 1.117208
  type: 'test'
  ...
# Subtest: practice runtime selectors are derived from the canonical session projection without entering speech labels
ok 52 - practice runtime selectors are derived from the canonical session projection without entering speech labels
  ---
  duration_ms: 1.209042
  type: 'test'
  ...
1..52
# tests 52
# suites 0
# pass 52
# fail 0
# cancelled 0
# skipped 0
# todo 0
# duration_ms 5268.741584
