Running on iPhone 17 - iOS 26.4 - 7F315654-3175-4F3C-BB24-B0263F59360C
 > Flow BIZQ01 native26 actual corrected authored diagnostic
Assert that id: patternly:practice-review:root:google-cloud-associate-cloud-engineer:certification-focus-practice:2:.* is visible... COMPLETED
Assert that id: patternly:session:question:gcp-ace-gcpace-n01-b03-001 is visible... COMPLETED
Swipe from (50%,72%) to (50%,50%) in 500 ms... COMPLETED
Assert that id: patternly:session:details-toggle:gcp-ace-gcpace-n01-b03-001 is visible... COMPLETED
Tap on id: patternly:session:details-toggle:gcp-ace-gcpace-n01-b03-001... COMPLETED
Assert that id: patternly:session:details:gcp-ace-gcpace-n01-b03-001 is visible... COMPLETED
Swipe from (50%,72%) to (50%,48%) in 500 ms... COMPLETED
Assert that "This option selects at the billing account, but the decisive requirement is organization-wide attachment scope." is visible... COMPLETED
Assert that "This option selects at one existing project, but the decisive requirement is organization-wide attachment scope." is not visible... COMPLETED
Assert that "This option selects at a single zone, but the decisive requirement is organization-wide attachment scope." is not visible... COMPLETED
Take screenshot native26-selected-wrong-authored-diagnostic-restored... COMPLETED
Swipe from (50%,72%) to (50%,58%) in 500 ms... COMPLETED
Assert that "Organization Policy attaches constraints to hierarchy resources.*" is visible... COMPLETED
Take screenshot native26-generic-details-alongside-authored-diagnostic... COMPLETED
Tap on id: patternly:practice-review:result... COMPLETED
Assert that id: patternly:summary:root:google-cloud-associate-cloud-engineer:certification-focus-practice:2 is visible... COMPLETED
Assert that "Session complete" is visible... COMPLETED
Assert that "10 / 10" is visible... COMPLETED
Take screenshot native26-same-completed-result-after-read-only-review... COMPLETED
