TAP version 13
# Subtest: runtime admission resolves the exact candidate lock for every canonical launch track
not ok 1 - runtime admission resolves the exact candidate lock for every canonical launch track
  ---
  duration_ms: 4.905542
  type: 'test'
  location: '/Users/lukaszkurczab/Desktop/Projects/Patternly/patternly/src/domain/tracks/runtimeAdmissionLaunchTracks.test.ts:2:1146'
  failureType: 'testCodeFailure'
  error: |-
    Expected values to be strictly equal:
    + actual - expected
    
    + 'c1b0510a30d153e35ef0850520eea911fd8be49dd6ada70e3d94c505cd9ae0fa'
    - 'afd861064f8fd1d0346ea5ec5405857cc2065f214d43a99ea023314da4fff460'
    
  code: 'ERR_ASSERTION'
  name: 'AssertionError'
  expected: 'afd861064f8fd1d0346ea5ec5405857cc2065f214d43a99ea023314da4fff460'
  actual: 'c1b0510a30d153e35ef0850520eea911fd8be49dd6ada70e3d94c505cd9ae0fa'
  operator: 'strictEqual'
  stack: |-
    TestContext.<anonymous> (/Users/lukaszkurczab/Desktop/Projects/Patternly/patternly/src/domain/tracks/runtimeAdmissionLaunchTracks.test.ts:18:10)
    async Test.run (node:internal/test_runner/test:1054:7)
    async startSubtestAfterBootstrap (node:internal/test_runner/harness:296:3)
  ...
1..1
# tests 1
# suites 0
# pass 0
# fail 1
# cancelled 0
# skipped 0
# todo 0
# duration_ms 409.995375
