Running on iPhone 17 - iOS 26.4 - 7F315654-3175-4F3C-BB24-B0263F59360C
 > Flow BIZQ-01 existing Design Practice Premium gate regression
Launch app "com.lkurczab.patternly"... COMPLETED
Open com.lkurczab.patternly://expo-development-client/?url=http%3A%2F%2F127.0.0.1%3A8081... COMPLETED
Run flow when id: account-guest is visible...
Run flow when id: account-guest is visible... SKIPPED
Assert that id: main-tab-bar-home is visible... COMPLETED
Tap on id: main-tab-bar-home... COMPLETED
Run flow when id: patternly:home:track-card:backend-system-design-interview is not visible...
Run flow when id: patternly:home:track-card:backend-system-design-interview is not visible... SKIPPED
Run flow when id: patternly:home:guest-goal-onboarding:not-now is visible...
Run flow when id: patternly:home:guest-goal-onboarding:not-now is visible... SKIPPED
Tap on id: main-tab-bar-settings... COMPLETED
Scrolling DOWN until id: settings-premium-testing:.* is visible with speed 40, visibility percentage 100%, timeout 20000 ms, with centering disabled... COMPLETED
Run flow when id: settings-premium-testing:enabled is visible...
Run flow when id: settings-premium-testing:enabled is visible... SKIPPED
Assert that id: settings-premium-testing:disabled is visible... COMPLETED
Tap on id: main-tab-bar-practice... COMPLETED
Assert that id: patternly:practice:hub:root is visible... COMPLETED
Scrolling DOWN until id: patternly:practice:start-session is visible with speed 40, visibility percentage 100%, timeout 20000 ms, with centering disabled... COMPLETED
Tap on id: patternly:practice:start-session... COMPLETED
Assert that id: premium-offer-summary is visible... COMPLETED
Assert that id: patternly:session:root:.* is not visible... COMPLETED
Take screenshot bizq01-free-design-paywall... COMPLETED
Tap on "Not now|Nie teraz"... FAILED

Element not found: Text matching regex: Not now|Nie teraz

Element with Text matching regex: Not now|Nie teraz not found. Check the UI hierarchy in debug artifacts to verify if the element exists.

Possible causes:
- Element selector may be incorrect - check if there are similar elements with slightly different names/properties.
- Element may be temporarily unavailable due to loading state.
- This could be a real regression that needs to be addressed.

==== Debug output (logs & screenshots) ====

/Users/lukaszkurczab/Desktop/Projects/Patternly/patternly/docs/active/BIZQ-01/native/2026-10-02_155919
