TAP version 13
# Subtest: review console surfaces the current BESD constraint disclosure without recording an outcome
not ok 1 - review console surfaces the current BESD constraint disclosure without recording an outcome
  ---
  duration_ms: 797.401917
  type: 'test'
  location: '/Users/lukaszkurczab/Desktop/Projects/Patternly/patternly-content/tests/contentReviewConsole.test.mjs:12:1'
  failureType: 'testCodeFailure'
  error: |-
    The expression evaluated to a falsy value:
    
      assert.ok(item.riskFlags.includes(AUTHOR_CONSTRAINT_RISK))
    
  code: 'ERR_ASSERTION'
  name: 'AssertionError'
  expected: true
  actual: false
  operator: '=='
  stack: |-
    TestContext.<anonymous> (file:///Users/lukaszkurczab/Desktop/Projects/Patternly/patternly-content/tests/contentReviewConsole.test.mjs:19:10)
    async Test.run (node:internal/test_runner/test:1054:7)
    async startSubtestAfterBootstrap (node:internal/test_runner/harness:296:3)
  ...
1..1
# tests 1
# suites 0
# pass 0
# fail 1
# cancelled 0
# skipped 0
# todo 0
# duration_ms 905.55275
