TAP version 13
# Subtest: BIZQ-01 changed items keep concrete learner constraints and one scoreable authored answer
ok 1 - BIZQ-01 changed items keep concrete learner constraints and one scoreable authored answer
  ---
  duration_ms: 3.228041
  type: 'test'
  ...
# Subtest: BIZQ-01 canonical builder carries the exact batch and new content identity
ok 2 - BIZQ-01 canonical builder carries the exact batch and new content identity
  ---
  duration_ms: 218.493459
  type: 'test'
  ...
# Subtest: BIZQ-01 advisory console distinguishes corrected batch from remaining warnings
ok 3 - BIZQ-01 advisory console distinguishes corrected batch from remaining warnings
  ---
  duration_ms: 670.538041
  type: 'test'
  ...
# Subtest: each catalogued track validates, tests and builds independently
ok 4 - each catalogued track validates, tests and builds independently
  ---
  duration_ms: 55.87125
  type: 'test'
  ...
# Subtest: build-all emits exactly nine deterministic artifacts and lock entries
ok 5 - build-all emits exactly nine deterministic artifacts and lock entries
  ---
  duration_ms: 25.442625
  type: 'test'
  ...
# Subtest: GCP simulation profile binds a complete unambiguous node map to the same-version published artifact
ok 6 - GCP simulation profile binds a complete unambiguous node map to the same-version published artifact
  ---
  duration_ms: 389.03025
  type: 'test'
  ...
# Subtest: Coding Interview simulation profile emits the blueprint and exact checksum-verified pool identities
ok 7 - Coding Interview simulation profile emits the blueprint and exact checksum-verified pool identities
  ---
  duration_ms: 299.183625
  type: 'test'
  ...
# Subtest: malformed Coding Interview simulation blueprint fails closed
ok 8 - malformed Coding Interview simulation blueprint fails closed
  ---
  duration_ms: 102.421
  type: 'test'
  ...
# Subtest: Coding Interview simulation selection policies reject stale pools and invalid identities
ok 9 - Coding Interview simulation selection policies reject stale pools and invalid identities
  ---
  duration_ms: 785.628583
  type: 'test'
  ...
# Subtest: Design Interview simulation profiles emit one strict text-response case per track
ok 10 - Design Interview simulation profiles emit one strict text-response case per track
  ---
  duration_ms: 924.481334
  type: 'test'
  ...
# Subtest: Design simulation availability requires the canonical text profile and does not imply question-bank capacity
ok 11 - Design simulation availability requires the canonical text profile and does not imply question-bank capacity
  ---
  duration_ms: 8.717666
  type: 'test'
  ...
# Subtest: malformed Design Interview simulation sources fail closed
ok 12 - malformed Design Interview simulation sources fail closed
  ---
  duration_ms: 9.181875
  type: 'test'
  ...
# Subtest: malformed present GCP simulation profile fails closed on incomplete node coverage
ok 13 - malformed present GCP simulation profile fails closed on incomplete node coverage
  ---
  duration_ms: 103.142875
  type: 'test'
  ...
# Subtest: existing GCP artifact rejects malformed profile even when its lock SHA is recomputed
ok 14 - existing GCP artifact rejects malformed profile even when its lock SHA is recomputed
  ---
  duration_ms: 783.036083
  type: 'test'
  ...
# Subtest: existing GCP artifact rejects a legal but source-inconsistent node domain when its lock SHA is recomputed
ok 15 - existing GCP artifact rejects a legal but source-inconsistent node domain when its lock SHA is recomputed
  ---
  duration_ms: 449.969584
  type: 'test'
  ...
# Subtest: ACC-02 Candidate Manifest retains its exact nine-track identity against frozen baseline and migration manifest
ok 16 - ACC-02 Candidate Manifest retains its exact nine-track identity against frozen baseline and migration manifest
  ---
  duration_ms: 0.251209
  type: 'test'
  ...
# Subtest: canonical JSON sorts recursive object keys without reordering arrays
ok 17 - canonical JSON sorts recursive object keys without reordering arrays
  ---
  duration_ms: 0.046334
  type: 'test'
  ...
# Subtest: mutating one track does not rewrite another artifact or lock entry
ok 18 - mutating one track does not rewrite another artifact or lock entry
  ---
  duration_ms: 20.36075
  type: 'test'
  ...
# Subtest: builder rejects missing, empty, unknown and malformed inputs
ok 19 - builder rejects missing, empty, unknown and malformed inputs
  ---
  duration_ms: 3.114
  type: 'test'
  ...
# Subtest: builder requires each mental-unit source file to be a non-empty question array
ok 20 - builder requires each mental-unit source file to be a non-empty question array
  ---
  duration_ms: 2.111333
  type: 'test'
  ...
# Subtest: builder rejects path identity, foreign track, duplicate and invalid questions
ok 21 - builder rejects path identity, foreign track, duplicate and invalid questions
  ---
  duration_ms: 5.102542
  type: 'test'
  ...
# Subtest: existing malformed lock is rejected before a single-track build
ok 22 - existing malformed lock is rejected before a single-track build
  ---
  duration_ms: 1.848917
  type: 'test'
  ...
# Subtest: source discovery rejects a symlinked track, node directory, or question file
ok 23 - source discovery rejects a symlinked track, node directory, or question file
  ---
  duration_ms: 4.249083
  type: 'test'
  ...
# Subtest: a tampered existing artifact blocks another track before any write
ok 24 - a tampered existing artifact blocks another track before any write
  ---
  duration_ms: 10.546667
  type: 'test'
  ...
# Subtest: single-track build rejects orphan artifacts and temporary outputs before writing any target
ok 25 - single-track build rejects orphan artifacts and temporary outputs before writing any target
  ---
  duration_ms: 4.685083
  type: 'test'
  ...
# Subtest: single-track build rejects a symlinked output root without external writes
ok 26 - single-track build rejects a symlinked output root without external writes
  ---
  duration_ms: 2.185584
  type: 'test'
  ...
# Subtest: single-track output commit rolls back both files on an injected second rename failure
ok 27 - single-track output commit rolls back both files on an injected second rename failure
  ---
  duration_ms: 5.486792
  type: 'test'
  ...
# Subtest: build-all stages and rolls back the complete new output set on rename failure
ok 28 - build-all stages and rolls back the complete new output set on rename failure
  ---
  duration_ms: 17.092167
  type: 'test'
  ...
# Subtest: CLI parser requires track for single-track commands and rejects it for build-all
ok 29 - CLI parser requires track for single-track commands and rejects it for build-all
  ---
  duration_ms: 0.217708
  type: 'test'
  ...
# Subtest: CLI executes a hermetic single-track validate/test/build
ok 30 - CLI executes a hermetic single-track validate/test/build
  ---
  duration_ms: 207.323834
  type: 'test'
  ...
1..30
# tests 30
# suites 0
# pass 30
# fail 0
# cancelled 0
# skipped 0
# todo 0
# duration_ms 4318.398625
