TAP version 13
# Subtest: BIZQ-01 changed items keep concrete learner constraints and one scoreable authored answer
ok 1 - BIZQ-01 changed items keep concrete learner constraints and one scoreable authored answer
  ---
  duration_ms: 3.388958
  type: 'test'
  ...
# Subtest: BIZQ-01 canonical builder carries the exact batch and new content identity
ok 2 - BIZQ-01 canonical builder carries the exact batch and new content identity
  ---
  duration_ms: 290.813083
  type: 'test'
  ...
# Subtest: BIZQ-01 advisory console distinguishes corrected batch from remaining warnings
ok 3 - BIZQ-01 advisory console distinguishes corrected batch from remaining warnings
  ---
  duration_ms: 775.272958
  type: 'test'
  ...
# Subtest: each catalogued track validates, tests and builds independently
ok 4 - each catalogued track validates, tests and builds independently
  ---
  duration_ms: 102.690625
  type: 'test'
  ...
# Subtest: build-all emits exactly nine deterministic artifacts and lock entries
ok 5 - build-all emits exactly nine deterministic artifacts and lock entries
  ---
  duration_ms: 40.588625
  type: 'test'
  ...
# Subtest: GCP simulation profile binds a complete unambiguous node map to the same-version published artifact
ok 6 - GCP simulation profile binds a complete unambiguous node map to the same-version published artifact
  ---
  duration_ms: 502.344
  type: 'test'
  ...
# Subtest: Coding Interview simulation profile emits the blueprint and exact checksum-verified pool identities
ok 7 - Coding Interview simulation profile emits the blueprint and exact checksum-verified pool identities
  ---
  duration_ms: 372.597208
  type: 'test'
  ...
# Subtest: malformed Coding Interview simulation blueprint fails closed
ok 8 - malformed Coding Interview simulation blueprint fails closed
  ---
  duration_ms: 107.531333
  type: 'test'
  ...
# Subtest: Coding Interview simulation selection policies reject stale pools and invalid identities
ok 9 - Coding Interview simulation selection policies reject stale pools and invalid identities
  ---
  duration_ms: 828.823333
  type: 'test'
  ...
# Subtest: Design Interview simulation profiles emit one strict text-response case per track
ok 10 - Design Interview simulation profiles emit one strict text-response case per track
  ---
  duration_ms: 994.974
  type: 'test'
  ...
# Subtest: Design simulation availability requires the canonical text profile and does not imply question-bank capacity
ok 11 - Design simulation availability requires the canonical text profile and does not imply question-bank capacity
  ---
  duration_ms: 12.058375
  type: 'test'
  ...
# Subtest: malformed Design Interview simulation sources fail closed
ok 12 - malformed Design Interview simulation sources fail closed
  ---
  duration_ms: 9.490125
  type: 'test'
  ...
# Subtest: malformed present GCP simulation profile fails closed on incomplete node coverage
ok 13 - malformed present GCP simulation profile fails closed on incomplete node coverage
  ---
  duration_ms: 113.326417
  type: 'test'
  ...
# Subtest: existing GCP artifact rejects malformed profile even when its lock SHA is recomputed
ok 14 - existing GCP artifact rejects malformed profile even when its lock SHA is recomputed
  ---
  duration_ms: 853.645084
  type: 'test'
  ...
# Subtest: existing GCP artifact rejects a legal but source-inconsistent node domain when its lock SHA is recomputed
ok 15 - existing GCP artifact rejects a legal but source-inconsistent node domain when its lock SHA is recomputed
  ---
  duration_ms: 460.247166
  type: 'test'
  ...
# Subtest: ACC-02 Candidate Manifest retains its exact nine-track identity against frozen baseline and migration manifest
ok 16 - ACC-02 Candidate Manifest retains its exact nine-track identity against frozen baseline and migration manifest
  ---
  duration_ms: 0.249917
  type: 'test'
  ...
# Subtest: canonical JSON sorts recursive object keys without reordering arrays
ok 17 - canonical JSON sorts recursive object keys without reordering arrays
  ---
  duration_ms: 0.044959
  type: 'test'
  ...
# Subtest: mutating one track does not rewrite another artifact or lock entry
ok 18 - mutating one track does not rewrite another artifact or lock entry
  ---
  duration_ms: 20.035167
  type: 'test'
  ...
# Subtest: builder rejects missing, empty, unknown and malformed inputs
ok 19 - builder rejects missing, empty, unknown and malformed inputs
  ---
  duration_ms: 3.052959
  type: 'test'
  ...
# Subtest: builder requires each mental-unit source file to be a non-empty question array
ok 20 - builder requires each mental-unit source file to be a non-empty question array
  ---
  duration_ms: 2.066875
  type: 'test'
  ...
# Subtest: builder rejects path identity, foreign track, duplicate and invalid questions
ok 21 - builder rejects path identity, foreign track, duplicate and invalid questions
  ---
  duration_ms: 5.081291
  type: 'test'
  ...
# Subtest: existing malformed lock is rejected before a single-track build
ok 22 - existing malformed lock is rejected before a single-track build
  ---
  duration_ms: 1.849708
  type: 'test'
  ...
# Subtest: source discovery rejects a symlinked track, node directory, or question file
ok 23 - source discovery rejects a symlinked track, node directory, or question file
  ---
  duration_ms: 4.214291
  type: 'test'
  ...
# Subtest: a tampered existing artifact blocks another track before any write
ok 24 - a tampered existing artifact blocks another track before any write
  ---
  duration_ms: 10.981292
  type: 'test'
  ...
# Subtest: single-track build rejects orphan artifacts and temporary outputs before writing any target
ok 25 - single-track build rejects orphan artifacts and temporary outputs before writing any target
  ---
  duration_ms: 4.957708
  type: 'test'
  ...
# Subtest: single-track build rejects a symlinked output root without external writes
ok 26 - single-track build rejects a symlinked output root without external writes
  ---
  duration_ms: 2.231125
  type: 'test'
  ...
# Subtest: single-track output commit rolls back both files on an injected second rename failure
ok 27 - single-track output commit rolls back both files on an injected second rename failure
  ---
  duration_ms: 5.605708
  type: 'test'
  ...
# Subtest: build-all stages and rolls back the complete new output set on rename failure
ok 28 - build-all stages and rolls back the complete new output set on rename failure
  ---
  duration_ms: 16.899333
  type: 'test'
  ...
# Subtest: CLI parser requires track for single-track commands and rejects it for build-all
ok 29 - CLI parser requires track for single-track commands and rejects it for build-all
  ---
  duration_ms: 0.2185
  type: 'test'
  ...
# Subtest: CLI executes a hermetic single-track validate/test/build
ok 30 - CLI executes a hermetic single-track validate/test/build
  ---
  duration_ms: 207.203209
  type: 'test'
  ...
# Subtest: review console surfaces a remaining BESD constraint disclosure without recording an outcome
ok 31 - review console surfaces a remaining BESD constraint disclosure without recording an outcome
  ---
  duration_ms: 919.939209
  type: 'test'
  ...
# Subtest: constraint warning is advisory across interactions and does not flag ordinary worked examples or feedback
ok 32 - constraint warning is advisory across interactions and does not flag ordinary worked examples or feedback
  ---
  duration_ms: 669.003375
  type: 'test'
  ...
# Subtest: review console exposes exactly nine launch tracks, navigable coverage, and advisory signals
ok 33 - review console exposes exactly nine launch tracks, navigable coverage, and advisory signals
  ---
  duration_ms: 679.57375
  type: 'test'
  ...
# Subtest: review console records one current explicit outcome and invalidates it when source identity changes
ok 34 - review console records one current explicit outcome and invalidates it when source identity changes
  ---
  duration_ms: 662.790875
  type: 'test'
  ...
# Subtest: review console serves a local UI and bounded JSON API without fabricating approval
ok 35 - review console serves a local UI and bounded JSON API without fabricating approval
  ---
  duration_ms: 794.585125
  type: 'test'
  ...
# Subtest: ODK-097 producer profiles expose the approved Design session matrix
ok 36 - ODK-097 producer profiles expose the approved Design session matrix
  ---
  duration_ms: 13.897083
  type: 'test'
  ...
# Subtest: ODK-097 producer changes preserve canonical Design question counts and hashes
ok 37 - ODK-097 producer changes preserve canonical Design question counts and hashes
  ---
  duration_ms: 553.130959
  type: 'test'
  ...
1..37
# tests 37
# suites 0
# pass 37
# fail 0
# cancelled 0
# skipped 0
# todo 0
# duration_ms 4819.839416
