✔ OOD19 frozen bindings cover all nine reviewed 18-item payloads (2.607708ms)
✔ OOD19 preserves all 136 accepted N01 and 152 accepted N02 source and runtime objects (364.787042ms)
✔ OOD19 OOD-N03-B01 source and runtime match frozen payload; predecessors are retired (1.1305ms)
✔ OOD19 OOD-N03-B01 real scoring, reversed-option invariance and learner feedback use stable IDs (2.314583ms)
✖ OOD19 OOD-N03-B02 source and runtime match frozen payload; predecessors are retired (3.424ms)
✖ OOD19 OOD-N03-B02 real scoring, reversed-option invariance and learner feedback use stable IDs (0.658333ms)
✖ OOD19 OOD-N03-B03 source and runtime match frozen payload; predecessors are retired (0.726208ms)
✖ OOD19 OOD-N03-B03 real scoring, reversed-option invariance and learner feedback use stable IDs (0.293542ms)
✔ OOD19 OOD-N03-B04 source and runtime match frozen payload; predecessors are retired (0.789708ms)
✔ OOD19 OOD-N03-B04 real scoring, reversed-option invariance and learner feedback use stable IDs (1.041584ms)
✔ OOD19 OOD-N03-B05 source and runtime match frozen payload; predecessors are retired (0.735792ms)
✔ OOD19 OOD-N03-B05 real scoring, reversed-option invariance and learner feedback use stable IDs (0.931084ms)
✔ OOD19 OOD-N03-B06 source and runtime match frozen payload; predecessors are retired (0.661542ms)
✔ OOD19 OOD-N03-B06 real scoring, reversed-option invariance and learner feedback use stable IDs (0.81075ms)
✔ OOD19 OOD-N03-B07 source and runtime match frozen payload; predecessors are retired (0.622709ms)
✔ OOD19 OOD-N03-B07 real scoring, reversed-option invariance and learner feedback use stable IDs (0.75375ms)
✖ OOD19 OOD-N03-B08 source and runtime match frozen payload; predecessors are retired (0.682292ms)
✖ OOD19 OOD-N03-B08 real scoring, reversed-option invariance and learner feedback use stable IDs (0.334708ms)
✔ OOD19 OOD-N03-B09 source and runtime match frozen payload; predecessors are retired (0.612125ms)
✔ OOD19 OOD-N03-B09 real scoring, reversed-option invariance and learner feedback use stable IDs (0.705833ms)
✔ OOD19 leaves three ordinary N01 pools at 136 and does not grant N03 eligibility (2.116084ms)
✖ OOD19a applies exactly 25 Reason-only changes over immutable v19 payloads (357.257125ms)
ℹ tests 22
ℹ suites 0
ℹ pass 15
ℹ fail 7
ℹ cancelled 0
ℹ skipped 0
ℹ todo 0
ℹ duration_ms 809.87225

✖ failing tests:

test at src/content/bizq01OodNodeClosure19.test.ts:2:10474
✖ OOD19 OOD-N03-B02 source and runtime match frozen payload; predecessors are retired (3.424ms)
  AssertionError [ERR_ASSERTION]: ood-n03-b02-i019 source matches the frozen payload with only the fixed 19a Reason overlay
  + actual - expected
  ... Skipped lines

    {
      answer: {
        optionId: 'n03b02_019_model',
        type: 'choice_single'
      },
  ...
        ],
  +     reason: 'Make the Session–Provider association navigable in both directions so each stated client can traverse its required path.',
  -     reason: 'Callbacks require Session→Provider, while the operations screen starts at Provider and cannot use an index. The reassignment transaction is the stated consistency boundary for that reverse path.',
        type: 'choice_single'
      },
      interaction: {
        options: [
          {

      at TestContext.<anonymous> (/Users/lukaszkurczab/Desktop/Projects/Patternly/patternly/src/content/bizq01OodNodeClosure19.test.ts:162:14)
      at async Test.run (node:internal/test_runner/test:1409:7)
      at async Test.processPendingSubtests (node:internal/test_runner/test:974:7) {
    generatedMessage: false,
    code: 'ERR_ASSERTION',
    actual: { questionId: 'ood-n03-b02-i019', trackId: 'object-oriented-design-interview', nodeId: 'relationships_composition_ownership_lifecycle_and_dependencies', mentalUnitId: 'OOD-N03-B02', prompt: 'A caption session uses one active language provider. Stream callbacks start from the session and call that provider, while the provider operations screen must list its active sessions by direct object traversal; no separate index is available. Reassignment updates the session and provider collections in one transaction. Which navigability should the two model clients have?', interaction: { type: 'choice_single', scoringMethod: 'exact_selected_set', options: [Array] }, answer: { type: 'choice_single', optionId: 'n03b02_019_model' }, feedback: { type: 'choice_single', reason: 'Make the Session–Provider association navigable in both directions so each stated client can traverse its required path.', details: [Object], messages: [Array] }, difficulty: 'foundational', sourceRefs: [ 'https://www.omg.org/spec/UML/2.5.1/PDF' ] },
    expected: { questionId: 'ood-n03-b02-i019', trackId: 'object-oriented-design-interview', nodeId: 'relationships_composition_ownership_lifecycle_and_dependencies', mentalUnitId: 'OOD-N03-B02', prompt: 'A caption session uses one active language provider. Stream callbacks start from the session and call that provider, while the provider operations screen must list its active sessions by direct object traversal; no separate index is available. Reassignment updates the session and provider collections in one transaction. Which navigability should the two model clients have?', interaction: { type: 'choice_single', scoringMethod: 'exact_selected_set', options: [Array] }, answer: { type: 'choice_single', optionId: 'n03b02_019_model' }, feedback: { type: 'choice_single', reason: 'Callbacks require Session→Provider, while the operations screen starts at Provider and cannot use an index. The reassignment transaction is the stated consistency boundary for that reverse path.', details: [Object], messages: [Array] }, difficulty: 'foundational', sourceRefs: [ 'https://www.omg.org/spec/UML/2.5.1/PDF' ] },
    operator: 'deepStrictEqual',
    diff: 'simple'
  }

test at src/content/bizq01OodNodeClosure19.test.ts:2:11744
✖ OOD19 OOD-N03-B02 real scoring, reversed-option invariance and learner feedback use stable IDs (0.658333ms)
  AssertionError [ERR_ASSERTION]: ood-n03-b02-i019 uses its current fixed Reason expectation
  + actual - expected

  + 'Make the Session–Provider association navigable in both directions so each stated client can traverse its required path.'
  - 'Callbacks require Session→Provider, while the operations screen starts at Provider and cannot use an index. The reassignment transaction is the stated consistency boundary for that reverse path.'

      at TestContext.<anonymous> (/Users/lukaszkurczab/Desktop/Projects/Patternly/patternly/src/content/bizq01OodNodeClosure19.test.ts:178:14)
      at async Test.run (node:internal/test_runner/test:1409:7)
      at async Test.processPendingSubtests (node:internal/test_runner/test:974:7) {
    generatedMessage: false,
    code: 'ERR_ASSERTION',
    actual: 'Make the Session–Provider association navigable in both directions so each stated client can traverse its required path.',
    expected: 'Callbacks require Session→Provider, while the operations screen starts at Provider and cannot use an index. The reassignment transaction is the stated consistency boundary for that reverse path.',
    operator: 'strictEqual',
    diff: 'simple'
  }

test at src/content/bizq01OodNodeClosure19.test.ts:2:10474
✖ OOD19 OOD-N03-B03 source and runtime match frozen payload; predecessors are retired (0.726208ms)
  AssertionError [ERR_ASSERTION]: ood-n03-b03-i019 source matches the frozen payload with only the fixed 19a Reason overlay
  + actual - expected
  ... Skipped lines

    {
      answer: {
        optionId: 'n03b03_019_model',
        type: 'choice_single'
      },
  ...
        ],
  +     reason: 'Authorization ends at expiry, but the approval evidence remains auditable.',
  -     reason: 'The grant must stop authorizing at expiry, but its retained ID and approval timestamps remain audit evidence. Expiring authority therefore does not mean deleting the grant record.',
        type: 'choice_single'
      },
      interaction: {
        options: [
          {

      at TestContext.<anonymous> (/Users/lukaszkurczab/Desktop/Projects/Patternly/patternly/src/content/bizq01OodNodeClosure19.test.ts:162:14)
      at async Test.run (node:internal/test_runner/test:1409:7)
      at async Test.processPendingSubtests (node:internal/test_runner/test:974:7) {
    generatedMessage: false,
    code: 'ERR_ASSERTION',
    actual: { questionId: 'ood-n03-b03-i019', trackId: 'object-oriented-design-interview', nodeId: 'relationships_composition_ownership_lifecycle_and_dependencies', mentalUnitId: 'OOD-N03-B03', prompt: 'A temporary access grant has a start and expiry instant. At expiry it stops authorizing access, but its grant ID, approver, and timestamps remain in the audit record. A role definition is shared by many grants. What lifecycle should the grant have when its expiry arrives?', interaction: { type: 'choice_single', scoringMethod: 'exact_selected_set', options: [Array] }, answer: { type: 'choice_single', optionId: 'n03b03_019_model' }, feedback: { type: 'choice_single', reason: 'Authorization ends at expiry, but the approval evidence remains auditable.', details: [Object], messages: [Array] }, difficulty: 'foundational', sourceRefs: [ 'https://www.omg.org/spec/UML/2.5.1/PDF' ] },
    expected: { questionId: 'ood-n03-b03-i019', trackId: 'object-oriented-design-interview', nodeId: 'relationships_composition_ownership_lifecycle_and_dependencies', mentalUnitId: 'OOD-N03-B03', prompt: 'A temporary access grant has a start and expiry instant. At expiry it stops authorizing access, but its grant ID, approver, and timestamps remain in the audit record. A role definition is shared by many grants. What lifecycle should the grant have when its expiry arrives?', interaction: { type: 'choice_single', scoringMethod: 'exact_selected_set', options: [Array] }, answer: { type: 'choice_single', optionId: 'n03b03_019_model' }, feedback: { type: 'choice_single', reason: 'The grant must stop authorizing at expiry, but its retained ID and approval timestamps remain audit evidence. Expiring authority therefore does not mean deleting the grant record.', details: [Object], messages: [Array] }, difficulty: 'foundational', sourceRefs: [ 'https://www.omg.org/spec/UML/2.5.1/PDF' ] },
    operator: 'deepStrictEqual',
    diff: 'simple'
  }

test at src/content/bizq01OodNodeClosure19.test.ts:2:11744
✖ OOD19 OOD-N03-B03 real scoring, reversed-option invariance and learner feedback use stable IDs (0.293542ms)
  AssertionError [ERR_ASSERTION]: ood-n03-b03-i019 uses its current fixed Reason expectation
  + actual - expected

  + 'Authorization ends at expiry, but the approval evidence remains auditable.'
  - 'The grant must stop authorizing at expiry, but its retained ID and approval timestamps remain audit evidence. Expiring authority therefore does not mean deleting the grant record.'

      at TestContext.<anonymous> (/Users/lukaszkurczab/Desktop/Projects/Patternly/patternly/src/content/bizq01OodNodeClosure19.test.ts:178:14)
      at async Test.run (node:internal/test_runner/test:1409:7)
      at async Test.processPendingSubtests (node:internal/test_runner/test:974:7) {
    generatedMessage: false,
    code: 'ERR_ASSERTION',
    actual: 'Authorization ends at expiry, but the approval evidence remains auditable.',
    expected: 'The grant must stop authorizing at expiry, but its retained ID and approval timestamps remain audit evidence. Expiring authority therefore does not mean deleting the grant record.',
    operator: 'strictEqual',
    diff: 'simple'
  }

test at src/content/bizq01OodNodeClosure19.test.ts:2:10474
✖ OOD19 OOD-N03-B08 source and runtime match frozen payload; predecessors are retired (0.682292ms)
  AssertionError [ERR_ASSERTION]: ood-n03-b08-i021 source matches the frozen payload with only the fixed 19a Reason overlay
  + actual - expected
  ... Skipped lines

    {
      answer: {
        optionId: 'ood-n03-b08_021_key',
        type: 'choice_single'
      },
  ...
        ],
  +     reason: 'The prompt explicitly states that the caller retains the stream after this operation.',
  -     reason: 'The caller must continue reading after the library returns, so library disposal would invalidate that remaining use. Reading a borrowed stream does not transfer disposal responsibility.',
        type: 'choice_single'
      },
      interaction: {
        options: [
          {

      at TestContext.<anonymous> (/Users/lukaszkurczab/Desktop/Projects/Patternly/patternly/src/content/bizq01OodNodeClosure19.test.ts:162:14)
      at async Test.run (node:internal/test_runner/test:1409:7)
      at async Test.processPendingSubtests (node:internal/test_runner/test:974:7) {
    generatedMessage: false,
    code: 'ERR_ASSERTION',
    actual: { trackId: 'object-oriented-design-interview', nodeId: 'relationships_composition_ownership_lifecycle_and_dependencies', mentalUnitId: 'OOD-N03-B08', difficulty: 'intermediate', questionId: 'ood-n03-b08-i021', prompt: 'A library receives a caller-owned stream and reads from it, but its contract says the caller may continue reading afterward. Who disposes the stream?', constraints: [], sourceRefs: [ 'https://learn.microsoft.com/en-us/dotnet/standard/garbage-collection/implementing-dispose', 'https://isocpp.github.io/CppCoreGuidelines/CppCoreGuidelines' ], interaction: { type: 'choice_single', scoringMethod: 'exact_selected_set', options: [Array] }, answer: { type: 'choice_single', optionId: 'ood-n03-b08_021_key' }, feedback: { type: 'choice_single', reason: 'The prompt explicitly states that the caller retains the stream after this operation.', details: [Object], messages: [Array] } },
    expected: { trackId: 'object-oriented-design-interview', nodeId: 'relationships_composition_ownership_lifecycle_and_dependencies', mentalUnitId: 'OOD-N03-B08', difficulty: 'intermediate', questionId: 'ood-n03-b08-i021', prompt: 'A library receives a caller-owned stream and reads from it, but its contract says the caller may continue reading afterward. Who disposes the stream?', constraints: [], sourceRefs: [ 'https://learn.microsoft.com/en-us/dotnet/standard/garbage-collection/implementing-dispose', 'https://isocpp.github.io/CppCoreGuidelines/CppCoreGuidelines' ], interaction: { type: 'choice_single', scoringMethod: 'exact_selected_set', options: [Array] }, answer: { type: 'choice_single', optionId: 'ood-n03-b08_021_key' }, feedback: { type: 'choice_single', reason: 'The caller must continue reading after the library returns, so library disposal would invalidate that remaining use. Reading a borrowed stream does not transfer disposal responsibility.', details: [Object], messages: [Array] } },
    operator: 'deepStrictEqual',
    diff: 'simple'
  }

test at src/content/bizq01OodNodeClosure19.test.ts:2:11744
✖ OOD19 OOD-N03-B08 real scoring, reversed-option invariance and learner feedback use stable IDs (0.334708ms)
  AssertionError [ERR_ASSERTION]: ood-n03-b08-i021 uses its current fixed Reason expectation
  + actual - expected

  + 'The prompt explicitly states that the caller retains the stream after this operation.'
  - 'The caller must continue reading after the library returns, so library disposal would invalidate that remaining use. Reading a borrowed stream does not transfer disposal responsibility.'

      at TestContext.<anonymous> (/Users/lukaszkurczab/Desktop/Projects/Patternly/patternly/src/content/bizq01OodNodeClosure19.test.ts:178:14)
      at async Test.run (node:internal/test_runner/test:1409:7)
      at async Test.processPendingSubtests (node:internal/test_runner/test:974:7) {
    generatedMessage: false,
    code: 'ERR_ASSERTION',
    actual: 'The prompt explicitly states that the caller retains the stream after this operation.',
    expected: 'The caller must continue reading after the library returns, so library disposal would invalidate that remaining use. Reading a borrowed stream does not transfer disposal responsibility.',
    operator: 'strictEqual',
    diff: 'simple'
  }

test at src/content/bizq01OodReasonAmendment19a.test.ts:2:3651
✖ OOD19a applies exactly 25 Reason-only changes over immutable v19 payloads (357.257125ms)
  AssertionError [ERR_ASSERTION]: ood-n03-b02-i019 source differs from v19 only at feedback.reason
  + actual - expected
  ... Skipped lines

    {
      answer: {
        optionId: 'n03b02_019_model',
        type: 'choice_single'
      },
  ...
        ],
  +     reason: 'Make the Session–Provider association navigable in both directions so each stated client can traverse its required path.',
  -     reason: 'Callbacks require Session→Provider, while the operations screen starts at Provider and cannot use an index. The reassignment transaction is the stated consistency boundary for that reverse path.',
        type: 'choice_single'
      },
      interaction: {
        options: [
          {

      at TestContext.<anonymous> (/Users/lukaszkurczab/Desktop/Projects/Patternly/patternly/src/content/bizq01OodReasonAmendment19a.test.ts:88:12)
      at async Test.run (node:internal/test_runner/test:1409:7)
      at async startSubtestAfterBootstrap (node:internal/test_runner/harness:387:3) {
    generatedMessage: false,
    code: 'ERR_ASSERTION',
    actual: { questionId: 'ood-n03-b02-i019', trackId: 'object-oriented-design-interview', nodeId: 'relationships_composition_ownership_lifecycle_and_dependencies', mentalUnitId: 'OOD-N03-B02', prompt: 'A caption session uses one active language provider. Stream callbacks start from the session and call that provider, while the provider operations screen must list its active sessions by direct object traversal; no separate index is available. Reassignment updates the session and provider collections in one transaction. Which navigability should the two model clients have?', interaction: { type: 'choice_single', scoringMethod: 'exact_selected_set', options: [Array] }, answer: { type: 'choice_single', optionId: 'n03b02_019_model' }, feedback: { type: 'choice_single', reason: 'Make the Session–Provider association navigable in both directions so each stated client can traverse its required path.', details: [Object], messages: [Array] }, difficulty: 'foundational', sourceRefs: [ 'https://www.omg.org/spec/UML/2.5.1/PDF' ] },
    expected: { questionId: 'ood-n03-b02-i019', trackId: 'object-oriented-design-interview', nodeId: 'relationships_composition_ownership_lifecycle_and_dependencies', mentalUnitId: 'OOD-N03-B02', prompt: 'A caption session uses one active language provider. Stream callbacks start from the session and call that provider, while the provider operations screen must list its active sessions by direct object traversal; no separate index is available. Reassignment updates the session and provider collections in one transaction. Which navigability should the two model clients have?', interaction: { type: 'choice_single', scoringMethod: 'exact_selected_set', options: [Array] }, answer: { type: 'choice_single', optionId: 'n03b02_019_model' }, feedback: { type: 'choice_single', reason: 'Callbacks require Session→Provider, while the operations screen starts at Provider and cannot use an index. The reassignment transaction is the stated consistency boundary for that reverse path.', details: [Object], messages: [Array] }, difficulty: 'foundational', sourceRefs: [ 'https://www.omg.org/spec/UML/2.5.1/PDF' ] },
    operator: 'deepStrictEqual',
    diff: 'simple'
  }
