✔ OOD17 frozen bindings cover the eight frozen 19-item payloads (6.602708ms)
✔ OOD17 preserves all 136 accepted N01 source and artifact objects (591.605416ms)
✔ OOD17 OOD-N02-B01 source payloads, replacement identities and retired IDs are exact (1.051292ms)
✔ OOD17 OOD-N02-B01 real choice scoring, accessibility and submitted feedback follow fixed option IDs (1.946417ms)
✔ OOD17 OOD-N02-B02 source payloads, replacement identities and retired IDs are exact (0.902292ms)
✔ OOD17 OOD-N02-B02 real choice scoring, accessibility and submitted feedback follow fixed option IDs (0.859916ms)
✔ OOD17 OOD-N02-B03 source payloads, replacement identities and retired IDs are exact (0.702875ms)
✔ OOD17 OOD-N02-B03 real choice scoring, accessibility and submitted feedback follow fixed option IDs (0.8225ms)
✔ OOD17 OOD-N02-B04 source payloads, replacement identities and retired IDs are exact (0.694083ms)
✔ OOD17 OOD-N02-B04 real choice scoring, accessibility and submitted feedback follow fixed option IDs (2.374167ms)
✔ OOD17 OOD-N02-B05 source payloads, replacement identities and retired IDs are exact (4.302875ms)
✔ OOD17 OOD-N02-B05 real choice scoring, accessibility and submitted feedback follow fixed option IDs (1.281833ms)
✔ OOD17 OOD-N02-B06 source payloads, replacement identities and retired IDs are exact (6.12075ms)
✔ OOD17 OOD-N02-B06 real choice scoring, accessibility and submitted feedback follow fixed option IDs (4.342042ms)
✔ OOD17 OOD-N02-B07 source payloads, replacement identities and retired IDs are exact (1.089042ms)
✔ OOD17 OOD-N02-B07 real choice scoring, accessibility and submitted feedback follow fixed option IDs (30.483ms)
✔ OOD17 OOD-N02-B08 source payloads, replacement identities and retired IDs are exact (1.248541ms)
✔ OOD17 OOD-N02-B08 real choice scoring, accessibility and submitted feedback follow fixed option IDs (5.995125ms)
✔ OOD17 N02 source quality does not widen the three ordinary N01 mode pools (1.337417ms)
✔ OOD19 frozen bindings cover all nine reviewed 18-item payloads (4.380125ms)
✔ OOD19 preserves all 136 accepted N01 and 152 accepted N02 source and runtime objects (593.894292ms)
✔ OOD19 OOD-N03-B01 source and runtime match frozen payload; predecessors are retired (1.156875ms)
✔ OOD19 OOD-N03-B01 real scoring, reversed-option invariance and learner feedback use stable IDs (4.777542ms)
✔ OOD19 OOD-N03-B02 source and runtime match frozen payload; predecessors are retired (0.9865ms)
✔ OOD19 OOD-N03-B02 real scoring, reversed-option invariance and learner feedback use stable IDs (1.018625ms)
✔ OOD19 OOD-N03-B03 source and runtime match frozen payload; predecessors are retired (0.739375ms)
✔ OOD19 OOD-N03-B03 real scoring, reversed-option invariance and learner feedback use stable IDs (0.933417ms)
✔ OOD19 OOD-N03-B04 source and runtime match frozen payload; predecessors are retired (0.770583ms)
✔ OOD19 OOD-N03-B04 real scoring, reversed-option invariance and learner feedback use stable IDs (1.001917ms)
✔ OOD19 OOD-N03-B05 source and runtime match frozen payload; predecessors are retired (0.91375ms)
✔ OOD19 OOD-N03-B05 real scoring, reversed-option invariance and learner feedback use stable IDs (0.980084ms)
✔ OOD19 OOD-N03-B06 source and runtime match frozen payload; predecessors are retired (0.684458ms)
✔ OOD19 OOD-N03-B06 real scoring, reversed-option invariance and learner feedback use stable IDs (0.832ms)
✔ OOD19 OOD-N03-B07 source and runtime match frozen payload; predecessors are retired (0.764459ms)
✔ OOD19 OOD-N03-B07 real scoring, reversed-option invariance and learner feedback use stable IDs (0.837875ms)
✔ OOD19 OOD-N03-B08 source and runtime match frozen payload; predecessors are retired (0.605542ms)
✔ OOD19 OOD-N03-B08 real scoring, reversed-option invariance and learner feedback use stable IDs (0.900458ms)
✔ OOD19 OOD-N03-B09 source and runtime match frozen payload; predecessors are retired (0.751083ms)
✔ OOD19 OOD-N03-B09 real scoring, reversed-option invariance and learner feedback use stable IDs (0.751917ms)
✔ OOD19 leaves three ordinary N01 pools at 136 and does not grant N03 eligibility (2.175583ms)
✔ OOD19a applies exactly 25 Reason-only changes over immutable v19 payloads (614.540916ms)
✔ runtime admission resolves the exact candidate lock for every canonical launch track (625.948791ms)
ℹ tests 42
ℹ suites 0
ℹ pass 42
ℹ fail 0
ℹ cancelled 0
ℹ skipped 0
ℹ todo 0
ℹ duration_ms 1406.154791
