Running on iPhone 17 - iOS 26.4 - 7F315654-3175-4F3C-BB24-B0263F59360C
 > Flow BIZQ01 score27 self-contained readonly historical result
Stop com.lkurczab.patternly... COMPLETED
Launch app "com.lkurczab.patternly"... COMPLETED
Open com.lkurczab.patternly://expo-development-client/?url=http%3A%2F%2Flocalhost%3A8081... COMPLETED
Run flow when "Open|Otwórz" is visible...
Run flow when "Open|Otwórz" is visible... SKIPPED
Assert that id: main-tab-bar-home is visible... COMPLETED
Assert that id: patternly:home:track-card:google-cloud-associate-cloud-engineer is visible... COMPLETED
Take screenshot score27-corrected-cold-same-gcp-home... COMPLETED
Assert that id: patternly:home:activity is visible... COMPLETED
Tap on id: patternly:home:activity... COMPLETED
Assert that id: patternly:activity:root is visible... COMPLETED
Assert that id: patternly:activity:row:google-cloud-associate-cloud-engineer:certification-focus-practice:2 is visible... COMPLETED
Tap on id: patternly:activity:row:google-cloud-associate-cloud-engineer:certification-focus-practice:2... COMPLETED
Assert that id: patternly:summary:root:google-cloud-associate-cloud-engineer:certification-focus-practice:2 is visible... COMPLETED
Assert that "Session complete" is visible... COMPLETED
Assert that "10 / 10" is visible... COMPLETED
Take screenshot score27-corrected-own-result-before-review... COMPLETED
Tap on id: patternly:summary:review-answers:google-cloud-associate-cloud-engineer:certification-focus-practice:2... COMPLETED
Assert that id: patternly:practice-review:root:google-cloud-associate-cloud-engineer:certification-focus-practice:2:.* is visible... FAILED

Assertion is false: id: patternly:practice-review:root:google-cloud-associate-cloud-engineer:certification-focus-practice:2:.* is visible

Assertion 'id: patternly:practice-review:root:google-cloud-associate-cloud-engineer:certification-focus-practice:2:.* is visible' failed. Check the UI hierarchy in debug artifacts to verify the element state and properties.

Possible causes:
- Element selector may be incorrect - check if there are similar elements with slightly different names/properties.
- Element may be temporarily unavailable due to loading state
- This could be a real regression that needs to be addressed

==== Debug output (logs & screenshots) ====

/private/tmp/bizq27-regression/2026-10-05_171919
