TAP version 13
# Subtest: overall score credits correct attempts while preserving zero credit for partial and incorrect outcomes
ok 1 - overall score credits correct attempts while preserving zero credit for partial and incorrect outcomes
  ---
  duration_ms: 1.859458
  type: 'test'
  ...
# Subtest: completed exam review projects answered and unanswered items across the complete fixed plan
ok 2 - completed exam review projects answered and unanswered items across the complete fixed plan
  ---
  duration_ms: 1093.072375
  type: 'test'
  ...
# Subtest: fully unanswered completed exam projects all 50 items without creating attempts
ok 3 - fully unanswered completed exam projects all 50 items without creating attempts
  ---
  duration_ms: 8.813583
  type: 'test'
  ...
# Subtest: completed exam review projects authored diagnostics only for stored answers
ok 4 - completed exam review projects authored diagnostics only for stored answers
  ---
  duration_ms: 20.0885
  type: 'test'
  ...
# Subtest: exam result rejects tampered partition, attempt scores, and profile evidence
ok 5 - exam result rejects tampered partition, attempt scores, and profile evidence
  ---
  duration_ms: 24.5735
  type: 'test'
  ...
# Subtest: completed practice projector preserves the canonical five-state answer matrix
ok 6 - completed practice projector preserves the canonical five-state answer matrix
  ---
  duration_ms: 611.199458
  type: 'test'
  ...
# Subtest: completed practice review projects authored wrong and omitted-correct messages from the saved response only
ok 7 - completed practice review projects authored wrong and omitted-correct messages from the saved response only
  ---
  duration_ms: 2.355417
  type: 'test'
  ...
# Subtest: practice review rejects altered identity, coverage, attempts, score, and resolution
ok 8 - practice review rejects altered identity, coverage, attempts, score, and resolution
  ---
  duration_ms: 3.793125
  type: 'test'
  ...
# Subtest: completed Coding practice is readable and review uses the same completed projection
ok 9 - completed Coding practice is readable and review uses the same completed projection
  ---
  duration_ms: 1319.227958
  type: 'test'
  ...
# Subtest: completed conditional-reinsert practice projects the final replaced occurrence order
ok 10 - completed conditional-reinsert practice projects the final replaced occurrence order
  ---
  duration_ms: 269.775709
  type: 'test'
  ...
# Subtest: completed Coding practice carries canonical diagnostics for the committed wrong choice
ok 11 - completed Coding practice carries canonical diagnostics for the committed wrong choice
  ---
  duration_ms: 249.013917
  type: 'test'
  ...
# Subtest: abandoned Coding summary keeps its separate existing projection and performs no read writes
ok 12 - abandoned Coding summary keeps its separate existing projection and performs no read writes
  ---
  duration_ms: 22.365292
  type: 'test'
  ...
# Subtest: completed Mock result stays pending until exact saved content validation finishes
ok 13 - completed Mock result stays pending until exact saved content validation finishes
  ---
  duration_ms: 79.234292
  type: 'test'
  ...
# Subtest: completed result rejects a source-session attempt outside the saved occurrence plan
ok 14 - completed result rejects a source-session attempt outside the saved occurrence plan
  ---
  duration_ms: 170.668666
  type: 'test'
  ...
# Subtest: completed result rejects a removed attempt and a scorer/result mismatch
ok 15 - completed result rejects a removed attempt and a scorer/result mismatch
  ---
  duration_ms: 286.655542
  type: 'test'
  ...
# Subtest: completed result rejects a mismatched family, completion time, or answer coverage
ok 16 - completed result rejects a mismatched family, completion time, or answer coverage
  ---
  duration_ms: 207.919125
  type: 'test'
  ...
# Subtest: completed result rejects attempts with a different mode or resolved item
ok 17 - completed result rejects attempts with a different mode or resolved item
  ---
  duration_ms: 302.664291
  type: 'test'
  ...
# Subtest: completed result rejects duplicate attempts, invalid responses, and stale artifact references
ok 18 - completed result rejects duplicate attempts, invalid responses, and stale artifact references
  ---
  duration_ms: 276.469625
  type: 'test'
  ...
# Subtest: completed result rejects persisted counts and points that disagree with committed attempts
ok 19 - completed result rejects persisted counts and points that disagree with committed attempts
  ---
  duration_ms: 305.314209
  type: 'test'
  ...
# Subtest: completed result ignores valid attempts belonging to an unrelated session
ok 20 - completed result ignores valid attempts belonging to an unrelated session
  ---
  duration_ms: 376.740458
  type: 'test'
  ...
1..20
# tests 20
# suites 0
# pass 20
# fail 0
# cancelled 0
# skipped 0
# todo 0
# duration_ms 5592.686
