Running on iPhone 17 - iOS 26.4 - 7F315654-3175-4F3C-BB24-B0263F59360C
 > Flow BIZQ01 score27 self-contained readonly historical result
Stop com.lkurczab.patternly... COMPLETED
Launch app "com.lkurczab.patternly"... COMPLETED
Open com.lkurczab.patternly://expo-development-client/?url=http%3A%2F%2Flocalhost%3A8081... COMPLETED
Run flow when "Open|Otwórz" is visible...
Run flow when "Open|Otwórz" is visible... SKIPPED
Assert that id: main-tab-bar-home is visible... COMPLETED
Assert that id: patternly:home:track-card:google-cloud-associate-cloud-engineer is visible... COMPLETED
Take screenshot score27-corrected-cold-same-gcp-home... COMPLETED
Assert that id: patternly:home:activity is visible... COMPLETED
Tap on id: patternly:home:activity... COMPLETED
Assert that id: patternly:activity:root is visible... COMPLETED
Assert that id: patternly:activity:row:google-cloud-associate-cloud-engineer:certification-focus-practice:2 is visible... COMPLETED
Tap on id: patternly:activity:row:google-cloud-associate-cloud-engineer:certification-focus-practice:2... COMPLETED
Assert that id: patternly:summary:root:google-cloud-associate-cloud-engineer:certification-focus-practice:2 is visible... COMPLETED
Assert that "Session complete" is visible... COMPLETED
Assert that "10 / 10" is visible... COMPLETED
Take screenshot score27-corrected-own-result-before-review... COMPLETED
Run flow when ".*Open debugger to view warnings.*" is visible...
  Tap on point (92%,93%)... COMPLETED
Run flow when ".*Open debugger to view warnings.*" is visible... COMPLETED
Tap on id: patternly:summary:review-answers:google-cloud-associate-cloud-engineer:certification-focus-practice:2... COMPLETED
Assert that id: patternly:practice-review:root:google-cloud-associate-cloud-engineer:certification-focus-practice:2:.* is visible... COMPLETED
Assert that id: patternly:session:question:gcp-ace-gcpace-n01-b03-001 is visible... COMPLETED
Assert that "Incorrect" is visible... COMPLETED
Take screenshot score27-corrected-own-wrong-review... COMPLETED
Assert that id: patternly:practice-review:root:google-cloud-associate-cloud-engineer:certification-focus-practice:2:.* is visible... COMPLETED
Assert that id: patternly:session:question:gcp-ace-gcpace-n01-b03-001 is visible... COMPLETED
Swipe from (50%,72%) to (50%,50%) in 500 ms... COMPLETED
Assert that id: patternly:session:details-toggle:gcp-ace-gcpace-n01-b03-001 is visible... COMPLETED
Tap on id: patternly:session:details-toggle:gcp-ace-gcpace-n01-b03-001... COMPLETED
Assert that id: patternly:session:details:gcp-ace-gcpace-n01-b03-001 is visible... COMPLETED
Swipe from (50%,72%) to (50%,48%) in 500 ms... COMPLETED
Assert that "This option selects at the billing account, but the decisive requirement is organization-wide attachment scope." is visible... COMPLETED
Assert that "This option selects at one existing project, but the decisive requirement is organization-wide attachment scope." is not visible... COMPLETED
Assert that "This option selects at a single zone, but the decisive requirement is organization-wide attachment scope." is not visible... COMPLETED
Take screenshot score27-selected-wrong-authored-diagnostic-restored... COMPLETED
Swipe from (50%,72%) to (50%,58%) in 500 ms... COMPLETED
Assert that "Organization Policy attaches constraints to hierarchy resources.*" is visible... COMPLETED
Take screenshot score27-generic-details-alongside-authored-diagnostic... COMPLETED
Tap on id: patternly:practice-review:result... COMPLETED
Assert that id: patternly:summary:root:google-cloud-associate-cloud-engineer:certification-focus-practice:2 is visible... COMPLETED
Assert that "Session complete" is visible... COMPLETED
Assert that "10 / 10" is visible... COMPLETED
Take screenshot score27-same-completed-result-after-read-only-review... COMPLETED
