TAP version 13
# Subtest: completed exam review projects answered and unanswered items across the complete fixed plan
ok 1 - completed exam review projects answered and unanswered items across the complete fixed plan
  ---
  duration_ms: 824.044667
  type: 'test'
  ...
# Subtest: fully unanswered completed exam projects all 50 items without creating attempts
ok 2 - fully unanswered completed exam projects all 50 items without creating attempts
  ---
  duration_ms: 10.1345
  type: 'test'
  ...
# Subtest: completed exam review projects authored diagnostics only for stored answers
ok 3 - completed exam review projects authored diagnostics only for stored answers
  ---
  duration_ms: 18.137125
  type: 'test'
  ...
# Subtest: exam result rejects tampered partition, attempt scores, and profile evidence
ok 4 - exam result rejects tampered partition, attempt scores, and profile evidence
  ---
  duration_ms: 24.317167
  type: 'test'
  ...
# Subtest: completed practice projector preserves the canonical five-state answer matrix
ok 5 - completed practice projector preserves the canonical five-state answer matrix
  ---
  duration_ms: 552.321792
  type: 'test'
  ...
# Subtest: completed practice review projects authored wrong and omitted-correct messages from the saved response only
ok 6 - completed practice review projects authored wrong and omitted-correct messages from the saved response only
  ---
  duration_ms: 3.088791
  type: 'test'
  ...
# Subtest: practice review rejects altered identity, coverage, attempts, score, and resolution
ok 7 - practice review rejects altered identity, coverage, attempts, score, and resolution
  ---
  duration_ms: 4.244209
  type: 'test'
  ...
# Subtest: opaque result evidence preserves all answered outcomes including partial credit
ok 8 - opaque result evidence preserves all answered outcomes including partial credit
  ---
  duration_ms: 3.424208
  type: 'test'
  ...
# Subtest: missing, malformed and inconsistent evidence does not invent zero scores
ok 9 - missing, malformed and inconsistent evidence does not invent zero scores
  ---
  duration_ms: 0.30525
  type: 'test'
  ...
# Subtest: a real zero and an absent abandoned score remain distinct
ok 10 - a real zero and an absent abandoned score remain distinct
  ---
  duration_ms: 0.359334
  type: 'test'
  ...
# Subtest: invalid points stay unavailable without clamping
ok 11 - invalid points stay unavailable without clamping
  ---
  duration_ms: 0.309042
  type: 'test'
  ...
# Subtest: exact historical maximum corrects display without mutating durable evidence
ok 12 - exact historical maximum corrects display without mutating durable evidence
  ---
  duration_ms: 0.377209
  type: 'test'
  ...
1..12
# tests 12
# suites 0
# pass 12
# fail 0
# cancelled 0
# skipped 0
# todo 0
# duration_ms 2241.218459
