TAP version 13
# Subtest: completed exam review projects answered and unanswered items across the complete fixed plan
not ok 1 - completed exam review projects answered and unanswered items across the complete fixed plan
  ---
  duration_ms: 859.5975
  type: 'test'
  location: '/Users/lukaszkurczab/Desktop/Projects/Patternly/patternly/src/application/certification/certificationExamReviewProjection.test.ts:2:1208'
  failureType: 'testCodeFailure'
  error: |-
    Expected values to be strictly equal:
    
    undefined !== 1
    
  code: 'ERR_ASSERTION'
  name: 'AssertionError'
  expected: 1
  operator: 'strictEqual'
  stack: |-
    TestContext.<anonymous> (/Users/lukaszkurczab/Desktop/Projects/Patternly/patternly/src/application/certification/certificationExamReviewProjection.test.ts:26:10)
    async Test.run (node:internal/test_runner/test:1054:7)
    async startSubtestAfterBootstrap (node:internal/test_runner/harness:296:3)
  ...
# Subtest: fully unanswered completed exam projects all 50 items without creating attempts
not ok 2 - fully unanswered completed exam projects all 50 items without creating attempts
  ---
  duration_ms: 6.4375
  type: 'test'
  location: '/Users/lukaszkurczab/Desktop/Projects/Patternly/patternly/src/application/certification/certificationExamReviewProjection.test.ts:2:2734'
  failureType: 'testCodeFailure'
  error: |-
    Expected values to be strictly equal:
    
    undefined !== 0
    
  code: 'ERR_ASSERTION'
  name: 'AssertionError'
  expected: 0
  operator: 'strictEqual'
  stack: |-
    TestContext.<anonymous> (/Users/lukaszkurczab/Desktop/Projects/Patternly/patternly/src/application/certification/certificationExamReviewProjection.test.ts:35:10)
    async Test.run (node:internal/test_runner/test:1054:7)
    async Test.processPendingSubtests (node:internal/test_runner/test:744:7)
  ...
# Subtest: completed exam review projects authored diagnostics only for stored answers
ok 3 - completed exam review projects authored diagnostics only for stored answers
  ---
  duration_ms: 11.625
  type: 'test'
  ...
# Subtest: exam result rejects tampered partition, attempt scores, and profile evidence
ok 4 - exam result rejects tampered partition, attempt scores, and profile evidence
  ---
  duration_ms: 17.055541
  type: 'test'
  ...
# Subtest: completed practice projector preserves the canonical five-state answer matrix
not ok 5 - completed practice projector preserves the canonical five-state answer matrix
  ---
  duration_ms: 467.4385
  type: 'test'
  location: '/Users/lukaszkurczab/Desktop/Projects/Patternly/patternly/src/application/certification/certificationPracticeReviewProjection.test.ts:2:1348'
  failureType: 'testCodeFailure'
  error: |-
    Expected values to be strictly equal:
    
    undefined !== 11
    
  code: 'ERR_ASSERTION'
  name: 'AssertionError'
  expected: 11
  operator: 'strictEqual'
  stack: |-
    TestContext.<anonymous> (/Users/lukaszkurczab/Desktop/Projects/Patternly/patternly/src/application/certification/certificationPracticeReviewProjection.test.ts:19:10)
    async Test.run (node:internal/test_runner/test:1054:7)
    async startSubtestAfterBootstrap (node:internal/test_runner/harness:296:3)
  ...
# Subtest: completed practice review projects authored wrong and omitted-correct messages from the saved response only
ok 6 - completed practice review projects authored wrong and omitted-correct messages from the saved response only
  ---
  duration_ms: 1.996458
  type: 'test'
  ...
# Subtest: practice review rejects altered identity, coverage, attempts, score, and resolution
ok 7 - practice review rejects altered identity, coverage, attempts, score, and resolution
  ---
  duration_ms: 2.602334
  type: 'test'
  ...
# Subtest: completed Coding practice is readable and review uses the same completed projection
not ok 8 - completed Coding practice is readable and review uses the same completed projection
  ---
  duration_ms: 1018.830209
  type: 'test'
  location: '/Users/lukaszkurczab/Desktop/Projects/Patternly/patternly/src/application/coding-interview/codingInterviewCompletedResultIntegrity.test.ts:2:5504'
  failureType: 'testCodeFailure'
  error: |-
    Expected values to be strictly equal:
    
    undefined !== 10
    
  code: 'ERR_ASSERTION'
  name: 'AssertionError'
  expected: 10
  operator: 'strictEqual'
  stack: |-
    TestContext.<anonymous> (/Users/lukaszkurczab/Desktop/Projects/Patternly/patternly/src/application/coding-interview/codingInterviewCompletedResultIntegrity.test.ts:99:10)
    async Test.run (node:internal/test_runner/test:1054:7)
    async startSubtestAfterBootstrap (node:internal/test_runner/harness:296:3)
  ...
# Subtest: completed conditional-reinsert practice projects the final replaced occurrence order
not ok 9 - completed conditional-reinsert practice projects the final replaced occurrence order
  ---
  duration_ms: 235.270042
  type: 'test'
  location: '/Users/lukaszkurczab/Desktop/Projects/Patternly/patternly/src/application/coding-interview/codingInterviewCompletedResultIntegrity.test.ts:2:6282'
  failureType: 'testCodeFailure'
  error: |-
    Expected values to be strictly equal:
    
    undefined !== 9
    
  code: 'ERR_ASSERTION'
  name: 'AssertionError'
  expected: 9
  operator: 'strictEqual'
  stack: |-
    TestContext.<anonymous> (/Users/lukaszkurczab/Desktop/Projects/Patternly/patternly/src/application/coding-interview/codingInterviewCompletedResultIntegrity.test.ts:112:10)
    async Test.run (node:internal/test_runner/test:1054:7)
    async Test.processPendingSubtests (node:internal/test_runner/test:744:7)
  ...
# Subtest: completed Coding practice carries canonical diagnostics for the committed wrong choice
ok 10 - completed Coding practice carries canonical diagnostics for the committed wrong choice
  ---
  duration_ms: 233.507208
  type: 'test'
  ...
# Subtest: abandoned Coding summary keeps its separate existing projection and performs no read writes
not ok 11 - abandoned Coding summary keeps its separate existing projection and performs no read writes
  ---
  duration_ms: 20.166375
  type: 'test'
  location: '/Users/lukaszkurczab/Desktop/Projects/Patternly/patternly/src/application/coding-interview/codingInterviewCompletedResultIntegrity.test.ts:2:7992'
  failureType: 'testCodeFailure'
  error: |-
    Expected values to be strictly equal:
    + actual - expected
    
    + undefined
    - null
    
  code: 'ERR_ASSERTION'
  name: 'AssertionError'
  expected: ~
  operator: 'strictEqual'
  stack: |-
    TestContext.<anonymous> (/Users/lukaszkurczab/Desktop/Projects/Patternly/patternly/src/application/coding-interview/codingInterviewCompletedResultIntegrity.test.ts:146:10)
    async Test.run (node:internal/test_runner/test:1054:7)
    async Test.processPendingSubtests (node:internal/test_runner/test:744:7)
  ...
# Subtest: completed Mock result stays pending until exact saved content validation finishes
ok 12 - completed Mock result stays pending until exact saved content validation finishes
  ---
  duration_ms: 69.036041
  type: 'test'
  ...
# Subtest: completed result rejects a source-session attempt outside the saved occurrence plan
ok 13 - completed result rejects a source-session attempt outside the saved occurrence plan
  ---
  duration_ms: 128.9175
  type: 'test'
  ...
# Subtest: completed result rejects a removed attempt and a scorer/result mismatch
ok 14 - completed result rejects a removed attempt and a scorer/result mismatch
  ---
  duration_ms: 128.372667
  type: 'test'
  ...
# Subtest: completed result rejects a mismatched family, completion time, or answer coverage
ok 15 - completed result rejects a mismatched family, completion time, or answer coverage
  ---
  duration_ms: 132.798583
  type: 'test'
  ...
# Subtest: completed result rejects attempts with a different mode or resolved item
ok 16 - completed result rejects attempts with a different mode or resolved item
  ---
  duration_ms: 131.337625
  type: 'test'
  ...
# Subtest: completed result rejects duplicate attempts, invalid responses, and stale artifact references
ok 17 - completed result rejects duplicate attempts, invalid responses, and stale artifact references
  ---
  duration_ms: 129.540833
  type: 'test'
  ...
# Subtest: completed result rejects persisted counts and points that disagree with committed attempts
ok 18 - completed result rejects persisted counts and points that disagree with committed attempts
  ---
  duration_ms: 129.41975
  type: 'test'
  ...
# Subtest: completed result ignores valid attempts belonging to an unrelated session
ok 19 - completed result ignores valid attempts belonging to an unrelated session
  ---
  duration_ms: 125.813916
  type: 'test'
  ...
1..19
# tests 19
# suites 0
# pass 13
# fail 6
# cancelled 0
# skipped 0
# todo 0
# duration_ms 3572.603708
