TAP version 13
# node:internal/modules/esm/resolve:275
#     throw new ERR_MODULE_NOT_FOUND(
#           ^
# Error [ERR_MODULE_NOT_FOUND]: Cannot find module '/Users/lukaszkurczab/Desktop/Projects/Patternly/patternly/src/application/canonical/overallScoreCredit' imported from /Users/lukaszkurczab/Desktop/Projects/Patternly/patternly/src/application/canonical/overallScoreCredit.test.ts
#     at finalizeResolution (node:internal/modules/esm/resolve:275:11)
#     at moduleResolve (node:internal/modules/esm/resolve:861:10)
#     at defaultResolve (node:internal/modules/esm/resolve:985:11)
#     at \#cachedDefaultResolve (node:internal/modules/esm/loader:747:20)
#     at ModuleLoader.resolve (node:internal/modules/esm/loader:724:38)
#     at ModuleLoader.getModuleJobForImport (node:internal/modules/esm/loader:320:38)
#     at ModuleJob._link (node:internal/modules/esm/module_job:182:49) {
#   code: 'ERR_MODULE_NOT_FOUND',
#   url: 'file:///Users/lukaszkurczab/Desktop/Projects/Patternly/patternly/src/application/canonical/overallScoreCredit'
# }
# Node.js v22.22.3
# Subtest: src/application/canonical/overallScoreCredit.test.ts
not ok 1 - src/application/canonical/overallScoreCredit.test.ts
  ---
  duration_ms: 172.005042
  type: 'test'
  location: '/Users/lukaszkurczab/Desktop/Projects/Patternly/patternly/src/application/canonical/overallScoreCredit.test.ts:1:1'
  failureType: 'testCodeFailure'
  exitCode: 1
  signal: ~
  error: 'test failed'
  code: 'ERR_TEST_FAILURE'
  ...
# (node:28491) [MODULE_TYPELESS_PACKAGE_JSON] Warning: Module type of file:///Users/lukaszkurczab/Desktop/Projects/Patternly/patternly/src/application/canonical/overallScoreCreditConsumers.test.ts is not specified and it doesn't parse as CommonJS.
# Reparsing as ES module because module syntax was detected. This incurs a performance overhead.
# To eliminate this warning, add "type": "module" to /Users/lukaszkurczab/Desktop/Projects/Patternly/patternly/package.json.
# (Use `node --trace-warnings ...` to show where the warning was created)
# Subtest: result screens render validated overall credit rather than raw diagnostic points
ok 2 - result screens render validated overall credit rather than raw diagnostic points
  ---
  duration_ms: 1.543583
  type: 'test'
  ...
# Subtest: both progress point numerators use the shared correct-only credit policy
ok 3 - both progress point numerators use the shared correct-only credit policy
  ---
  duration_ms: 0.232959
  type: 'test'
  ...
# Subtest: actual Certification Practice result presents derived overall points and the existing partial diagnostic
ok 4 - actual Certification Practice result presents derived overall points and the existing partial diagnostic
  ---
  duration_ms: 110.066833
  type: 'test'
  ...
# Subtest: an unavailable optional practice-points projection preserves counts and omits weighted points
ok 5 - an unavailable optional practice-points projection preserves counts and omits weighted points
  ---
  duration_ms: 37.495291
  type: 'test'
  ...
# Subtest: generic history without compatible verified points does not render its raw weighted aggregate
ok 6 - generic history without compatible verified points does not render its raw weighted aggregate
  ---
  duration_ms: 36.048583
  type: 'test'
  ...
# node:internal/modules/esm/resolve:275
#     throw new ERR_MODULE_NOT_FOUND(
#           ^
# Error [ERR_MODULE_NOT_FOUND]: Cannot find module '/Users/lukaszkurczab/Desktop/Projects/Patternly/patternly/src/application/contentPackageRuntimeOwner' imported from /Users/lukaszkurczab/Desktop/Projects/Patternly/patternly/src/features/home/tabs/progressOverallCredit.test.ts
#     at finalizeResolution (node:internal/modules/esm/resolve:275:11)
#     at moduleResolve (node:internal/modules/esm/resolve:861:10)
#     at defaultResolve (node:internal/modules/esm/resolve:985:11)
#     at \#cachedDefaultResolve (node:internal/modules/esm/loader:747:20)
#     at ModuleLoader.resolve (node:internal/modules/esm/loader:724:38)
#     at ModuleLoader.getModuleJobForImport (node:internal/modules/esm/loader:320:38)
#     at ModuleJob._link (node:internal/modules/esm/module_job:182:49) {
#   code: 'ERR_MODULE_NOT_FOUND',
#   url: 'file:///Users/lukaszkurczab/Desktop/Projects/Patternly/patternly/src/application/contentPackageRuntimeOwner'
# }
# Node.js v22.22.3
# Subtest: src/features/home/tabs/progressOverallCredit.test.ts
not ok 4 - src/features/home/tabs/progressOverallCredit.test.ts
  ---
  duration_ms: 170.370625
  type: 'test'
  location: '/Users/lukaszkurczab/Desktop/Projects/Patternly/patternly/src/features/home/tabs/progressOverallCredit.test.ts:1:1'
  failureType: 'testCodeFailure'
  exitCode: 1
  signal: ~
  error: 'test failed'
  code: 'ERR_TEST_FAILURE'
  ...
1..7
# tests 7
# suites 0
# pass 5
# fail 2
# cancelled 0
# skipped 0
# todo 0
# duration_ms 684.375875

exit_code=1
