TAP version 13
# Subtest: OOD source replacement is the exact bundled and eligible canonical item with new scored option identities
not ok 1 - OOD source replacement is the exact bundled and eligible canonical item with new scored option identities
  ---
  duration_ms: 326.933875
  type: 'test'
  location: '/Users/lukaszkurczab/Desktop/Projects/Patternly/patternly/src/content/bizq01OodSourceReplacement.test.ts:2:1630'
  failureType: 'testCodeFailure'
  error: 'bundled artifact contains ood-n01-b01-i018'
  code: 'ERR_ASSERTION'
  name: 'AssertionError'
  expected: true
  operator: '=='
  stack: |-
    TestContext.<anonymous> (/Users/lukaszkurczab/Desktop/Projects/Patternly/patternly/src/content/bizq01OodSourceReplacement.test.ts:24:10)
    async Test.run (node:internal/test_runner/test:1054:7)
    async startSubtestAfterBootstrap (node:internal/test_runner/harness:296:3)
  ...
1..1
# tests 1
# suites 0
# pass 0
# fail 1
# cancelled 0
# skipped 0
# todo 0
# duration_ms 857.392833
