TAP version 13
# Subtest: all three actual Design pools deliver exact authored wrong-option feedback after durable submit and rebind
ok 1 - all three actual Design pools deliver exact authored wrong-option feedback after durable submit and rebind
  ---
  duration_ms: 1051.092708
  type: 'test'
  ...
# Subtest: Design choice diagnostics stay hidden for a failed journal write and committed-only response
ok 2 - Design choice diagnostics stay hidden for a failed journal write and committed-only response
  ---
  duration_ms: 16.719916
  type: 'test'
  ...
# Subtest: Free and unavailable Coding Mock access fail before package resolution, preparation, or mutation
ok 3 - Free and unavailable Coding Mock access fail before package resolution, preparation, or mutation
  ---
  duration_ms: 715.1075
  type: 'test'
  ...
# Subtest: Premium Coding Mock starts the exact 40-item product mode and immutable profile identity
ok 4 - Premium Coding Mock starts the exact 40-item product mode and immutable profile identity
  ---
  duration_ms: 0.453167
  type: 'test'
  ...
# Subtest: Coding Mock resume, draft save, and finalization each authorize once before one exact resolution
ok 5 - Coding Mock resume, draft save, and finalization each authorize once before one exact resolution
  ---
  duration_ms: 0.905833
  type: 'test'
  ...
# Subtest: expired Coding Mock draft-save boundary aborts before package resolution or draft persistence
ok 6 - expired Coding Mock draft-save boundary aborts before package resolution or draft persistence
  ---
  duration_ms: 0.331375
  type: 'test'
  ...
# Subtest: active Coding Mock reauthorizes before exact resolution and resume validation
ok 7 - active Coding Mock reauthorizes before exact resolution and resume validation
  ---
  duration_ms: 0.297917
  type: 'test'
  ...
# Subtest: all three Design simulations require Premium before create and resume, then prepare exact profile identity
ok 8 - all three Design simulations require Premium before create and resume, then prepare exact profile identity
  ---
  duration_ms: 1.420583
  type: 'test'
  ...
# Subtest: every Design mode denies before package resolution, preparation, and session mutation
ok 9 - every Design mode denies before package resolution, preparation, and session mutation
  ---
  duration_ms: 0.352958
  type: 'test'
  ...
# Subtest: only declared Premium simulation product modes bypass node-based admission
ok 10 - only declared Premium simulation product modes bypass node-based admission
  ---
  duration_ms: 1.358083
  type: 'test'
  ...
# Subtest: Free node starts without consulting Premium admission
ok 11 - Free node starts without consulting Premium admission
  ---
  duration_ms: 712.402584
  type: 'test'
  ...
# Subtest: Premium plans require admission before durable session start
ok 12 - Premium plans require admission before durable session start
  ---
  duration_ms: 0.657334
  type: 'test'
  ...
# Subtest: a Free-first mixed plan checks every item before durable start
ok 13 - a Free-first mixed plan checks every item before durable start
  ---
  duration_ms: 0.997084
  type: 'test'
  ...
# Subtest: BIZQ-01 bundled loader and pre-submit projection preserve the corrected source contract
ok 14 - BIZQ-01 bundled loader and pre-submit projection preserve the corrected source contract
  ---
  duration_ms: 691.26225
  type: 'test'
  ...
# Subtest: BIZQ-01 replaced identities from an old package do not enter current due retrieval
ok 15 - BIZQ-01 replaced identities from an old package do not enter current due retrieval
  ---
  duration_ms: 0.238041
  type: 'test'
  ...
# Subtest: current canonical bundle carries the exact reviewed source while pre-submit hides authored feedback
ok 16 - current canonical bundle carries the exact reviewed source while pre-submit hides authored feedback
  ---
  duration_ms: 362.117291
  type: 'test'
  ...
# Subtest: all24 saved legal permutations preserve every selected stable ID, score and authored feedback
ok 17 - all24 saved legal permutations preserve every selected stable ID, score and authored feedback
  ---
  duration_ms: 4.171042
  type: 'test'
  ...
# Subtest: real current Coding practice rejects an old-package active session instead of substituting new content
ok 18 - real current Coding practice rejects an old-package active session instead of substituting new content
  ---
  duration_ms: 7.083958
  type: 'test'
  ...
# Subtest: OOD source replacement is the exact bundled and eligible canonical item with new scored option identities
ok 19 - OOD source replacement is the exact bundled and eligible canonical item with new scored option identities
  ---
  duration_ms: 722.945208
  type: 'test'
  ...
# Subtest: Design simulation profiles preserve exact per-track identity and reference-only evaluation
ok 20 - Design simulation profiles preserve exact per-track identity and reference-only evaluation
  ---
  duration_ms: 357.697459
  type: 'test'
  ...
# Subtest: Design simulation schema rejects identity, stage, response, criteria, rubric, and semantic-scoring drift
ok 21 - Design simulation schema rejects identity, stage, response, criteria, rubric, and semantic-scoring drift
  ---
  duration_ms: 493.009625
  type: 'test'
  ...
# Subtest: ProductModeConfig preserves the complete available 9-track mode matrix
ok 22 - ProductModeConfig preserves the complete available 9-track mode matrix
  ---
  duration_ms: 1.710834
  type: 'test'
  ...
# Subtest: ODK-097 app Design modes stay in parity with the current producer profiles
ok 23 - ODK-097 app Design modes stay in parity with the current producer profiles
  ---
  duration_ms: 8.35025
  type: 'test'
  ...
# Subtest: mode policies preserve feedback, elapsed timer, reinsert and evidence behavior
ok 24 - mode policies preserve feedback, elapsed timer, reinsert and evidence behavior
  ---
  duration_ms: 0.249416
  type: 'test'
  ...
# Subtest: selection pools are non-empty, local, and large enough for every requested length
ok 25 - selection pools are non-empty, local, and large enough for every requested length
  ---
  duration_ms: 45.741917
  type: 'test'
  ...
# Subtest: simulation mode is bound to the exact GCP profile, family, and mode
ok 26 - simulation mode is bound to the exact GCP profile, family, and mode
  ---
  duration_ms: 0.354083
  type: 'test'
  ...
# Subtest: Coding Mock product mode binds only its declared Coding Interview profile
ok 27 - Coding Mock product mode binds only its declared Coding Interview profile
  ---
  duration_ms: 0.115292
  type: 'test'
  ...
# Subtest: GCP Diagnostic preserves the verified exact ordered 40-question plan
ok 28 - GCP Diagnostic preserves the verified exact ordered 40-question plan
  ---
  duration_ms: 0.141541
  type: 'test'
  ...
# Subtest: declared but uninstalled modes fail closed with a stable unavailable error
ok 29 - declared but uninstalled modes fail closed with a stable unavailable error
  ---
  duration_ms: 0.144167
  type: 'test'
  ...
# Subtest: validated production configuration is recursively immutable
ok 30 - validated production configuration is recursively immutable
  ---
  duration_ms: 0.224542
  type: 'test'
  ...
# Subtest: validator rejects duplicate, missing, additional, and non-canonical config shapes
ok 31 - validator rejects duplicate, missing, additional, and non-canonical config shapes
  ---
  duration_ms: 0.985625
  type: 'test'
  ...
# Subtest: validator rejects foreign identities, empty pools, bad lengths, and policy mismatches
ok 32 - validator rejects foreign identities, empty pools, bad lengths, and policy mismatches
  ---
  duration_ms: 1.238709
  type: 'test'
  ...
# Subtest: validator rejects foreign questions, Diagnostic reordering, bad evidence and unsupported interactions
ok 33 - validator rejects foreign questions, Diagnostic reordering, bad evidence and unsupported interactions
  ---
  duration_ms: 477.527125
  type: 'test'
  ...
# Subtest: validator rejects missing, duplicate, empty and foreign canonical artifacts
ok 34 - validator rejects missing, duplicate, empty and foreign canonical artifacts
  ---
  duration_ms: 5342.694083
  type: 'test'
  ...
# Subtest: all nine canonical artifacts validate with exact inventory and stable learner whitespace
ok 35 - all nine canonical artifacts validate with exact inventory and stable learner whitespace
  ---
  duration_ms: 205.383625
  type: 'test'
  ...
# Subtest: canonical scoring matches the producer oracle exhaustively
ok 36 - canonical scoring matches the producer oracle exhaustively
  ---
  duration_ms: 441.750083
  type: 'test'
  ...
# Subtest: all interactions expose completeness and immutable AttemptResult semantics
ok 37 - all interactions expose completeness and immutable AttemptResult semantics
  ---
  duration_ms: 4.949833
  type: 'test'
  ...
# Subtest: dimension scoring ignores inherited selections exactly like the producer oracle
ok 38 - dimension scoring ignores inherited selections exactly like the producer oracle
  ---
  duration_ms: 5.543167
  type: 'test'
  ...
# Subtest: dimension responses reject sparse arrays and alias-normalization collisions
ok 39 - dimension responses reject sparse arrays and alias-normalization collisions
  ---
  duration_ms: 1.702167
  type: 'test'
  ...
# Subtest: ordering response completeness rejects sparse own slots and inherited holes
ok 40 - ordering response completeness rejects sparse own slots and inherited holes
  ---
  duration_ms: 1.204792
  type: 'test'
  ...
# Subtest: validator fails closed on exact keys, identities, membership and scoring consistency
ok 41 - validator fails closed on exact keys, identities, membership and scoring consistency
  ---
  duration_ms: 101.9455
  type: 'test'
  ...
# Subtest: catalog verifies bytes before exposing frozen lookups and exact artifact metadata
ok 42 - catalog verifies bytes before exposing frozen lookups and exact artifact metadata
  ---
  duration_ms: 197.496625
  type: 'test'
  ...
# Subtest: optional GCP simulation profile is strict, complete, immutable and covered by its artifact hash
ok 43 - optional GCP simulation profile is strict, complete, immutable and covered by its artifact hash
  ---
  duration_ms: 733.174792
  type: 'test'
  ...
# Subtest: Coding Mock profile validation requires its strict declared ordered 40-question pool
ok 44 - Coding Mock profile validation requires its strict declared ordered 40-question pool
  ---
  duration_ms: 354.312834
  type: 'test'
  ...
# Subtest: canonical runtime catalog exposes all locked tracks, modes, pools, and exact artifact identities
ok 45 - canonical runtime catalog exposes all locked tracks, modes, pools, and exact artifact identities
  ---
  duration_ms: 433.030292
  type: 'test'
  ...
# Subtest: injected loader failures are visible and do not poison the active cache
ok 46 - injected loader failures are visible and do not poison the active cache
  ---
  duration_ms: 47.625083
  type: 'test'
  ...
# Subtest: canonical runtime catalog hashes artifacts sequentially and preserves artifact order
ok 47 - canonical runtime catalog hashes artifacts sequentially and preserves artifact order
  ---
  duration_ms: 422.758334
  type: 'test'
  ...
# Subtest: public owner retries after a failed cached load and then preserves cache identity
ok 48 - public owner retries after a failed cached load and then preserves cache identity
  ---
  duration_ms: 3193.028042
  type: 'test'
  ...
# Subtest: canonical runtime catalog caches only a validated active catalog
ok 49 - canonical runtime catalog caches only a validated active catalog
  ---
  duration_ms: 0.192125
  type: 'test'
  ...
# Subtest: runtime admission resolves the exact candidate lock for every canonical launch track
ok 50 - runtime admission resolves the exact candidate lock for every canonical launch track
  ---
  duration_ms: 412.838125
  type: 'test'
  ...
1..50
# tests 50
# suites 0
# pass 50
# fail 0
# cancelled 0
# skipped 0
# todo 0
# duration_ms 8021.94275
