TAP version 13
# Subtest: accepts the real BIZQ-01 replacement proof while preserving current and historical counts
ok 1 - accepts the real BIZQ-01 replacement proof while preserving current and historical counts
  ---
  duration_ms: 4044.354958
  type: 'test'
  ...
# Subtest: keeps the original migration verifier behavior when no BIZQ proof is present
ok 2 - keeps the original migration verifier behavior when no BIZQ proof is present
  ---
  duration_ms: 691.378792
  type: 'test'
  ...
# Subtest: rejects changes to a current replacement and its frozen old object
ok 3 - rejects changes to a current replacement and its frozen old object
  ---
  duration_ms: 1305.035584
  type: 'test'
  ...
# Subtest: rejects stale batch identity, duplicate mappings, and a missing replacement
ok 4 - rejects stale batch identity, duplicate mappings, and a missing replacement
  ---
  duration_ms: 2267.827
  type: 'test'
  ...
# Subtest: rejects changes to an unrelated item in the proven current track
ok 5 - rejects changes to an unrelated item in the proven current track
  ---
  duration_ms: 567.098625
  type: 'test'
  ...
# Subtest: accepts only the real same-ID Coding wording correction alongside the unchanged BESD proof
ok 6 - accepts only the real same-ID Coding wording correction alongside the unchanged BESD proof
  ---
  duration_ms: 1466.56075
  type: 'test'
  ...
# Subtest: rejects the same-ID correction without its proof and rejects tampered frozen old objects
ok 7 - rejects the same-ID correction without its proof and rejects tampered frozen old objects
  ---
  duration_ms: 1438.750625
  type: 'test'
  ...
# Subtest: rejects unapproved wording, answer, options, feedback and taxonomy changes in the corrected source
ok 8 - rejects unapproved wording, answer, options, feedback and taxonomy changes in the corrected source
  ---
  duration_ms: 4232.871708
  type: 'test'
  ...
# Subtest: rejects stale Coding version, proof identity/hashes/source location and unexpected proof fields
ok 9 - rejects stale Coding version, proof identity/hashes/source location and unexpected proof fields
  ---
  duration_ms: 4476.839083
  type: 'test'
  ...
# Subtest: rejects a corrected source moved away from its canonical mental-unit filename
ok 10 - rejects a corrected source moved away from its canonical mental-unit filename
  ---
  duration_ms: 115.17475
  type: 'test'
  ...
# Subtest: rejects unreviewed primary-source pages even under the same publisher domain
ok 11 - rejects unreviewed primary-source pages even under the same publisher domain
  ---
  duration_ms: 581.364042
  type: 'test'
  ...
# Subtest: accepts the exact OOD source11 replacement and retains historical inventory
ok 12 - accepts the exact OOD source11 replacement and retains historical inventory
  ---
  duration_ms: 3074.36
  type: 'test'
  ...
# Subtest: replacement uses the authored single-choice scoring and feedback contract
ok 13 - replacement uses the authored single-choice scoring and feedback contract
  ---
  duration_ms: 1.356292
  type: 'test'
  ...
# Subtest: rejects the replacement when its fixed proof is absent
ok 14 - rejects the replacement when its fixed proof is absent
  ---
  duration_ms: 1377.033
  type: 'test'
  ...
# Subtest: rejects a tampered frozen question and a changed current replacement
ok 15 - rejects a tampered frozen question and a changed current replacement
  ---
  duration_ms: 1420.444875
  type: 'test'
  ...
# Subtest: rejects stale catalog or track hashes, duplicate mappings, and an absent new item
ok 16 - rejects stale catalog or track hashes, duplicate mappings, and an absent new item
  ---
  duration_ms: 2424.351125
  type: 'test'
  ...
# Subtest: rejects changes to an unaffected OOD item and unapproved proof fields
ok 17 - rejects changes to an unaffected OOD item and unapproved proof fields
  ---
  duration_ms: 1759.528709
  type: 'test'
  ...
# Subtest: same-ID source correction changes only the three reviewed texts and preserves all other mental-unit items
ok 18 - same-ID source correction changes only the three reviewed texts and preserves all other mental-unit items
  ---
  duration_ms: 19.7655
  type: 'test'
  ...
# Subtest: canonical single-track builder carries the exact corrected object and new immutable content identity
ok 19 - canonical single-track builder carries the exact corrected object and new immutable content identity
  ---
  duration_ms: 1016.31975
  type: 'test'
  ...
# Subtest: BIZQ-01 changed items keep concrete learner constraints and one scoreable authored answer
ok 20 - BIZQ-01 changed items keep concrete learner constraints and one scoreable authored answer
  ---
  duration_ms: 7.870292
  type: 'test'
  ...
# Subtest: BIZQ-01 canonical builder carries the exact batch and new content identity
ok 21 - BIZQ-01 canonical builder carries the exact batch and new content identity
  ---
  duration_ms: 582.790375
  type: 'test'
  ...
# Subtest: BIZQ-01 advisory console distinguishes corrected batch from remaining warnings
ok 22 - BIZQ-01 advisory console distinguishes corrected batch from remaining warnings
  ---
  duration_ms: 831.875417
  type: 'test'
  ...
# Subtest: ODK-097 producer profiles expose the approved Design session matrix
ok 23 - ODK-097 producer profiles expose the approved Design session matrix
  ---
  duration_ms: 20.644292
  type: 'test'
  ...
# Subtest: ODK-097 producer changes preserve canonical Design question counts and hashes
ok 24 - ODK-097 producer changes preserve canonical Design question counts and hashes
  ---
  duration_ms: 668.309041
  type: 'test'
  ...
1..24
# tests 24
# suites 0
# pass 24
# fail 0
# cancelled 0
# skipped 0
# todo 0
# duration_ms 21553.750875
