
> patternly@0.1.0 test:content-release-cross-repo
> node --import tsx --test src/content/contentReleaseCrossRepo.test.ts

TAP version 13
# Subtest: historical content release lock remains covered by frozen release manifests
ok 1 - historical content release lock remains covered by frozen release manifests
  ---
  duration_ms: 8575.673291
  type: 'test'
  ...
# Subtest: bundled canonical release matches the current producer builder
not ok 2 - bundled canonical release matches the current producer builder
  ---
  duration_ms: 53.590959
  type: 'test'
  location: '/Users/lukaszkurczab/Desktop/Projects/Patternly/patternly/src/content/contentReleaseCrossRepo.test.ts:2:4809'
  failureType: 'testCodeFailure'
  error: |-
    current content checkout must match its independently resolved SHA
    + actual - expected

    + 'fada384746dfdfeb3f3153e1ebdeddc9fea0a672'
    - 'fada3846c932284d34d220846a81cbfa42c934c0'

  code: 'ERR_ASSERTION'
  name: 'AssertionError'
  expected: 'fada3846c932284d34d220846a81cbfa42c934c0'
  actual: 'fada384746dfdfeb3f3153e1ebdeddc9fea0a672'
  operator: 'strictEqual'
  stack: |-
    TestContext.<anonymous> (/Users/lukaszkurczab/Desktop/Projects/Patternly/patternly/src/content/contentReleaseCrossRepo.test.ts:102:10)
    Test.runInAsyncScope (node:async_hooks:214:14)
    Test.run (node:internal/test_runner/test:1047:25)
    Test.processPendingSubtests (node:internal/test_runner/test:744:18)
    Test.postRun (node:internal/test_runner/test:1173:19)
    Test.run (node:internal/test_runner/test:1101:12)
    async startSubtestAfterBootstrap (node:internal/test_runner/harness:296:3)
  ...
# Subtest: current canonical builder preserves the ODK-096 inventory and approved AWS identity without repinning history
not ok 3 - current canonical builder preserves the ODK-096 inventory and approved AWS identity without repinning history
  ---
  duration_ms: 12.2795
  type: 'test'
  location: '/Users/lukaszkurczab/Desktop/Projects/Patternly/patternly/src/content/contentReleaseCrossRepo.test.ts:2:6544'
  failureType: 'testCodeFailure'
  error: |-
    current content checkout must match its independently resolved SHA
    + actual - expected

    + 'fada384746dfdfeb3f3153e1ebdeddc9fea0a672'
    - 'fada3846c932284d34d220846a81cbfa42c934c0'

  code: 'ERR_ASSERTION'
  name: 'AssertionError'
  expected: 'fada3846c932284d34d220846a81cbfa42c934c0'
  actual: 'fada384746dfdfeb3f3153e1ebdeddc9fea0a672'
  operator: 'strictEqual'
  stack: |-
    TestContext.<anonymous> (/Users/lukaszkurczab/Desktop/Projects/Patternly/patternly/src/content/contentReleaseCrossRepo.test.ts:127:10)
    Test.runInAsyncScope (node:async_hooks:214:14)
    Test.run (node:internal/test_runner/test:1047:25)
    Test.processPendingSubtests (node:internal/test_runner/test:744:18)
    Test.postRun (node:internal/test_runner/test:1173:19)
    Test.run (node:internal/test_runner/test:1101:12)
    async Test.processPendingSubtests (node:internal/test_runner/test:744:7)
  ...
1..3
# tests 3
# suites 0
# pass 1
# fail 2
# cancelled 0
# skipped 0
# todo 0
# duration_ms 10509.37425
