
> patternly@0.1.0 test:content-release-cross-repo
> node --import tsx --test src/content/contentReleaseCrossRepo.test.ts

TAP version 13
# Subtest: historical content release lock remains covered by frozen release manifests
ok 1 - historical content release lock remains covered by frozen release manifests
  ---
  duration_ms: 9400.828417
  type: 'test'
  ...
# Subtest: bundled canonical release matches the current producer builder
ok 2 - bundled canonical release matches the current producer builder
  ---
  duration_ms: 10732.706959
  type: 'test'
  ...
# Subtest: current canonical builder preserves the ODK-096 inventory and approved AWS identity without repinning history
ok 3 - current canonical builder preserves the ODK-096 inventory and approved AWS identity without repinning history
  ---
  duration_ms: 5888.250291
  type: 'test'
  ...
1..3
# tests 3
# suites 0
# pass 3
# fail 0
# cancelled 0
# skipped 0
# todo 0
# duration_ms 28385.573125
