TAP version 13
# Subtest: launch readiness report is deterministic and exposes the unresolved release blockers
ok 1 - launch readiness report is deterministic and exposes the unresolved release blockers
  ---
  duration_ms: 770.547208
  type: 'test'
  ...
# Subtest: release readiness reports missing, malformed, and complete public legal configuration safely
ok 2 - release readiness reports missing, malformed, and complete public legal configuration safely
  ---
  duration_ms: 1736.335333
  type: 'test'
  ...
# Subtest: launch readiness rejects a forged runtime admission
ok 3 - launch readiness rejects a forged runtime admission
  ---
  duration_ms: 316.509209
  type: 'test'
  ...
# Subtest: release gate fails while the readiness report contains blockers
ok 4 - release gate fails while the readiness report contains blockers
  ---
  duration_ms: 288.893542
  type: 'test'
  ...
# Subtest: enforced release gate requires a verified four-repository manifest
ok 5 - enforced release gate requires a verified four-repository manifest
  ---
  duration_ms: 280.143333
  type: 'test'
  ...
# Subtest: launch readiness fails closed when the content evidence checkout is dirty
ok 6 - launch readiness fails closed when the content evidence checkout is dirty
  ---
  duration_ms: 149.814583
  type: 'test'
  ...
# Subtest: explicit report output is written after inspection and does not dirty either worktree
ok 7 - explicit report output is written after inspection and does not dirty either worktree
  ---
  duration_ms: 354.931708
  type: 'test'
  ...
# Subtest: owning validator rejects stale identity and malformed readiness semantics
ok 8 - owning validator rejects stale identity and malformed readiness semantics
  ---
  duration_ms: 2143.448792
  type: 'test'
  ...
# Subtest: enforced mode still writes a valid report before returning exit 1
ok 9 - enforced mode still writes a valid report before returning exit 1
  ---
  duration_ms: 324.143167
  type: 'test'
  ...
# Subtest: CLI rejects malformed arguments and physical output paths inside either worktree
ok 10 - CLI rejects malformed arguments and physical output paths inside either worktree
  ---
  duration_ms: 856.523292
  type: 'test'
  ...
# Subtest: launch readiness fails closed when the application release lock provenance is invalid
ok 11 - launch readiness fails closed when the application release lock provenance is invalid
  ---
  duration_ms: 334.60825
  type: 'test'
  ...
# Subtest: launch readiness fails closed when the application evidence checkout is dirty
ok 12 - launch readiness fails closed when the application evidence checkout is dirty
  ---
  duration_ms: 290.387541
  type: 'test'
  ...
# Subtest: launch readiness admits external evidence only when its envelope is bound and self-integral
ok 13 - launch readiness admits external evidence only when its envelope is bound and self-integral
  ---
  duration_ms: 939.775125
  type: 'test'
  ...
# Subtest: physical-device evidence is optional through freeze and mandatory at go
ok 14 - physical-device evidence is optional through freeze and mandatory at go
  ---
  duration_ms: 901.6655
  type: 'test'
  ...
# Subtest: stage contract keeps PO, provider, store, and device evidence out of local and freeze
ok 15 - stage contract keeps PO, provider, store, and device evidence out of local and freeze
  ---
  duration_ms: 858.648875
  type: 'test'
  ...
1..15
# tests 15
# suites 0
# pass 15
# fail 0
# cancelled 0
# skipped 0
# todo 0
# duration_ms 10635.312416
