TAP version 13
# Subtest: BIZQ-01 cohort14 preserves source01 as the exact accepted predecessor
ok 1 - BIZQ-01 cohort14 preserves source01 as the exact accepted predecessor
  ---
  duration_ms: 10.828958
  type: 'test'
  ...
# Subtest: BIZQ-01 preserves both accepted source01 objects and their scored, built, and projected behavior
ok 2 - BIZQ-01 preserves both accepted source01 objects and their scored, built, and projected behavior
  ---
  duration_ms: 736.17275
  type: 'test'
  ...
# Subtest: BIZQ-01 changed items keep concrete learner constraints and one scoreable authored answer
ok 3 - BIZQ-01 changed items keep concrete learner constraints and one scoreable authored answer
  ---
  duration_ms: 1.143792
  type: 'test'
  ...
# Subtest: BIZQ-01 canonical builder carries the exact cohort and new content identity
ok 4 - BIZQ-01 canonical builder carries the exact cohort and new content identity
  ---
  duration_ms: 195.7485
  type: 'test'
  ...
# Subtest: BIZQ-01 advisory console distinguishes corrected cohort from remaining warnings
ok 5 - BIZQ-01 advisory console distinguishes corrected cohort from remaining warnings
  ---
  duration_ms: 568.896292
  type: 'test'
  ...
1..5
# tests 5
# suites 0
# pass 5
# fail 0
# cancelled 0
# skipped 0
# todo 0
# duration_ms 1639.464
