TAP version 13
# Subtest: BESD14 exact two-unit payloads and preserved items match sources with retired identities absent
ok 1 - BESD14 exact two-unit payloads and preserved items match sources with retired identities absent
  ---
  duration_ms: 325.239959
  type: 'test'
  ...
# Subtest: BESD14 real pre-answer view models expose authored facts and controls without feedback or answer fields
ok 2 - BESD14 real pre-answer view models expose authored facts and controls without feedback or answer fields
  ---
  duration_ms: 0.975917
  type: 'test'
  ...
# Subtest: BESD14 fixed-ID scoring and authored Reason, Details and diagnostics survive every option and reversed order
ok 3 - BESD14 fixed-ID scoring and authored Reason, Details and diagnostics survive every option and reversed order
  ---
  duration_ms: 1.035334
  type: 'test'
  ...
1..3
# tests 3
# suites 0
# pass 3
# fail 0
# cancelled 0
# skipped 0
# todo 0
# duration_ms 861.453208
