TAP version 13
# Subtest: BIZQ-01 bundled loader and pre-submit projection preserve the corrected source contract
not ok 1 - BIZQ-01 bundled loader and pre-submit projection preserve the corrected source contract
  ---
  duration_ms: 326.201542
  type: 'test'
  location: '/Users/lukaszkurczab/Desktop/Projects/Patternly/patternly/src/content/bizq01CanonicalContent.test.ts:2:1480'
  failureType: 'testCodeFailure'
  error: |-
    Expected values to be strictly equal:
    + actual - expected

    + 'backend-system-design-interview-authoring-v2026.10.03-bizq01-14'
    - 'backend-system-design-interview-authoring-v2026.10.02-bizq01-01'

  code: 'ERR_ASSERTION'
  name: 'AssertionError'
  expected: 'backend-system-design-interview-authoring-v2026.10.02-bizq01-01'
  actual: 'backend-system-design-interview-authoring-v2026.10.03-bizq01-14'
  operator: 'strictEqual'
  stack: |-
    TestContext.<anonymous> (/Users/lukaszkurczab/Desktop/Projects/Patternly/patternly/src/content/bizq01CanonicalContent.test.ts:17:10)
    async Test.run (node:internal/test_runner/test:1054:7)
    async startSubtestAfterBootstrap (node:internal/test_runner/harness:296:3)
  ...
# Subtest: BIZQ-01 replaced identities from an old package do not enter current due retrieval
ok 2 - BIZQ-01 replaced identities from an old package do not enter current due retrieval
  ---
  duration_ms: 0.24525
  type: 'test'
  ...
1..2
# tests 2
# suites 0
# pass 1
# fail 1
# cancelled 0
# skipped 0
# todo 0
# duration_ms 752.435917
