TAP version 13
# Subtest: BESD14 exact two-unit payloads and preserved items match sources with retired identities absent
not ok 1 - BESD14 exact two-unit payloads and preserved items match sources with retired identities absent
  ---
  duration_ms: 322.953125
  type: 'test'
  location: '/Users/lukaszkurczab/Desktop/Projects/Patternly/patternly/src/content/bizq01BesdSeedCohort14.test.ts:2:11472'
  failureType: 'testCodeFailure'
  error: 'bundled content contains besd-n02-b01-i018'
  code: 'ERR_ASSERTION'
  name: 'AssertionError'
  expected: true
  operator: '=='
  stack: |-
    TestContext.<anonymous> (/Users/lukaszkurczab/Desktop/Projects/Patternly/patternly/src/content/bizq01BesdSeedCohort14.test.ts:399:14)
    async Test.run (node:internal/test_runner/test:1054:7)
    async startSubtestAfterBootstrap (node:internal/test_runner/harness:296:3)
  ...
# Subtest: BESD14 real pre-answer view models expose authored facts and controls without feedback or answer fields
not ok 2 - BESD14 real pre-answer view models expose authored facts and controls without feedback or answer fields
  ---
  duration_ms: 4.323209
  type: 'test'
  location: '/Users/lukaszkurczab/Desktop/Projects/Patternly/patternly/src/content/bizq01BesdSeedCohort14.test.ts:2:12531'
  failureType: 'testCodeFailure'
  error: |-
    The expression evaluated to a falsy value:

      assert.ok(question)

  code: 'ERR_ASSERTION'
  name: 'AssertionError'
  expected: true
  operator: '=='
  stack: |-
    TestContext.<anonymous> (/Users/lukaszkurczab/Desktop/Projects/Patternly/patternly/src/content/bizq01BesdSeedCohort14.test.ts:412:12)
    async Test.run (node:internal/test_runner/test:1054:7)
    async Test.processPendingSubtests (node:internal/test_runner/test:744:7)
  ...
# Subtest: BESD14 fixed-ID scoring and authored Reason, Details and diagnostics survive every option and reversed order
not ok 3 - BESD14 fixed-ID scoring and authored Reason, Details and diagnostics survive every option and reversed order
  ---
  duration_ms: 0.430334
  type: 'test'
  location: '/Users/lukaszkurczab/Desktop/Projects/Patternly/patternly/src/content/bizq01BesdSeedCohort14.test.ts:2:14066'
  failureType: 'testCodeFailure'
  error: |-
    The expression evaluated to a falsy value:

      assert.ok(question)

  code: 'ERR_ASSERTION'
  name: 'AssertionError'
  expected: true
  operator: '=='
  stack: |-
    TestContext.<anonymous> (/Users/lukaszkurczab/Desktop/Projects/Patternly/patternly/src/content/bizq01BesdSeedCohort14.test.ts:437:12)
    async Test.run (node:internal/test_runner/test:1054:7)
    async Test.processPendingSubtests (node:internal/test_runner/test:744:7)
  ...
1..3
# tests 3
# suites 0
# pass 0
# fail 3
# cancelled 0
# skipped 0
# todo 0
# duration_ms 851.301834
