TAP version 13
# Subtest: accepts the fixed two-unit cohort and source01 predecessor chain
ok 1 - accepts the fixed two-unit cohort and source01 predecessor chain
  ---
  duration_ms: 6484.234334
  type: 'test'
  ...
# Subtest: requires both the new fixed proof and unchanged source01 proof
ok 2 - requires both the new fixed proof and unchanged source01 proof
  ---
  duration_ms: 3664.240917
  type: 'test'
  ...
# Subtest: rejects changed current source items, old/current proof objects, source bytes, and versions
ok 3 - rejects changed current source items, old/current proof objects, source bytes, and versions
  ---
  duration_ms: 10374.362
  type: 'test'
  ...
# Subtest: rejects missing, duplicate, extra and unrelated replacement/source membership
ok 4 - rejects missing, duplicate, extra and unrelated replacement/source membership
  ---
  duration_ms: 7522.044416
  type: 'test'
  ...
# Subtest: rejects canonical source moved behind a symlink
ok 5 - rejects canonical source moved behind a symlink
  ---
  duration_ms: 111.095375
  type: 'test'
  ...
# Subtest: accepts the real BIZQ-01 replacement proof while preserving current and historical counts
ok 6 - accepts the real BIZQ-01 replacement proof while preserving current and historical counts
  ---
  duration_ms: 10093.855
  type: 'test'
  ...
# Subtest: keeps the original migration verifier behavior when no BIZQ proof is present
ok 7 - keeps the original migration verifier behavior when no BIZQ proof is present
  ---
  duration_ms: 2950.912916
  type: 'test'
  ...
# Subtest: rejects changes to a current replacement and its frozen old object
ok 8 - rejects changes to a current replacement and its frozen old object
  ---
  duration_ms: 3804.604208
  type: 'test'
  ...
# Subtest: rejects stale batch identity, duplicate mappings, and a missing replacement
ok 9 - rejects stale batch identity, duplicate mappings, and a missing replacement
  ---
  duration_ms: 5849.400209
  type: 'test'
  ...
# Subtest: rejects changes to an unrelated item in the proven current track
ok 10 - rejects changes to an unrelated item in the proven current track
  ---
  duration_ms: 1273.030792
  type: 'test'
  ...
# Subtest: accepts only the real same-ID Coding wording correction alongside the unchanged BESD proof
ok 11 - accepts only the real same-ID Coding wording correction alongside the unchanged BESD proof
  ---
  duration_ms: 4510.555084
  type: 'test'
  ...
# Subtest: rejects the same-ID correction without its proof and rejects tampered frozen old objects
ok 12 - rejects the same-ID correction without its proof and rejects tampered frozen old objects
  ---
  duration_ms: 2905.093458
  type: 'test'
  ...
# Subtest: rejects unapproved wording, answer, options, feedback and taxonomy changes in the corrected source
ok 13 - rejects unapproved wording, answer, options, feedback and taxonomy changes in the corrected source
  ---
  duration_ms: 5829.817666
  type: 'test'
  ...
# Subtest: rejects stale Coding version, proof identity/hashes/source location and unexpected proof fields
ok 14 - rejects stale Coding version, proof identity/hashes/source location and unexpected proof fields
  ---
  duration_ms: 9290.340292
  type: 'test'
  ...
# Subtest: rejects a corrected source moved away from its canonical mental-unit filename
ok 15 - rejects a corrected source moved away from its canonical mental-unit filename
  ---
  duration_ms: 311.116125
  type: 'test'
  ...
# Subtest: rejects unreviewed primary-source pages even under the same publisher domain
ok 16 - rejects unreviewed primary-source pages even under the same publisher domain
  ---
  duration_ms: 1378.349459
  type: 'test'
  ...
# Subtest: accepts the exact OOD source11 replacement and retains historical inventory
ok 17 - accepts the exact OOD source11 replacement and retains historical inventory
  ---
  duration_ms: 6202.49625
  type: 'test'
  ...
# Subtest: replacement uses the authored single-choice scoring and feedback contract
ok 18 - replacement uses the authored single-choice scoring and feedback contract
  ---
  duration_ms: 18.487125
  type: 'test'
  ...
# Subtest: rejects the replacement when its fixed proof is absent
ok 19 - rejects the replacement when its fixed proof is absent
  ---
  duration_ms: 4872.886875
  type: 'test'
  ...
# Subtest: rejects a tampered frozen question and a changed current replacement
ok 20 - rejects a tampered frozen question and a changed current replacement
  ---
  duration_ms: 4335.005875
  type: 'test'
  ...
# Subtest: rejects stale catalog or track hashes, duplicate mappings, and an absent new item
ok 21 - rejects stale catalog or track hashes, duplicate mappings, and an absent new item
  ---
  duration_ms: 8374.168167
  type: 'test'
  ...
# Subtest: rejects changes to an unaffected OOD item and unapproved proof fields
ok 22 - rejects changes to an unaffected OOD item and unapproved proof fields
  ---
  duration_ms: 4964.691125
  type: 'test'
  ...
# Subtest: rejects an unapproved proof source path and a physically relocated source file
ok 23 - rejects an unapproved proof source path and a physically relocated source file
  ---
  duration_ms: 1910.357041
  type: 'test'
  ...
# Subtest: validates current source13 while preserving every historical and cohort replacement
ok 24 - validates current source13 while preserving every historical and cohort replacement
  ---
  duration_ms: 6698.547
  type: 'test'
  ...
# Subtest: source12 question validates, scores all options, and supplies authored wrong-option feedback
ok 25 - source12 question validates, scores all options, and supplies authored wrong-option feedback
  ---
  duration_ms: 2.213917
  type: 'test'
  ...
# Subtest: source12 cannot fall back when either fixed generation proof is absent
ok 26 - source12 cannot fall back when either fixed generation proof is absent
  ---
  duration_ms: 4021.877125
  type: 'test'
  ...
# Subtest: rejects tampered current content, predecessor proof, and source identity
ok 27 - rejects tampered current content, predecessor proof, and source identity
  ---
  duration_ms: 6362.509166
  type: 'test'
  ...
# Subtest: rejects unreviewed successor proof identity, hashes, paths, and fields
ok 28 - rejects unreviewed successor proof identity, hashes, paths, and fields
  ---
  duration_ms: 8923.447209
  type: 'test'
  ...
# Subtest: rejects a changed unrelated OOD source item instead of reconstructing around it
ok 29 - rejects a changed unrelated OOD source item instead of reconstructing around it
  ---
  duration_ms: 1914.913958
  type: 'test'
  ...
# Subtest: rejects a symlinked current source before following it
ok 30 - rejects a symlinked current source before following it
  ---
  duration_ms: 1010.55975
  type: 'test'
  ...
# Subtest: validates the fixed source13 cohort and reconstructs immutable source12 and source11 predecessors
ok 31 - validates the fixed source13 cohort and reconstructs immutable source12 and source11 predecessors
  ---
  duration_ms: 6914.882917
  type: 'test'
  ...
# Subtest: all fifteen new questions validate, score each option, and bind authored feedback to every distractor
ok 32 - all fifteen new questions validate, score each option, and bind authored feedback to every distractor
  ---
  duration_ms: 25.965084
  type: 'test'
  ...
# Subtest: requires the source13 proof and rejects modified cohort bindings and historical predecessor evidence
ok 33 - requires the source13 proof and rejects modified cohort bindings and historical predecessor evidence
  ---
  duration_ms: 8792.758959
  type: 'test'
  ...
# Subtest: source13 directly requires both historical proofs and rejects changed, missing, or duplicate cohort membership
ok 34 - source13 directly requires both historical proofs and rejects changed, missing, or duplicate cohort membership
  ---
  duration_ms: 13845.19075
  type: 'test'
  ...
# Subtest: rejects unreviewed cohort fields, unrelated source changes, and symlinked source paths
ok 35 - rejects unreviewed cohort fields, unrelated source changes, and symlinked source paths
  ---
  duration_ms: 2704.78025
  type: 'test'
  ...
# Subtest: BIZQ-01 cohort14 preserves source01 as the exact accepted predecessor
ok 36 - BIZQ-01 cohort14 preserves source01 as the exact accepted predecessor
  ---
  duration_ms: 86.115416
  type: 'test'
  ...
# Subtest: BIZQ-01 changed items keep concrete learner constraints and one scoreable authored answer
ok 37 - BIZQ-01 changed items keep concrete learner constraints and one scoreable authored answer
  ---
  duration_ms: 7.442166
  type: 'test'
  ...
# Subtest: BIZQ-01 canonical builder carries the exact cohort and new content identity
ok 38 - BIZQ-01 canonical builder carries the exact cohort and new content identity
  ---
  duration_ms: 1368.085041
  type: 'test'
  ...
# Subtest: BIZQ-01 advisory console distinguishes corrected cohort from remaining warnings
ok 39 - BIZQ-01 advisory console distinguishes corrected cohort from remaining warnings
  ---
  duration_ms: 2182.047292
  type: 'test'
  ...
# Subtest: each catalogued track validates, tests and builds independently
ok 40 - each catalogued track validates, tests and builds independently
  ---
  duration_ms: 414.5815
  type: 'test'
  ...
# Subtest: build-all emits exactly nine deterministic artifacts and lock entries
ok 41 - build-all emits exactly nine deterministic artifacts and lock entries
  ---
  duration_ms: 240.375416
  type: 'test'
  ...
# Subtest: GCP simulation profile binds a complete unambiguous node map to the same-version published artifact
ok 42 - GCP simulation profile binds a complete unambiguous node map to the same-version published artifact
  ---
  duration_ms: 1940.471584
  type: 'test'
  ...
# Subtest: Coding Interview simulation profile emits the blueprint and exact checksum-verified pool identities
ok 43 - Coding Interview simulation profile emits the blueprint and exact checksum-verified pool identities
  ---
  duration_ms: 954.209542
  type: 'test'
  ...
# Subtest: malformed Coding Interview simulation blueprint fails closed
ok 44 - malformed Coding Interview simulation blueprint fails closed
  ---
  duration_ms: 316.981333
  type: 'test'
  ...
# Subtest: Coding Interview simulation selection policies reject stale pools and invalid identities
ok 45 - Coding Interview simulation selection policies reject stale pools and invalid identities
  ---
  duration_ms: 2382.15625
  type: 'test'
  ...
# Subtest: Design Interview simulation profiles emit one strict text-response case per track
ok 46 - Design Interview simulation profiles emit one strict text-response case per track
  ---
  duration_ms: 3153.555042
  type: 'test'
  ...
# Subtest: Design simulation availability requires the canonical text profile and does not imply question-bank capacity
ok 47 - Design simulation availability requires the canonical text profile and does not imply question-bank capacity
  ---
  duration_ms: 37.291667
  type: 'test'
  ...
# Subtest: malformed Design Interview simulation sources fail closed
ok 48 - malformed Design Interview simulation sources fail closed
  ---
  duration_ms: 42.839542
  type: 'test'
  ...
# Subtest: malformed present GCP simulation profile fails closed on incomplete node coverage
ok 49 - malformed present GCP simulation profile fails closed on incomplete node coverage
  ---
  duration_ms: 390.346125
  type: 'test'
  ...
# Subtest: existing GCP artifact rejects malformed profile even when its lock SHA is recomputed
ok 50 - existing GCP artifact rejects malformed profile even when its lock SHA is recomputed
  ---
  duration_ms: 3396.252792
  type: 'test'
  ...
# Subtest: existing GCP artifact rejects a legal but source-inconsistent node domain when its lock SHA is recomputed
ok 51 - existing GCP artifact rejects a legal but source-inconsistent node domain when its lock SHA is recomputed
  ---
  duration_ms: 1730.826833
  type: 'test'
  ...
# Subtest: ACC-02 Candidate Manifest retains its exact nine-track identity against frozen baseline and migration manifest
ok 52 - ACC-02 Candidate Manifest retains its exact nine-track identity against frozen baseline and migration manifest
  ---
  duration_ms: 0.432708
  type: 'test'
  ...
# Subtest: canonical JSON sorts recursive object keys without reordering arrays
ok 53 - canonical JSON sorts recursive object keys without reordering arrays
  ---
  duration_ms: 0.078417
  type: 'test'
  ...
# Subtest: mutating one track does not rewrite another artifact or lock entry
ok 54 - mutating one track does not rewrite another artifact or lock entry
  ---
  duration_ms: 142.07275
  type: 'test'
  ...
# Subtest: builder rejects missing, empty, unknown and malformed inputs
ok 55 - builder rejects missing, empty, unknown and malformed inputs
  ---
  duration_ms: 9.149125
  type: 'test'
  ...
# Subtest: builder requires each mental-unit source file to be a non-empty question array
ok 56 - builder requires each mental-unit source file to be a non-empty question array
  ---
  duration_ms: 4.581542
  type: 'test'
  ...
# Subtest: builder rejects path identity, foreign track, duplicate and invalid questions
ok 57 - builder rejects path identity, foreign track, duplicate and invalid questions
  ---
  duration_ms: 15.52825
  type: 'test'
  ...
# Subtest: existing malformed lock is rejected before a single-track build
ok 58 - existing malformed lock is rejected before a single-track build
  ---
  duration_ms: 19.133541
  type: 'test'
  ...
# Subtest: source discovery rejects a symlinked track, node directory, or question file
ok 59 - source discovery rejects a symlinked track, node directory, or question file
  ---
  duration_ms: 40.122917
  type: 'test'
  ...
# Subtest: a tampered existing artifact blocks another track before any write
ok 60 - a tampered existing artifact blocks another track before any write
  ---
  duration_ms: 74.739667
  type: 'test'
  ...
# Subtest: single-track build rejects orphan artifacts and temporary outputs before writing any target
ok 61 - single-track build rejects orphan artifacts and temporary outputs before writing any target
  ---
  duration_ms: 34.4985
  type: 'test'
  ...
# Subtest: single-track build rejects a symlinked output root without external writes
ok 62 - single-track build rejects a symlinked output root without external writes
  ---
  duration_ms: 10.770625
  type: 'test'
  ...
# Subtest: single-track output commit rolls back both files on an injected second rename failure
ok 63 - single-track output commit rolls back both files on an injected second rename failure
  ---
  duration_ms: 12.720167
  type: 'test'
  ...
# Subtest: build-all stages and rolls back the complete new output set on rename failure
ok 64 - build-all stages and rolls back the complete new output set on rename failure
  ---
  duration_ms: 106.502333
  type: 'test'
  ...
# Subtest: CLI parser requires track for single-track commands and rejects it for build-all
ok 65 - CLI parser requires track for single-track commands and rejects it for build-all
  ---
  duration_ms: 0.358541
  type: 'test'
  ...
# Subtest: CLI executes a hermetic single-track validate/test/build
ok 66 - CLI executes a hermetic single-track validate/test/build
  ---
  duration_ms: 352.422
  type: 'test'
  ...
# Subtest: review console surfaces a remaining BESD constraint disclosure without recording an outcome
ok 67 - review console surfaces a remaining BESD constraint disclosure without recording an outcome
  ---
  duration_ms: 2726.879875
  type: 'test'
  ...
# Subtest: constraint warning is advisory across interactions and does not flag ordinary worked examples or feedback
ok 68 - constraint warning is advisory across interactions and does not flag ordinary worked examples or feedback
  ---
  duration_ms: 2186.280125
  type: 'test'
  ...
# Subtest: review console exposes exactly nine launch tracks, navigable coverage, and advisory signals
ok 69 - review console exposes exactly nine launch tracks, navigable coverage, and advisory signals
  ---
  duration_ms: 2710.125833
  type: 'test'
  ...
# Subtest: review console records one current explicit outcome and invalidates it when source identity changes
ok 70 - review console records one current explicit outcome and invalidates it when source identity changes
  ---
  duration_ms: 2246.238708
  type: 'test'
  ...
# Subtest: review console serves a local UI and bounded JSON API without fabricating approval
ok 71 - review console serves a local UI and bounded JSON API without fabricating approval
  ---
  duration_ms: 2748.468292
  type: 'test'
  ...
1..71
# tests 71
# suites 0
# pass 71
# fail 0
# cancelled 0
# skipped 0
# todo 0
# duration_ms 48656.88575
