TAP version 13
# Subtest: OOD13 exact cohort is source-identical and eligible with retired identities absent
not ok 1 - OOD13 exact cohort is source-identical and eligible with retired identities absent
  ---
  duration_ms: 326.928625
  type: 'test'
  location: '/Users/lukaszkurczab/Desktop/Projects/Patternly/patternly/src/content/bizq01OodUnitCohort13.test.ts:2:4628'
  failureType: 'testCodeFailure'
  error: 'bundled cohort contains ood-n01-b01-i020'
  code: 'ERR_ASSERTION'
  name: 'AssertionError'
  expected: true
  operator: '=='
  stack: |-
    TestContext.<anonymous> (/Users/lukaszkurczab/Desktop/Projects/Patternly/patternly/src/content/bizq01OodUnitCohort13.test.ts:189:45)
    async Test.run (node:internal/test_runner/test:1054:7)
    async startSubtestAfterBootstrap (node:internal/test_runner/harness:296:3)
  ...
# Subtest: OOD13 reviewed answer identities score independently of option position with exact authored diagnostics
not ok 2 - OOD13 reviewed answer identities score independently of option position with exact authored diagnostics
  ---
  duration_ms: 0.197083
  type: 'test'
  location: '/Users/lukaszkurczab/Desktop/Projects/Patternly/patternly/src/content/bizq01OodUnitCohort13.test.ts:2:6082'
  failureType: 'testCodeFailure'
  error: 'bundled cohort contains ood-n01-b01-i020'
  code: 'ERR_ASSERTION'
  name: 'AssertionError'
  expected: true
  operator: '=='
  stack: |-
    TestContext.<anonymous> (/Users/lukaszkurczab/Desktop/Projects/Patternly/patternly/src/content/bizq01OodUnitCohort13.test.ts:204:45)
    async Test.run (node:internal/test_runner/test:1054:7)
    async Test.processPendingSubtests (node:internal/test_runner/test:744:7)
  ...
1..2
# tests 2
# suites 0
# pass 0
# fail 2
# cancelled 0
# skipped 0
# todo 0
# duration_ms 886.932375
