TAP version 13
# Subtest: OOD13 exact cohort is source-identical and eligible with retired identities absent
ok 1 - OOD13 exact cohort is source-identical and eligible with retired identities absent
  ---
  duration_ms: 330.119708
  type: 'test'
  ...
# Subtest: OOD13 reviewed answer identities score independently of option position with exact authored diagnostics
ok 2 - OOD13 reviewed answer identities score independently of option position with exact authored diagnostics
  ---
  duration_ms: 0.90325
  type: 'test'
  ...
1..2
# tests 2
# suites 0
# pass 2
# fail 0
# cancelled 0
# skipped 0
# todo 0
# duration_ms 854.77025
