TAP version 13
# Subtest: built public site displays and resets the canonical demo at desktop and narrow widths
not ok 1 - built public site displays and resets the canonical demo at desktop and narrow widths
  ---
  duration_ms: 961.839542
  type: 'test'
  location: '/Users/lukaszkurczab/Desktop/Projects/Patternly/patternly-web/scripts/demo-site.browser.test.mjs:15:1'
  failureType: 'testCodeFailure'
  error: |-
    The existing AWS catalog card must select its own bounded example.

    0 !== 1

  code: 'ERR_ASSERTION'
  name: 'AssertionError'
  expected: 1
  actual: 0
  operator: 'strictEqual'
  stack: |-
    TestContext.<anonymous> (file:///Users/lukaszkurczab/Desktop/Projects/Patternly/patternly-web/scripts/demo-site.browser.test.mjs:38:14)
    async Test.run (node:internal/test_runner/test:1054:7)
    async startSubtestAfterBootstrap (node:internal/test_runner/harness:296:3)
  ...
1..1
# tests 1
# suites 0
# pass 0
# fail 1
# cancelled 0
# skipped 0
# todo 0
# duration_ms 1289.716834
