Running on iPhone 17 - iOS 26.4 - 7F315654-3175-4F3C-BB24-B0263F59360C
 > Flow BIZQ06 Coding and AWS bounded example switch
Open http://127.0.0.1:4173/?bizq06=certification05... COMPLETED
Tap on "Open navigation"... COMPLETED
Tap on "Tracks"... COMPLETED
Scrolling DOWN until "Try an AWS question.*" is visible with speed 40, visibility percentage 100%, timeout 45000 ms, with centering enabled... COMPLETED
Tap on "Try an AWS question.*"... COMPLETED
Assert that "A review finds three stateless application replicas.*" is visible... COMPLETED
Take screenshot 01-aws-neutral... COMPLETED
Tap on "Record only a performance-efficiency risk.*"... COMPLETED
Take screenshot 02a-aws-after-tap... COMPLETED
Scrolling DOWN until "See the key idea.*" is visible with speed 40, visibility percentage 100%, timeout 15000 ms, with centering enabled... COMPLETED
Assert that "The scenario does not identify a measured resource-efficiency problem.*" is visible... COMPLETED
Take screenshot 02-aws-wrong... COMPLETED
Tap on "See the key idea.*"... COMPLETED
Assert that "Replicating stateless frontends does not remove a hard dependency.*" is visible... COMPLETED
Take screenshot 03-aws-details... COMPLETED
Tap on "Open navigation"... COMPLETED
Tap on "Tracks"... COMPLETED
Scrolling DOWN until "Try a coding question.*" is visible with speed 40, visibility percentage 100%, timeout 45000 ms, with centering enabled... COMPLETED
Tap on "Try a coding question.*"... COMPLETED
Assert that "Across the whole run.*" is visible... COMPLETED
Assert that "The scenario does not identify a measured resource-efficiency problem.*" is not visible... COMPLETED
Assert that "Replicating stateless frontends does not remove a hard dependency.*" is not visible... COMPLETED
Assert that "This page does not offer a link to access the app yet.*" is not visible... COMPLETED
Take screenshot 04-coding-neutral... COMPLETED
Tap on "Open navigation"... COMPLETED
Tap on "Tracks"... COMPLETED
Scrolling DOWN until "Try an AWS question.*" is visible with speed 40, visibility percentage 100%, timeout 45000 ms, with centering enabled... COMPLETED
Tap on "Try an AWS question.*"... COMPLETED
Assert that "A review finds three stateless application replicas.*" is visible... COMPLETED
Assert that "The scenario does not identify a measured resource-efficiency problem.*" is not visible... COMPLETED
Tap on "Record a reliability risk.*"... COMPLETED
Scrolling DOWN until "See the key idea.*" is visible with speed 40, visibility percentage 100%, timeout 15000 ms, with centering enabled... COMPLETED
Assert that "A single database with no failover remains a hard shared dependency.*" is visible... COMPLETED
Assert that "This page does not offer a link to access the app yet.*" is visible... COMPLETED
Take screenshot 05-aws-correct... COMPLETED
Scrolling DOWN until "Try again.*" is visible with speed 40, visibility percentage 100%, timeout 15000 ms, with centering enabled... COMPLETED
Tap on "Try again.*"... COMPLETED
Assert that "A single database with no failover remains a hard shared dependency.*" is not visible... COMPLETED
Assert that "This page does not offer a link to access the app yet.*" is not visible... COMPLETED
