Running on iPhone 17 - iOS 26.4 - 7F315654-3175-4F3C-BB24-B0263F59360C
 > Flow BIZQ06 Coding and AWS bounded example switch
Open http://127.0.0.1:4173/?bizq06=certification05... COMPLETED
Tap on "Open navigation"... COMPLETED
Tap on "Tracks"... COMPLETED
Scrolling DOWN until "Try an AWS question.*" is visible with speed 40, visibility percentage 100%, timeout 45000 ms, with centering enabled... COMPLETED
Tap on "Try an AWS question.*"... COMPLETED
Assert that "A review finds three stateless application replicas.*" is visible... COMPLETED
Take screenshot 01-aws-neutral... COMPLETED
Scrolling DOWN until "Record only a performance-efficiency risk.*" is visible with speed 40, visibility percentage 100%, timeout 15000 ms, with centering enabled... COMPLETED
Tap on "Record only a performance-efficiency risk.*"... COMPLETED
Scrolling DOWN until "See the key idea.*" is visible with speed 40, visibility percentage 100%, timeout 15000 ms, with centering enabled... FAILED

No visible element found: "See the key idea.*"

Could not find a visible element matching selector: "See the key idea.*"
Tip: Try adjusting the following settings to improve detection:
- `timeout`: current = 15000ms → Increase if you need more time to find the element
- `speed`: current = 40 (0-100 scale) → Increase for faster scrolling if element is far away
- `waitToSettleTimeoutMs`: current = Not defined → Set this value (e.g., 500ms) if your UI updates frequently between scrolls
- `visibilityPercentage`: current = 100% → Lower this value if you want to detect partially visible elements
- `centerElement`: current = true → Disable if you don't need the element to be centered after finding it


==== Debug output (logs & screenshots) ====

/private/tmp/patternly-bizq06-cert05-safari-final/2026-10-03_162700
