TAP version 13
# Subtest: current GCP bundle carries the reviewed source and derived domain; pre-submit hides authored feedback
not ok 1 - current GCP bundle carries the reviewed source and derived domain; pre-submit hides authored feedback
  ---
  duration_ms: 181.950166
  type: 'test'
  location: '/Users/lukaszkurczab/Desktop/Projects/Patternly/patternly/src/content/bizq01GcpDistractors.test.ts:2:2268'
  failureType: 'testCodeFailure'
  error: |-
    Expected values to be strictly equal:
    + actual - expected
    
    + 'google-cloud-associate-cloud-engineer-authoring-v2026.08.11'
    - 'google-cloud-associate-cloud-engineer-authoring-v2026.10.03-bizq01-07'
    
  code: 'ERR_ASSERTION'
  name: 'AssertionError'
  expected: 'google-cloud-associate-cloud-engineer-authoring-v2026.10.03-bizq01-07'
  actual: 'google-cloud-associate-cloud-engineer-authoring-v2026.08.11'
  operator: 'strictEqual'
  stack: |-
    TestContext.<anonymous> (/Users/lukaszkurczab/Desktop/Projects/Patternly/patternly/src/content/bizq01GcpDistractors.test.ts:22:10)
    async Test.run (node:internal/test_runner/test:1054:7)
    async startSubtestAfterBootstrap (node:internal/test_runner/harness:296:3)
  ...
# Subtest: all24 legal permutations retain stable response and accessibility IDs, scoring and authored feedback
not ok 2 - all24 legal permutations retain stable response and accessibility IDs, scoring and authored feedback
  ---
  duration_ms: 1.657375
  type: 'test'
  location: '/Users/lukaszkurczab/Desktop/Projects/Patternly/patternly/src/content/bizq01GcpDistractors.test.ts:2:3862'
  failureType: 'testCodeFailure'
  error: |-
    Expected values to be strictly deep-equal:
    + actual - expected
    
      [
        'A',
    +   'B',
    +   'C',
    +   'D'
    -   'billing_parent',
    -   'project_parent',
    -   'api_only'
      ]
    
  code: 'ERR_ASSERTION'
  name: 'AssertionError'
  expected:
    0: 'A'
    1: 'billing_parent'
    2: 'project_parent'
    3: 'api_only'
  actual:
    0: 'A'
    1: 'B'
    2: 'C'
    3: 'D'
  operator: 'deepStrictEqual'
  stack: |-
    TestContext.<anonymous> (/Users/lukaszkurczab/Desktop/Projects/Patternly/patternly/src/content/bizq01GcpDistractors.test.ts:44:10)
    async Test.run (node:internal/test_runner/test:1054:7)
    async Test.processPendingSubtests (node:internal/test_runner/test:744:7)
  ...
# Subtest: actual GCP diagnostic selects this first item, submits new IDs and rejects old package/option IDs
not ok 3 - actual GCP diagnostic selects this first item, submits new IDs and rejects old package/option IDs
  ---
  duration_ms: 19.908
  type: 'test'
  location: '/Users/lukaszkurczab/Desktop/Projects/Patternly/patternly/src/content/bizq01GcpDistractors.test.ts:2:5740'
  failureType: 'testCodeFailure'
  error: 'Canonical response is incomplete or invalid.'
  code: 'ERR_TEST_FAILURE'
  stack: |-
    CanonicalTrainingRuntime.submitPractice (/Users/lukaszkurczab/Desktop/Projects/Patternly/patternly/src/application/canonical/CanonicalTrainingRuntime.ts:72:71)
    async TestContext.<anonymous> (/Users/lukaszkurczab/Desktop/Projects/Patternly/patternly/src/content/bizq01GcpDistractors.test.ts:68:23)
    async Test.run (node:internal/test_runner/test:1054:7)
    async Test.processPendingSubtests (node:internal/test_runner/test:744:7)
  ...
1..3
# tests 3
# suites 0
# pass 0
# fail 3
# cancelled 0
# skipped 0
# todo 0
# duration_ms 896.106417
